SOAP FILM IN A WIRE FRAME...
HASH STRING: 0535146030_09005_325_[7;20;5.0;100;True;1.0e-04;False;0;1e+03;(12,36);False;3;TTTTTTT;FF]
====================================================================================================================================================================================================================================================
EXPERIMENT INFO:
{
  SEED: 7,
  WF_FOURIER_N: 20,
  WF_FOURIER_AMPLITUDE: 5.0,
  WF_BORDER_N: 100,
  NUMPY_SINGLE_THREAD: True,
  CONTRACTION_EPS: 0.0001,
  CONTRACTION_PLOTS: False,
  MC_SEED: 0,
  MC_SAMPLES: 1000,
  MC_I0_J0: (12, 36),
  MC_EXAMPLE_PLOT: False,
  MC_EXAMPLE_PLOT_SAMPLES: 3,
  sfwf_contraction_cpu_numpy: (True, 'sfwf_contraction_cpu_numpy', 10, {}),
  sfwf_contraction_cuda_small: (True, 'sfwf_contraction_cuda_small', 10, {'tpb': 512}),
  sfwf_contraction_cuda_large_atomicmax: (True, 'sfwf_contraction_cuda_large_atomicmax', 10, {'lazy_stop_check': 100, 'tpb_side': 16}),
  sfwf_contraction_cuda_large_atomicmaxglosten: (True, 'sfwf_contraction_cuda_large_atomicmaxglosten', 10, {'lazy_stop_check': 100, 'tpb_side': 16}),
  sfwf_contraction_cuda_large_hreducemax: (True, 'sfwf_contraction_cuda_large_hreducemax', 10, {'lazy_stop_check': 100, 'tpb_side': 16, 'tpb_reduce': 512}),
  sfwf_contraction_cuda_large_hreducemaxgs: (True, 'sfwf_contraction_cuda_large_hreducemaxgs', 10, {'lazy_stop_check': 100, 'tpb_side': 16, 'tpb_reduce': 512, 'cores': 10496}),
  sfwf_contraction_cuda_large_gridsync: (True, 'sfwf_contraction_cuda_large_gridsync', 10, {'tpb_side': 16}),
  sfwf_mc_cpu_numpy: (False, 'sfwf_mc_cpu_numpy', 0, {}),
  sfwf_mc_cuda: (False, 'sfwf_mc_cuda', 0, {})
}
====================================================================================================================================================================================================================================================
CPU AND SYSTEM:
{'cpu_name': 'Intel(R) Core(TM) i7-10700 CPU @ 2.90GHz',
 'os_machine': 'x86_64',
 'os_name': 'Linux 6.8.0-90-generic',
 'os_version': '#91-Ubuntu SMP PREEMPT_DYNAMIC Tue Nov 18 14:14:30 UTC 2025',
 'ram_size': '125.7 GB'}
GPU:
{'async_engine_count': 2,
 'can_map_host_memory': 1,
 'compute_capability': ComputeCapability(major=8, minor=6),
 'cores_per_SM': 128,
 'cores_total': 10496,
 'max_block_dim_x': 1024,
 'max_block_dim_y': 1024,
 'max_block_dim_z': 64,
 'max_grid_dim_x': 2147483647,
 'max_grid_dim_y': 65535,
 'max_grid_dim_z': 65535,
 'max_shared_memory_per_block': 49152,
 'max_threads_per_block': 1024,
 'multiprocessor_count': 82,
 'name': 'NVIDIA GeForce RTX 3090',
 'pci_bus_id': 1,
 'pci_device_id': 0,
 'unified_addressing': 1,
 'warp_size': 32}
====================================================================================================================================================================================================================================================
RANDOM WIRE FRAME WITH TOTAL OF POINTS (STATES): 10000
HEIGHTS IN[:5, :5]:
[[25.365894 22.23305  18.8149   15.397629 12.257225]
 [27.940697  0.        0.        0.        0.      ]
 [29.720734  0.        0.        0.        0.      ]
 [30.52531   0.        0.        0.        0.      ]
 [30.24473   0.        0.        0.        0.      ]]
====================================================================================================================================================================================================================================================
CONTRACTION ITERATION APPROACH 1: sfwf_contraction_cpu_numpy...
---
REPETITION: 1/10:
SFWF CONTRACTION CPU NUMPY... [eps: 0.0001]
SFWF CONTRACTION CPU NUMPY DONE. [d_inf: 9.918213e-05, iterations: 8365, time: 0.387239933013916 s]
---
REPETITION: 2/10:
SFWF CONTRACTION CPU NUMPY... [eps: 0.0001]
SFWF CONTRACTION CPU NUMPY DONE. [d_inf: 9.918213e-05, iterations: 8365, time: 0.38462352752685547 s]
---
REPETITION: 3/10:
SFWF CONTRACTION CPU NUMPY... [eps: 0.0001]
SFWF CONTRACTION CPU NUMPY DONE. [d_inf: 9.918213e-05, iterations: 8365, time: 0.38819050788879395 s]
---
REPETITION: 4/10:
SFWF CONTRACTION CPU NUMPY... [eps: 0.0001]
SFWF CONTRACTION CPU NUMPY DONE. [d_inf: 9.918213e-05, iterations: 8365, time: 0.3806345462799072 s]
---
REPETITION: 5/10:
SFWF CONTRACTION CPU NUMPY... [eps: 0.0001]
SFWF CONTRACTION CPU NUMPY DONE. [d_inf: 9.918213e-05, iterations: 8365, time: 0.3874688148498535 s]
---
REPETITION: 6/10:
SFWF CONTRACTION CPU NUMPY... [eps: 0.0001]
SFWF CONTRACTION CPU NUMPY DONE. [d_inf: 9.918213e-05, iterations: 8365, time: 0.3778798580169678 s]
---
REPETITION: 7/10:
SFWF CONTRACTION CPU NUMPY... [eps: 0.0001]
SFWF CONTRACTION CPU NUMPY DONE. [d_inf: 9.918213e-05, iterations: 8365, time: 0.3878045082092285 s]
---
REPETITION: 8/10:
SFWF CONTRACTION CPU NUMPY... [eps: 0.0001]
SFWF CONTRACTION CPU NUMPY DONE. [d_inf: 9.918213e-05, iterations: 8365, time: 0.37622928619384766 s]
---
REPETITION: 9/10:
SFWF CONTRACTION CPU NUMPY... [eps: 0.0001]
SFWF CONTRACTION CPU NUMPY DONE. [d_inf: 9.918213e-05, iterations: 8365, time: 0.38880395889282227 s]
---
REPETITION: 10/10:
SFWF CONTRACTION CPU NUMPY... [eps: 0.0001]
SFWF CONTRACTION CPU NUMPY DONE. [d_inf: 9.918213e-05, iterations: 8365, time: 0.3760640621185303 s]
***
SUMMARY:
HEIGHTS OUT[:5, :5]:
[[25.365894  22.23305   18.8149    15.397629  12.257225 ]
 [27.940697  23.916712  20.2746    16.968445  14.0749855]
 [29.720734  25.218504  21.39834   18.126572  15.371559 ]
 [30.52531   25.838228  21.973686  18.767944  16.134872 ]
 [30.24473   25.635416  21.890236  18.836649  16.364376 ]]
D_INF OF HEIGHTS VS REF: 0.0
D_INF (AT STOP) MEAN: 9.918212890625e-05
ITERATIONS MEAN: 8365.0
TIME MEAN: 0.38349390029907227 s, STD: 0.004976097263674341 s, STD_%: 1.3%
SPEEDUP VS REF: 1.0
====================================================================================================================================================================================================================================================
CONTRACTION ITERATION APPROACH 2: sfwf_contraction_cuda_small...
[skipping this approach (too large WF_BORDER_N)]
====================================================================================================================================================================================================================================================
CONTRACTION ITERATION APPROACH 3: sfwf_contraction_cuda_large_atomicmax...
---
REPETITION: 1/10:
SFWF CONTRACTION CUDA LARGE ATOMICMAX... [eps: 0.0001, lazy_stop_check: 100, tpb_side: 16]
[bpg: (7, 7), tpb: (16, 16)]
SFWF CONTRACTION CUDA LARGE ATOMICMAX DONE. [d_inf: 9.918213e-05, iterations: 8400, time: 0.4578101634979248 s]
---
REPETITION: 2/10:
SFWF CONTRACTION CUDA LARGE ATOMICMAX... [eps: 0.0001, lazy_stop_check: 100, tpb_side: 16]
[bpg: (7, 7), tpb: (16, 16)]
SFWF CONTRACTION CUDA LARGE ATOMICMAX DONE. [d_inf: 9.918213e-05, iterations: 8400, time: 0.4636826515197754 s]
---
REPETITION: 3/10:
SFWF CONTRACTION CUDA LARGE ATOMICMAX... [eps: 0.0001, lazy_stop_check: 100, tpb_side: 16]
[bpg: (7, 7), tpb: (16, 16)]
SFWF CONTRACTION CUDA LARGE ATOMICMAX DONE. [d_inf: 9.918213e-05, iterations: 8400, time: 0.46126842498779297 s]
---
REPETITION: 4/10:
SFWF CONTRACTION CUDA LARGE ATOMICMAX... [eps: 0.0001, lazy_stop_check: 100, tpb_side: 16]
[bpg: (7, 7), tpb: (16, 16)]
SFWF CONTRACTION CUDA LARGE ATOMICMAX DONE. [d_inf: 9.918213e-05, iterations: 8400, time: 0.46201062202453613 s]
---
REPETITION: 5/10:
SFWF CONTRACTION CUDA LARGE ATOMICMAX... [eps: 0.0001, lazy_stop_check: 100, tpb_side: 16]
[bpg: (7, 7), tpb: (16, 16)]
SFWF CONTRACTION CUDA LARGE ATOMICMAX DONE. [d_inf: 9.918213e-05, iterations: 8400, time: 0.46494102478027344 s]
---
REPETITION: 6/10:
SFWF CONTRACTION CUDA LARGE ATOMICMAX... [eps: 0.0001, lazy_stop_check: 100, tpb_side: 16]
[bpg: (7, 7), tpb: (16, 16)]
SFWF CONTRACTION CUDA LARGE ATOMICMAX DONE. [d_inf: 9.918213e-05, iterations: 8400, time: 0.46228551864624023 s]
---
REPETITION: 7/10:
SFWF CONTRACTION CUDA LARGE ATOMICMAX... [eps: 0.0001, lazy_stop_check: 100, tpb_side: 16]
[bpg: (7, 7), tpb: (16, 16)]
SFWF CONTRACTION CUDA LARGE ATOMICMAX DONE. [d_inf: 9.918213e-05, iterations: 8400, time: 0.4624812602996826 s]
---
REPETITION: 8/10:
SFWF CONTRACTION CUDA LARGE ATOMICMAX... [eps: 0.0001, lazy_stop_check: 100, tpb_side: 16]
[bpg: (7, 7), tpb: (16, 16)]
SFWF CONTRACTION CUDA LARGE ATOMICMAX DONE. [d_inf: 9.918213e-05, iterations: 8400, time: 0.4650545120239258 s]
---
REPETITION: 9/10:
SFWF CONTRACTION CUDA LARGE ATOMICMAX... [eps: 0.0001, lazy_stop_check: 100, tpb_side: 16]
[bpg: (7, 7), tpb: (16, 16)]
SFWF CONTRACTION CUDA LARGE ATOMICMAX DONE. [d_inf: 9.918213e-05, iterations: 8400, time: 0.46469688415527344 s]
---
REPETITION: 10/10:
SFWF CONTRACTION CUDA LARGE ATOMICMAX... [eps: 0.0001, lazy_stop_check: 100, tpb_side: 16]
[bpg: (7, 7), tpb: (16, 16)]
SFWF CONTRACTION CUDA LARGE ATOMICMAX DONE. [d_inf: 9.918213e-05, iterations: 8400, time: 0.4661273956298828 s]
***
SUMMARY:
HEIGHTS OUT[:5, :5]:
[[25.365894 22.23305  18.8149   15.397629 12.257225]
 [27.940697 23.916716 20.274605 16.968456 14.075   ]
 [29.720734 25.21851  21.398354 18.126593 15.371587]
 [30.52531  25.838238 21.973707 18.767975 16.134912]
 [30.24473  25.63543  21.890263 18.836689 16.364433]]
D_INF OF HEIGHTS VS REF: 0.0034322739
D_INF (AT STOP) MEAN: 9.918212890625e-05
ITERATIONS MEAN: 8400.0
TIME MEAN: 0.4630358457565308 s, STD: 0.002297672261925511 s, STD_%: 0.5%
SPEEDUP VS REF: 0.8282164411537103
====================================================================================================================================================================================================================================================
CONTRACTION ITERATION APPROACH 4: sfwf_contraction_cuda_large_atomicmaxglosten...
---
REPETITION: 1/10:
SFWF CONTRACTION CUDA LARGE ATOMICMAXGLOSTEN... [eps: 0.0001, lazy_stop_check: 100, tpb_side: 16]
[bpg: (7, 7), tpb: (16, 16)]
SFWF CONTRACTION CUDA LARGE ATOMICMAXGLOSTEN DONE. [d_inf: 9.918213e-05, iterations: 8400, time: 0.4632072448730469 s]
---
REPETITION: 2/10:
SFWF CONTRACTION CUDA LARGE ATOMICMAXGLOSTEN... [eps: 0.0001, lazy_stop_check: 100, tpb_side: 16]
[bpg: (7, 7), tpb: (16, 16)]
SFWF CONTRACTION CUDA LARGE ATOMICMAXGLOSTEN DONE. [d_inf: 9.918213e-05, iterations: 8400, time: 0.46029090881347656 s]
---
REPETITION: 3/10:
SFWF CONTRACTION CUDA LARGE ATOMICMAXGLOSTEN... [eps: 0.0001, lazy_stop_check: 100, tpb_side: 16]
[bpg: (7, 7), tpb: (16, 16)]
SFWF CONTRACTION CUDA LARGE ATOMICMAXGLOSTEN DONE. [d_inf: 9.918213e-05, iterations: 8400, time: 0.46608972549438477 s]
---
REPETITION: 4/10:
SFWF CONTRACTION CUDA LARGE ATOMICMAXGLOSTEN... [eps: 0.0001, lazy_stop_check: 100, tpb_side: 16]
[bpg: (7, 7), tpb: (16, 16)]
SFWF CONTRACTION CUDA LARGE ATOMICMAXGLOSTEN DONE. [d_inf: 9.918213e-05, iterations: 8400, time: 0.47199344635009766 s]
---
REPETITION: 5/10:
SFWF CONTRACTION CUDA LARGE ATOMICMAXGLOSTEN... [eps: 0.0001, lazy_stop_check: 100, tpb_side: 16]
[bpg: (7, 7), tpb: (16, 16)]
SFWF CONTRACTION CUDA LARGE ATOMICMAXGLOSTEN DONE. [d_inf: 9.918213e-05, iterations: 8400, time: 0.4645082950592041 s]
---
REPETITION: 6/10:
SFWF CONTRACTION CUDA LARGE ATOMICMAXGLOSTEN... [eps: 0.0001, lazy_stop_check: 100, tpb_side: 16]
[bpg: (7, 7), tpb: (16, 16)]
SFWF CONTRACTION CUDA LARGE ATOMICMAXGLOSTEN DONE. [d_inf: 9.918213e-05, iterations: 8400, time: 0.461322546005249 s]
---
REPETITION: 7/10:
SFWF CONTRACTION CUDA LARGE ATOMICMAXGLOSTEN... [eps: 0.0001, lazy_stop_check: 100, tpb_side: 16]
[bpg: (7, 7), tpb: (16, 16)]
SFWF CONTRACTION CUDA LARGE ATOMICMAXGLOSTEN DONE. [d_inf: 9.918213e-05, iterations: 8400, time: 0.46513986587524414 s]
---
REPETITION: 8/10:
SFWF CONTRACTION CUDA LARGE ATOMICMAXGLOSTEN... [eps: 0.0001, lazy_stop_check: 100, tpb_side: 16]
[bpg: (7, 7), tpb: (16, 16)]
SFWF CONTRACTION CUDA LARGE ATOMICMAXGLOSTEN DONE. [d_inf: 9.918213e-05, iterations: 8400, time: 0.46092844009399414 s]
---
REPETITION: 9/10:
SFWF CONTRACTION CUDA LARGE ATOMICMAXGLOSTEN... [eps: 0.0001, lazy_stop_check: 100, tpb_side: 16]
[bpg: (7, 7), tpb: (16, 16)]
SFWF CONTRACTION CUDA LARGE ATOMICMAXGLOSTEN DONE. [d_inf: 9.918213e-05, iterations: 8400, time: 0.4625377655029297 s]
---
REPETITION: 10/10:
SFWF CONTRACTION CUDA LARGE ATOMICMAXGLOSTEN... [eps: 0.0001, lazy_stop_check: 100, tpb_side: 16]
[bpg: (7, 7), tpb: (16, 16)]
SFWF CONTRACTION CUDA LARGE ATOMICMAXGLOSTEN DONE. [d_inf: 9.918213e-05, iterations: 8400, time: 0.4611222743988037 s]
***
SUMMARY:
HEIGHTS OUT[:5, :5]:
[[25.365894 22.23305  18.8149   15.397629 12.257225]
 [27.940697 23.916716 20.274605 16.968456 14.075   ]
 [29.720734 25.21851  21.398354 18.126593 15.371587]
 [30.52531  25.838238 21.973707 18.767975 16.134912]
 [30.24473  25.63543  21.890263 18.836689 16.364433]]
D_INF OF HEIGHTS VS REF: 0.0034322739
D_INF (AT STOP) MEAN: 9.918212890625e-05
ITERATIONS MEAN: 8400.0
TIME MEAN: 0.46371405124664306 s, STD: 0.0033228093687528142 s, STD_%: 0.7%
SPEEDUP VS REF: 0.8270051322967076
====================================================================================================================================================================================================================================================
CONTRACTION ITERATION APPROACH 5: sfwf_contraction_cuda_large_hreducemax...
---
REPETITION: 1/10:
SFWF CONTRACTION CUDA LARGE HREDUCEMAX... [eps: 0.0001, lazy_stop_check: 100, tpb_side: 16, tpb_reduce: 512]
[job bpg: (7, 7), tpb: (16, 16)]
[reduce bpg: 1, tpb: 512]
SFWF ITERATE CONTRACTION CUDA LARGE HREDUCEMAX DONE. [d_inf: 9.918213e-05 iterations: 8400, time: 0.2760331630706787 s]
---
REPETITION: 2/10:
SFWF CONTRACTION CUDA LARGE HREDUCEMAX... [eps: 0.0001, lazy_stop_check: 100, tpb_side: 16, tpb_reduce: 512]
[job bpg: (7, 7), tpb: (16, 16)]
[reduce bpg: 1, tpb: 512]
SFWF ITERATE CONTRACTION CUDA LARGE HREDUCEMAX DONE. [d_inf: 9.918213e-05 iterations: 8400, time: 0.2770054340362549 s]
---
REPETITION: 3/10:
SFWF CONTRACTION CUDA LARGE HREDUCEMAX... [eps: 0.0001, lazy_stop_check: 100, tpb_side: 16, tpb_reduce: 512]
[job bpg: (7, 7), tpb: (16, 16)]
[reduce bpg: 1, tpb: 512]
SFWF ITERATE CONTRACTION CUDA LARGE HREDUCEMAX DONE. [d_inf: 9.918213e-05 iterations: 8400, time: 0.2762031555175781 s]
---
REPETITION: 4/10:
SFWF CONTRACTION CUDA LARGE HREDUCEMAX... [eps: 0.0001, lazy_stop_check: 100, tpb_side: 16, tpb_reduce: 512]
[job bpg: (7, 7), tpb: (16, 16)]
[reduce bpg: 1, tpb: 512]
SFWF ITERATE CONTRACTION CUDA LARGE HREDUCEMAX DONE. [d_inf: 9.918213e-05 iterations: 8400, time: 0.2801790237426758 s]
---
REPETITION: 5/10:
SFWF CONTRACTION CUDA LARGE HREDUCEMAX... [eps: 0.0001, lazy_stop_check: 100, tpb_side: 16, tpb_reduce: 512]
[job bpg: (7, 7), tpb: (16, 16)]
[reduce bpg: 1, tpb: 512]
SFWF ITERATE CONTRACTION CUDA LARGE HREDUCEMAX DONE. [d_inf: 9.918213e-05 iterations: 8400, time: 0.27895402908325195 s]
---
REPETITION: 6/10:
SFWF CONTRACTION CUDA LARGE HREDUCEMAX... [eps: 0.0001, lazy_stop_check: 100, tpb_side: 16, tpb_reduce: 512]
[job bpg: (7, 7), tpb: (16, 16)]
[reduce bpg: 1, tpb: 512]
SFWF ITERATE CONTRACTION CUDA LARGE HREDUCEMAX DONE. [d_inf: 9.918213e-05 iterations: 8400, time: 0.278245210647583 s]
---
REPETITION: 7/10:
SFWF CONTRACTION CUDA LARGE HREDUCEMAX... [eps: 0.0001, lazy_stop_check: 100, tpb_side: 16, tpb_reduce: 512]
[job bpg: (7, 7), tpb: (16, 16)]
[reduce bpg: 1, tpb: 512]
SFWF ITERATE CONTRACTION CUDA LARGE HREDUCEMAX DONE. [d_inf: 9.918213e-05 iterations: 8400, time: 0.2782890796661377 s]
---
REPETITION: 8/10:
SFWF CONTRACTION CUDA LARGE HREDUCEMAX... [eps: 0.0001, lazy_stop_check: 100, tpb_side: 16, tpb_reduce: 512]
[job bpg: (7, 7), tpb: (16, 16)]
[reduce bpg: 1, tpb: 512]
SFWF ITERATE CONTRACTION CUDA LARGE HREDUCEMAX DONE. [d_inf: 9.918213e-05 iterations: 8400, time: 0.27779531478881836 s]
---
REPETITION: 9/10:
SFWF CONTRACTION CUDA LARGE HREDUCEMAX... [eps: 0.0001, lazy_stop_check: 100, tpb_side: 16, tpb_reduce: 512]
[job bpg: (7, 7), tpb: (16, 16)]
[reduce bpg: 1, tpb: 512]
SFWF ITERATE CONTRACTION CUDA LARGE HREDUCEMAX DONE. [d_inf: 9.918213e-05 iterations: 8400, time: 0.2778897285461426 s]
---
REPETITION: 10/10:
SFWF CONTRACTION CUDA LARGE HREDUCEMAX... [eps: 0.0001, lazy_stop_check: 100, tpb_side: 16, tpb_reduce: 512]
[job bpg: (7, 7), tpb: (16, 16)]
[reduce bpg: 1, tpb: 512]
SFWF ITERATE CONTRACTION CUDA LARGE HREDUCEMAX DONE. [d_inf: 9.918213e-05 iterations: 8400, time: 0.2789630889892578 s]
***
SUMMARY:
HEIGHTS OUT[:5, :5]:
[[25.365894 22.23305  18.8149   15.397629 12.257225]
 [27.940697 23.916716 20.274605 16.968456 14.075   ]
 [29.720734 25.21851  21.398354 18.126593 15.371587]
 [30.52531  25.838238 21.973707 18.767975 16.134912]
 [30.24473  25.63543  21.890263 18.836689 16.364433]]
D_INF OF HEIGHTS VS REF: 0.0034322739
D_INF (AT STOP) MEAN: 9.918212890625e-05
ITERATIONS MEAN: 8400.0
TIME MEAN: 0.2779557228088379 s, STD: 0.00121861650524518 s, STD_%: 0.4%
SPEEDUP VS REF: 1.3796942060546007
====================================================================================================================================================================================================================================================
CONTRACTION ITERATION APPROACH 6: sfwf_contraction_cuda_large_hreducemaxgs...
---
REPETITION: 1/10:
SFWF CONTRACTION CUDA LARGE HREDUCEMAXGS... [eps: 0.0001, lazy_stop_check: 100, tpb_side: 16, tpb_reduce: 512, cores: 10496]
[job bpg: (7, 7), tpb: (16, 16)]
[reduce1 (grid-stride) bpg: 82, tpb: 128]
[reduce2 bpg: 1, tpb: 512]
SFWF ITERATE CONTRACTION CUDA LARGE HREDUCEMAXGS DONE. [d_inf: 9.918213e-05 iterations: 8400, time: 0.2812790870666504 s]
---
REPETITION: 2/10:
SFWF CONTRACTION CUDA LARGE HREDUCEMAXGS... [eps: 0.0001, lazy_stop_check: 100, tpb_side: 16, tpb_reduce: 512, cores: 10496]
[job bpg: (7, 7), tpb: (16, 16)]
[reduce1 (grid-stride) bpg: 82, tpb: 128]
[reduce2 bpg: 1, tpb: 512]
SFWF ITERATE CONTRACTION CUDA LARGE HREDUCEMAXGS DONE. [d_inf: 9.918213e-05 iterations: 8400, time: 0.2840139865875244 s]
---
REPETITION: 3/10:
SFWF CONTRACTION CUDA LARGE HREDUCEMAXGS... [eps: 0.0001, lazy_stop_check: 100, tpb_side: 16, tpb_reduce: 512, cores: 10496]
[job bpg: (7, 7), tpb: (16, 16)]
[reduce1 (grid-stride) bpg: 82, tpb: 128]
[reduce2 bpg: 1, tpb: 512]
SFWF ITERATE CONTRACTION CUDA LARGE HREDUCEMAXGS DONE. [d_inf: 9.918213e-05 iterations: 8400, time: 0.2824685573577881 s]
---
REPETITION: 4/10:
SFWF CONTRACTION CUDA LARGE HREDUCEMAXGS... [eps: 0.0001, lazy_stop_check: 100, tpb_side: 16, tpb_reduce: 512, cores: 10496]
[job bpg: (7, 7), tpb: (16, 16)]
[reduce1 (grid-stride) bpg: 82, tpb: 128]
[reduce2 bpg: 1, tpb: 512]
SFWF ITERATE CONTRACTION CUDA LARGE HREDUCEMAXGS DONE. [d_inf: 9.918213e-05 iterations: 8400, time: 0.28034496307373047 s]
---
REPETITION: 5/10:
SFWF CONTRACTION CUDA LARGE HREDUCEMAXGS... [eps: 0.0001, lazy_stop_check: 100, tpb_side: 16, tpb_reduce: 512, cores: 10496]
[job bpg: (7, 7), tpb: (16, 16)]
[reduce1 (grid-stride) bpg: 82, tpb: 128]
[reduce2 bpg: 1, tpb: 512]
SFWF ITERATE CONTRACTION CUDA LARGE HREDUCEMAXGS DONE. [d_inf: 9.918213e-05 iterations: 8400, time: 0.2806570529937744 s]
---
REPETITION: 6/10:
SFWF CONTRACTION CUDA LARGE HREDUCEMAXGS... [eps: 0.0001, lazy_stop_check: 100, tpb_side: 16, tpb_reduce: 512, cores: 10496]
[job bpg: (7, 7), tpb: (16, 16)]
[reduce1 (grid-stride) bpg: 82, tpb: 128]
[reduce2 bpg: 1, tpb: 512]
SFWF ITERATE CONTRACTION CUDA LARGE HREDUCEMAXGS DONE. [d_inf: 9.918213e-05 iterations: 8400, time: 0.2814478874206543 s]
---
REPETITION: 7/10:
SFWF CONTRACTION CUDA LARGE HREDUCEMAXGS... [eps: 0.0001, lazy_stop_check: 100, tpb_side: 16, tpb_reduce: 512, cores: 10496]
[job bpg: (7, 7), tpb: (16, 16)]
[reduce1 (grid-stride) bpg: 82, tpb: 128]
[reduce2 bpg: 1, tpb: 512]
SFWF ITERATE CONTRACTION CUDA LARGE HREDUCEMAXGS DONE. [d_inf: 9.918213e-05 iterations: 8400, time: 0.28153491020202637 s]
---
REPETITION: 8/10:
SFWF CONTRACTION CUDA LARGE HREDUCEMAXGS... [eps: 0.0001, lazy_stop_check: 100, tpb_side: 16, tpb_reduce: 512, cores: 10496]
[job bpg: (7, 7), tpb: (16, 16)]
[reduce1 (grid-stride) bpg: 82, tpb: 128]
[reduce2 bpg: 1, tpb: 512]
SFWF ITERATE CONTRACTION CUDA LARGE HREDUCEMAXGS DONE. [d_inf: 9.918213e-05 iterations: 8400, time: 0.2807602882385254 s]
---
REPETITION: 9/10:
SFWF CONTRACTION CUDA LARGE HREDUCEMAXGS... [eps: 0.0001, lazy_stop_check: 100, tpb_side: 16, tpb_reduce: 512, cores: 10496]
[job bpg: (7, 7), tpb: (16, 16)]
[reduce1 (grid-stride) bpg: 82, tpb: 128]
[reduce2 bpg: 1, tpb: 512]
SFWF ITERATE CONTRACTION CUDA LARGE HREDUCEMAXGS DONE. [d_inf: 9.918213e-05 iterations: 8400, time: 0.2823669910430908 s]
---
REPETITION: 10/10:
SFWF CONTRACTION CUDA LARGE HREDUCEMAXGS... [eps: 0.0001, lazy_stop_check: 100, tpb_side: 16, tpb_reduce: 512, cores: 10496]
[job bpg: (7, 7), tpb: (16, 16)]
[reduce1 (grid-stride) bpg: 82, tpb: 128]
[reduce2 bpg: 1, tpb: 512]
SFWF ITERATE CONTRACTION CUDA LARGE HREDUCEMAXGS DONE. [d_inf: 9.918213e-05 iterations: 8400, time: 0.2814664840698242 s]
***
SUMMARY:
HEIGHTS OUT[:5, :5]:
[[25.365894 22.23305  18.8149   15.397629 12.257225]
 [27.940697 23.916716 20.274605 16.968456 14.075   ]
 [29.720734 25.21851  21.398354 18.126593 15.371587]
 [30.52531  25.838238 21.973707 18.767975 16.134912]
 [30.24473  25.63543  21.890263 18.836689 16.364433]]
D_INF OF HEIGHTS VS REF: 0.0034322739
D_INF (AT STOP) MEAN: 9.918212890625e-05
ITERATIONS MEAN: 8400.0
TIME MEAN: 0.2816340208053589 s, STD: 0.0010235230019364648 s, STD_%: 0.4%
SPEEDUP VS REF: 1.3616746272429572
====================================================================================================================================================================================================================================================
CONTRACTION ITERATION APPROACH 7: sfwf_contraction_cuda_large_gridsync...
---
REPETITION: 1/10:
SFWF CONTRACTION CUDA LARGE GRIDSYNC... [eps: 0.0001, tpb_side: 16, assumed max_bpg_gridsync: None]
[wanted ideal bpg: (7, 7)]
[discovered max_bpg_gridsync: 82; time: 0.00017523765563964844 s]
[bpg: (7, 7), tpb: (16, 16), ept: 1]
SFWF ITERATE CONTRACTION CUDA LARGE GRIDSYNC DONE. [d_inf: 9.918213e-05, iterations: 8365, time: 0.053544044494628906 s]
---
REPETITION: 2/10:
SFWF CONTRACTION CUDA LARGE GRIDSYNC... [eps: 0.0001, tpb_side: 16, assumed max_bpg_gridsync: None]
[wanted ideal bpg: (7, 7)]
[discovered max_bpg_gridsync: 82; time: 7.915496826171875e-05 s]
[bpg: (7, 7), tpb: (16, 16), ept: 1]
SFWF ITERATE CONTRACTION CUDA LARGE GRIDSYNC DONE. [d_inf: 9.918213e-05, iterations: 8365, time: 0.053833723068237305 s]
---
REPETITION: 3/10:
SFWF CONTRACTION CUDA LARGE GRIDSYNC... [eps: 0.0001, tpb_side: 16, assumed max_bpg_gridsync: None]
[wanted ideal bpg: (7, 7)]
[discovered max_bpg_gridsync: 82; time: 9.799003601074219e-05 s]
[bpg: (7, 7), tpb: (16, 16), ept: 1]
SFWF ITERATE CONTRACTION CUDA LARGE GRIDSYNC DONE. [d_inf: 9.918213e-05, iterations: 8365, time: 0.05435943603515625 s]
---
REPETITION: 4/10:
SFWF CONTRACTION CUDA LARGE GRIDSYNC... [eps: 0.0001, tpb_side: 16, assumed max_bpg_gridsync: None]
[wanted ideal bpg: (7, 7)]
[discovered max_bpg_gridsync: 82; time: 9.72747802734375e-05 s]
[bpg: (7, 7), tpb: (16, 16), ept: 1]
SFWF ITERATE CONTRACTION CUDA LARGE GRIDSYNC DONE. [d_inf: 9.918213e-05, iterations: 8365, time: 0.05386161804199219 s]
---
REPETITION: 5/10:
SFWF CONTRACTION CUDA LARGE GRIDSYNC... [eps: 0.0001, tpb_side: 16, assumed max_bpg_gridsync: None]
[wanted ideal bpg: (7, 7)]
[discovered max_bpg_gridsync: 82; time: 7.677078247070312e-05 s]
[bpg: (7, 7), tpb: (16, 16), ept: 1]
SFWF ITERATE CONTRACTION CUDA LARGE GRIDSYNC DONE. [d_inf: 9.918213e-05, iterations: 8365, time: 0.051874637603759766 s]
---
REPETITION: 6/10:
SFWF CONTRACTION CUDA LARGE GRIDSYNC... [eps: 0.0001, tpb_side: 16, assumed max_bpg_gridsync: None]
[wanted ideal bpg: (7, 7)]
[discovered max_bpg_gridsync: 82; time: 7.486343383789062e-05 s]
[bpg: (7, 7), tpb: (16, 16), ept: 1]
SFWF ITERATE CONTRACTION CUDA LARGE GRIDSYNC DONE. [d_inf: 9.918213e-05, iterations: 8365, time: 0.051090240478515625 s]
---
REPETITION: 7/10:
SFWF CONTRACTION CUDA LARGE GRIDSYNC... [eps: 0.0001, tpb_side: 16, assumed max_bpg_gridsync: None]
[wanted ideal bpg: (7, 7)]
[discovered max_bpg_gridsync: 82; time: 7.724761962890625e-05 s]
[bpg: (7, 7), tpb: (16, 16), ept: 1]
SFWF ITERATE CONTRACTION CUDA LARGE GRIDSYNC DONE. [d_inf: 9.918213e-05, iterations: 8365, time: 0.05140185356140137 s]
---
REPETITION: 8/10:
SFWF CONTRACTION CUDA LARGE GRIDSYNC... [eps: 0.0001, tpb_side: 16, assumed max_bpg_gridsync: None]
[wanted ideal bpg: (7, 7)]
[discovered max_bpg_gridsync: 82; time: 7.62939453125e-05 s]
[bpg: (7, 7), tpb: (16, 16), ept: 1]
SFWF ITERATE CONTRACTION CUDA LARGE GRIDSYNC DONE. [d_inf: 9.918213e-05, iterations: 8365, time: 0.05111050605773926 s]
---
REPETITION: 9/10:
SFWF CONTRACTION CUDA LARGE GRIDSYNC... [eps: 0.0001, tpb_side: 16, assumed max_bpg_gridsync: None]
[wanted ideal bpg: (7, 7)]
[discovered max_bpg_gridsync: 82; time: 7.867813110351562e-05 s]
[bpg: (7, 7), tpb: (16, 16), ept: 1]
SFWF ITERATE CONTRACTION CUDA LARGE GRIDSYNC DONE. [d_inf: 9.918213e-05, iterations: 8365, time: 0.050180673599243164 s]
---
REPETITION: 10/10:
SFWF CONTRACTION CUDA LARGE GRIDSYNC... [eps: 0.0001, tpb_side: 16, assumed max_bpg_gridsync: None]
[wanted ideal bpg: (7, 7)]
[discovered max_bpg_gridsync: 82; time: 7.319450378417969e-05 s]
[bpg: (7, 7), tpb: (16, 16), ept: 1]
SFWF ITERATE CONTRACTION CUDA LARGE GRIDSYNC DONE. [d_inf: 9.918213e-05, iterations: 8365, time: 0.04973316192626953 s]
***
SUMMARY:
HEIGHTS OUT[:5, :5]:
[[25.365894  22.23305   18.8149    15.397629  12.257225 ]
 [27.940697  23.916712  20.2746    16.968445  14.0749855]
 [29.720734  25.218504  21.39834   18.126572  15.371559 ]
 [30.52531   25.838228  21.973686  18.767944  16.134872 ]
 [30.24473   25.635416  21.890236  18.836649  16.364376 ]]
D_INF OF HEIGHTS VS REF: 0.0
D_INF (AT STOP) MEAN: 9.918212890625e-05
ITERATIONS MEAN: 8365.0
TIME MEAN: 0.052098989486694336 s, STD: 0.0015849935269122806 s, STD_%: 3.0%
SPEEDUP VS REF: 7.360870221811376
====================================================================================================================================================================================================================================================
====================================================================================================================================================================================================================================================
FINAL SUMMARY:
CONTRACTION ITERATION APPROACH 1: sfwf_contraction_cpu_numpy (REFERENCE) -> MEAN ITERATIONS: 8365.0, MEAN D_INF: 9.918212890625e-05, MEAN TIME: 0.38349390029907227 s, TIME STD: 0.004976097263674341 s, STD_%: 1.3%, SPEED-UP: 1.00
CONTRACTION ITERATION APPROACH 2: sfwf_contraction_cuda_small SKIPPED.
CONTRACTION ITERATION APPROACH 3: sfwf_contraction_cuda_large_atomicmax -> MEAN ITERATIONS: 8400.0, MEAN D_INF: 9.918212890625e-05, MEAN TIME: 0.4630358457565308 s, TIME STD: 0.002297672261925511 s, STD_%: 0.5%, SPEED-UP: 0.83
CONTRACTION ITERATION APPROACH 4: sfwf_contraction_cuda_large_atomicmaxglosten -> MEAN ITERATIONS: 8400.0, MEAN D_INF: 9.918212890625e-05, MEAN TIME: 0.46371405124664306 s, TIME STD: 0.0033228093687528142 s, STD_%: 0.7%, SPEED-UP: 0.83
CONTRACTION ITERATION APPROACH 5: sfwf_contraction_cuda_large_hreducemax -> MEAN ITERATIONS: 8400.0, MEAN D_INF: 9.918212890625e-05, MEAN TIME: 0.2779557228088379 s, TIME STD: 0.00121861650524518 s, STD_%: 0.4%, SPEED-UP: 1.38
CONTRACTION ITERATION APPROACH 6: sfwf_contraction_cuda_large_hreducemaxgs -> MEAN ITERATIONS: 8400.0, MEAN D_INF: 9.918212890625e-05, MEAN TIME: 0.2816340208053589 s, TIME STD: 0.0010235230019364648 s, STD_%: 0.4%, SPEED-UP: 1.36
CONTRACTION ITERATION APPROACH 7: sfwf_contraction_cuda_large_gridsync -> MEAN ITERATIONS: 8365.0, MEAN D_INF: 9.918212890625e-05, MEAN TIME: 0.052098989486694336 s, TIME STD: 0.0015849935269122806 s, STD_%: 3.0%, SPEED-UP: 7.36
MONTE CARLO APPROACH 1: sfwf_mc_cpu_numpy OFF.
MONTE CARLO APPROACH 2: sfwf_mc_cuda OFF.
SOAP FILM IN A WIRE FRAME DONE. [hash string: 0535146030_09005_325_[7;20;5.0;100;True;1.0e-04;False;0;1e+03;(12,36);False;3;TTTTTTT;FF], time: 19.232537269592285]
