SOAP FILM IN A WIRE FRAME...
HASH STRING: 0951327271_48020_325_[7;20;5.0;64;True;1.0e-06;False;False;3;FFTFFFF;TT]
====================================================================================================================================================================================================================================================
EXPERIMENT INFO:
{
  SEED: 7,
  WF_FOURIER_N: 20,
  WF_FOURIER_AMPLITUDE: 5.0,
  WF_BORDER_N: 64,
  NUMPY_SINGLE_THREAD: True,
  CONTRACTION_EPS: 1e-06,
  CONTRACTION_PLOTS: False,
  MC_EXAMPLE_PLOT: False,
  MC_EXAMPLE_PLOT_SAMPLES: 3,
  sfwf_contraction_cpu_numpy: (False, 'sfwf_contraction_cpu_numpy', 0, {}),
  sfwf_contraction_cuda_small: (False, 'sfwf_contraction_cuda_small', 0, {}),
  sfwf_contraction_cuda_large_atomicmax: (True, 'sfwf_contraction_cuda_large_atomicmax', 10, {'lazy_stop_check': 100, 'tpb_side': 16}),
  sfwf_contraction_cuda_large_atomicmaxglosten: (False, 'sfwf_contraction_cuda_large_atomicmaxglosten', 0, {}),
  sfwf_contraction_cuda_large_hreducemax: (False, 'sfwf_contraction_cuda_large_hreducemax', 0, {}),
  sfwf_contraction_cuda_large_hreducemaxgs: (False, 'sfwf_contraction_cuda_large_hreducemaxgs', 0, {}),
  sfwf_contraction_cuda_large_gridsync: (False, 'sfwf_contraction_cuda_large_gridsync', 0, {}),
  sfwf_mc_cpu_numpy: (True, 'sfwf_mc_cpu_numpy', 10, {'i': 12, 'j': 36, 'n_samples': 100000, 'seed': 0, 'chunk_size': 1000}),
  sfwf_mc_cuda: (True, 'sfwf_mc_cuda', 10, {'i': 12, 'j': 36, 'n_samples': 100000, 'seed': 0, 'rpt': 10, 'tpb': 128})
}
====================================================================================================================================================================================================================================================
CPU AND SYSTEM:
{'cpu_name': 'Intel(R) Core(TM) i7-10700 CPU @ 2.90GHz',
 'os_machine': 'x86_64',
 'os_name': 'Linux 6.8.0-90-generic',
 'os_version': '#91-Ubuntu SMP PREEMPT_DYNAMIC Tue Nov 18 14:14:30 UTC 2025',
 'ram_size': '125.7 GB'}
GPU:
{'async_engine_count': 2,
 'can_map_host_memory': 1,
 'compute_capability': ComputeCapability(major=8, minor=6),
 'cores_per_SM': 128,
 'cores_total': 10496,
 'max_block_dim_x': 1024,
 'max_block_dim_y': 1024,
 'max_block_dim_z': 64,
 'max_grid_dim_x': 2147483647,
 'max_grid_dim_y': 65535,
 'max_grid_dim_z': 65535,
 'max_shared_memory_per_block': 49152,
 'max_threads_per_block': 1024,
 'multiprocessor_count': 82,
 'name': 'NVIDIA GeForce RTX 3090',
 'pci_bus_id': 1,
 'pci_device_id': 0,
 'unified_addressing': 1,
 'warp_size': 32}
====================================================================================================================================================================================================================================================
RANDOM WIRE FRAME WITH TOTAL OF POINTS (STATES): 4096
HEIGHTS IN[:5, :5]:
[[25.365894  20.296429  14.925921  10.320204   7.3313727]
 [29.068245   0.         0.         0.         0.       ]
 [30.553246   0.         0.         0.         0.       ]
 [29.360521   0.         0.         0.         0.       ]
 [25.516117   0.         0.         0.         0.       ]]
====================================================================================================================================================================================================================================================
CONTRACTION ITERATION APPROACH 3: sfwf_contraction_cuda_large_atomicmax...
---
REPETITION: 1/10:
SFWF CONTRACTION CUDA LARGE ATOMICMAX... [eps: 1e-06, lazy_stop_check: 100, tpb_side: 16]
[bpg: (4, 4), tpb: (16, 16)]
SFWF CONTRACTION CUDA LARGE ATOMICMAX DONE. [d_inf: 9.536743e-07, iterations: 9400, time: 0.5156118869781494 s]
---
REPETITION: 2/10:
SFWF CONTRACTION CUDA LARGE ATOMICMAX... [eps: 1e-06, lazy_stop_check: 100, tpb_side: 16]
[bpg: (4, 4), tpb: (16, 16)]
SFWF CONTRACTION CUDA LARGE ATOMICMAX DONE. [d_inf: 9.536743e-07, iterations: 9400, time: 0.5178587436676025 s]
---
REPETITION: 3/10:
SFWF CONTRACTION CUDA LARGE ATOMICMAX... [eps: 1e-06, lazy_stop_check: 100, tpb_side: 16]
[bpg: (4, 4), tpb: (16, 16)]
SFWF CONTRACTION CUDA LARGE ATOMICMAX DONE. [d_inf: 9.536743e-07, iterations: 9400, time: 0.5130298137664795 s]
---
REPETITION: 4/10:
SFWF CONTRACTION CUDA LARGE ATOMICMAX... [eps: 1e-06, lazy_stop_check: 100, tpb_side: 16]
[bpg: (4, 4), tpb: (16, 16)]
SFWF CONTRACTION CUDA LARGE ATOMICMAX DONE. [d_inf: 9.536743e-07, iterations: 9400, time: 0.5149240493774414 s]
---
REPETITION: 5/10:
SFWF CONTRACTION CUDA LARGE ATOMICMAX... [eps: 1e-06, lazy_stop_check: 100, tpb_side: 16]
[bpg: (4, 4), tpb: (16, 16)]
SFWF CONTRACTION CUDA LARGE ATOMICMAX DONE. [d_inf: 9.536743e-07, iterations: 9400, time: 0.5278143882751465 s]
---
REPETITION: 6/10:
SFWF CONTRACTION CUDA LARGE ATOMICMAX... [eps: 1e-06, lazy_stop_check: 100, tpb_side: 16]
[bpg: (4, 4), tpb: (16, 16)]
SFWF CONTRACTION CUDA LARGE ATOMICMAX DONE. [d_inf: 9.536743e-07, iterations: 9400, time: 0.5156159400939941 s]
---
REPETITION: 7/10:
SFWF CONTRACTION CUDA LARGE ATOMICMAX... [eps: 1e-06, lazy_stop_check: 100, tpb_side: 16]
[bpg: (4, 4), tpb: (16, 16)]
SFWF CONTRACTION CUDA LARGE ATOMICMAX DONE. [d_inf: 9.536743e-07, iterations: 9400, time: 0.5187556743621826 s]
---
REPETITION: 8/10:
SFWF CONTRACTION CUDA LARGE ATOMICMAX... [eps: 1e-06, lazy_stop_check: 100, tpb_side: 16]
[bpg: (4, 4), tpb: (16, 16)]
SFWF CONTRACTION CUDA LARGE ATOMICMAX DONE. [d_inf: 9.536743e-07, iterations: 9400, time: 0.5151588916778564 s]
---
REPETITION: 9/10:
SFWF CONTRACTION CUDA LARGE ATOMICMAX... [eps: 1e-06, lazy_stop_check: 100, tpb_side: 16]
[bpg: (4, 4), tpb: (16, 16)]
SFWF CONTRACTION CUDA LARGE ATOMICMAX DONE. [d_inf: 9.536743e-07, iterations: 9400, time: 0.5196497440338135 s]
---
REPETITION: 10/10:
SFWF CONTRACTION CUDA LARGE ATOMICMAX... [eps: 1e-06, lazy_stop_check: 100, tpb_side: 16]
[bpg: (4, 4), tpb: (16, 16)]
SFWF CONTRACTION CUDA LARGE ATOMICMAX DONE. [d_inf: 9.536743e-07, iterations: 9400, time: 0.5322754383087158 s]
***
SUMMARY:
HEIGHTS OUT[:5, :5]:
[[25.365894  20.296429  14.925921  10.320204   7.3313727]
 [29.068245  22.564266  17.283945  13.20249   10.526932 ]
 [30.553246  23.60845   18.443102  14.678881  12.190558 ]
 [29.360521  22.873186  18.201136  14.8793745 12.6591   ]
 [25.516117  20.322641  16.608881  13.978384  12.193586 ]]
D_INF OF HEIGHTS VS REF: 0.0
D_INF (AT STOP) MEAN: 9.5367431640625e-07
ITERATIONS MEAN: 9400.0
TIME MEAN: 0.5190694570541382 s, STD: 0.00587884827200053 s, STD_%: 1.1%
SPEEDUP VS REF: 1.0
====================================================================================================================================================================================================================================================
MONTE CARLO APPROACH 1: sfwf_mc_cpu_numpy...
---
REPETITION: 1/10:
SFWF MC CPU NUMPY... [(i, j): (12, 36), n_samples: 1.0e+05, seed: 0, chunk_size: 1000]
[10000/100000: border reached at t: 172, (i, j): (0, 38), h: 23.400461; trajectory time: 5.1975250244140625e-05 s]
[20000/100000: border reached at t: 66, (i, j): (0, 32), h: 11.927004; trajectory time: 5.173683166503906e-05 s]
[30000/100000: border reached at t: 142, (i, j): (0, 54), h: -1.468429; trajectory time: 5.173683166503906e-05 s]
[40000/100000: border reached at t: 192, (i, j): (0, 46), h: 6.5716267; trajectory time: 5.14984130859375e-05 s]
[50000/100000: border reached at t: 581, (i, j): (0, 21), h: -17.055447; trajectory time: 8.96453857421875e-05 s]
[60000/100000: border reached at t: 1585, (i, j): (63, 48), h: -3.1345806; trajectory time: 9.942054748535156e-05 s]
[70000/100000: border reached at t: 762, (i, j): (0, 28), h: -0.33135194; trajectory time: 5.14984130859375e-05 s]
[80000/100000: border reached at t: 721, (i, j): (0, 19), h: -17.9311; trajectory time: 5.125999450683594e-05 s]
[90000/100000: border reached at t: 652, (i, j): (0, 24), h: -8.625851; trajectory time: 5.125999450683594e-05 s]
[100000/100000: border reached at t: 219, (i, j): (0, 45), h: 4.3046117; trajectory time: 5.125999450683594e-05 s]
SFWF MC CPU NUMPY DONE. [h_mean: 8.187242, T_mean: 753.52291; time: 7.1154069900512695 s]
---
REPETITION: 2/10:
SFWF MC CPU NUMPY... [(i, j): (12, 36), n_samples: 1.0e+05, seed: 0, chunk_size: 1000]
[10000/100000: border reached at t: 172, (i, j): (0, 38), h: 23.400461; trajectory time: 5.173683166503906e-05 s]
[20000/100000: border reached at t: 66, (i, j): (0, 32), h: 11.927004; trajectory time: 5.173683166503906e-05 s]
[30000/100000: border reached at t: 142, (i, j): (0, 54), h: -1.468429; trajectory time: 5.173683166503906e-05 s]
[40000/100000: border reached at t: 192, (i, j): (0, 46), h: 6.5716267; trajectory time: 5.53131103515625e-05 s]
[50000/100000: border reached at t: 581, (i, j): (0, 21), h: -17.055447; trajectory time: 5.125999450683594e-05 s]
[60000/100000: border reached at t: 1585, (i, j): (63, 48), h: -3.1345806; trajectory time: 9.751319885253906e-05 s]
[70000/100000: border reached at t: 762, (i, j): (0, 28), h: -0.33135194; trajectory time: 5.507469177246094e-05 s]
[80000/100000: border reached at t: 721, (i, j): (0, 19), h: -17.9311; trajectory time: 5.221366882324219e-05 s]
[90000/100000: border reached at t: 652, (i, j): (0, 24), h: -8.625851; trajectory time: 5.125999450683594e-05 s]
[100000/100000: border reached at t: 219, (i, j): (0, 45), h: 4.3046117; trajectory time: 5.125999450683594e-05 s]
SFWF MC CPU NUMPY DONE. [h_mean: 8.187242, T_mean: 753.52291; time: 7.079977512359619 s]
---
REPETITION: 3/10:
SFWF MC CPU NUMPY... [(i, j): (12, 36), n_samples: 1.0e+05, seed: 0, chunk_size: 1000]
[10000/100000: border reached at t: 172, (i, j): (0, 38), h: 23.400461; trajectory time: 5.221366882324219e-05 s]
[20000/100000: border reached at t: 66, (i, j): (0, 32), h: 11.927004; trajectory time: 5.078315734863281e-05 s]
[30000/100000: border reached at t: 142, (i, j): (0, 54), h: -1.468429; trajectory time: 5.14984130859375e-05 s]
[40000/100000: border reached at t: 192, (i, j): (0, 46), h: 6.5716267; trajectory time: 5.173683166503906e-05 s]
[50000/100000: border reached at t: 581, (i, j): (0, 21), h: -17.055447; trajectory time: 5.1975250244140625e-05 s]
[60000/100000: border reached at t: 1585, (i, j): (63, 48), h: -3.1345806; trajectory time: 0.00010347366333007812 s]
[70000/100000: border reached at t: 762, (i, j): (0, 28), h: -0.33135194; trajectory time: 5.6743621826171875e-05 s]
[80000/100000: border reached at t: 721, (i, j): (0, 19), h: -17.9311; trajectory time: 5.1975250244140625e-05 s]
[90000/100000: border reached at t: 652, (i, j): (0, 24), h: -8.625851; trajectory time: 5.4836273193359375e-05 s]
[100000/100000: border reached at t: 219, (i, j): (0, 45), h: 4.3046117; trajectory time: 5.030632019042969e-05 s]
SFWF MC CPU NUMPY DONE. [h_mean: 8.187242, T_mean: 753.52291; time: 7.083298206329346 s]
---
REPETITION: 4/10:
SFWF MC CPU NUMPY... [(i, j): (12, 36), n_samples: 1.0e+05, seed: 0, chunk_size: 1000]
[10000/100000: border reached at t: 172, (i, j): (0, 38), h: 23.400461; trajectory time: 5.1975250244140625e-05 s]
[20000/100000: border reached at t: 66, (i, j): (0, 32), h: 11.927004; trajectory time: 5.1021575927734375e-05 s]
[30000/100000: border reached at t: 142, (i, j): (0, 54), h: -1.468429; trajectory time: 5.173683166503906e-05 s]
[40000/100000: border reached at t: 192, (i, j): (0, 46), h: 6.5716267; trajectory time: 5.173683166503906e-05 s]
[50000/100000: border reached at t: 581, (i, j): (0, 21), h: -17.055447; trajectory time: 5.14984130859375e-05 s]
[60000/100000: border reached at t: 1585, (i, j): (63, 48), h: -3.1345806; trajectory time: 9.846687316894531e-05 s]
[70000/100000: border reached at t: 762, (i, j): (0, 28), h: -0.33135194; trajectory time: 5.14984130859375e-05 s]
[80000/100000: border reached at t: 721, (i, j): (0, 19), h: -17.9311; trajectory time: 5.1975250244140625e-05 s]
[90000/100000: border reached at t: 652, (i, j): (0, 24), h: -8.625851; trajectory time: 5.125999450683594e-05 s]
[100000/100000: border reached at t: 219, (i, j): (0, 45), h: 4.3046117; trajectory time: 5.078315734863281e-05 s]
SFWF MC CPU NUMPY DONE. [h_mean: 8.187242, T_mean: 753.52291; time: 7.079873323440552 s]
---
REPETITION: 5/10:
SFWF MC CPU NUMPY... [(i, j): (12, 36), n_samples: 1.0e+05, seed: 0, chunk_size: 1000]
[10000/100000: border reached at t: 172, (i, j): (0, 38), h: 23.400461; trajectory time: 5.221366882324219e-05 s]
[20000/100000: border reached at t: 66, (i, j): (0, 32), h: 11.927004; trajectory time: 5.125999450683594e-05 s]
[30000/100000: border reached at t: 142, (i, j): (0, 54), h: -1.468429; trajectory time: 5.14984130859375e-05 s]
[40000/100000: border reached at t: 192, (i, j): (0, 46), h: 6.5716267; trajectory time: 5.221366882324219e-05 s]
[50000/100000: border reached at t: 581, (i, j): (0, 21), h: -17.055447; trajectory time: 5.173683166503906e-05 s]
[60000/100000: border reached at t: 1585, (i, j): (63, 48), h: -3.1345806; trajectory time: 9.775161743164062e-05 s]
[70000/100000: border reached at t: 762, (i, j): (0, 28), h: -0.33135194; trajectory time: 5.173683166503906e-05 s]
[80000/100000: border reached at t: 721, (i, j): (0, 19), h: -17.9311; trajectory time: 5.173683166503906e-05 s]
[90000/100000: border reached at t: 652, (i, j): (0, 24), h: -8.625851; trajectory time: 5.1975250244140625e-05 s]
[100000/100000: border reached at t: 219, (i, j): (0, 45), h: 4.3046117; trajectory time: 5.030632019042969e-05 s]
SFWF MC CPU NUMPY DONE. [h_mean: 8.187242, T_mean: 753.52291; time: 7.090327262878418 s]
---
REPETITION: 6/10:
SFWF MC CPU NUMPY... [(i, j): (12, 36), n_samples: 1.0e+05, seed: 0, chunk_size: 1000]
[10000/100000: border reached at t: 172, (i, j): (0, 38), h: 23.400461; trajectory time: 5.221366882324219e-05 s]
[20000/100000: border reached at t: 66, (i, j): (0, 32), h: 11.927004; trajectory time: 5.173683166503906e-05 s]
[30000/100000: border reached at t: 142, (i, j): (0, 54), h: -1.468429; trajectory time: 5.173683166503906e-05 s]
[40000/100000: border reached at t: 192, (i, j): (0, 46), h: 6.5716267; trajectory time: 5.173683166503906e-05 s]
[50000/100000: border reached at t: 581, (i, j): (0, 21), h: -17.055447; trajectory time: 5.53131103515625e-05 s]
[60000/100000: border reached at t: 1585, (i, j): (63, 48), h: -3.1345806; trajectory time: 9.894371032714844e-05 s]
[70000/100000: border reached at t: 762, (i, j): (0, 28), h: -0.33135194; trajectory time: 5.269050598144531e-05 s]
[80000/100000: border reached at t: 721, (i, j): (0, 19), h: -17.9311; trajectory time: 5.14984130859375e-05 s]
[90000/100000: border reached at t: 652, (i, j): (0, 24), h: -8.625851; trajectory time: 5.125999450683594e-05 s]
[100000/100000: border reached at t: 219, (i, j): (0, 45), h: 4.3046117; trajectory time: 5.14984130859375e-05 s]
SFWF MC CPU NUMPY DONE. [h_mean: 8.187242, T_mean: 753.52291; time: 7.095692873001099 s]
---
REPETITION: 7/10:
SFWF MC CPU NUMPY... [(i, j): (12, 36), n_samples: 1.0e+05, seed: 0, chunk_size: 1000]
[10000/100000: border reached at t: 172, (i, j): (0, 38), h: 23.400461; trajectory time: 5.173683166503906e-05 s]
[20000/100000: border reached at t: 66, (i, j): (0, 32), h: 11.927004; trajectory time: 5.1975250244140625e-05 s]
[30000/100000: border reached at t: 142, (i, j): (0, 54), h: -1.468429; trajectory time: 5.125999450683594e-05 s]
[40000/100000: border reached at t: 192, (i, j): (0, 46), h: 6.5716267; trajectory time: 5.125999450683594e-05 s]
[50000/100000: border reached at t: 581, (i, j): (0, 21), h: -17.055447; trajectory time: 5.269050598144531e-05 s]
[60000/100000: border reached at t: 1585, (i, j): (63, 48), h: -3.1345806; trajectory time: 9.846687316894531e-05 s]
[70000/100000: border reached at t: 762, (i, j): (0, 28), h: -0.33135194; trajectory time: 5.1975250244140625e-05 s]
[80000/100000: border reached at t: 721, (i, j): (0, 19), h: -17.9311; trajectory time: 5.14984130859375e-05 s]
[90000/100000: border reached at t: 652, (i, j): (0, 24), h: -8.625851; trajectory time: 5.14984130859375e-05 s]
[100000/100000: border reached at t: 219, (i, j): (0, 45), h: 4.3046117; trajectory time: 5.078315734863281e-05 s]
SFWF MC CPU NUMPY DONE. [h_mean: 8.187242, T_mean: 753.52291; time: 7.086227893829346 s]
---
REPETITION: 8/10:
SFWF MC CPU NUMPY... [(i, j): (12, 36), n_samples: 1.0e+05, seed: 0, chunk_size: 1000]
[10000/100000: border reached at t: 172, (i, j): (0, 38), h: 23.400461; trajectory time: 5.173683166503906e-05 s]
[20000/100000: border reached at t: 66, (i, j): (0, 32), h: 11.927004; trajectory time: 5.245208740234375e-05 s]
[30000/100000: border reached at t: 142, (i, j): (0, 54), h: -1.468429; trajectory time: 5.221366882324219e-05 s]
[40000/100000: border reached at t: 192, (i, j): (0, 46), h: 6.5716267; trajectory time: 5.173683166503906e-05 s]
[50000/100000: border reached at t: 581, (i, j): (0, 21), h: -17.055447; trajectory time: 5.221366882324219e-05 s]
[60000/100000: border reached at t: 1585, (i, j): (63, 48), h: -3.1345806; trajectory time: 9.799003601074219e-05 s]
[70000/100000: border reached at t: 762, (i, j): (0, 28), h: -0.33135194; trajectory time: 5.1975250244140625e-05 s]
[80000/100000: border reached at t: 721, (i, j): (0, 19), h: -17.9311; trajectory time: 5.1975250244140625e-05 s]
[90000/100000: border reached at t: 652, (i, j): (0, 24), h: -8.625851; trajectory time: 5.1021575927734375e-05 s]
[100000/100000: border reached at t: 219, (i, j): (0, 45), h: 4.3046117; trajectory time: 5.1021575927734375e-05 s]
SFWF MC CPU NUMPY DONE. [h_mean: 8.187242, T_mean: 753.52291; time: 7.152902841567993 s]
---
REPETITION: 9/10:
SFWF MC CPU NUMPY... [(i, j): (12, 36), n_samples: 1.0e+05, seed: 0, chunk_size: 1000]
[10000/100000: border reached at t: 172, (i, j): (0, 38), h: 23.400461; trajectory time: 5.221366882324219e-05 s]
[20000/100000: border reached at t: 66, (i, j): (0, 32), h: 11.927004; trajectory time: 5.14984130859375e-05 s]
[30000/100000: border reached at t: 142, (i, j): (0, 54), h: -1.468429; trajectory time: 5.1975250244140625e-05 s]
[40000/100000: border reached at t: 192, (i, j): (0, 46), h: 6.5716267; trajectory time: 5.14984130859375e-05 s]
[50000/100000: border reached at t: 581, (i, j): (0, 21), h: -17.055447; trajectory time: 5.14984130859375e-05 s]
[60000/100000: border reached at t: 1585, (i, j): (63, 48), h: -3.1345806; trajectory time: 9.822845458984375e-05 s]
[70000/100000: border reached at t: 762, (i, j): (0, 28), h: -0.33135194; trajectory time: 5.14984130859375e-05 s]
[80000/100000: border reached at t: 721, (i, j): (0, 19), h: -17.9311; trajectory time: 5.125999450683594e-05 s]
[90000/100000: border reached at t: 652, (i, j): (0, 24), h: -8.625851; trajectory time: 5.14984130859375e-05 s]
[100000/100000: border reached at t: 219, (i, j): (0, 45), h: 4.3046117; trajectory time: 5.14984130859375e-05 s]
SFWF MC CPU NUMPY DONE. [h_mean: 8.187242, T_mean: 753.52291; time: 7.0855677127838135 s]
---
REPETITION: 10/10:
SFWF MC CPU NUMPY... [(i, j): (12, 36), n_samples: 1.0e+05, seed: 0, chunk_size: 1000]
[10000/100000: border reached at t: 172, (i, j): (0, 38), h: 23.400461; trajectory time: 5.1975250244140625e-05 s]
[20000/100000: border reached at t: 66, (i, j): (0, 32), h: 11.927004; trajectory time: 5.14984130859375e-05 s]
[30000/100000: border reached at t: 142, (i, j): (0, 54), h: -1.468429; trajectory time: 5.1975250244140625e-05 s]
[40000/100000: border reached at t: 192, (i, j): (0, 46), h: 6.5716267; trajectory time: 5.1975250244140625e-05 s]
[50000/100000: border reached at t: 581, (i, j): (0, 21), h: -17.055447; trajectory time: 5.173683166503906e-05 s]
[60000/100000: border reached at t: 1585, (i, j): (63, 48), h: -3.1345806; trajectory time: 9.870529174804688e-05 s]
[70000/100000: border reached at t: 762, (i, j): (0, 28), h: -0.33135194; trajectory time: 5.1975250244140625e-05 s]
[80000/100000: border reached at t: 721, (i, j): (0, 19), h: -17.9311; trajectory time: 5.1975250244140625e-05 s]
[90000/100000: border reached at t: 652, (i, j): (0, 24), h: -8.625851; trajectory time: 5.841255187988281e-05 s]
[100000/100000: border reached at t: 219, (i, j): (0, 45), h: 4.3046117; trajectory time: 5.1021575927734375e-05 s]
SFWF MC CPU NUMPY DONE. [h_mean: 8.187242, T_mean: 753.52291; time: 7.09587025642395 s]
***
SUMMARY:
COMPARISON OF SINGLE HEIGHT VS REF -> h_mean: 8.187242 VS contraction_ref_heights_out[i0, j0]: 8.203798, ABS DIFF: 1.6556740e-02]
TIME MEAN: 7.096514487266541 s, STD: 0.021275950793771998 s, STD_%: 0.3%
SPEEDUP VS REF: 1.0
====================================================================================================================================================================================================================================================
MONTE CARLO APPROACH 2: sfwf_mc_cuda...
---
REPETITION: 1/10:
SFWF MC CUDA... [(i, j): (12, 36), wanted n_samples: 1.0e+05, seed: 0, rpt: 10, tpb: 128]
[min_n_generators: 10000, bpg_walk: 79]
[initialization of random generators...]
[initialization of random generators done; count: 10112, memory: 0.154 MiB, time: 0.5800619125366211 s]
[random walks...; bpg_walk: 79, tpb: 128]
[random walks done; time: 0.018265247344970703 s]
[mean-reduction...; bpg: 1, tpb: 128]
[mean-reduction done; time: 0.0001761913299560547 s]
SFWF MC CUDA DONE. [h_mean: 8.169923, T_mean: 749.8867797851562, n_samples de facto: 1.0e+05; time: 0.5985894203186035 s, time without generators initalization: 0.018527507781982422 s]
---
REPETITION: 2/10:
SFWF MC CUDA... [(i, j): (12, 36), wanted n_samples: 1.0e+05, seed: 0, rpt: 10, tpb: 128]
[min_n_generators: 10000, bpg_walk: 79]
[initialization of random generators...]
[initialization of random generators done; count: 10112, memory: 0.154 MiB, time: 0.0014500617980957031 s]
[random walks...; bpg_walk: 79, tpb: 128]
[random walks done; time: 0.014693737030029297 s]
[mean-reduction...; bpg: 1, tpb: 128]
[mean-reduction done; time: 0.00013184547424316406 s]
SFWF MC CUDA DONE. [h_mean: 8.169923, T_mean: 749.8867797851562, n_samples de facto: 1.0e+05; time: 0.01633763313293457 s, time without generators initalization: 0.014887571334838867 s]
---
REPETITION: 3/10:
SFWF MC CUDA... [(i, j): (12, 36), wanted n_samples: 1.0e+05, seed: 0, rpt: 10, tpb: 128]
[min_n_generators: 10000, bpg_walk: 79]
[initialization of random generators...]
[initialization of random generators done; count: 10112, memory: 0.154 MiB, time: 0.0014407634735107422 s]
[random walks...; bpg_walk: 79, tpb: 128]
[random walks done; time: 0.01459050178527832 s]
[mean-reduction...; bpg: 1, tpb: 128]
[mean-reduction done; time: 0.00013327598571777344 s]
SFWF MC CUDA DONE. [h_mean: 8.169923, T_mean: 749.8867797851562, n_samples de facto: 1.0e+05; time: 0.016223430633544922 s, time without generators initalization: 0.01478266716003418 s]
---
REPETITION: 4/10:
SFWF MC CUDA... [(i, j): (12, 36), wanted n_samples: 1.0e+05, seed: 0, rpt: 10, tpb: 128]
[min_n_generators: 10000, bpg_walk: 79]
[initialization of random generators...]
[initialization of random generators done; count: 10112, memory: 0.154 MiB, time: 0.001440286636352539 s]
[random walks...; bpg_walk: 79, tpb: 128]
[random walks done; time: 0.014583110809326172 s]
[mean-reduction...; bpg: 1, tpb: 128]
[mean-reduction done; time: 0.0001285076141357422 s]
SFWF MC CUDA DONE. [h_mean: 8.169923, T_mean: 749.8867797851562, n_samples de facto: 1.0e+05; time: 0.016226768493652344 s, time without generators initalization: 0.014786481857299805 s]
---
REPETITION: 5/10:
SFWF MC CUDA... [(i, j): (12, 36), wanted n_samples: 1.0e+05, seed: 0, rpt: 10, tpb: 128]
[min_n_generators: 10000, bpg_walk: 79]
[initialization of random generators...]
[initialization of random generators done; count: 10112, memory: 0.154 MiB, time: 0.0014429092407226562 s]
[random walks...; bpg_walk: 79, tpb: 128]
[random walks done; time: 0.014568805694580078 s]
[mean-reduction...; bpg: 1, tpb: 128]
[mean-reduction done; time: 0.0001308917999267578 s]
SFWF MC CUDA DONE. [h_mean: 8.169923, T_mean: 749.8867797851562, n_samples de facto: 1.0e+05; time: 0.016201496124267578 s, time without generators initalization: 0.014758586883544922 s]
---
REPETITION: 6/10:
SFWF MC CUDA... [(i, j): (12, 36), wanted n_samples: 1.0e+05, seed: 0, rpt: 10, tpb: 128]
[min_n_generators: 10000, bpg_walk: 79]
[initialization of random generators...]
[initialization of random generators done; count: 10112, memory: 0.154 MiB, time: 0.0014798641204833984 s]
[random walks...; bpg_walk: 79, tpb: 128]
[random walks done; time: 0.014553070068359375 s]
[mean-reduction...; bpg: 1, tpb: 128]
[mean-reduction done; time: 0.00014209747314453125 s]
SFWF MC CUDA DONE. [h_mean: 8.169923, T_mean: 749.8867797851562, n_samples de facto: 1.0e+05; time: 0.01624441146850586 s, time without generators initalization: 0.014764547348022461 s]
---
REPETITION: 7/10:
SFWF MC CUDA... [(i, j): (12, 36), wanted n_samples: 1.0e+05, seed: 0, rpt: 10, tpb: 128]
[min_n_generators: 10000, bpg_walk: 79]
[initialization of random generators...]
[initialization of random generators done; count: 10112, memory: 0.154 MiB, time: 0.001522064208984375 s]
[random walks...; bpg_walk: 79, tpb: 128]
[random walks done; time: 0.014542341232299805 s]
[mean-reduction...; bpg: 1, tpb: 128]
[mean-reduction done; time: 0.00013494491577148438 s]
SFWF MC CUDA DONE. [h_mean: 8.169923, T_mean: 749.8867797851562, n_samples de facto: 1.0e+05; time: 0.01625990867614746 s, time without generators initalization: 0.014737844467163086 s]
---
REPETITION: 8/10:
SFWF MC CUDA... [(i, j): (12, 36), wanted n_samples: 1.0e+05, seed: 0, rpt: 10, tpb: 128]
[min_n_generators: 10000, bpg_walk: 79]
[initialization of random generators...]
[initialization of random generators done; count: 10112, memory: 0.154 MiB, time: 0.001438140869140625 s]
[random walks...; bpg_walk: 79, tpb: 128]
[random walks done; time: 0.01458883285522461 s]
[mean-reduction...; bpg: 1, tpb: 128]
[mean-reduction done; time: 0.00012731552124023438 s]
SFWF MC CUDA DONE. [h_mean: 8.169923, T_mean: 749.8867797851562, n_samples de facto: 1.0e+05; time: 0.016213178634643555 s, time without generators initalization: 0.01477503776550293 s]
---
REPETITION: 9/10:
SFWF MC CUDA... [(i, j): (12, 36), wanted n_samples: 1.0e+05, seed: 0, rpt: 10, tpb: 128]
[min_n_generators: 10000, bpg_walk: 79]
[initialization of random generators...]
[initialization of random generators done; count: 10112, memory: 0.154 MiB, time: 0.00144195556640625 s]
[random walks...; bpg_walk: 79, tpb: 128]
[random walks done; time: 0.014523983001708984 s]
[mean-reduction...; bpg: 1, tpb: 128]
[mean-reduction done; time: 0.00012969970703125 s]
SFWF MC CUDA DONE. [h_mean: 8.169923, T_mean: 749.8867797851562, n_samples de facto: 1.0e+05; time: 0.01615428924560547 s, time without generators initalization: 0.014712333679199219 s]
---
REPETITION: 10/10:
SFWF MC CUDA... [(i, j): (12, 36), wanted n_samples: 1.0e+05, seed: 0, rpt: 10, tpb: 128]
[min_n_generators: 10000, bpg_walk: 79]
[initialization of random generators...]
[initialization of random generators done; count: 10112, memory: 0.154 MiB, time: 0.0014390945434570312 s]
[random walks...; bpg_walk: 79, tpb: 128]
[random walks done; time: 0.014619112014770508 s]
[mean-reduction...; bpg: 1, tpb: 128]
[mean-reduction done; time: 0.00013327598571777344 s]
SFWF MC CUDA DONE. [h_mean: 8.169923, T_mean: 749.8867797851562, n_samples de facto: 1.0e+05; time: 0.01625204086303711 s, time without generators initalization: 0.014812946319580078 s]
***
SUMMARY:
COMPARISON OF SINGLE HEIGHT VS REF -> h_mean: 8.169923 VS contraction_ref_heights_out[i0, j0]: 8.203798, ABS DIFF: 3.3875465e-02]
TIME MEAN: 0.015154552459716798 s, STD: 0.00112519789615825 s, STD_%: 7.4%
SPEEDUP VS REF: 468.27608443932616
====================================================================================================================================================================================================================================================
====================================================================================================================================================================================================================================================
FINAL SUMMARY:
CONTRACTION ITERATION APPROACH 1: sfwf_contraction_cpu_numpy OFF.
CONTRACTION ITERATION APPROACH 2: sfwf_contraction_cuda_small OFF.
CONTRACTION ITERATION APPROACH 3: sfwf_contraction_cuda_large_atomicmax (REFERENCE) -> MEAN ITERATIONS: 9400.0, MEAN D_INF: 9.5367431640625e-07, MEAN TIME: 0.5190694570541382 s, TIME STD: 0.00587884827200053 s, STD_%: 1.1%, SPEED-UP: 1.00
CONTRACTION ITERATION APPROACH 4: sfwf_contraction_cuda_large_atomicmaxglosten OFF.
CONTRACTION ITERATION APPROACH 5: sfwf_contraction_cuda_large_hreducemax OFF.
CONTRACTION ITERATION APPROACH 6: sfwf_contraction_cuda_large_hreducemaxgs OFF.
CONTRACTION ITERATION APPROACH 7: sfwf_contraction_cuda_large_gridsync OFF.
MONTE CARLO APPROACH 1: sfwf_mc_cpu_numpy (REFERENCE) -> MEAN TIME: 7.096514487266541 s, TIME STD: 0.021275950793771998 s,  STD_%: 0.3%, SPEED-UP: 1.00
MONTE CARLO APPROACH 2: sfwf_mc_cuda -> MEAN TIME: 0.015154552459716798 s, TIME STD: 0.00112519789615825 s,  STD_%: 7.4%, SPEED-UP: 468.28
SOAP FILM IN A WIRE FRAME DONE. [hash string: 0951327271_48020_325_[7;20;5.0;64;True;1.0e-06;False;False;3;FFTFFFF;TT], time: 76.90766525268555]
