SOAP FILM IN A WIRE FRAME...
HASH STRING: 2249420952_35171_325_[7;20;5.0;64;True;1.0e-06;False;0;1e+07;(12,36);False;3;FFTFFFF;TT]
====================================================================================================================================================================================================================================================
EXPERIMENT INFO:
{
  SEED: 7,
  WF_FOURIER_N: 20,
  WF_FOURIER_AMPLITUDE: 5.0,
  WF_BORDER_N: 64,
  NUMPY_SINGLE_THREAD: True,
  CONTRACTION_EPS: 1e-06,
  CONTRACTION_PLOTS: False,
  MC_SEED: 0,
  MC_SAMPLES: 10000000,
  MC_I0_J0: (12, 36),
  MC_EXAMPLE_PLOT: False,
  MC_EXAMPLE_PLOT_SAMPLES: 3,
  sfwf_contraction_cpu_numpy: (False, 'sfwf_contraction_cpu_numpy', 0, {}),
  sfwf_contraction_cuda_small: (False, 'sfwf_contraction_cuda_small', 0, {}),
  sfwf_contraction_cuda_large_atomicmax: (True, 'sfwf_contraction_cuda_large_atomicmax', 10, {'lazy_stop_check': 100, 'tpb_side': 16}),
  sfwf_contraction_cuda_large_atomicmaxglosten: (False, 'sfwf_contraction_cuda_large_atomicmaxglosten', 0, {}),
  sfwf_contraction_cuda_large_hreducemax: (False, 'sfwf_contraction_cuda_large_hreducemax', 0, {}),
  sfwf_contraction_cuda_large_hreducemaxgs: (False, 'sfwf_contraction_cuda_large_hreducemaxgs', 0, {}),
  sfwf_contraction_cuda_large_gridsync: (False, 'sfwf_contraction_cuda_large_gridsync', 0, {}),
  sfwf_mc_cpu_numpy: (True, 'sfwf_mc_cpu_numpy', 10, {'chunk_size': 1000}),
  sfwf_mc_cuda: (True, 'sfwf_mc_cuda', 10, {'rpt': 10, 'tpb': 128})
}
====================================================================================================================================================================================================================================================
CPU AND SYSTEM:
{'cpu_name': 'Intel(R) Core(TM) i7-10700 CPU @ 2.90GHz',
 'os_machine': 'x86_64',
 'os_name': 'Linux 6.8.0-90-generic',
 'os_version': '#91-Ubuntu SMP PREEMPT_DYNAMIC Tue Nov 18 14:14:30 UTC 2025',
 'ram_size': '125.7 GB'}
GPU:
{'async_engine_count': 2,
 'can_map_host_memory': 1,
 'compute_capability': ComputeCapability(major=8, minor=6),
 'cores_per_SM': 128,
 'cores_total': 10496,
 'max_block_dim_x': 1024,
 'max_block_dim_y': 1024,
 'max_block_dim_z': 64,
 'max_grid_dim_x': 2147483647,
 'max_grid_dim_y': 65535,
 'max_grid_dim_z': 65535,
 'max_shared_memory_per_block': 49152,
 'max_threads_per_block': 1024,
 'multiprocessor_count': 82,
 'name': 'NVIDIA GeForce RTX 3090',
 'pci_bus_id': 1,
 'pci_device_id': 0,
 'unified_addressing': 1,
 'warp_size': 32}
====================================================================================================================================================================================================================================================
RANDOM WIRE FRAME WITH TOTAL OF POINTS (STATES): 4096
HEIGHTS IN[:5, :5]:
[[25.365894  20.296429  14.925921  10.320204   7.3313727]
 [29.068245   0.         0.         0.         0.       ]
 [30.553246   0.         0.         0.         0.       ]
 [29.360521   0.         0.         0.         0.       ]
 [25.516117   0.         0.         0.         0.       ]]
====================================================================================================================================================================================================================================================
CONTRACTION ITERATION APPROACH 3: sfwf_contraction_cuda_large_atomicmax...
---
REPETITION: 1/10:
SFWF CONTRACTION CUDA LARGE ATOMICMAX... [eps: 1e-06, lazy_stop_check: 100, tpb_side: 16]
[bpg: (4, 4), tpb: (16, 16)]
SFWF CONTRACTION CUDA LARGE ATOMICMAX DONE. [d_inf: 9.536743e-07, iterations: 9400, time: 0.5332262516021729 s]
---
REPETITION: 2/10:
SFWF CONTRACTION CUDA LARGE ATOMICMAX... [eps: 1e-06, lazy_stop_check: 100, tpb_side: 16]
[bpg: (4, 4), tpb: (16, 16)]
SFWF CONTRACTION CUDA LARGE ATOMICMAX DONE. [d_inf: 9.536743e-07, iterations: 9400, time: 0.5428624153137207 s]
---
REPETITION: 3/10:
SFWF CONTRACTION CUDA LARGE ATOMICMAX... [eps: 1e-06, lazy_stop_check: 100, tpb_side: 16]
[bpg: (4, 4), tpb: (16, 16)]
SFWF CONTRACTION CUDA LARGE ATOMICMAX DONE. [d_inf: 9.536743e-07, iterations: 9400, time: 0.5380029678344727 s]
---
REPETITION: 4/10:
SFWF CONTRACTION CUDA LARGE ATOMICMAX... [eps: 1e-06, lazy_stop_check: 100, tpb_side: 16]
[bpg: (4, 4), tpb: (16, 16)]
SFWF CONTRACTION CUDA LARGE ATOMICMAX DONE. [d_inf: 9.536743e-07, iterations: 9400, time: 0.5346982479095459 s]
---
REPETITION: 5/10:
SFWF CONTRACTION CUDA LARGE ATOMICMAX... [eps: 1e-06, lazy_stop_check: 100, tpb_side: 16]
[bpg: (4, 4), tpb: (16, 16)]
SFWF CONTRACTION CUDA LARGE ATOMICMAX DONE. [d_inf: 9.536743e-07, iterations: 9400, time: 0.5357851982116699 s]
---
REPETITION: 6/10:
SFWF CONTRACTION CUDA LARGE ATOMICMAX... [eps: 1e-06, lazy_stop_check: 100, tpb_side: 16]
[bpg: (4, 4), tpb: (16, 16)]
SFWF CONTRACTION CUDA LARGE ATOMICMAX DONE. [d_inf: 9.536743e-07, iterations: 9400, time: 0.5363161563873291 s]
---
REPETITION: 7/10:
SFWF CONTRACTION CUDA LARGE ATOMICMAX... [eps: 1e-06, lazy_stop_check: 100, tpb_side: 16]
[bpg: (4, 4), tpb: (16, 16)]
SFWF CONTRACTION CUDA LARGE ATOMICMAX DONE. [d_inf: 9.536743e-07, iterations: 9400, time: 0.549187183380127 s]
---
REPETITION: 8/10:
SFWF CONTRACTION CUDA LARGE ATOMICMAX... [eps: 1e-06, lazy_stop_check: 100, tpb_side: 16]
[bpg: (4, 4), tpb: (16, 16)]
SFWF CONTRACTION CUDA LARGE ATOMICMAX DONE. [d_inf: 9.536743e-07, iterations: 9400, time: 0.5372998714447021 s]
---
REPETITION: 9/10:
SFWF CONTRACTION CUDA LARGE ATOMICMAX... [eps: 1e-06, lazy_stop_check: 100, tpb_side: 16]
[bpg: (4, 4), tpb: (16, 16)]
SFWF CONTRACTION CUDA LARGE ATOMICMAX DONE. [d_inf: 9.536743e-07, iterations: 9400, time: 0.5358788967132568 s]
---
REPETITION: 10/10:
SFWF CONTRACTION CUDA LARGE ATOMICMAX... [eps: 1e-06, lazy_stop_check: 100, tpb_side: 16]
[bpg: (4, 4), tpb: (16, 16)]
SFWF CONTRACTION CUDA LARGE ATOMICMAX DONE. [d_inf: 9.536743e-07, iterations: 9400, time: 0.5391600131988525 s]
***
SUMMARY:
HEIGHTS OUT[:5, :5]:
[[25.365894  20.296429  14.925921  10.320204   7.3313727]
 [29.068245  22.564266  17.283945  13.20249   10.526932 ]
 [30.553246  23.60845   18.443102  14.678881  12.190558 ]
 [29.360521  22.873186  18.201136  14.8793745 12.6591   ]
 [25.516117  20.322641  16.608881  13.978384  12.193586 ]]
D_INF OF HEIGHTS VS REF: 0.0
D_INF (AT STOP) MEAN: 9.5367431640625e-07
ITERATIONS MEAN: 9400.0
TIME MEAN: 0.5382417201995849 s, STD: 0.004426936678985233 s, STD_%: 0.8%
SPEEDUP VS REF: 1.0
====================================================================================================================================================================================================================================================
MONTE CARLO APPROACH 1: sfwf_mc_cpu_numpy...
---
REPETITION: 1/10:
SFWF MC CPU NUMPY... [(i, j): (12, 36), n_samples: 1.0e+07, seed: 0, chunk_size: 1000]
[1000000/10000000: border reached at t: 770, (i, j): (6, 0), h: 12.30428; trajectory time: 5.459785461425781e-05 s]
[2000000/10000000: border reached at t: 525, (i, j): (8, 63), h: 11.246618; trajectory time: 5.412101745605469e-05 s]
[3000000/10000000: border reached at t: 470, (i, j): (0, 20), h: -18.33845; trajectory time: 5.3882598876953125e-05 s]
[4000000/10000000: border reached at t: 146, (i, j): (0, 26), h: -3.8553483; trajectory time: 5.221366882324219e-05 s]
[5000000/10000000: border reached at t: 504, (i, j): (35, 63), h: 12.219755; trajectory time: 5.245208740234375e-05 s]
[6000000/10000000: border reached at t: 367, (i, j): (0, 33), h: 16.288551; trajectory time: 5.316734313964844e-05 s]
[7000000/10000000: border reached at t: 636, (i, j): (0, 30), h: 4.4068646; trajectory time: 5.698204040527344e-05 s]
[8000000/10000000: border reached at t: 1311, (i, j): (18, 63), h: 1.5037136; trajectory time: 9.799003601074219e-05 s]
[9000000/10000000: border reached at t: 153, (i, j): (14, 63), h: 12.83231; trajectory time: 6.604194641113281e-05 s]
[10000000/10000000: border reached at t: 1362, (i, j): (5, 63), h: 16.556221; trajectory time: 9.965896606445312e-05 s]
SFWF MC CPU NUMPY DONE. [h_mean: 8.197744, T_mean: 751.2580017; time: 728.578284740448 s]
---
REPETITION: 2/10:
SFWF MC CPU NUMPY... [(i, j): (12, 36), n_samples: 1.0e+07, seed: 0, chunk_size: 1000]
[1000000/10000000: border reached at t: 770, (i, j): (6, 0), h: 12.30428; trajectory time: 5.364418029785156e-05 s]
[2000000/10000000: border reached at t: 525, (i, j): (8, 63), h: 11.246618; trajectory time: 5.173683166503906e-05 s]
[3000000/10000000: border reached at t: 470, (i, j): (0, 20), h: -18.33845; trajectory time: 5.173683166503906e-05 s]
[4000000/10000000: border reached at t: 146, (i, j): (0, 26), h: -3.8553483; trajectory time: 5.14984130859375e-05 s]
[5000000/10000000: border reached at t: 504, (i, j): (35, 63), h: 12.219755; trajectory time: 5.650520324707031e-05 s]
[6000000/10000000: border reached at t: 367, (i, j): (0, 33), h: 16.288551; trajectory time: 5.245208740234375e-05 s]
[7000000/10000000: border reached at t: 636, (i, j): (0, 30), h: 4.4068646; trajectory time: 5.412101745605469e-05 s]
[8000000/10000000: border reached at t: 1311, (i, j): (18, 63), h: 1.5037136; trajectory time: 9.822845458984375e-05 s]
[9000000/10000000: border reached at t: 153, (i, j): (14, 63), h: 12.83231; trajectory time: 5.221366882324219e-05 s]
[10000000/10000000: border reached at t: 1362, (i, j): (5, 63), h: 16.556221; trajectory time: 0.00010037422180175781 s]
SFWF MC CPU NUMPY DONE. [h_mean: 8.197744, T_mean: 751.2580017; time: 719.8320980072021 s]
---
REPETITION: 3/10:
SFWF MC CPU NUMPY... [(i, j): (12, 36), n_samples: 1.0e+07, seed: 0, chunk_size: 1000]
[1000000/10000000: border reached at t: 770, (i, j): (6, 0), h: 12.30428; trajectory time: 5.2928924560546875e-05 s]
[2000000/10000000: border reached at t: 525, (i, j): (8, 63), h: 11.246618; trajectory time: 5.125999450683594e-05 s]
[3000000/10000000: border reached at t: 470, (i, j): (0, 20), h: -18.33845; trajectory time: 5.269050598144531e-05 s]
[4000000/10000000: border reached at t: 146, (i, j): (0, 26), h: -3.8553483; trajectory time: 5.173683166503906e-05 s]
[5000000/10000000: border reached at t: 504, (i, j): (35, 63), h: 12.219755; trajectory time: 5.316734313964844e-05 s]
[6000000/10000000: border reached at t: 367, (i, j): (0, 33), h: 16.288551; trajectory time: 5.269050598144531e-05 s]
[7000000/10000000: border reached at t: 636, (i, j): (0, 30), h: 4.4068646; trajectory time: 5.412101745605469e-05 s]
[8000000/10000000: border reached at t: 1311, (i, j): (18, 63), h: 1.5037136; trajectory time: 9.942054748535156e-05 s]
[9000000/10000000: border reached at t: 153, (i, j): (14, 63), h: 12.83231; trajectory time: 5.364418029785156e-05 s]
[10000000/10000000: border reached at t: 1362, (i, j): (5, 63), h: 16.556221; trajectory time: 0.00010633468627929688 s]
SFWF MC CPU NUMPY DONE. [h_mean: 8.197744, T_mean: 751.2580017; time: 720.069408416748 s]
---
REPETITION: 4/10:
SFWF MC CPU NUMPY... [(i, j): (12, 36), n_samples: 1.0e+07, seed: 0, chunk_size: 1000]
[1000000/10000000: border reached at t: 770, (i, j): (6, 0), h: 12.30428; trajectory time: 5.2928924560546875e-05 s]
[2000000/10000000: border reached at t: 525, (i, j): (8, 63), h: 11.246618; trajectory time: 5.316734313964844e-05 s]
[3000000/10000000: border reached at t: 470, (i, j): (0, 20), h: -18.33845; trajectory time: 5.245208740234375e-05 s]
[4000000/10000000: border reached at t: 146, (i, j): (0, 26), h: -3.8553483; trajectory time: 5.2928924560546875e-05 s]
[5000000/10000000: border reached at t: 504, (i, j): (35, 63), h: 12.219755; trajectory time: 5.2928924560546875e-05 s]
[6000000/10000000: border reached at t: 367, (i, j): (0, 33), h: 16.288551; trajectory time: 5.269050598144531e-05 s]
[7000000/10000000: border reached at t: 636, (i, j): (0, 30), h: 4.4068646; trajectory time: 5.2928924560546875e-05 s]
[8000000/10000000: border reached at t: 1311, (i, j): (18, 63), h: 1.5037136; trajectory time: 0.00011038780212402344 s]
[9000000/10000000: border reached at t: 153, (i, j): (14, 63), h: 12.83231; trajectory time: 5.364418029785156e-05 s]
[10000000/10000000: border reached at t: 1362, (i, j): (5, 63), h: 16.556221; trajectory time: 9.989738464355469e-05 s]
SFWF MC CPU NUMPY DONE. [h_mean: 8.197744, T_mean: 751.2580017; time: 721.0843756198883 s]
---
REPETITION: 5/10:
SFWF MC CPU NUMPY... [(i, j): (12, 36), n_samples: 1.0e+07, seed: 0, chunk_size: 1000]
[1000000/10000000: border reached at t: 770, (i, j): (6, 0), h: 12.30428; trajectory time: 5.2928924560546875e-05 s]
[2000000/10000000: border reached at t: 525, (i, j): (8, 63), h: 11.246618; trajectory time: 5.3882598876953125e-05 s]
[3000000/10000000: border reached at t: 470, (i, j): (0, 20), h: -18.33845; trajectory time: 5.2928924560546875e-05 s]
[4000000/10000000: border reached at t: 146, (i, j): (0, 26), h: -3.8553483; trajectory time: 5.269050598144531e-05 s]
[5000000/10000000: border reached at t: 504, (i, j): (35, 63), h: 12.219755; trajectory time: 5.221366882324219e-05 s]
[6000000/10000000: border reached at t: 367, (i, j): (0, 33), h: 16.288551; trajectory time: 5.2928924560546875e-05 s]
[7000000/10000000: border reached at t: 636, (i, j): (0, 30), h: 4.4068646; trajectory time: 5.221366882324219e-05 s]
[8000000/10000000: border reached at t: 1311, (i, j): (18, 63), h: 1.5037136; trajectory time: 0.00010037422180175781 s]
[9000000/10000000: border reached at t: 153, (i, j): (14, 63), h: 12.83231; trajectory time: 5.269050598144531e-05 s]
[10000000/10000000: border reached at t: 1362, (i, j): (5, 63), h: 16.556221; trajectory time: 0.0001010894775390625 s]
SFWF MC CPU NUMPY DONE. [h_mean: 8.197744, T_mean: 751.2580017; time: 720.1905839443207 s]
---
REPETITION: 6/10:
SFWF MC CPU NUMPY... [(i, j): (12, 36), n_samples: 1.0e+07, seed: 0, chunk_size: 1000]
[1000000/10000000: border reached at t: 770, (i, j): (6, 0), h: 12.30428; trajectory time: 5.2928924560546875e-05 s]
[2000000/10000000: border reached at t: 525, (i, j): (8, 63), h: 11.246618; trajectory time: 5.269050598144531e-05 s]
[3000000/10000000: border reached at t: 470, (i, j): (0, 20), h: -18.33845; trajectory time: 5.2928924560546875e-05 s]
[4000000/10000000: border reached at t: 146, (i, j): (0, 26), h: -3.8553483; trajectory time: 5.221366882324219e-05 s]
[5000000/10000000: border reached at t: 504, (i, j): (35, 63), h: 12.219755; trajectory time: 5.1975250244140625e-05 s]
[6000000/10000000: border reached at t: 367, (i, j): (0, 33), h: 16.288551; trajectory time: 5.269050598144531e-05 s]
[7000000/10000000: border reached at t: 636, (i, j): (0, 30), h: 4.4068646; trajectory time: 5.269050598144531e-05 s]
[8000000/10000000: border reached at t: 1311, (i, j): (18, 63), h: 1.5037136; trajectory time: 9.989738464355469e-05 s]
[9000000/10000000: border reached at t: 153, (i, j): (14, 63), h: 12.83231; trajectory time: 5.2928924560546875e-05 s]
[10000000/10000000: border reached at t: 1362, (i, j): (5, 63), h: 16.556221; trajectory time: 0.00010037422180175781 s]
SFWF MC CPU NUMPY DONE. [h_mean: 8.197744, T_mean: 751.2580017; time: 721.6973881721497 s]
---
REPETITION: 7/10:
SFWF MC CPU NUMPY... [(i, j): (12, 36), n_samples: 1.0e+07, seed: 0, chunk_size: 1000]
[1000000/10000000: border reached at t: 770, (i, j): (6, 0), h: 12.30428; trajectory time: 5.269050598144531e-05 s]
[2000000/10000000: border reached at t: 525, (i, j): (8, 63), h: 11.246618; trajectory time: 5.316734313964844e-05 s]
[3000000/10000000: border reached at t: 470, (i, j): (0, 20), h: -18.33845; trajectory time: 5.2928924560546875e-05 s]
[4000000/10000000: border reached at t: 146, (i, j): (0, 26), h: -3.8553483; trajectory time: 5.1975250244140625e-05 s]
[5000000/10000000: border reached at t: 504, (i, j): (35, 63), h: 12.219755; trajectory time: 5.698204040527344e-05 s]
[6000000/10000000: border reached at t: 367, (i, j): (0, 33), h: 16.288551; trajectory time: 5.269050598144531e-05 s]
[7000000/10000000: border reached at t: 636, (i, j): (0, 30), h: 4.4068646; trajectory time: 5.650520324707031e-05 s]
[8000000/10000000: border reached at t: 1311, (i, j): (18, 63), h: 1.5037136; trajectory time: 9.989738464355469e-05 s]
[9000000/10000000: border reached at t: 153, (i, j): (14, 63), h: 12.83231; trajectory time: 5.316734313964844e-05 s]
[10000000/10000000: border reached at t: 1362, (i, j): (5, 63), h: 16.556221; trajectory time: 0.00010395050048828125 s]
SFWF MC CPU NUMPY DONE. [h_mean: 8.197744, T_mean: 751.2580017; time: 720.697046995163 s]
---
REPETITION: 8/10:
SFWF MC CPU NUMPY... [(i, j): (12, 36), n_samples: 1.0e+07, seed: 0, chunk_size: 1000]
[1000000/10000000: border reached at t: 770, (i, j): (6, 0), h: 12.30428; trajectory time: 5.340576171875e-05 s]
[2000000/10000000: border reached at t: 525, (i, j): (8, 63), h: 11.246618; trajectory time: 5.269050598144531e-05 s]
[3000000/10000000: border reached at t: 470, (i, j): (0, 20), h: -18.33845; trajectory time: 5.364418029785156e-05 s]
[4000000/10000000: border reached at t: 146, (i, j): (0, 26), h: -3.8553483; trajectory time: 5.626678466796875e-05 s]
[5000000/10000000: border reached at t: 504, (i, j): (35, 63), h: 12.219755; trajectory time: 5.221366882324219e-05 s]
[6000000/10000000: border reached at t: 367, (i, j): (0, 33), h: 16.288551; trajectory time: 5.316734313964844e-05 s]
[7000000/10000000: border reached at t: 636, (i, j): (0, 30), h: 4.4068646; trajectory time: 5.698204040527344e-05 s]
[8000000/10000000: border reached at t: 1311, (i, j): (18, 63), h: 1.5037136; trajectory time: 0.00010037422180175781 s]
[9000000/10000000: border reached at t: 153, (i, j): (14, 63), h: 12.83231; trajectory time: 5.245208740234375e-05 s]
[10000000/10000000: border reached at t: 1362, (i, j): (5, 63), h: 16.556221; trajectory time: 0.00010085105895996094 s]
SFWF MC CPU NUMPY DONE. [h_mean: 8.197744, T_mean: 751.2580017; time: 720.8167188167572 s]
---
REPETITION: 9/10:
SFWF MC CPU NUMPY... [(i, j): (12, 36), n_samples: 1.0e+07, seed: 0, chunk_size: 1000]
[1000000/10000000: border reached at t: 770, (i, j): (6, 0), h: 12.30428; trajectory time: 5.2928924560546875e-05 s]
[2000000/10000000: border reached at t: 525, (i, j): (8, 63), h: 11.246618; trajectory time: 5.269050598144531e-05 s]
[3000000/10000000: border reached at t: 470, (i, j): (0, 20), h: -18.33845; trajectory time: 5.316734313964844e-05 s]
[4000000/10000000: border reached at t: 146, (i, j): (0, 26), h: -3.8553483; trajectory time: 5.1975250244140625e-05 s]
[5000000/10000000: border reached at t: 504, (i, j): (35, 63), h: 12.219755; trajectory time: 5.245208740234375e-05 s]
[6000000/10000000: border reached at t: 367, (i, j): (0, 33), h: 16.288551; trajectory time: 5.2928924560546875e-05 s]
[7000000/10000000: border reached at t: 636, (i, j): (0, 30), h: 4.4068646; trajectory time: 5.507469177246094e-05 s]
[8000000/10000000: border reached at t: 1311, (i, j): (18, 63), h: 1.5037136; trajectory time: 0.00010704994201660156 s]
[9000000/10000000: border reached at t: 153, (i, j): (14, 63), h: 12.83231; trajectory time: 5.340576171875e-05 s]
[10000000/10000000: border reached at t: 1362, (i, j): (5, 63), h: 16.556221; trajectory time: 0.00010275840759277344 s]
SFWF MC CPU NUMPY DONE. [h_mean: 8.197744, T_mean: 751.2580017; time: 726.9002487659454 s]
---
REPETITION: 10/10:
SFWF MC CPU NUMPY... [(i, j): (12, 36), n_samples: 1.0e+07, seed: 0, chunk_size: 1000]
[1000000/10000000: border reached at t: 770, (i, j): (6, 0), h: 12.30428; trajectory time: 5.459785461425781e-05 s]
[2000000/10000000: border reached at t: 525, (i, j): (8, 63), h: 11.246618; trajectory time: 5.412101745605469e-05 s]
[3000000/10000000: border reached at t: 470, (i, j): (0, 20), h: -18.33845; trajectory time: 6.985664367675781e-05 s]
[4000000/10000000: border reached at t: 146, (i, j): (0, 26), h: -3.8553483; trajectory time: 5.435943603515625e-05 s]
[5000000/10000000: border reached at t: 504, (i, j): (35, 63), h: 12.219755; trajectory time: 5.3882598876953125e-05 s]
[6000000/10000000: border reached at t: 367, (i, j): (0, 33), h: 16.288551; trajectory time: 5.435943603515625e-05 s]
[7000000/10000000: border reached at t: 636, (i, j): (0, 30), h: 4.4068646; trajectory time: 5.4836273193359375e-05 s]
[8000000/10000000: border reached at t: 1311, (i, j): (18, 63), h: 1.5037136; trajectory time: 0.00010633468627929688 s]
[9000000/10000000: border reached at t: 153, (i, j): (14, 63), h: 12.83231; trajectory time: 5.3882598876953125e-05 s]
[10000000/10000000: border reached at t: 1362, (i, j): (5, 63), h: 16.556221; trajectory time: 0.00010347366333007812 s]
SFWF MC CPU NUMPY DONE. [h_mean: 8.197744, T_mean: 751.2580017; time: 740.2224352359772 s]
***
SUMMARY:
COMPARISON OF SINGLE HEIGHT VS REF -> h_mean: 8.197744 VS contraction_ref_heights_out[i0, j0]: 8.203798, ABS DIFF: 6.0539246e-03]
TIME MEAN: 724.00885887146 s, STD: 6.12141345245524 s, STD_%: 0.8%
SPEEDUP VS REF: 1.0
====================================================================================================================================================================================================================================================
MONTE CARLO APPROACH 2: sfwf_mc_cuda...
---
REPETITION: 1/10:
SFWF MC CUDA... [(i, j): (12, 36), wanted n_samples: 1.0e+07, seed: 0, rpt: 10, tpb: 128]
[min_n_generators: 1000000, bpg_walk: 7813]
[initialization of random generators...]
[initialization of random generators done; count: 1000064, memory: 15.260 MiB, time: 0.7162566184997559 s]
[random walks...; bpg_walk: 7813, tpb: 128]
[random walks done; time: 0.7349457740783691 s]
[mean-reduction...; bpg: 1, tpb: 128]
[mean-reduction done; time: 0.0002703666687011719 s]
SFWF MC CUDA DONE. [h_mean: 8.205237, T_mean: 750.9337158203125, n_samples de facto: 1.0e+07; time: 1.4515790939331055 s, time without generators initalization: 0.7353224754333496 s]
---
REPETITION: 2/10:
SFWF MC CUDA... [(i, j): (12, 36), wanted n_samples: 1.0e+07, seed: 0, rpt: 10, tpb: 128]
[min_n_generators: 1000000, bpg_walk: 7813]
[initialization of random generators...]
[initialization of random generators done; count: 1000064, memory: 15.260 MiB, time: 0.12907004356384277 s]
[random walks...; bpg_walk: 7813, tpb: 128]
[random walks done; time: 0.7191591262817383 s]
[mean-reduction...; bpg: 1, tpb: 128]
[mean-reduction done; time: 0.00023603439331054688 s]
SFWF MC CUDA DONE. [h_mean: 8.205237, T_mean: 750.9337158203125, n_samples de facto: 1.0e+07; time: 0.8485667705535889 s, time without generators initalization: 0.7194967269897461 s]
---
REPETITION: 3/10:
SFWF MC CUDA... [(i, j): (12, 36), wanted n_samples: 1.0e+07, seed: 0, rpt: 10, tpb: 128]
[min_n_generators: 1000000, bpg_walk: 7813]
[initialization of random generators...]
[initialization of random generators done; count: 1000064, memory: 15.260 MiB, time: 0.12687206268310547 s]
[random walks...; bpg_walk: 7813, tpb: 128]
[random walks done; time: 0.739290714263916 s]
[mean-reduction...; bpg: 1, tpb: 128]
[mean-reduction done; time: 0.00029778480529785156 s]
SFWF MC CUDA DONE. [h_mean: 8.205237, T_mean: 750.9337158203125, n_samples de facto: 1.0e+07; time: 0.8665544986724854 s, time without generators initalization: 0.7396824359893799 s]
---
REPETITION: 4/10:
SFWF MC CUDA... [(i, j): (12, 36), wanted n_samples: 1.0e+07, seed: 0, rpt: 10, tpb: 128]
[min_n_generators: 1000000, bpg_walk: 7813]
[initialization of random generators...]
[initialization of random generators done; count: 1000064, memory: 15.260 MiB, time: 0.12716364860534668 s]
[random walks...; bpg_walk: 7813, tpb: 128]
[random walks done; time: 0.7267773151397705 s]
[mean-reduction...; bpg: 1, tpb: 128]
[mean-reduction done; time: 0.00023889541625976562 s]
SFWF MC CUDA DONE. [h_mean: 8.205237, T_mean: 750.9337158203125, n_samples de facto: 1.0e+07; time: 0.8542666435241699 s, time without generators initalization: 0.7271029949188232 s]
---
REPETITION: 5/10:
SFWF MC CUDA... [(i, j): (12, 36), wanted n_samples: 1.0e+07, seed: 0, rpt: 10, tpb: 128]
[min_n_generators: 1000000, bpg_walk: 7813]
[initialization of random generators...]
[initialization of random generators done; count: 1000064, memory: 15.260 MiB, time: 0.1268634796142578 s]
[random walks...; bpg_walk: 7813, tpb: 128]
[random walks done; time: 0.7192094326019287 s]
[mean-reduction...; bpg: 1, tpb: 128]
[mean-reduction done; time: 0.0002372264862060547 s]
SFWF MC CUDA DONE. [h_mean: 8.205237, T_mean: 750.9337158203125, n_samples de facto: 1.0e+07; time: 0.8463945388793945 s, time without generators initalization: 0.7195310592651367 s]
---
REPETITION: 6/10:
SFWF MC CUDA... [(i, j): (12, 36), wanted n_samples: 1.0e+07, seed: 0, rpt: 10, tpb: 128]
[min_n_generators: 1000000, bpg_walk: 7813]
[initialization of random generators...]
[initialization of random generators done; count: 1000064, memory: 15.260 MiB, time: 0.1273055076599121 s]
[random walks...; bpg_walk: 7813, tpb: 128]
[random walks done; time: 0.7323541641235352 s]
[mean-reduction...; bpg: 1, tpb: 128]
[mean-reduction done; time: 0.00023555755615234375 s]
SFWF MC CUDA DONE. [h_mean: 8.205237, T_mean: 750.9337158203125, n_samples de facto: 1.0e+07; time: 0.8599774837493896 s, time without generators initalization: 0.7326719760894775 s]
---
REPETITION: 7/10:
SFWF MC CUDA... [(i, j): (12, 36), wanted n_samples: 1.0e+07, seed: 0, rpt: 10, tpb: 128]
[min_n_generators: 1000000, bpg_walk: 7813]
[initialization of random generators...]
[initialization of random generators done; count: 1000064, memory: 15.260 MiB, time: 0.12700247764587402 s]
[random walks...; bpg_walk: 7813, tpb: 128]
[random walks done; time: 0.7393901348114014 s]
[mean-reduction...; bpg: 1, tpb: 128]
[mean-reduction done; time: 0.00023794174194335938 s]
SFWF MC CUDA DONE. [h_mean: 8.205237, T_mean: 750.9337158203125, n_samples de facto: 1.0e+07; time: 0.8667161464691162 s, time without generators initalization: 0.7397136688232422 s]
---
REPETITION: 8/10:
SFWF MC CUDA... [(i, j): (12, 36), wanted n_samples: 1.0e+07, seed: 0, rpt: 10, tpb: 128]
[min_n_generators: 1000000, bpg_walk: 7813]
[initialization of random generators...]
[initialization of random generators done; count: 1000064, memory: 15.260 MiB, time: 0.12688779830932617 s]
[random walks...; bpg_walk: 7813, tpb: 128]
[random walks done; time: 0.7199318408966064 s]
[mean-reduction...; bpg: 1, tpb: 128]
[mean-reduction done; time: 0.00023436546325683594 s]
SFWF MC CUDA DONE. [h_mean: 8.205237, T_mean: 750.9337158203125, n_samples de facto: 1.0e+07; time: 0.8471367359161377 s, time without generators initalization: 0.7202489376068115 s]
---
REPETITION: 9/10:
SFWF MC CUDA... [(i, j): (12, 36), wanted n_samples: 1.0e+07, seed: 0, rpt: 10, tpb: 128]
[min_n_generators: 1000000, bpg_walk: 7813]
[initialization of random generators...]
[initialization of random generators done; count: 1000064, memory: 15.260 MiB, time: 0.12776756286621094 s]
[random walks...; bpg_walk: 7813, tpb: 128]
[random walks done; time: 0.7180602550506592 s]
[mean-reduction...; bpg: 1, tpb: 128]
[mean-reduction done; time: 0.00023603439331054688 s]
SFWF MC CUDA DONE. [h_mean: 8.205237, T_mean: 750.9337158203125, n_samples de facto: 1.0e+07; time: 0.8461480140686035 s, time without generators initalization: 0.7183804512023926 s]
---
REPETITION: 10/10:
SFWF MC CUDA... [(i, j): (12, 36), wanted n_samples: 1.0e+07, seed: 0, rpt: 10, tpb: 128]
[min_n_generators: 1000000, bpg_walk: 7813]
[initialization of random generators...]
[initialization of random generators done; count: 1000064, memory: 15.260 MiB, time: 0.1275317668914795 s]
[random walks...; bpg_walk: 7813, tpb: 128]
[random walks done; time: 0.7433271408081055 s]
[mean-reduction...; bpg: 1, tpb: 128]
[mean-reduction done; time: 0.00023174285888671875 s]
SFWF MC CUDA DONE. [h_mean: 8.205237, T_mean: 750.9337158203125, n_samples de facto: 1.0e+07; time: 0.8711807727813721 s, time without generators initalization: 0.7436490058898926 s]
***
SUMMARY:
COMPARISON OF SINGLE HEIGHT VS REF -> h_mean: 8.205237 VS contraction_ref_heights_out[i0, j0]: 8.203798, ABS DIFF: 1.4390945e-03]
TIME MEAN: 0.7295799732208252 s, STD: 0.009308659952010842 s, STD_%: 1.3%
SPEEDUP VS REF: 992.363942879667
====================================================================================================================================================================================================================================================
====================================================================================================================================================================================================================================================
FINAL SUMMARY:
CONTRACTION ITERATION APPROACH 1: sfwf_contraction_cpu_numpy OFF.
CONTRACTION ITERATION APPROACH 2: sfwf_contraction_cuda_small OFF.
CONTRACTION ITERATION APPROACH 3: sfwf_contraction_cuda_large_atomicmax (REFERENCE) -> MEAN ITERATIONS: 9400.0, MEAN D_INF: 9.5367431640625e-07, MEAN TIME: 0.5382417201995849 s, TIME STD: 0.004426936678985233 s, STD_%: 0.8%, SPEED-UP: 1.00
CONTRACTION ITERATION APPROACH 4: sfwf_contraction_cuda_large_atomicmaxglosten OFF.
CONTRACTION ITERATION APPROACH 5: sfwf_contraction_cuda_large_hreducemax OFF.
CONTRACTION ITERATION APPROACH 6: sfwf_contraction_cuda_large_hreducemaxgs OFF.
CONTRACTION ITERATION APPROACH 7: sfwf_contraction_cuda_large_gridsync OFF.
MONTE CARLO APPROACH 1: sfwf_mc_cpu_numpy (REFERENCE) -> MEAN TIME: 724.00885887146 s, TIME STD: 6.12141345245524 s,  STD_%: 0.8%, SPEED-UP: 1.00
MONTE CARLO APPROACH 2: sfwf_mc_cuda -> MEAN TIME: 0.7295799732208252 s, TIME STD: 0.009308659952010842 s,  STD_%: 1.3%, SPEED-UP: 992.36
SOAP FILM IN A WIRE FRAME DONE. [hash string: 2249420952_35171_325_[7;20;5.0;64;True;1.0e-06;False;0;1e+07;(12,36);False;3;FFTFFFF;TT], time: 7254.689369916916]
