SOAP FILM IN A WIRE FRAME...
HASH STRING: 2588151480_14211_325_[7;20;5.0;64;True;1.0e-06;False;0;1e+06;(12,36);False;3;FFTFFFF;TT]
====================================================================================================================================================================================================================================================
EXPERIMENT INFO:
{
  SEED: 7,
  WF_FOURIER_N: 20,
  WF_FOURIER_AMPLITUDE: 5.0,
  WF_BORDER_N: 64,
  NUMPY_SINGLE_THREAD: True,
  CONTRACTION_EPS: 1e-06,
  CONTRACTION_PLOTS: False,
  MC_SEED: 0,
  MC_SAMPLES: 1000000,
  MC_I0_J0: (12, 36),
  MC_EXAMPLE_PLOT: False,
  MC_EXAMPLE_PLOT_SAMPLES: 3,
  sfwf_contraction_cpu_numpy: (False, 'sfwf_contraction_cpu_numpy', 0, {}),
  sfwf_contraction_cuda_small: (False, 'sfwf_contraction_cuda_small', 0, {}),
  sfwf_contraction_cuda_large_atomicmax: (True, 'sfwf_contraction_cuda_large_atomicmax', 10, {'lazy_stop_check': 100, 'tpb_side': 16}),
  sfwf_contraction_cuda_large_atomicmaxglosten: (False, 'sfwf_contraction_cuda_large_atomicmaxglosten', 0, {}),
  sfwf_contraction_cuda_large_hreducemax: (False, 'sfwf_contraction_cuda_large_hreducemax', 0, {}),
  sfwf_contraction_cuda_large_hreducemaxgs: (False, 'sfwf_contraction_cuda_large_hreducemaxgs', 0, {}),
  sfwf_contraction_cuda_large_gridsync: (False, 'sfwf_contraction_cuda_large_gridsync', 0, {}),
  sfwf_mc_cpu_numpy: (True, 'sfwf_mc_cpu_numpy', 10, {'chunk_size': 1000}),
  sfwf_mc_cuda: (True, 'sfwf_mc_cuda', 10, {'rpt': 10, 'tpb': 128})
}
====================================================================================================================================================================================================================================================
CPU AND SYSTEM:
{'cpu_name': 'Intel(R) Core(TM) i7-10700 CPU @ 2.90GHz',
 'os_machine': 'x86_64',
 'os_name': 'Linux 6.8.0-90-generic',
 'os_version': '#91-Ubuntu SMP PREEMPT_DYNAMIC Tue Nov 18 14:14:30 UTC 2025',
 'ram_size': '125.7 GB'}
GPU:
{'async_engine_count': 2,
 'can_map_host_memory': 1,
 'compute_capability': ComputeCapability(major=8, minor=6),
 'cores_per_SM': 128,
 'cores_total': 10496,
 'max_block_dim_x': 1024,
 'max_block_dim_y': 1024,
 'max_block_dim_z': 64,
 'max_grid_dim_x': 2147483647,
 'max_grid_dim_y': 65535,
 'max_grid_dim_z': 65535,
 'max_shared_memory_per_block': 49152,
 'max_threads_per_block': 1024,
 'multiprocessor_count': 82,
 'name': 'NVIDIA GeForce RTX 3090',
 'pci_bus_id': 1,
 'pci_device_id': 0,
 'unified_addressing': 1,
 'warp_size': 32}
====================================================================================================================================================================================================================================================
RANDOM WIRE FRAME WITH TOTAL OF POINTS (STATES): 4096
HEIGHTS IN[:5, :5]:
[[25.365894  20.296429  14.925921  10.320204   7.3313727]
 [29.068245   0.         0.         0.         0.       ]
 [30.553246   0.         0.         0.         0.       ]
 [29.360521   0.         0.         0.         0.       ]
 [25.516117   0.         0.         0.         0.       ]]
====================================================================================================================================================================================================================================================
CONTRACTION ITERATION APPROACH 3: sfwf_contraction_cuda_large_atomicmax...
---
REPETITION: 1/10:
SFWF CONTRACTION CUDA LARGE ATOMICMAX... [eps: 1e-06, lazy_stop_check: 100, tpb_side: 16]
[bpg: (4, 4), tpb: (16, 16)]
SFWF CONTRACTION CUDA LARGE ATOMICMAX DONE. [d_inf: 9.536743e-07, iterations: 9400, time: 0.5073940753936768 s]
---
REPETITION: 2/10:
SFWF CONTRACTION CUDA LARGE ATOMICMAX... [eps: 1e-06, lazy_stop_check: 100, tpb_side: 16]
[bpg: (4, 4), tpb: (16, 16)]
SFWF CONTRACTION CUDA LARGE ATOMICMAX DONE. [d_inf: 9.536743e-07, iterations: 9400, time: 0.5130844116210938 s]
---
REPETITION: 3/10:
SFWF CONTRACTION CUDA LARGE ATOMICMAX... [eps: 1e-06, lazy_stop_check: 100, tpb_side: 16]
[bpg: (4, 4), tpb: (16, 16)]
SFWF CONTRACTION CUDA LARGE ATOMICMAX DONE. [d_inf: 9.536743e-07, iterations: 9400, time: 0.5125458240509033 s]
---
REPETITION: 4/10:
SFWF CONTRACTION CUDA LARGE ATOMICMAX... [eps: 1e-06, lazy_stop_check: 100, tpb_side: 16]
[bpg: (4, 4), tpb: (16, 16)]
SFWF CONTRACTION CUDA LARGE ATOMICMAX DONE. [d_inf: 9.536743e-07, iterations: 9400, time: 0.5141692161560059 s]
---
REPETITION: 5/10:
SFWF CONTRACTION CUDA LARGE ATOMICMAX... [eps: 1e-06, lazy_stop_check: 100, tpb_side: 16]
[bpg: (4, 4), tpb: (16, 16)]
SFWF CONTRACTION CUDA LARGE ATOMICMAX DONE. [d_inf: 9.536743e-07, iterations: 9400, time: 0.5127303600311279 s]
---
REPETITION: 6/10:
SFWF CONTRACTION CUDA LARGE ATOMICMAX... [eps: 1e-06, lazy_stop_check: 100, tpb_side: 16]
[bpg: (4, 4), tpb: (16, 16)]
SFWF CONTRACTION CUDA LARGE ATOMICMAX DONE. [d_inf: 9.536743e-07, iterations: 9400, time: 0.5159361362457275 s]
---
REPETITION: 7/10:
SFWF CONTRACTION CUDA LARGE ATOMICMAX... [eps: 1e-06, lazy_stop_check: 100, tpb_side: 16]
[bpg: (4, 4), tpb: (16, 16)]
SFWF CONTRACTION CUDA LARGE ATOMICMAX DONE. [d_inf: 9.536743e-07, iterations: 9400, time: 0.5169463157653809 s]
---
REPETITION: 8/10:
SFWF CONTRACTION CUDA LARGE ATOMICMAX... [eps: 1e-06, lazy_stop_check: 100, tpb_side: 16]
[bpg: (4, 4), tpb: (16, 16)]
SFWF CONTRACTION CUDA LARGE ATOMICMAX DONE. [d_inf: 9.536743e-07, iterations: 9400, time: 0.5146195888519287 s]
---
REPETITION: 9/10:
SFWF CONTRACTION CUDA LARGE ATOMICMAX... [eps: 1e-06, lazy_stop_check: 100, tpb_side: 16]
[bpg: (4, 4), tpb: (16, 16)]
SFWF CONTRACTION CUDA LARGE ATOMICMAX DONE. [d_inf: 9.536743e-07, iterations: 9400, time: 0.515031099319458 s]
---
REPETITION: 10/10:
SFWF CONTRACTION CUDA LARGE ATOMICMAX... [eps: 1e-06, lazy_stop_check: 100, tpb_side: 16]
[bpg: (4, 4), tpb: (16, 16)]
SFWF CONTRACTION CUDA LARGE ATOMICMAX DONE. [d_inf: 9.536743e-07, iterations: 9400, time: 0.5160045623779297 s]
***
SUMMARY:
HEIGHTS OUT[:5, :5]:
[[25.365894  20.296429  14.925921  10.320204   7.3313727]
 [29.068245  22.564266  17.283945  13.20249   10.526932 ]
 [30.553246  23.60845   18.443102  14.678881  12.190558 ]
 [29.360521  22.873186  18.201136  14.8793745 12.6591   ]
 [25.516117  20.322641  16.608881  13.978384  12.193586 ]]
D_INF OF HEIGHTS VS REF: 0.0
D_INF (AT STOP) MEAN: 9.5367431640625e-07
ITERATIONS MEAN: 9400.0
TIME MEAN: 0.5138461589813232 s, STD: 0.0025669017408749034 s, STD_%: 0.5%
SPEEDUP VS REF: 1.0
====================================================================================================================================================================================================================================================
MONTE CARLO APPROACH 1: sfwf_mc_cpu_numpy...
---
REPETITION: 1/10:
SFWF MC CPU NUMPY... [(i, j): (12, 36), n_samples: 1.0e+06, seed: 0, chunk_size: 1000]
[100000/1000000: border reached at t: 219, (i, j): (0, 45), h: 4.3046117; trajectory time: 5.078315734863281e-05 s]
[200000/1000000: border reached at t: 276, (i, j): (49, 63), h: 9.671058; trajectory time: 5.125999450683594e-05 s]
[300000/1000000: border reached at t: 1236, (i, j): (24, 0), h: 11.980111; trajectory time: 0.00012922286987304688 s]
[400000/1000000: border reached at t: 605, (i, j): (0, 41), h: 10.9658165; trajectory time: 5.1021575927734375e-05 s]
[500000/1000000: border reached at t: 1161, (i, j): (19, 0), h: 9.674728; trajectory time: 9.5367431640625e-05 s]
[600000/1000000: border reached at t: 615, (i, j): (0, 25), h: -5.998931; trajectory time: 5.030632019042969e-05 s]
[700000/1000000: border reached at t: 698, (i, j): (0, 26), h: -3.8553483; trajectory time: 4.982948303222656e-05 s]
[800000/1000000: border reached at t: 310, (i, j): (0, 52), h: 9.458797; trajectory time: 5.0067901611328125e-05 s]
[900000/1000000: border reached at t: 1192, (i, j): (0, 42), h: 7.0082917; trajectory time: 9.584426879882812e-05 s]
[1000000/1000000: border reached at t: 770, (i, j): (6, 0), h: 12.30428; trajectory time: 5.030632019042969e-05 s]
SFWF MC CPU NUMPY DONE. [h_mean: 8.20645, T_mean: 752.065272; time: 69.84848308563232 s]
---
REPETITION: 2/10:
SFWF MC CPU NUMPY... [(i, j): (12, 36), n_samples: 1.0e+06, seed: 0, chunk_size: 1000]
[100000/1000000: border reached at t: 219, (i, j): (0, 45), h: 4.3046117; trajectory time: 5.1021575927734375e-05 s]
[200000/1000000: border reached at t: 276, (i, j): (49, 63), h: 9.671058; trajectory time: 5.173683166503906e-05 s]
[300000/1000000: border reached at t: 1236, (i, j): (24, 0), h: 11.980111; trajectory time: 9.608268737792969e-05 s]
[400000/1000000: border reached at t: 605, (i, j): (0, 41), h: 10.9658165; trajectory time: 5.030632019042969e-05 s]
[500000/1000000: border reached at t: 1161, (i, j): (19, 0), h: 9.674728; trajectory time: 9.679794311523438e-05 s]
[600000/1000000: border reached at t: 615, (i, j): (0, 25), h: -5.998931; trajectory time: 5.0067901611328125e-05 s]
[700000/1000000: border reached at t: 698, (i, j): (0, 26), h: -3.8553483; trajectory time: 5.0067901611328125e-05 s]
[800000/1000000: border reached at t: 310, (i, j): (0, 52), h: 9.458797; trajectory time: 5.0067901611328125e-05 s]
[900000/1000000: border reached at t: 1192, (i, j): (0, 42), h: 7.0082917; trajectory time: 9.5367431640625e-05 s]
[1000000/1000000: border reached at t: 770, (i, j): (6, 0), h: 12.30428; trajectory time: 5.14984130859375e-05 s]
SFWF MC CPU NUMPY DONE. [h_mean: 8.20645, T_mean: 752.065272; time: 69.904714345932 s]
---
REPETITION: 3/10:
SFWF MC CPU NUMPY... [(i, j): (12, 36), n_samples: 1.0e+06, seed: 0, chunk_size: 1000]
[100000/1000000: border reached at t: 219, (i, j): (0, 45), h: 4.3046117; trajectory time: 4.982948303222656e-05 s]
[200000/1000000: border reached at t: 276, (i, j): (49, 63), h: 9.671058; trajectory time: 5.030632019042969e-05 s]
[300000/1000000: border reached at t: 1236, (i, j): (24, 0), h: 11.980111; trajectory time: 9.870529174804688e-05 s]
[400000/1000000: border reached at t: 605, (i, j): (0, 41), h: 10.9658165; trajectory time: 5.1021575927734375e-05 s]
[500000/1000000: border reached at t: 1161, (i, j): (19, 0), h: 9.674728; trajectory time: 9.632110595703125e-05 s]
[600000/1000000: border reached at t: 615, (i, j): (0, 25), h: -5.998931; trajectory time: 5.1021575927734375e-05 s]
[700000/1000000: border reached at t: 698, (i, j): (0, 26), h: -3.8553483; trajectory time: 5.078315734863281e-05 s]
[800000/1000000: border reached at t: 310, (i, j): (0, 52), h: 9.458797; trajectory time: 4.9591064453125e-05 s]
[900000/1000000: border reached at t: 1192, (i, j): (0, 42), h: 7.0082917; trajectory time: 9.608268737792969e-05 s]
[1000000/1000000: border reached at t: 770, (i, j): (6, 0), h: 12.30428; trajectory time: 5.078315734863281e-05 s]
SFWF MC CPU NUMPY DONE. [h_mean: 8.20645, T_mean: 752.065272; time: 69.58600997924805 s]
---
REPETITION: 4/10:
SFWF MC CPU NUMPY... [(i, j): (12, 36), n_samples: 1.0e+06, seed: 0, chunk_size: 1000]
[100000/1000000: border reached at t: 219, (i, j): (0, 45), h: 4.3046117; trajectory time: 5.1021575927734375e-05 s]
[200000/1000000: border reached at t: 276, (i, j): (49, 63), h: 9.671058; trajectory time: 5.0067901611328125e-05 s]
[300000/1000000: border reached at t: 1236, (i, j): (24, 0), h: 11.980111; trajectory time: 9.584426879882812e-05 s]
[400000/1000000: border reached at t: 605, (i, j): (0, 41), h: 10.9658165; trajectory time: 5.054473876953125e-05 s]
[500000/1000000: border reached at t: 1161, (i, j): (19, 0), h: 9.674728; trajectory time: 9.560585021972656e-05 s]
[600000/1000000: border reached at t: 615, (i, j): (0, 25), h: -5.998931; trajectory time: 5.555152893066406e-05 s]
[700000/1000000: border reached at t: 698, (i, j): (0, 26), h: -3.8553483; trajectory time: 5.054473876953125e-05 s]
[800000/1000000: border reached at t: 310, (i, j): (0, 52), h: 9.458797; trajectory time: 5.078315734863281e-05 s]
[900000/1000000: border reached at t: 1192, (i, j): (0, 42), h: 7.0082917; trajectory time: 9.72747802734375e-05 s]
[1000000/1000000: border reached at t: 770, (i, j): (6, 0), h: 12.30428; trajectory time: 5.364418029785156e-05 s]
SFWF MC CPU NUMPY DONE. [h_mean: 8.20645, T_mean: 752.065272; time: 70.1013011932373 s]
---
REPETITION: 5/10:
SFWF MC CPU NUMPY... [(i, j): (12, 36), n_samples: 1.0e+06, seed: 0, chunk_size: 1000]
[100000/1000000: border reached at t: 219, (i, j): (0, 45), h: 4.3046117; trajectory time: 5.1021575927734375e-05 s]
[200000/1000000: border reached at t: 276, (i, j): (49, 63), h: 9.671058; trajectory time: 6.508827209472656e-05 s]
[300000/1000000: border reached at t: 1236, (i, j): (24, 0), h: 11.980111; trajectory time: 9.942054748535156e-05 s]
[400000/1000000: border reached at t: 605, (i, j): (0, 41), h: 10.9658165; trajectory time: 5.1021575927734375e-05 s]
[500000/1000000: border reached at t: 1161, (i, j): (19, 0), h: 9.674728; trajectory time: 9.584426879882812e-05 s]
[600000/1000000: border reached at t: 615, (i, j): (0, 25), h: -5.998931; trajectory time: 7.176399230957031e-05 s]
[700000/1000000: border reached at t: 698, (i, j): (0, 26), h: -3.8553483; trajectory time: 5.1975250244140625e-05 s]
[800000/1000000: border reached at t: 310, (i, j): (0, 52), h: 9.458797; trajectory time: 5.1021575927734375e-05 s]
[900000/1000000: border reached at t: 1192, (i, j): (0, 42), h: 7.0082917; trajectory time: 0.00011324882507324219 s]
[1000000/1000000: border reached at t: 770, (i, j): (6, 0), h: 12.30428; trajectory time: 5.125999450683594e-05 s]
SFWF MC CPU NUMPY DONE. [h_mean: 8.20645, T_mean: 752.065272; time: 70.05688214302063 s]
---
REPETITION: 6/10:
SFWF MC CPU NUMPY... [(i, j): (12, 36), n_samples: 1.0e+06, seed: 0, chunk_size: 1000]
[100000/1000000: border reached at t: 219, (i, j): (0, 45), h: 4.3046117; trajectory time: 5.054473876953125e-05 s]
[200000/1000000: border reached at t: 276, (i, j): (49, 63), h: 9.671058; trajectory time: 4.982948303222656e-05 s]
[300000/1000000: border reached at t: 1236, (i, j): (24, 0), h: 11.980111; trajectory time: 9.679794311523438e-05 s]
[400000/1000000: border reached at t: 605, (i, j): (0, 41), h: 10.9658165; trajectory time: 5.14984130859375e-05 s]
[500000/1000000: border reached at t: 1161, (i, j): (19, 0), h: 9.674728; trajectory time: 9.751319885253906e-05 s]
[600000/1000000: border reached at t: 615, (i, j): (0, 25), h: -5.998931; trajectory time: 5.125999450683594e-05 s]
[700000/1000000: border reached at t: 698, (i, j): (0, 26), h: -3.8553483; trajectory time: 5.1021575927734375e-05 s]
[800000/1000000: border reached at t: 310, (i, j): (0, 52), h: 9.458797; trajectory time: 5.1021575927734375e-05 s]
[900000/1000000: border reached at t: 1192, (i, j): (0, 42), h: 7.0082917; trajectory time: 9.584426879882812e-05 s]
[1000000/1000000: border reached at t: 770, (i, j): (6, 0), h: 12.30428; trajectory time: 5.698204040527344e-05 s]
SFWF MC CPU NUMPY DONE. [h_mean: 8.20645, T_mean: 752.065272; time: 69.9402277469635 s]
---
REPETITION: 7/10:
SFWF MC CPU NUMPY... [(i, j): (12, 36), n_samples: 1.0e+06, seed: 0, chunk_size: 1000]
[100000/1000000: border reached at t: 219, (i, j): (0, 45), h: 4.3046117; trajectory time: 5.030632019042969e-05 s]
[200000/1000000: border reached at t: 276, (i, j): (49, 63), h: 9.671058; trajectory time: 5.1021575927734375e-05 s]
[300000/1000000: border reached at t: 1236, (i, j): (24, 0), h: 11.980111; trajectory time: 9.775161743164062e-05 s]
[400000/1000000: border reached at t: 605, (i, j): (0, 41), h: 10.9658165; trajectory time: 5.078315734863281e-05 s]
[500000/1000000: border reached at t: 1161, (i, j): (19, 0), h: 9.674728; trajectory time: 0.00010085105895996094 s]
[600000/1000000: border reached at t: 615, (i, j): (0, 25), h: -5.998931; trajectory time: 5.078315734863281e-05 s]
[700000/1000000: border reached at t: 698, (i, j): (0, 26), h: -3.8553483; trajectory time: 5.030632019042969e-05 s]
[800000/1000000: border reached at t: 310, (i, j): (0, 52), h: 9.458797; trajectory time: 5.054473876953125e-05 s]
[900000/1000000: border reached at t: 1192, (i, j): (0, 42), h: 7.0082917; trajectory time: 9.632110595703125e-05 s]
[1000000/1000000: border reached at t: 770, (i, j): (6, 0), h: 12.30428; trajectory time: 5.1021575927734375e-05 s]
SFWF MC CPU NUMPY DONE. [h_mean: 8.20645, T_mean: 752.065272; time: 69.9673478603363 s]
---
REPETITION: 8/10:
SFWF MC CPU NUMPY... [(i, j): (12, 36), n_samples: 1.0e+06, seed: 0, chunk_size: 1000]
[100000/1000000: border reached at t: 219, (i, j): (0, 45), h: 4.3046117; trajectory time: 5.0067901611328125e-05 s]
[200000/1000000: border reached at t: 276, (i, j): (49, 63), h: 9.671058; trajectory time: 5.14984130859375e-05 s]
[300000/1000000: border reached at t: 1236, (i, j): (24, 0), h: 11.980111; trajectory time: 0.00010061264038085938 s]
[400000/1000000: border reached at t: 605, (i, j): (0, 41), h: 10.9658165; trajectory time: 5.1021575927734375e-05 s]
[500000/1000000: border reached at t: 1161, (i, j): (19, 0), h: 9.674728; trajectory time: 9.679794311523438e-05 s]
[600000/1000000: border reached at t: 615, (i, j): (0, 25), h: -5.998931; trajectory time: 5.078315734863281e-05 s]
[700000/1000000: border reached at t: 698, (i, j): (0, 26), h: -3.8553483; trajectory time: 4.982948303222656e-05 s]
[800000/1000000: border reached at t: 310, (i, j): (0, 52), h: 9.458797; trajectory time: 5.078315734863281e-05 s]
[900000/1000000: border reached at t: 1192, (i, j): (0, 42), h: 7.0082917; trajectory time: 0.00010061264038085938 s]
[1000000/1000000: border reached at t: 770, (i, j): (6, 0), h: 12.30428; trajectory time: 5.125999450683594e-05 s]
SFWF MC CPU NUMPY DONE. [h_mean: 8.20645, T_mean: 752.065272; time: 69.87331748008728 s]
---
REPETITION: 9/10:
SFWF MC CPU NUMPY... [(i, j): (12, 36), n_samples: 1.0e+06, seed: 0, chunk_size: 1000]
[100000/1000000: border reached at t: 219, (i, j): (0, 45), h: 4.3046117; trajectory time: 5.030632019042969e-05 s]
[200000/1000000: border reached at t: 276, (i, j): (49, 63), h: 9.671058; trajectory time: 5.1021575927734375e-05 s]
[300000/1000000: border reached at t: 1236, (i, j): (24, 0), h: 11.980111; trajectory time: 9.679794311523438e-05 s]
[400000/1000000: border reached at t: 605, (i, j): (0, 41), h: 10.9658165; trajectory time: 5.14984130859375e-05 s]
[500000/1000000: border reached at t: 1161, (i, j): (19, 0), h: 9.674728; trajectory time: 9.703636169433594e-05 s]
[600000/1000000: border reached at t: 615, (i, j): (0, 25), h: -5.998931; trajectory time: 5.1021575927734375e-05 s]
[700000/1000000: border reached at t: 698, (i, j): (0, 26), h: -3.8553483; trajectory time: 5.125999450683594e-05 s]
[800000/1000000: border reached at t: 310, (i, j): (0, 52), h: 9.458797; trajectory time: 5.125999450683594e-05 s]
[900000/1000000: border reached at t: 1192, (i, j): (0, 42), h: 7.0082917; trajectory time: 9.775161743164062e-05 s]
[1000000/1000000: border reached at t: 770, (i, j): (6, 0), h: 12.30428; trajectory time: 5.125999450683594e-05 s]
SFWF MC CPU NUMPY DONE. [h_mean: 8.20645, T_mean: 752.065272; time: 70.07768368721008 s]
---
REPETITION: 10/10:
SFWF MC CPU NUMPY... [(i, j): (12, 36), n_samples: 1.0e+06, seed: 0, chunk_size: 1000]
[100000/1000000: border reached at t: 219, (i, j): (0, 45), h: 4.3046117; trajectory time: 5.054473876953125e-05 s]
[200000/1000000: border reached at t: 276, (i, j): (49, 63), h: 9.671058; trajectory time: 5.4836273193359375e-05 s]
[300000/1000000: border reached at t: 1236, (i, j): (24, 0), h: 11.980111; trajectory time: 9.72747802734375e-05 s]
[400000/1000000: border reached at t: 605, (i, j): (0, 41), h: 10.9658165; trajectory time: 5.14984130859375e-05 s]
[500000/1000000: border reached at t: 1161, (i, j): (19, 0), h: 9.674728; trajectory time: 9.703636169433594e-05 s]
[600000/1000000: border reached at t: 615, (i, j): (0, 25), h: -5.998931; trajectory time: 5.125999450683594e-05 s]
[700000/1000000: border reached at t: 698, (i, j): (0, 26), h: -3.8553483; trajectory time: 5.054473876953125e-05 s]
[800000/1000000: border reached at t: 310, (i, j): (0, 52), h: 9.458797; trajectory time: 5.078315734863281e-05 s]
[900000/1000000: border reached at t: 1192, (i, j): (0, 42), h: 7.0082917; trajectory time: 9.775161743164062e-05 s]
[1000000/1000000: border reached at t: 770, (i, j): (6, 0), h: 12.30428; trajectory time: 5.078315734863281e-05 s]
SFWF MC CPU NUMPY DONE. [h_mean: 8.20645, T_mean: 752.065272; time: 69.94758462905884 s]
***
SUMMARY:
COMPARISON OF SINGLE HEIGHT VS REF -> h_mean: 8.20645 VS contraction_ref_heights_out[i0, j0]: 8.203798, ABS DIFF: 2.6521683e-03]
TIME MEAN: 69.93035521507264 s, STD: 0.14067248822764314 s, STD_%: 0.2%
SPEEDUP VS REF: 1.0
====================================================================================================================================================================================================================================================
MONTE CARLO APPROACH 2: sfwf_mc_cuda...
---
REPETITION: 1/10:
SFWF MC CUDA... [(i, j): (12, 36), wanted n_samples: 1.0e+06, seed: 0, rpt: 10, tpb: 128]
[min_n_generators: 100000, bpg_walk: 782]
[initialization of random generators...]
[initialization of random generators done; count: 100096, memory: 1.527 MiB, time: 0.5895979404449463 s]
[random walks...; bpg_walk: 782, tpb: 128]
[random walks done; time: 0.10184264183044434 s]
[mean-reduction...; bpg: 1, tpb: 128]
[mean-reduction done; time: 0.00018024444580078125 s]
SFWF MC CUDA DONE. [h_mean: 8.192993, T_mean: 751.119873046875, n_samples de facto: 1.0e+06; time: 0.6917128562927246 s, time without generators initalization: 0.10211491584777832 s]
---
REPETITION: 2/10:
SFWF MC CUDA... [(i, j): (12, 36), wanted n_samples: 1.0e+06, seed: 0, rpt: 10, tpb: 128]
[min_n_generators: 100000, bpg_walk: 782]
[initialization of random generators...]
[initialization of random generators done; count: 100096, memory: 1.527 MiB, time: 0.012797355651855469 s]
[random walks...; bpg_walk: 782, tpb: 128]
[random walks done; time: 0.08474326133728027 s]
[mean-reduction...; bpg: 1, tpb: 128]
[mean-reduction done; time: 0.00016880035400390625 s]
SFWF MC CUDA DONE. [h_mean: 8.192993, T_mean: 751.119873046875, n_samples de facto: 1.0e+06; time: 0.09778046607971191 s, time without generators initalization: 0.08498311042785645 s]
---
REPETITION: 3/10:
SFWF MC CUDA... [(i, j): (12, 36), wanted n_samples: 1.0e+06, seed: 0, rpt: 10, tpb: 128]
[min_n_generators: 100000, bpg_walk: 782]
[initialization of random generators...]
[initialization of random generators done; count: 100096, memory: 1.527 MiB, time: 0.012922286987304688 s]
[random walks...; bpg_walk: 782, tpb: 128]
[random walks done; time: 0.08474111557006836 s]
[mean-reduction...; bpg: 1, tpb: 128]
[mean-reduction done; time: 0.0001392364501953125 s]
SFWF MC CUDA DONE. [h_mean: 8.192993, T_mean: 751.119873046875, n_samples de facto: 1.0e+06; time: 0.09787178039550781 s, time without generators initalization: 0.08494949340820312 s]
---
REPETITION: 4/10:
SFWF MC CUDA... [(i, j): (12, 36), wanted n_samples: 1.0e+06, seed: 0, rpt: 10, tpb: 128]
[min_n_generators: 100000, bpg_walk: 782]
[initialization of random generators...]
[initialization of random generators done; count: 100096, memory: 1.527 MiB, time: 0.012802600860595703 s]
[random walks...; bpg_walk: 782, tpb: 128]
[random walks done; time: 0.08476138114929199 s]
[mean-reduction...; bpg: 1, tpb: 128]
[mean-reduction done; time: 0.00013399124145507812 s]
SFWF MC CUDA DONE. [h_mean: 8.192993, T_mean: 751.119873046875, n_samples de facto: 1.0e+06; time: 0.09776043891906738 s, time without generators initalization: 0.08495783805847168 s]
---
REPETITION: 5/10:
SFWF MC CUDA... [(i, j): (12, 36), wanted n_samples: 1.0e+06, seed: 0, rpt: 10, tpb: 128]
[min_n_generators: 100000, bpg_walk: 782]
[initialization of random generators...]
[initialization of random generators done; count: 100096, memory: 1.527 MiB, time: 0.012947797775268555 s]
[random walks...; bpg_walk: 782, tpb: 128]
[random walks done; time: 0.08487200736999512 s]
[mean-reduction...; bpg: 1, tpb: 128]
[mean-reduction done; time: 0.00017762184143066406 s]
SFWF MC CUDA DONE. [h_mean: 8.192993, T_mean: 751.119873046875, n_samples de facto: 1.0e+06; time: 0.09806108474731445 s, time without generators initalization: 0.0851132869720459 s]
---
REPETITION: 6/10:
SFWF MC CUDA... [(i, j): (12, 36), wanted n_samples: 1.0e+06, seed: 0, rpt: 10, tpb: 128]
[min_n_generators: 100000, bpg_walk: 782]
[initialization of random generators...]
[initialization of random generators done; count: 100096, memory: 1.527 MiB, time: 0.01280665397644043 s]
[random walks...; bpg_walk: 782, tpb: 128]
[random walks done; time: 0.08470702171325684 s]
[mean-reduction...; bpg: 1, tpb: 128]
[mean-reduction done; time: 0.0001609325408935547 s]
SFWF MC CUDA DONE. [h_mean: 8.192993, T_mean: 751.119873046875, n_samples de facto: 1.0e+06; time: 0.09775400161743164 s, time without generators initalization: 0.08494734764099121 s]
---
REPETITION: 7/10:
SFWF MC CUDA... [(i, j): (12, 36), wanted n_samples: 1.0e+06, seed: 0, rpt: 10, tpb: 128]
[min_n_generators: 100000, bpg_walk: 782]
[initialization of random generators...]
[initialization of random generators done; count: 100096, memory: 1.527 MiB, time: 0.012884378433227539 s]
[random walks...; bpg_walk: 782, tpb: 128]
[random walks done; time: 0.08472013473510742 s]
[mean-reduction...; bpg: 1, tpb: 128]
[mean-reduction done; time: 0.0001366138458251953 s]
SFWF MC CUDA DONE. [h_mean: 8.192993, T_mean: 751.119873046875, n_samples de facto: 1.0e+06; time: 0.0978078842163086 s, time without generators initalization: 0.08492350578308105 s]
---
REPETITION: 8/10:
SFWF MC CUDA... [(i, j): (12, 36), wanted n_samples: 1.0e+06, seed: 0, rpt: 10, tpb: 128]
[min_n_generators: 100000, bpg_walk: 782]
[initialization of random generators...]
[initialization of random generators done; count: 100096, memory: 1.527 MiB, time: 0.012999773025512695 s]
[random walks...; bpg_walk: 782, tpb: 128]
[random walks done; time: 0.08473420143127441 s]
[mean-reduction...; bpg: 1, tpb: 128]
[mean-reduction done; time: 0.0001373291015625 s]
SFWF MC CUDA DONE. [h_mean: 8.192993, T_mean: 751.119873046875, n_samples de facto: 1.0e+06; time: 0.09793496131896973 s, time without generators initalization: 0.08493518829345703 s]
---
REPETITION: 9/10:
SFWF MC CUDA... [(i, j): (12, 36), wanted n_samples: 1.0e+06, seed: 0, rpt: 10, tpb: 128]
[min_n_generators: 100000, bpg_walk: 782]
[initialization of random generators...]
[initialization of random generators done; count: 100096, memory: 1.527 MiB, time: 0.012879133224487305 s]
[random walks...; bpg_walk: 782, tpb: 128]
[random walks done; time: 0.08471488952636719 s]
[mean-reduction...; bpg: 1, tpb: 128]
[mean-reduction done; time: 0.00013494491577148438 s]
SFWF MC CUDA DONE. [h_mean: 8.192993, T_mean: 751.119873046875, n_samples de facto: 1.0e+06; time: 0.09779167175292969 s, time without generators initalization: 0.08491253852844238 s]
---
REPETITION: 10/10:
SFWF MC CUDA... [(i, j): (12, 36), wanted n_samples: 1.0e+06, seed: 0, rpt: 10, tpb: 128]
[min_n_generators: 100000, bpg_walk: 782]
[initialization of random generators...]
[initialization of random generators done; count: 100096, memory: 1.527 MiB, time: 0.012933015823364258 s]
[random walks...; bpg_walk: 782, tpb: 128]
[random walks done; time: 0.08474206924438477 s]
[mean-reduction...; bpg: 1, tpb: 128]
[mean-reduction done; time: 0.00013113021850585938 s]
SFWF MC CUDA DONE. [h_mean: 8.192993, T_mean: 751.119873046875, n_samples de facto: 1.0e+06; time: 0.09786868095397949 s, time without generators initalization: 0.08493566513061523 s]
***
SUMMARY:
COMPARISON OF SINGLE HEIGHT VS REF -> h_mean: 8.192993 VS contraction_ref_heights_out[i0, j0]: 8.203798, ABS DIFF: 1.0805130e-02]
TIME MEAN: 0.08667728900909424 s, STD: 0.0051461579911126236 s, STD_%: 5.9%
SPEEDUP VS REF: 806.7898294296617
====================================================================================================================================================================================================================================================
====================================================================================================================================================================================================================================================
FINAL SUMMARY:
CONTRACTION ITERATION APPROACH 1: sfwf_contraction_cpu_numpy OFF.
CONTRACTION ITERATION APPROACH 2: sfwf_contraction_cuda_small OFF.
CONTRACTION ITERATION APPROACH 3: sfwf_contraction_cuda_large_atomicmax (REFERENCE) -> MEAN ITERATIONS: 9400.0, MEAN D_INF: 9.5367431640625e-07, MEAN TIME: 0.5138461589813232 s, TIME STD: 0.0025669017408749034 s, STD_%: 0.5%, SPEED-UP: 1.00
CONTRACTION ITERATION APPROACH 4: sfwf_contraction_cuda_large_atomicmaxglosten OFF.
CONTRACTION ITERATION APPROACH 5: sfwf_contraction_cuda_large_hreducemax OFF.
CONTRACTION ITERATION APPROACH 6: sfwf_contraction_cuda_large_hreducemaxgs OFF.
CONTRACTION ITERATION APPROACH 7: sfwf_contraction_cuda_large_gridsync OFF.
MONTE CARLO APPROACH 1: sfwf_mc_cpu_numpy (REFERENCE) -> MEAN TIME: 69.93035521507264 s, TIME STD: 0.14067248822764314 s,  STD_%: 0.2%, SPEED-UP: 1.00
MONTE CARLO APPROACH 2: sfwf_mc_cuda -> MEAN TIME: 0.08667728900909424 s, TIME STD: 0.0051461579911126236 s,  STD_%: 5.9%, SPEED-UP: 806.79
SOAP FILM IN A WIRE FRAME DONE. [hash string: 2588151480_14211_325_[7;20;5.0;64;True;1.0e-06;False;0;1e+06;(12,36);False;3;FFTFFFF;TT], time: 706.030398607254]
