SOAP FILM IN A WIRE FRAME...
HASH STRING: 3053573039_53548_325_[7;20;5.0;3163;True;1.0e-04;False;False;3;TTTTTTT;FF]
====================================================================================================================================================================================================
EXPERIMENT INFO:
{
  SEED: 7,
  WF_FOURIER_N: 20,
  WF_FOURIER_AMPLITUDE: 5.0,
  WF_BORDER_N: 3163,
  NUMPY_SINGLE_THREAD: True,
  CONTRACTION_EPS: 0.0001,
  CONTRACTION_PLOTS: False,
  MC_EXAMPLE_PLOT: False,
  MC_EXAMPLE_PLOT_SAMPLES: 3,
  sfwf_contraction_cpu_numpy: (True, 'sfwf_contraction_cpu_numpy', 10, {}),
  sfwf_contraction_cuda_small: (True, 'sfwf_contraction_cuda_small', 10, {'tpb': 512}),
  sfwf_contraction_cuda_large_atomicmax: (True, 'sfwf_contraction_cuda_large_atomicmax', 10, {'lazy_stop_check': 100, 'tpb_side': 16}),
  sfwf_contraction_cuda_large_atomicmaxglosten: (True, 'sfwf_contraction_cuda_large_atomicmaxglosten', 10, {'lazy_stop_check': 100, 'tpb_side': 16}),
  sfwf_contraction_cuda_large_hreducemax: (True, 'sfwf_contraction_cuda_large_hreducemax', 10, {'lazy_stop_check': 100, 'tpb_side': 16, 'tpb_reduce': 512}),
  sfwf_contraction_cuda_large_hreducemaxgs: (True, 'sfwf_contraction_cuda_large_hreducemaxgs', 10, {'lazy_stop_check': 100, 'tpb_side': 16, 'tpb_reduce': 512, 'cores': 10496}),
  sfwf_contraction_cuda_large_gridsync: (True, 'sfwf_contraction_cuda_large_gridsync', 10, {'tpb_side': 16}),
  sfwf_mc_cpu_numpy: (False, 'sfwf_mc_cpu_numpy', 0, {}),
  sfwf_mc_cuda: (False, 'sfwf_mc_cuda', 0, {})
}
====================================================================================================================================================================================================
CPU AND SYSTEM:
{'cpu_name': 'Intel(R) Core(TM) i7-10700 CPU @ 2.90GHz',
 'os_machine': 'x86_64',
 'os_name': 'Linux 6.8.0-90-generic',
 'os_version': '#91-Ubuntu SMP PREEMPT_DYNAMIC Tue Nov 18 14:14:30 UTC 2025',
 'ram_size': '125.7 GB'}
GPU:
{'async_engine_count': 2,
 'can_map_host_memory': 1,
 'compute_capability': ComputeCapability(major=8, minor=6),
 'cores_per_SM': 128,
 'cores_total': 10496,
 'max_block_dim_x': 1024,
 'max_block_dim_y': 1024,
 'max_block_dim_z': 64,
 'max_grid_dim_x': 2147483647,
 'max_grid_dim_y': 65535,
 'max_grid_dim_z': 65535,
 'max_shared_memory_per_block': 49152,
 'max_threads_per_block': 1024,
 'multiprocessor_count': 82,
 'name': 'NVIDIA GeForce RTX 3090',
 'pci_bus_id': 1,
 'pci_device_id': 0,
 'unified_addressing': 1,
 'warp_size': 32}
====================================================================================================================================================================================================
RANDOM WIRE FRAME WITH TOTAL OF POINTS (STATES): 10004569
HEIGHTS IN[:5, :5]:
[[25.365894 25.274918 25.1834   25.091347 24.998768]
 [25.456287  0.        0.        0.        0.      ]
 [25.546192  0.        0.        0.        0.      ]
 [25.635464  0.        0.        0.        0.      ]
 [25.724228  0.        0.        0.        0.      ]]
====================================================================================================================================================================================================
CONTRACTION ITERATION APPROACH 1: sfwf_contraction_cpu_numpy...
---
REPETITION: 1/10:
SFWF CONTRACTION CPU NUMPY... [eps: 0.0001]
SFWF CONTRACTION CPU NUMPY DONE. [d_inf: 9.918213e-05, iterations: 71513, time: 4121.683564186096 s]
---
REPETITION: 2/10:
SFWF CONTRACTION CPU NUMPY... [eps: 0.0001]
SFWF CONTRACTION CPU NUMPY DONE. [d_inf: 9.918213e-05, iterations: 71513, time: 4066.8494296073914 s]
---
REPETITION: 3/10:
SFWF CONTRACTION CPU NUMPY... [eps: 0.0001]
SFWF CONTRACTION CPU NUMPY DONE. [d_inf: 9.918213e-05, iterations: 71513, time: 4088.513636827469 s]
---
REPETITION: 4/10:
SFWF CONTRACTION CPU NUMPY... [eps: 0.0001]
SFWF CONTRACTION CPU NUMPY DONE. [d_inf: 9.918213e-05, iterations: 71513, time: 4132.464907169342 s]
---
REPETITION: 5/10:
SFWF CONTRACTION CPU NUMPY... [eps: 0.0001]
SFWF CONTRACTION CPU NUMPY DONE. [d_inf: 9.918213e-05, iterations: 71513, time: 4123.911659002304 s]
---
REPETITION: 6/10:
SFWF CONTRACTION CPU NUMPY... [eps: 0.0001]
SFWF CONTRACTION CPU NUMPY DONE. [d_inf: 9.918213e-05, iterations: 71513, time: 4095.712514400482 s]
---
REPETITION: 7/10:
SFWF CONTRACTION CPU NUMPY... [eps: 0.0001]
SFWF CONTRACTION CPU NUMPY DONE. [d_inf: 9.918213e-05, iterations: 71513, time: 4084.640241384506 s]
---
REPETITION: 8/10:
SFWF CONTRACTION CPU NUMPY... [eps: 0.0001]
SFWF CONTRACTION CPU NUMPY DONE. [d_inf: 9.918213e-05, iterations: 71513, time: 4087.3930208683014 s]
---
REPETITION: 9/10:
SFWF CONTRACTION CPU NUMPY... [eps: 0.0001]
SFWF CONTRACTION CPU NUMPY DONE. [d_inf: 9.918213e-05, iterations: 71513, time: 4081.472888946533 s]
---
REPETITION: 10/10:
SFWF CONTRACTION CPU NUMPY... [eps: 0.0001]
SFWF CONTRACTION CPU NUMPY DONE. [d_inf: 9.918213e-05, iterations: 71513, time: 4087.649112701416 s]
***
SUMMARY:
HEIGHTS OUT[:5, :5]:
[[25.365894 25.274918 25.1834   25.091347 24.998768]
 [25.456287 25.361845 25.2674   25.17276  25.077831]
 [25.546192 25.44877  25.3516   25.254465 25.157232]
 [25.635464 25.53545  25.435772 25.336267 25.236809]
 [25.724228 25.621788 25.519772 25.418026 25.316433]]
D_INF OF HEIGHTS VS REF: 0.0
D_INF (AT STOP) MEAN: 9.918212890625e-05 s
ITERATIONS MEAN: 71513.0 s
TIME MEAN: 4097.029097509384 s, STD: 20.36562724577206 s
SPEEDUP VS REF: 1.0
====================================================================================================================================================================================================
CONTRACTION ITERATION APPROACH 2: sfwf_contraction_cuda_small...
[skipping this approach (too large WF_BORDER_N)]
====================================================================================================================================================================================================
CONTRACTION ITERATION APPROACH 3: sfwf_contraction_cuda_large_atomicmax...
---
REPETITION: 1/10:
SFWF CONTRACTION CUDA LARGE ATOMICMAX... [eps: 0.0001, lazy_stop_check: 100, tpb_side: 16]
[bpg: (198, 198), tpb: (16, 16)]
SFWF CONTRACTION CUDA LARGE ATOMICMAX DONE. [d_inf: 9.918213e-05, iterations: 71600, time: 22.606000900268555 s]
---
REPETITION: 2/10:
SFWF CONTRACTION CUDA LARGE ATOMICMAX... [eps: 0.0001, lazy_stop_check: 100, tpb_side: 16]
[bpg: (198, 198), tpb: (16, 16)]
SFWF CONTRACTION CUDA LARGE ATOMICMAX DONE. [d_inf: 9.918213e-05, iterations: 71600, time: 22.79090714454651 s]
---
REPETITION: 3/10:
SFWF CONTRACTION CUDA LARGE ATOMICMAX... [eps: 0.0001, lazy_stop_check: 100, tpb_side: 16]
[bpg: (198, 198), tpb: (16, 16)]
SFWF CONTRACTION CUDA LARGE ATOMICMAX DONE. [d_inf: 9.918213e-05, iterations: 71600, time: 22.890863180160522 s]
---
REPETITION: 4/10:
SFWF CONTRACTION CUDA LARGE ATOMICMAX... [eps: 0.0001, lazy_stop_check: 100, tpb_side: 16]
[bpg: (198, 198), tpb: (16, 16)]
SFWF CONTRACTION CUDA LARGE ATOMICMAX DONE. [d_inf: 9.918213e-05, iterations: 71600, time: 22.95522165298462 s]
---
REPETITION: 5/10:
SFWF CONTRACTION CUDA LARGE ATOMICMAX... [eps: 0.0001, lazy_stop_check: 100, tpb_side: 16]
[bpg: (198, 198), tpb: (16, 16)]
SFWF CONTRACTION CUDA LARGE ATOMICMAX DONE. [d_inf: 9.918213e-05, iterations: 71600, time: 22.989845991134644 s]
---
REPETITION: 6/10:
SFWF CONTRACTION CUDA LARGE ATOMICMAX... [eps: 0.0001, lazy_stop_check: 100, tpb_side: 16]
[bpg: (198, 198), tpb: (16, 16)]
SFWF CONTRACTION CUDA LARGE ATOMICMAX DONE. [d_inf: 9.918213e-05, iterations: 71600, time: 23.018197774887085 s]
---
REPETITION: 7/10:
SFWF CONTRACTION CUDA LARGE ATOMICMAX... [eps: 0.0001, lazy_stop_check: 100, tpb_side: 16]
[bpg: (198, 198), tpb: (16, 16)]
SFWF CONTRACTION CUDA LARGE ATOMICMAX DONE. [d_inf: 9.918213e-05, iterations: 71600, time: 23.037835597991943 s]
---
REPETITION: 8/10:
SFWF CONTRACTION CUDA LARGE ATOMICMAX... [eps: 0.0001, lazy_stop_check: 100, tpb_side: 16]
[bpg: (198, 198), tpb: (16, 16)]
SFWF CONTRACTION CUDA LARGE ATOMICMAX DONE. [d_inf: 9.918213e-05, iterations: 71600, time: 23.06051802635193 s]
---
REPETITION: 9/10:
SFWF CONTRACTION CUDA LARGE ATOMICMAX... [eps: 0.0001, lazy_stop_check: 100, tpb_side: 16]
[bpg: (198, 198), tpb: (16, 16)]
SFWF CONTRACTION CUDA LARGE ATOMICMAX DONE. [d_inf: 9.918213e-05, iterations: 71600, time: 23.093085050582886 s]
---
REPETITION: 10/10:
SFWF CONTRACTION CUDA LARGE ATOMICMAX... [eps: 0.0001, lazy_stop_check: 100, tpb_side: 16]
[bpg: (198, 198), tpb: (16, 16)]
SFWF CONTRACTION CUDA LARGE ATOMICMAX DONE. [d_inf: 9.918213e-05, iterations: 71600, time: 23.157487869262695 s]
***
SUMMARY:
HEIGHTS OUT[:5, :5]:
[[25.365894 25.274918 25.1834   25.091347 24.998768]
 [25.456287 25.361845 25.267403 25.172764 25.077833]
 [25.546192 25.448772 25.351604 25.25447  25.157238]
 [25.635464 25.53545  25.435776 25.336273 25.236816]
 [25.724228 25.621788 25.519773 25.41803  25.31644 ]]
D_INF OF HEIGHTS VS REF: 0.008546829
D_INF (AT STOP) MEAN: 9.918212890625e-05 s
ITERATIONS MEAN: 71600.0 s
TIME MEAN: 22.95999631881714 s, STD: 0.15357851282582793 s
SPEEDUP VS REF: 178.4420624733121
====================================================================================================================================================================================================
CONTRACTION ITERATION APPROACH 4: sfwf_contraction_cuda_large_atomicmaxglosten...
---
REPETITION: 1/10:
SFWF CONTRACTION CUDA LARGE ATOMICMAXGLOSTEN... [eps: 0.0001, lazy_stop_check: 100, tpb_side: 16]
[bpg: (198, 198), tpb: (16, 16)]
SFWF CONTRACTION CUDA LARGE ATOMICMAXGLOSTEN DONE. [d_inf: 9.918213e-05, iterations: 71600, time: 21.561645030975342 s]
---
REPETITION: 2/10:
SFWF CONTRACTION CUDA LARGE ATOMICMAXGLOSTEN... [eps: 0.0001, lazy_stop_check: 100, tpb_side: 16]
[bpg: (198, 198), tpb: (16, 16)]
SFWF CONTRACTION CUDA LARGE ATOMICMAXGLOSTEN DONE. [d_inf: 9.918213e-05, iterations: 71600, time: 21.595811367034912 s]
---
REPETITION: 3/10:
SFWF CONTRACTION CUDA LARGE ATOMICMAXGLOSTEN... [eps: 0.0001, lazy_stop_check: 100, tpb_side: 16]
[bpg: (198, 198), tpb: (16, 16)]
SFWF CONTRACTION CUDA LARGE ATOMICMAXGLOSTEN DONE. [d_inf: 9.918213e-05, iterations: 71600, time: 21.60369372367859 s]
---
REPETITION: 4/10:
SFWF CONTRACTION CUDA LARGE ATOMICMAXGLOSTEN... [eps: 0.0001, lazy_stop_check: 100, tpb_side: 16]
[bpg: (198, 198), tpb: (16, 16)]
SFWF CONTRACTION CUDA LARGE ATOMICMAXGLOSTEN DONE. [d_inf: 9.918213e-05, iterations: 71600, time: 21.598345279693604 s]
---
REPETITION: 5/10:
SFWF CONTRACTION CUDA LARGE ATOMICMAXGLOSTEN... [eps: 0.0001, lazy_stop_check: 100, tpb_side: 16]
[bpg: (198, 198), tpb: (16, 16)]
SFWF CONTRACTION CUDA LARGE ATOMICMAXGLOSTEN DONE. [d_inf: 9.918213e-05, iterations: 71600, time: 21.671094179153442 s]
---
REPETITION: 6/10:
SFWF CONTRACTION CUDA LARGE ATOMICMAXGLOSTEN... [eps: 0.0001, lazy_stop_check: 100, tpb_side: 16]
[bpg: (198, 198), tpb: (16, 16)]
SFWF CONTRACTION CUDA LARGE ATOMICMAXGLOSTEN DONE. [d_inf: 9.918213e-05, iterations: 71600, time: 21.649219751358032 s]
---
REPETITION: 7/10:
SFWF CONTRACTION CUDA LARGE ATOMICMAXGLOSTEN... [eps: 0.0001, lazy_stop_check: 100, tpb_side: 16]
[bpg: (198, 198), tpb: (16, 16)]
SFWF CONTRACTION CUDA LARGE ATOMICMAXGLOSTEN DONE. [d_inf: 9.918213e-05, iterations: 71600, time: 21.65386652946472 s]
---
REPETITION: 8/10:
SFWF CONTRACTION CUDA LARGE ATOMICMAXGLOSTEN... [eps: 0.0001, lazy_stop_check: 100, tpb_side: 16]
[bpg: (198, 198), tpb: (16, 16)]
SFWF CONTRACTION CUDA LARGE ATOMICMAXGLOSTEN DONE. [d_inf: 9.918213e-05, iterations: 71600, time: 21.65762710571289 s]
---
REPETITION: 9/10:
SFWF CONTRACTION CUDA LARGE ATOMICMAXGLOSTEN... [eps: 0.0001, lazy_stop_check: 100, tpb_side: 16]
[bpg: (198, 198), tpb: (16, 16)]
SFWF CONTRACTION CUDA LARGE ATOMICMAXGLOSTEN DONE. [d_inf: 9.918213e-05, iterations: 71600, time: 21.64602756500244 s]
---
REPETITION: 10/10:
SFWF CONTRACTION CUDA LARGE ATOMICMAXGLOSTEN... [eps: 0.0001, lazy_stop_check: 100, tpb_side: 16]
[bpg: (198, 198), tpb: (16, 16)]
SFWF CONTRACTION CUDA LARGE ATOMICMAXGLOSTEN DONE. [d_inf: 9.918213e-05, iterations: 71600, time: 21.68970561027527 s]
***
SUMMARY:
HEIGHTS OUT[:5, :5]:
[[25.365894 25.274918 25.1834   25.091347 24.998768]
 [25.456287 25.361845 25.267403 25.172764 25.077833]
 [25.546192 25.448772 25.351604 25.25447  25.157238]
 [25.635464 25.53545  25.435776 25.336273 25.236816]
 [25.724228 25.621788 25.519773 25.41803  25.31644 ]]
D_INF OF HEIGHTS VS REF: 0.008546829
D_INF (AT STOP) MEAN: 9.918212890625e-05 s
ITERATIONS MEAN: 71600.0 s
TIME MEAN: 21.632703614234924 s, STD: 0.03830776937674191 s
SPEEDUP VS REF: 189.3905251312843
====================================================================================================================================================================================================
CONTRACTION ITERATION APPROACH 5: sfwf_contraction_cuda_large_hreducemax...
---
REPETITION: 1/10:
SFWF CONTRACTION CUDA LARGE HREDUCEMAX... [eps: 0.0001, lazy_stop_check: 100, tpb_side: 16, tpb_reduce: 512]
[job bpg: (198, 198), tpb: (16, 16)]
[reduce bpg: 1, tpb: 512]
SFWF ITERATE CONTRACTION CUDA LARGE HREDUCEMAX DONE. [d_inf: 9.918213e-05 iterations: 71600, time: 22.85109543800354 s]
---
REPETITION: 2/10:
SFWF CONTRACTION CUDA LARGE HREDUCEMAX... [eps: 0.0001, lazy_stop_check: 100, tpb_side: 16, tpb_reduce: 512]
[job bpg: (198, 198), tpb: (16, 16)]
[reduce bpg: 1, tpb: 512]
SFWF ITERATE CONTRACTION CUDA LARGE HREDUCEMAX DONE. [d_inf: 9.918213e-05 iterations: 71600, time: 22.865538120269775 s]
---
REPETITION: 3/10:
SFWF CONTRACTION CUDA LARGE HREDUCEMAX... [eps: 0.0001, lazy_stop_check: 100, tpb_side: 16, tpb_reduce: 512]
[job bpg: (198, 198), tpb: (16, 16)]
[reduce bpg: 1, tpb: 512]
SFWF ITERATE CONTRACTION CUDA LARGE HREDUCEMAX DONE. [d_inf: 9.918213e-05 iterations: 71600, time: 22.853508949279785 s]
---
REPETITION: 4/10:
SFWF CONTRACTION CUDA LARGE HREDUCEMAX... [eps: 0.0001, lazy_stop_check: 100, tpb_side: 16, tpb_reduce: 512]
[job bpg: (198, 198), tpb: (16, 16)]
[reduce bpg: 1, tpb: 512]
SFWF ITERATE CONTRACTION CUDA LARGE HREDUCEMAX DONE. [d_inf: 9.918213e-05 iterations: 71600, time: 22.861075401306152 s]
---
REPETITION: 5/10:
SFWF CONTRACTION CUDA LARGE HREDUCEMAX... [eps: 0.0001, lazy_stop_check: 100, tpb_side: 16, tpb_reduce: 512]
[job bpg: (198, 198), tpb: (16, 16)]
[reduce bpg: 1, tpb: 512]
SFWF ITERATE CONTRACTION CUDA LARGE HREDUCEMAX DONE. [d_inf: 9.918213e-05 iterations: 71600, time: 22.874242782592773 s]
---
REPETITION: 6/10:
SFWF CONTRACTION CUDA LARGE HREDUCEMAX... [eps: 0.0001, lazy_stop_check: 100, tpb_side: 16, tpb_reduce: 512]
[job bpg: (198, 198), tpb: (16, 16)]
[reduce bpg: 1, tpb: 512]
SFWF ITERATE CONTRACTION CUDA LARGE HREDUCEMAX DONE. [d_inf: 9.918213e-05 iterations: 71600, time: 22.890092372894287 s]
---
REPETITION: 7/10:
SFWF CONTRACTION CUDA LARGE HREDUCEMAX... [eps: 0.0001, lazy_stop_check: 100, tpb_side: 16, tpb_reduce: 512]
[job bpg: (198, 198), tpb: (16, 16)]
[reduce bpg: 1, tpb: 512]
SFWF ITERATE CONTRACTION CUDA LARGE HREDUCEMAX DONE. [d_inf: 9.918213e-05 iterations: 71600, time: 22.892362356185913 s]
---
REPETITION: 8/10:
SFWF CONTRACTION CUDA LARGE HREDUCEMAX... [eps: 0.0001, lazy_stop_check: 100, tpb_side: 16, tpb_reduce: 512]
[job bpg: (198, 198), tpb: (16, 16)]
[reduce bpg: 1, tpb: 512]
SFWF ITERATE CONTRACTION CUDA LARGE HREDUCEMAX DONE. [d_inf: 9.918213e-05 iterations: 71600, time: 22.912728786468506 s]
---
REPETITION: 9/10:
SFWF CONTRACTION CUDA LARGE HREDUCEMAX... [eps: 0.0001, lazy_stop_check: 100, tpb_side: 16, tpb_reduce: 512]
[job bpg: (198, 198), tpb: (16, 16)]
[reduce bpg: 1, tpb: 512]
SFWF ITERATE CONTRACTION CUDA LARGE HREDUCEMAX DONE. [d_inf: 9.918213e-05 iterations: 71600, time: 22.896994829177856 s]
---
REPETITION: 10/10:
SFWF CONTRACTION CUDA LARGE HREDUCEMAX... [eps: 0.0001, lazy_stop_check: 100, tpb_side: 16, tpb_reduce: 512]
[job bpg: (198, 198), tpb: (16, 16)]
[reduce bpg: 1, tpb: 512]
SFWF ITERATE CONTRACTION CUDA LARGE HREDUCEMAX DONE. [d_inf: 9.918213e-05 iterations: 71600, time: 22.90510368347168 s]
***
SUMMARY:
HEIGHTS OUT[:5, :5]:
[[25.365894 25.274918 25.1834   25.091347 24.998768]
 [25.456287 25.361845 25.267403 25.172764 25.077833]
 [25.546192 25.448772 25.351604 25.25447  25.157238]
 [25.635464 25.53545  25.435776 25.336273 25.236816]
 [25.724228 25.621788 25.519773 25.41803  25.31644 ]]
D_INF OF HEIGHTS VS REF: 0.008546829
D_INF (AT STOP) MEAN: 9.918212890625e-05 s
ITERATIONS MEAN: 71600.0 s
TIME MEAN: 22.88027427196503 s, STD: 0.020932762890085752 s
SPEEDUP VS REF: 179.06381054747376
====================================================================================================================================================================================================
CONTRACTION ITERATION APPROACH 6: sfwf_contraction_cuda_large_hreducemaxgs...
---
REPETITION: 1/10:
SFWF CONTRACTION CUDA LARGE HREDUCEMAXGS... [eps: 0.0001, lazy_stop_check: 100, tpb_side: 16, tpb_reduce: 512, cores: 10496]
[job bpg: (198, 198), tpb: (16, 16)]
[reduce1 (grid-stride) bpg: 82, tpb: 128]
[reduce2 bpg: 1, tpb: 512]
SFWF ITERATE CONTRACTION CUDA LARGE HREDUCEMAXGS DONE. [d_inf: 9.918213e-05 iterations: 71600, time: 22.89854669570923 s]
---
REPETITION: 2/10:
SFWF CONTRACTION CUDA LARGE HREDUCEMAXGS... [eps: 0.0001, lazy_stop_check: 100, tpb_side: 16, tpb_reduce: 512, cores: 10496]
[job bpg: (198, 198), tpb: (16, 16)]
[reduce1 (grid-stride) bpg: 82, tpb: 128]
[reduce2 bpg: 1, tpb: 512]
SFWF ITERATE CONTRACTION CUDA LARGE HREDUCEMAXGS DONE. [d_inf: 9.918213e-05 iterations: 71600, time: 22.913667917251587 s]
---
REPETITION: 3/10:
SFWF CONTRACTION CUDA LARGE HREDUCEMAXGS... [eps: 0.0001, lazy_stop_check: 100, tpb_side: 16, tpb_reduce: 512, cores: 10496]
[job bpg: (198, 198), tpb: (16, 16)]
[reduce1 (grid-stride) bpg: 82, tpb: 128]
[reduce2 bpg: 1, tpb: 512]
SFWF ITERATE CONTRACTION CUDA LARGE HREDUCEMAXGS DONE. [d_inf: 9.918213e-05 iterations: 71600, time: 22.931081533432007 s]
---
REPETITION: 4/10:
SFWF CONTRACTION CUDA LARGE HREDUCEMAXGS... [eps: 0.0001, lazy_stop_check: 100, tpb_side: 16, tpb_reduce: 512, cores: 10496]
[job bpg: (198, 198), tpb: (16, 16)]
[reduce1 (grid-stride) bpg: 82, tpb: 128]
[reduce2 bpg: 1, tpb: 512]
SFWF ITERATE CONTRACTION CUDA LARGE HREDUCEMAXGS DONE. [d_inf: 9.918213e-05 iterations: 71600, time: 22.941609144210815 s]
---
REPETITION: 5/10:
SFWF CONTRACTION CUDA LARGE HREDUCEMAXGS... [eps: 0.0001, lazy_stop_check: 100, tpb_side: 16, tpb_reduce: 512, cores: 10496]
[job bpg: (198, 198), tpb: (16, 16)]
[reduce1 (grid-stride) bpg: 82, tpb: 128]
[reduce2 bpg: 1, tpb: 512]
SFWF ITERATE CONTRACTION CUDA LARGE HREDUCEMAXGS DONE. [d_inf: 9.918213e-05 iterations: 71600, time: 22.93715810775757 s]
---
REPETITION: 6/10:
SFWF CONTRACTION CUDA LARGE HREDUCEMAXGS... [eps: 0.0001, lazy_stop_check: 100, tpb_side: 16, tpb_reduce: 512, cores: 10496]
[job bpg: (198, 198), tpb: (16, 16)]
[reduce1 (grid-stride) bpg: 82, tpb: 128]
[reduce2 bpg: 1, tpb: 512]
SFWF ITERATE CONTRACTION CUDA LARGE HREDUCEMAXGS DONE. [d_inf: 9.918213e-05 iterations: 71600, time: 22.949615001678467 s]
---
REPETITION: 7/10:
SFWF CONTRACTION CUDA LARGE HREDUCEMAXGS... [eps: 0.0001, lazy_stop_check: 100, tpb_side: 16, tpb_reduce: 512, cores: 10496]
[job bpg: (198, 198), tpb: (16, 16)]
[reduce1 (grid-stride) bpg: 82, tpb: 128]
[reduce2 bpg: 1, tpb: 512]
SFWF ITERATE CONTRACTION CUDA LARGE HREDUCEMAXGS DONE. [d_inf: 9.918213e-05 iterations: 71600, time: 22.96538782119751 s]
---
REPETITION: 8/10:
SFWF CONTRACTION CUDA LARGE HREDUCEMAXGS... [eps: 0.0001, lazy_stop_check: 100, tpb_side: 16, tpb_reduce: 512, cores: 10496]
[job bpg: (198, 198), tpb: (16, 16)]
[reduce1 (grid-stride) bpg: 82, tpb: 128]
[reduce2 bpg: 1, tpb: 512]
SFWF ITERATE CONTRACTION CUDA LARGE HREDUCEMAXGS DONE. [d_inf: 9.918213e-05 iterations: 71600, time: 22.96722388267517 s]
---
REPETITION: 9/10:
SFWF CONTRACTION CUDA LARGE HREDUCEMAXGS... [eps: 0.0001, lazy_stop_check: 100, tpb_side: 16, tpb_reduce: 512, cores: 10496]
[job bpg: (198, 198), tpb: (16, 16)]
[reduce1 (grid-stride) bpg: 82, tpb: 128]
[reduce2 bpg: 1, tpb: 512]
SFWF ITERATE CONTRACTION CUDA LARGE HREDUCEMAXGS DONE. [d_inf: 9.918213e-05 iterations: 71600, time: 22.973105430603027 s]
---
REPETITION: 10/10:
SFWF CONTRACTION CUDA LARGE HREDUCEMAXGS... [eps: 0.0001, lazy_stop_check: 100, tpb_side: 16, tpb_reduce: 512, cores: 10496]
[job bpg: (198, 198), tpb: (16, 16)]
[reduce1 (grid-stride) bpg: 82, tpb: 128]
[reduce2 bpg: 1, tpb: 512]
SFWF ITERATE CONTRACTION CUDA LARGE HREDUCEMAXGS DONE. [d_inf: 9.918213e-05 iterations: 71600, time: 22.980233430862427 s]
***
SUMMARY:
HEIGHTS OUT[:5, :5]:
[[25.365894 25.274918 25.1834   25.091347 24.998768]
 [25.456287 25.361845 25.267403 25.172764 25.077833]
 [25.546192 25.448772 25.351604 25.25447  25.157238]
 [25.635464 25.53545  25.435776 25.336273 25.236816]
 [25.724228 25.621788 25.519773 25.41803  25.31644 ]]
D_INF OF HEIGHTS VS REF: 0.008546829
D_INF (AT STOP) MEAN: 9.918212890625e-05 s
ITERATIONS MEAN: 71600.0 s
TIME MEAN: 22.94576289653778 s, STD: 0.025224349348779578 s
SPEEDUP VS REF: 178.55275137213124
====================================================================================================================================================================================================
CONTRACTION ITERATION APPROACH 7: sfwf_contraction_cuda_large_gridsync...
---
REPETITION: 1/10:
SFWF CONTRACTION CUDA LARGE GRIDSYNC... [eps: 0.0001, tpb_side: 16, assumed max_bpg_gridsync: None]
[wanted ideal bpg: (198, 198)]
[discovered max_bpg_gridsync: 164; time: 0.0001952648162841797 s]
[bpg: (12, 13), tpb: (16, 16), ept: 272]
SFWF ITERATE CONTRACTION CUDA LARGE GRIDSYNC DONE. [d_inf: 9.918213e-05, iterations: 70775, time: 84.1935818195343 s]
---
REPETITION: 2/10:
SFWF CONTRACTION CUDA LARGE GRIDSYNC... [eps: 0.0001, tpb_side: 16, assumed max_bpg_gridsync: None]
[wanted ideal bpg: (198, 198)]
[discovered max_bpg_gridsync: 164; time: 0.00010132789611816406 s]
[bpg: (12, 13), tpb: (16, 16), ept: 272]
SFWF ITERATE CONTRACTION CUDA LARGE GRIDSYNC DONE. [d_inf: 9.918213e-05, iterations: 71235, time: 83.9648072719574 s]
---
REPETITION: 3/10:
SFWF CONTRACTION CUDA LARGE GRIDSYNC... [eps: 0.0001, tpb_side: 16, assumed max_bpg_gridsync: None]
[wanted ideal bpg: (198, 198)]
[discovered max_bpg_gridsync: 164; time: 0.00010204315185546875 s]
[bpg: (12, 13), tpb: (16, 16), ept: 272]
SFWF ITERATE CONTRACTION CUDA LARGE GRIDSYNC DONE. [d_inf: 9.918213e-05, iterations: 71253, time: 84.24195194244385 s]
---
REPETITION: 4/10:
SFWF CONTRACTION CUDA LARGE GRIDSYNC... [eps: 0.0001, tpb_side: 16, assumed max_bpg_gridsync: None]
[wanted ideal bpg: (198, 198)]
[discovered max_bpg_gridsync: 164; time: 0.0001316070556640625 s]
[bpg: (12, 13), tpb: (16, 16), ept: 272]
SFWF ITERATE CONTRACTION CUDA LARGE GRIDSYNC DONE. [d_inf: 9.918213e-05, iterations: 71235, time: 84.49405241012573 s]
---
REPETITION: 5/10:
SFWF CONTRACTION CUDA LARGE GRIDSYNC... [eps: 0.0001, tpb_side: 16, assumed max_bpg_gridsync: None]
[wanted ideal bpg: (198, 198)]
[discovered max_bpg_gridsync: 164; time: 9.584426879882812e-05 s]
[bpg: (12, 13), tpb: (16, 16), ept: 272]
SFWF ITERATE CONTRACTION CUDA LARGE GRIDSYNC DONE. [d_inf: 9.9658966e-05, iterations: 71247, time: 84.76591491699219 s]
---
REPETITION: 6/10:
SFWF CONTRACTION CUDA LARGE GRIDSYNC... [eps: 0.0001, tpb_side: 16, assumed max_bpg_gridsync: None]
[wanted ideal bpg: (198, 198)]
[discovered max_bpg_gridsync: 164; time: 9.989738464355469e-05 s]
[bpg: (12, 13), tpb: (16, 16), ept: 272]
SFWF ITERATE CONTRACTION CUDA LARGE GRIDSYNC DONE. [d_inf: 9.918213e-05, iterations: 71235, time: 84.75738978385925 s]
---
REPETITION: 7/10:
SFWF CONTRACTION CUDA LARGE GRIDSYNC... [eps: 0.0001, tpb_side: 16, assumed max_bpg_gridsync: None]
[wanted ideal bpg: (198, 198)]
[discovered max_bpg_gridsync: 164; time: 0.00011229515075683594 s]
[bpg: (12, 13), tpb: (16, 16), ept: 272]
SFWF ITERATE CONTRACTION CUDA LARGE GRIDSYNC DONE. [d_inf: 9.9658966e-05, iterations: 71247, time: 84.79780507087708 s]
---
REPETITION: 8/10:
SFWF CONTRACTION CUDA LARGE GRIDSYNC... [eps: 0.0001, tpb_side: 16, assumed max_bpg_gridsync: None]
[wanted ideal bpg: (198, 198)]
[discovered max_bpg_gridsync: 164; time: 9.799003601074219e-05 s]
[bpg: (12, 13), tpb: (16, 16), ept: 272]
SFWF ITERATE CONTRACTION CUDA LARGE GRIDSYNC DONE. [d_inf: 9.918213e-05, iterations: 71235, time: 84.82466244697571 s]
---
REPETITION: 9/10:
SFWF CONTRACTION CUDA LARGE GRIDSYNC... [eps: 0.0001, tpb_side: 16, assumed max_bpg_gridsync: None]
[wanted ideal bpg: (198, 198)]
[discovered max_bpg_gridsync: 164; time: 0.0001010894775390625 s]
[bpg: (12, 13), tpb: (16, 16), ept: 272]
SFWF ITERATE CONTRACTION CUDA LARGE GRIDSYNC DONE. [d_inf: 9.9658966e-05, iterations: 71247, time: 84.85668802261353 s]
---
REPETITION: 10/10:
SFWF CONTRACTION CUDA LARGE GRIDSYNC... [eps: 0.0001, tpb_side: 16, assumed max_bpg_gridsync: None]
[wanted ideal bpg: (198, 198)]
[discovered max_bpg_gridsync: 164; time: 0.00010251998901367188 s]
[bpg: (12, 13), tpb: (16, 16), ept: 272]
SFWF ITERATE CONTRACTION CUDA LARGE GRIDSYNC DONE. [d_inf: 9.9658966e-05, iterations: 71252, time: 84.8999285697937 s]
***
SUMMARY:
HEIGHTS OUT[:5, :5]:
[[25.365894 25.274918 25.1834   25.091347 24.998768]
 [25.456287 25.361843 25.267399 25.172758 25.077827]
 [25.546192 25.448769 25.351597 25.25446  25.157227]
 [25.635464 25.535442 25.435764 25.33626  25.236801]
 [25.724228 25.62178  25.519762 25.418015 25.316422]]
D_INF OF HEIGHTS VS REF: 0.009408951
D_INF (AT STOP) MEAN: 9.93728608591482e-05 s
ITERATIONS MEAN: 71196.1 s
TIME MEAN: 84.57967822551727 s, STD: 0.3164939731071044 s
SPEEDUP VS REF: 48.439875670670624
====================================================================================================================================================================================================
====================================================================================================================================================================================================
FINAL SUMMARY:
CONTRACTION ITERATION APPROACH 1: sfwf_contraction_cpu_numpy (REFERENCE) -> MEAN ITERATIONS: 71513.0, MEAN D_INF: 9.918212890625e-05, MEAN TIME: 4097.029097509384 s, TIME STD: 20.36562724577206 s, SPEED-UP: 1.00
CONTRACTION ITERATION APPROACH 2: sfwf_contraction_cuda_small SKIPPED.
CONTRACTION ITERATION APPROACH 3: sfwf_contraction_cuda_large_atomicmax -> MEAN ITERATIONS: 71600.0, MEAN D_INF: 9.918212890625e-05, MEAN TIME: 22.95999631881714 s, TIME STD: 0.15357851282582793 s, SPEED-UP: 178.44
CONTRACTION ITERATION APPROACH 4: sfwf_contraction_cuda_large_atomicmaxglosten -> MEAN ITERATIONS: 71600.0, MEAN D_INF: 9.918212890625e-05, MEAN TIME: 21.632703614234924 s, TIME STD: 0.03830776937674191 s, SPEED-UP: 189.39
CONTRACTION ITERATION APPROACH 5: sfwf_contraction_cuda_large_hreducemax -> MEAN ITERATIONS: 71600.0, MEAN D_INF: 9.918212890625e-05, MEAN TIME: 22.88027427196503 s, TIME STD: 0.020932762890085752 s, SPEED-UP: 179.06
CONTRACTION ITERATION APPROACH 6: sfwf_contraction_cuda_large_hreducemaxgs -> MEAN ITERATIONS: 71600.0, MEAN D_INF: 9.918212890625e-05, MEAN TIME: 22.94576289653778 s, TIME STD: 0.025224349348779578 s, SPEED-UP: 178.55
CONTRACTION ITERATION APPROACH 7: sfwf_contraction_cuda_large_gridsync -> MEAN ITERATIONS: 71196.1, MEAN D_INF: 9.93728608591482e-05, MEAN TIME: 84.57967822551727 s, TIME STD: 0.3164939731071044 s, SPEED-UP: 48.44
MONTE CARLO APPROACH 1: sfwf_mc_cpu_numpy OFF.
MONTE CARLO APPROACH 2: sfwf_mc_cuda OFF.
SOAP FILM IN A WIRE FRAME DONE. [hash string: 3053573039_53548_325_[7;20;5.0;3163;True;1.0e-04;False;False;3;TTTTTTT;FF], time: 42720.675349235535]
