SOAP FILM IN A WIRE FRAME...
HASH STRING: 0092486546_75209_565_[7;20;5.0;64;True;1.0e-06;False;0;1e+09;(12,36);False;3;FFFTFFFF;FT]
====================================================================================================================================================================================================================================================
EXPERIMENT INFO:
{
  SEED: 7,
  WF_FOURIER_N: 20,
  WF_FOURIER_AMPLITUDE: 5.0,
  WF_BORDER_N: 64,
  NUMPY_SINGLE_THREAD: True,
  CONTRACTION_EPS: 1e-06,
  CONTRACTION_PLOTS: False,
  MC_SEED: 0,
  MC_SAMPLES: 1000000000,
  MC_I0_J0: (12, 36),
  MC_EXAMPLE_PLOT: False,
  MC_EXAMPLE_PLOT_SAMPLES: 3,
  sfwf_contraction_cpu_numpy: (False, 'sfwf_contraction_cpu_numpy', 0, {}),
  sfwf_contraction_cpu_numba_parallel: (False, 'sfwf_contraction_cpu_numba_parallel', 0, {}),
  sfwf_contraction_cuda_small: (False, 'sfwf_contraction_cuda_small', 0, {}),
  sfwf_contraction_cuda_large_atomicmax: (True, 'sfwf_contraction_cuda_large_atomicmax', 10, {'lazy_stop_check': 100, 'tpb_side': 16}),
  sfwf_contraction_cuda_large_atomicmaxglosten: (False, 'sfwf_contraction_cuda_large_atomicmaxglosten', 0, {}),
  sfwf_contraction_cuda_large_hreducemax: (False, 'sfwf_contraction_cuda_large_hreducemax', 0, {}),
  sfwf_contraction_cuda_large_hreducemaxgs: (False, 'sfwf_contraction_cuda_large_hreducemaxgs', 0, {}),
  sfwf_contraction_cuda_large_gridsync: (False, 'sfwf_contraction_cuda_large_gridsync', 0, {}),
  sfwf_mc_cpu_numpy: (False, 'sfwf_mc_cpu_numpy', 0, {}),
  sfwf_mc_cuda: (True, 'sfwf_mc_cuda', 10, {'rpt': 10, 'tpb': 128})
}
====================================================================================================================================================================================================================================================
CPU AND SYSTEM:
{'cpu_name': 'Intel(R) Core(TM) i7-10700 CPU @ 2.90GHz',
 'os_machine': 'x86_64',
 'os_name': 'Linux 6.8.0-106-generic',
 'os_version': '#106-Ubuntu SMP PREEMPT_DYNAMIC Fri Mar  6 07:58:08 UTC 2026',
 'ram_size': '125.7 GB'}
GPU:
{'async_engine_count': 2,
 'can_map_host_memory': 1,
 'compute_capability': ComputeCapability(major=8, minor=6),
 'cores_per_SM': 128,
 'cores_total': 10496,
 'max_block_dim_x': 1024,
 'max_block_dim_y': 1024,
 'max_block_dim_z': 64,
 'max_grid_dim_x': 2147483647,
 'max_grid_dim_y': 65535,
 'max_grid_dim_z': 65535,
 'max_shared_memory_per_block': 49152,
 'max_threads_per_block': 1024,
 'multiprocessor_count': 82,
 'name': 'NVIDIA GeForce RTX 3090',
 'pci_bus_id': 1,
 'pci_device_id': 0,
 'unified_addressing': 1,
 'warp_size': 32}
====================================================================================================================================================================================================================================================
RANDOM WIRE FRAME WITH TOTAL OF POINTS (STATES): 4096
HEIGHTS IN[:5, :5]:
[[25.365894  20.296429  14.925921  10.320204   7.3313727]
 [29.068245   0.         0.         0.         0.       ]
 [30.553246   0.         0.         0.         0.       ]
 [29.360521   0.         0.         0.         0.       ]
 [25.516117   0.         0.         0.         0.       ]]
====================================================================================================================================================================================================================================================
CONTRACTION ITERATION APPROACH 4: sfwf_contraction_cuda_large_atomicmax...
---
REPETITION: 1/10:
SFWF CONTRACTION CUDA LARGE ATOMICMAX... [eps: 1e-06, lazy_stop_check: 100, tpb_side: 16]
[bpg: (4, 4), tpb: (16, 16)]
SFWF CONTRACTION CUDA LARGE ATOMICMAX DONE. [d_inf: 9.536743e-07, iterations: 9400, time: 0.5085909366607666 s]
---
REPETITION: 2/10:
SFWF CONTRACTION CUDA LARGE ATOMICMAX... [eps: 1e-06, lazy_stop_check: 100, tpb_side: 16]
[bpg: (4, 4), tpb: (16, 16)]
SFWF CONTRACTION CUDA LARGE ATOMICMAX DONE. [d_inf: 9.536743e-07, iterations: 9400, time: 0.5102005004882812 s]
---
REPETITION: 3/10:
SFWF CONTRACTION CUDA LARGE ATOMICMAX... [eps: 1e-06, lazy_stop_check: 100, tpb_side: 16]
[bpg: (4, 4), tpb: (16, 16)]
SFWF CONTRACTION CUDA LARGE ATOMICMAX DONE. [d_inf: 9.536743e-07, iterations: 9400, time: 0.5076079368591309 s]
---
REPETITION: 4/10:
SFWF CONTRACTION CUDA LARGE ATOMICMAX... [eps: 1e-06, lazy_stop_check: 100, tpb_side: 16]
[bpg: (4, 4), tpb: (16, 16)]
SFWF CONTRACTION CUDA LARGE ATOMICMAX DONE. [d_inf: 9.536743e-07, iterations: 9400, time: 0.509443998336792 s]
---
REPETITION: 5/10:
SFWF CONTRACTION CUDA LARGE ATOMICMAX... [eps: 1e-06, lazy_stop_check: 100, tpb_side: 16]
[bpg: (4, 4), tpb: (16, 16)]
SFWF CONTRACTION CUDA LARGE ATOMICMAX DONE. [d_inf: 9.536743e-07, iterations: 9400, time: 0.5110669136047363 s]
---
REPETITION: 6/10:
SFWF CONTRACTION CUDA LARGE ATOMICMAX... [eps: 1e-06, lazy_stop_check: 100, tpb_side: 16]
[bpg: (4, 4), tpb: (16, 16)]
SFWF CONTRACTION CUDA LARGE ATOMICMAX DONE. [d_inf: 9.536743e-07, iterations: 9400, time: 0.5087552070617676 s]
---
REPETITION: 7/10:
SFWF CONTRACTION CUDA LARGE ATOMICMAX... [eps: 1e-06, lazy_stop_check: 100, tpb_side: 16]
[bpg: (4, 4), tpb: (16, 16)]
SFWF CONTRACTION CUDA LARGE ATOMICMAX DONE. [d_inf: 9.536743e-07, iterations: 9400, time: 0.5098559856414795 s]
---
REPETITION: 8/10:
SFWF CONTRACTION CUDA LARGE ATOMICMAX... [eps: 1e-06, lazy_stop_check: 100, tpb_side: 16]
[bpg: (4, 4), tpb: (16, 16)]
SFWF CONTRACTION CUDA LARGE ATOMICMAX DONE. [d_inf: 9.536743e-07, iterations: 9400, time: 0.5070343017578125 s]
---
REPETITION: 9/10:
SFWF CONTRACTION CUDA LARGE ATOMICMAX... [eps: 1e-06, lazy_stop_check: 100, tpb_side: 16]
[bpg: (4, 4), tpb: (16, 16)]
SFWF CONTRACTION CUDA LARGE ATOMICMAX DONE. [d_inf: 9.536743e-07, iterations: 9400, time: 0.5093653202056885 s]
---
REPETITION: 10/10:
SFWF CONTRACTION CUDA LARGE ATOMICMAX... [eps: 1e-06, lazy_stop_check: 100, tpb_side: 16]
[bpg: (4, 4), tpb: (16, 16)]
SFWF CONTRACTION CUDA LARGE ATOMICMAX DONE. [d_inf: 9.536743e-07, iterations: 9400, time: 0.5094013214111328 s]
***
SUMMARY:
HEIGHTS OUT[:5, :5]:
[[25.365894  20.296429  14.925921  10.320204   7.3313727]
 [29.068245  22.564266  17.283945  13.20249   10.526932 ]
 [30.553246  23.60845   18.443102  14.678881  12.190558 ]
 [29.360521  22.873186  18.201136  14.8793745 12.6591   ]
 [25.516117  20.322641  16.608881  13.978384  12.193586 ]]
D_INF OF HEIGHTS VS REF: 0.0
D_INF (AT STOP) MEAN: 9.5367431640625e-07
ITERATIONS MEAN: 9400.0
TIME MEAN: 0.5091322422027588 s, STD: 0.0011310120558478771 s, STD_%: 0.2%
SPEEDUP VS REF: 1.0
====================================================================================================================================================================================================================================================
MONTE CARLO APPROACH 2: sfwf_mc_cuda...
---
REPETITION: 1/10:
SFWF MC CUDA... [(i, j): (12, 36), wanted n_samples: 1.0e+09, seed: 0, rpt: 10, tpb: 128]
[min_n_generators: 100000000, bpg_walk: 781250]
[initialization of random generators...]
[initialization of random generators done; count: 100000000, memory: 1525.879 MiB, time: 12.914867162704468 s]
[random walks...; bpg_walk: 781250, tpb: 128]
[random walks done; time: 67.94385099411011 s]
[mean-reduction...; bpg: 1, tpb: 128]
[mean-reduction done; time: 0.0039179325103759766 s]
SFWF MC CUDA DONE. [h_mean: 8.20357, T_mean: 750.7904052734375, n_samples de facto: 1.0e+09; time: 80.86276245117188 s, time without generators initalization: 67.94789528846741 s]
---
REPETITION: 2/10:
SFWF MC CUDA... [(i, j): (12, 36), wanted n_samples: 1.0e+09, seed: 0, rpt: 10, tpb: 128]
[min_n_generators: 100000000, bpg_walk: 781250]
[initialization of random generators...]
[initialization of random generators done; count: 100000000, memory: 1525.879 MiB, time: 12.509378433227539 s]
[random walks...; bpg_walk: 781250, tpb: 128]
[random walks done; time: 67.60757422447205 s]
[mean-reduction...; bpg: 1, tpb: 128]
[mean-reduction done; time: 0.0038976669311523438 s]
SFWF MC CUDA DONE. [h_mean: 8.20357, T_mean: 750.7904052734375, n_samples de facto: 1.0e+09; time: 80.12096977233887 s, time without generators initalization: 67.61159133911133 s]
---
REPETITION: 3/10:
SFWF MC CUDA... [(i, j): (12, 36), wanted n_samples: 1.0e+09, seed: 0, rpt: 10, tpb: 128]
[min_n_generators: 100000000, bpg_walk: 781250]
[initialization of random generators...]
[initialization of random generators done; count: 100000000, memory: 1525.879 MiB, time: 12.505035400390625 s]
[random walks...; bpg_walk: 781250, tpb: 128]
[random walks done; time: 67.62459516525269 s]
[mean-reduction...; bpg: 1, tpb: 128]
[mean-reduction done; time: 0.003900766372680664 s]
SFWF MC CUDA DONE. [h_mean: 8.20357, T_mean: 750.7904052734375, n_samples de facto: 1.0e+09; time: 80.13364481925964 s, time without generators initalization: 67.62860941886902 s]
---
REPETITION: 4/10:
SFWF MC CUDA... [(i, j): (12, 36), wanted n_samples: 1.0e+09, seed: 0, rpt: 10, tpb: 128]
[min_n_generators: 100000000, bpg_walk: 781250]
[initialization of random generators...]
[initialization of random generators done; count: 100000000, memory: 1525.879 MiB, time: 12.518951177597046 s]
[random walks...; bpg_walk: 781250, tpb: 128]
[random walks done; time: 67.48373341560364 s]
[mean-reduction...; bpg: 1, tpb: 128]
[mean-reduction done; time: 0.0038869380950927734 s]
SFWF MC CUDA DONE. [h_mean: 8.20357, T_mean: 750.7904052734375, n_samples de facto: 1.0e+09; time: 80.00668573379517 s, time without generators initalization: 67.48773455619812 s]
---
REPETITION: 5/10:
SFWF MC CUDA... [(i, j): (12, 36), wanted n_samples: 1.0e+09, seed: 0, rpt: 10, tpb: 128]
[min_n_generators: 100000000, bpg_walk: 781250]
[initialization of random generators...]
[initialization of random generators done; count: 100000000, memory: 1525.879 MiB, time: 12.522518396377563 s]
[random walks...; bpg_walk: 781250, tpb: 128]
[random walks done; time: 67.49526309967041 s]
[mean-reduction...; bpg: 1, tpb: 128]
[mean-reduction done; time: 0.0038869380950927734 s]
SFWF MC CUDA DONE. [h_mean: 8.20357, T_mean: 750.7904052734375, n_samples de facto: 1.0e+09; time: 80.02178287506104 s, time without generators initalization: 67.49926447868347 s]
---
REPETITION: 6/10:
SFWF MC CUDA... [(i, j): (12, 36), wanted n_samples: 1.0e+09, seed: 0, rpt: 10, tpb: 128]
[min_n_generators: 100000000, bpg_walk: 781250]
[initialization of random generators...]
[initialization of random generators done; count: 100000000, memory: 1525.879 MiB, time: 12.518474817276001 s]
[random walks...; bpg_walk: 781250, tpb: 128]
[random walks done; time: 67.50038409233093 s]
[mean-reduction...; bpg: 1, tpb: 128]
[mean-reduction done; time: 0.003887653350830078 s]
SFWF MC CUDA DONE. [h_mean: 8.20357, T_mean: 750.7904052734375, n_samples de facto: 1.0e+09; time: 80.02286076545715 s, time without generators initalization: 67.50438594818115 s]
---
REPETITION: 7/10:
SFWF MC CUDA... [(i, j): (12, 36), wanted n_samples: 1.0e+09, seed: 0, rpt: 10, tpb: 128]
[min_n_generators: 100000000, bpg_walk: 781250]
[initialization of random generators...]
[initialization of random generators done; count: 100000000, memory: 1525.879 MiB, time: 12.527659177780151 s]
[random walks...; bpg_walk: 781250, tpb: 128]
[random walks done; time: 67.49762535095215 s]
[mean-reduction...; bpg: 1, tpb: 128]
[mean-reduction done; time: 0.0038805007934570312 s]
SFWF MC CUDA DONE. [h_mean: 8.20357, T_mean: 750.7904052734375, n_samples de facto: 1.0e+09; time: 80.02927994728088 s, time without generators initalization: 67.50162076950073 s]
---
REPETITION: 8/10:
SFWF MC CUDA... [(i, j): (12, 36), wanted n_samples: 1.0e+09, seed: 0, rpt: 10, tpb: 128]
[min_n_generators: 100000000, bpg_walk: 781250]
[initialization of random generators...]
[initialization of random generators done; count: 100000000, memory: 1525.879 MiB, time: 12.499306917190552 s]
[random walks...; bpg_walk: 781250, tpb: 128]
[random walks done; time: 67.49441719055176 s]
[mean-reduction...; bpg: 1, tpb: 128]
[mean-reduction done; time: 0.0038793087005615234 s]
SFWF MC CUDA DONE. [h_mean: 8.20357, T_mean: 750.7904052734375, n_samples de facto: 1.0e+09; time: 79.99772024154663 s, time without generators initalization: 67.49841332435608 s]
---
REPETITION: 9/10:
SFWF MC CUDA... [(i, j): (12, 36), wanted n_samples: 1.0e+09, seed: 0, rpt: 10, tpb: 128]
[min_n_generators: 100000000, bpg_walk: 781250]
[initialization of random generators...]
[initialization of random generators done; count: 100000000, memory: 1525.879 MiB, time: 12.497923374176025 s]
[random walks...; bpg_walk: 781250, tpb: 128]
[random walks done; time: 67.51079678535461 s]
[mean-reduction...; bpg: 1, tpb: 128]
[mean-reduction done; time: 0.003887176513671875 s]
SFWF MC CUDA DONE. [h_mean: 8.20357, T_mean: 750.7904052734375, n_samples de facto: 1.0e+09; time: 80.01272296905518 s, time without generators initalization: 67.51479959487915 s]
---
REPETITION: 10/10:
SFWF MC CUDA... [(i, j): (12, 36), wanted n_samples: 1.0e+09, seed: 0, rpt: 10, tpb: 128]
[min_n_generators: 100000000, bpg_walk: 781250]
[initialization of random generators...]
[initialization of random generators done; count: 100000000, memory: 1525.879 MiB, time: 12.512395143508911 s]
[random walks...; bpg_walk: 781250, tpb: 128]
[random walks done; time: 67.51278948783875 s]
[mean-reduction...; bpg: 1, tpb: 128]
[mean-reduction done; time: 0.003893613815307617 s]
SFWF MC CUDA DONE. [h_mean: 8.20357, T_mean: 750.7904052734375, n_samples de facto: 1.0e+09; time: 80.02919340133667 s, time without generators initalization: 67.51679825782776 s]
***
SUMMARY:
COMPARISON OF SINGLE HEIGHT VS REF -> h_mean: 8.20357 VS contraction_ref_heights_out[i0, j0]: 8.203798, ABS DIFF: 2.2792816e-04]
TIME MEAN: 67.57111129760742 s, STD: 0.13405655713033773 s, STD_%: 0.2%
SPEEDUP VS REF: 1.0
====================================================================================================================================================================================================================================================
====================================================================================================================================================================================================================================================
FINAL SUMMARY:
CONTRACTION ITERATION APPROACH 1: sfwf_contraction_cpu_numpy OFF.
CONTRACTION ITERATION APPROACH 2: sfwf_contraction_cpu_numba_parallel OFF.
CONTRACTION ITERATION APPROACH 3: sfwf_contraction_cuda_small OFF.
CONTRACTION ITERATION APPROACH 4: sfwf_contraction_cuda_large_atomicmax (REFERENCE) -> MEAN ITERATIONS: 9400.0, MEAN D_INF: 9.5367431640625e-07, MEAN TIME: 0.5091322422027588 s, TIME STD: 0.0011310120558478771 s, STD_%: 0.2%, SPEED-UP: 1.00
CONTRACTION ITERATION APPROACH 5: sfwf_contraction_cuda_large_atomicmaxglosten OFF.
CONTRACTION ITERATION APPROACH 6: sfwf_contraction_cuda_large_hreducemax OFF.
CONTRACTION ITERATION APPROACH 7: sfwf_contraction_cuda_large_hreducemaxgs OFF.
CONTRACTION ITERATION APPROACH 8: sfwf_contraction_cuda_large_gridsync OFF.
MONTE CARLO APPROACH 1: sfwf_mc_cpu_numpy OFF.
MONTE CARLO APPROACH 2: sfwf_mc_cuda (REFERENCE) -> MEAN TIME: 67.57111129760742 s, TIME STD: 0.13405655713033773 s,  STD_%: 0.2%, SPEED-UP: 1.00
SOAP FILM IN A WIRE FRAME DONE. [hash string: 0092486546_75209_565_[7;20;5.0;64;True;1.0e-06;False;0;1e+09;(12,36);False;3;FFFTFFFF;FT], time: 806.3695549964905]
