SOAP FILM IN A WIRE FRAME...
HASH STRING: 0095452258_48419_901_[7;20;5.0;64;True;1.0e-06;False;0;1e+03;(12,36)False;3;FFTFFFF;TT]
====================================================================================================================================================================================================================================================
EXPERIMENT INFO:
{
  SEED: 7,
  WF_FOURIER_N: 20,
  WF_FOURIER_AMPLITUDE: 5.0,
  WF_BORDER_N: 64,
  NUMPY_SINGLE_THREAD: True,
  CONTRACTION_EPS: 1e-06,
  CONTRACTION_PLOTS: False,
  MC_SEED: 0,
  MC_SAMPLES: 1000,
  MC_I0_J0: (12, 36),
  MC_EXAMPLE_PLOT: False,
  MC_EXAMPLE_PLOT_SAMPLES: 3,
  sfwf_contraction_cpu_numpy: (False, 'sfwf_contraction_cpu_numpy', 0, {}),
  sfwf_contraction_cuda_small: (False, 'sfwf_contraction_cuda_small', 0, {}),
  sfwf_contraction_cuda_large_atomicmax: (True, 'sfwf_contraction_cuda_large_atomicmax', 10, {'lazy_stop_check': 100, 'tpb_side': 16}),
  sfwf_contraction_cuda_large_atomicmaxglosten: (False, 'sfwf_contraction_cuda_large_atomicmaxglosten', 0, {}),
  sfwf_contraction_cuda_large_hreducemax: (False, 'sfwf_contraction_cuda_large_hreducemax', 0, {}),
  sfwf_contraction_cuda_large_hreducemaxgs: (False, 'sfwf_contraction_cuda_large_hreducemaxgs', 0, {}),
  sfwf_contraction_cuda_large_gridsync: (False, 'sfwf_contraction_cuda_large_gridsync', 0, {}),
  sfwf_mc_cpu_numpy: (True, 'sfwf_mc_cpu_numpy', 10, {'chunk_size': 1000}),
  sfwf_mc_cuda: (True, 'sfwf_mc_cuda', 10, {'rpt': 10, 'tpb': 128})
}
====================================================================================================================================================================================================================================================
CPU AND SYSTEM:
{'cpu_name': 'AMD Ryzen 9 9950X 16-Core Processor',
 'os_machine': 'x86_64',
 'os_name': 'Linux 6.14.0-37-generic',
 'os_version': '#37~24.04.1-Ubuntu SMP PREEMPT_DYNAMIC Thu Nov 20 10:25:38 UTC '
               '2',
 'ram_size': '123.4 GB'}
GPU:
{'async_engine_count': 2,
 'can_map_host_memory': 1,
 'compute_capability': ComputeCapability(major=12, minor=0),
 'cores_per_SM': 128,
 'cores_total': 21760,
 'max_block_dim_x': 1024,
 'max_block_dim_y': 1024,
 'max_block_dim_z': 64,
 'max_grid_dim_x': 2147483647,
 'max_grid_dim_y': 65535,
 'max_grid_dim_z': 65535,
 'max_shared_memory_per_block': 49152,
 'max_threads_per_block': 1024,
 'multiprocessor_count': 170,
 'name': 'NVIDIA GeForce RTX 5090',
 'pci_bus_id': 1,
 'pci_device_id': 0,
 'unified_addressing': 1,
 'warp_size': 32}
====================================================================================================================================================================================================================================================
RANDOM WIRE FRAME WITH TOTAL OF POINTS (STATES): 4096
HEIGHTS IN[:5, :5]:
[[25.365894  20.296429  14.925921  10.320204   7.3313727]
 [29.068245   0.         0.         0.         0.       ]
 [30.553246   0.         0.         0.         0.       ]
 [29.360521   0.         0.         0.         0.       ]
 [25.516117   0.         0.         0.         0.       ]]
====================================================================================================================================================================================================================================================
CONTRACTION ITERATION APPROACH 3: sfwf_contraction_cuda_large_atomicmax...
---
REPETITION: 1/10:
SFWF CONTRACTION CUDA LARGE ATOMICMAX... [eps: 1e-06, lazy_stop_check: 100, tpb_side: 16]
[bpg: (4, 4), tpb: (16, 16)]
SFWF CONTRACTION CUDA LARGE ATOMICMAX DONE. [d_inf: 9.536743e-07, iterations: 9400, time: 0.17616772651672363 s]
---
REPETITION: 2/10:
SFWF CONTRACTION CUDA LARGE ATOMICMAX... [eps: 1e-06, lazy_stop_check: 100, tpb_side: 16]
[bpg: (4, 4), tpb: (16, 16)]
SFWF CONTRACTION CUDA LARGE ATOMICMAX DONE. [d_inf: 9.536743e-07, iterations: 9400, time: 0.17576313018798828 s]
---
REPETITION: 3/10:
SFWF CONTRACTION CUDA LARGE ATOMICMAX... [eps: 1e-06, lazy_stop_check: 100, tpb_side: 16]
[bpg: (4, 4), tpb: (16, 16)]
SFWF CONTRACTION CUDA LARGE ATOMICMAX DONE. [d_inf: 9.536743e-07, iterations: 9400, time: 0.17604899406433105 s]
---
REPETITION: 4/10:
SFWF CONTRACTION CUDA LARGE ATOMICMAX... [eps: 1e-06, lazy_stop_check: 100, tpb_side: 16]
[bpg: (4, 4), tpb: (16, 16)]
SFWF CONTRACTION CUDA LARGE ATOMICMAX DONE. [d_inf: 9.536743e-07, iterations: 9400, time: 0.17601728439331055 s]
---
REPETITION: 5/10:
SFWF CONTRACTION CUDA LARGE ATOMICMAX... [eps: 1e-06, lazy_stop_check: 100, tpb_side: 16]
[bpg: (4, 4), tpb: (16, 16)]
SFWF CONTRACTION CUDA LARGE ATOMICMAX DONE. [d_inf: 9.536743e-07, iterations: 9400, time: 0.17707228660583496 s]
---
REPETITION: 6/10:
SFWF CONTRACTION CUDA LARGE ATOMICMAX... [eps: 1e-06, lazy_stop_check: 100, tpb_side: 16]
[bpg: (4, 4), tpb: (16, 16)]
SFWF CONTRACTION CUDA LARGE ATOMICMAX DONE. [d_inf: 9.536743e-07, iterations: 9400, time: 0.17745018005371094 s]
---
REPETITION: 7/10:
SFWF CONTRACTION CUDA LARGE ATOMICMAX... [eps: 1e-06, lazy_stop_check: 100, tpb_side: 16]
[bpg: (4, 4), tpb: (16, 16)]
SFWF CONTRACTION CUDA LARGE ATOMICMAX DONE. [d_inf: 9.536743e-07, iterations: 9400, time: 0.1771538257598877 s]
---
REPETITION: 8/10:
SFWF CONTRACTION CUDA LARGE ATOMICMAX... [eps: 1e-06, lazy_stop_check: 100, tpb_side: 16]
[bpg: (4, 4), tpb: (16, 16)]
SFWF CONTRACTION CUDA LARGE ATOMICMAX DONE. [d_inf: 9.536743e-07, iterations: 9400, time: 0.17767548561096191 s]
---
REPETITION: 9/10:
SFWF CONTRACTION CUDA LARGE ATOMICMAX... [eps: 1e-06, lazy_stop_check: 100, tpb_side: 16]
[bpg: (4, 4), tpb: (16, 16)]
SFWF CONTRACTION CUDA LARGE ATOMICMAX DONE. [d_inf: 9.536743e-07, iterations: 9400, time: 0.17763400077819824 s]
---
REPETITION: 10/10:
SFWF CONTRACTION CUDA LARGE ATOMICMAX... [eps: 1e-06, lazy_stop_check: 100, tpb_side: 16]
[bpg: (4, 4), tpb: (16, 16)]
SFWF CONTRACTION CUDA LARGE ATOMICMAX DONE. [d_inf: 9.536743e-07, iterations: 9400, time: 0.1781020164489746 s]
***
SUMMARY:
HEIGHTS OUT[:5, :5]:
[[25.365894  20.296429  14.925921  10.320204   7.3313727]
 [29.068245  22.564266  17.283945  13.20249   10.526932 ]
 [30.553246  23.60845   18.443102  14.678881  12.190558 ]
 [29.360521  22.873186  18.201136  14.8793745 12.6591   ]
 [25.516117  20.322641  16.608881  13.978384  12.193586 ]]
D_INF OF HEIGHTS VS REF: 0.0
D_INF (AT STOP) MEAN: 9.5367431640625e-07
ITERATIONS MEAN: 9400.0
TIME MEAN: 0.1769084930419922 s, STD: 0.0007945540228475063 s, STD_%: 0.4%
SPEEDUP VS REF: 1.0
====================================================================================================================================================================================================================================================
MONTE CARLO APPROACH 1: sfwf_mc_cpu_numpy...
---
REPETITION: 1/10:
SFWF MC CPU NUMPY... [(i, j): (12, 36), n_samples: 1.0e+03, seed: 0, chunk_size: 1000]
[100/1000: border reached at t: 230, (i, j): (0, 28), h: -0.33135194; trajectory time: 2.1457672119140625e-05 s]
[200/1000: border reached at t: 584, (i, j): (23, 63), h: -4.441227; trajectory time: 2.09808349609375e-05 s]
[300/1000: border reached at t: 978, (i, j): (28, 0), h: 27.88532; trajectory time: 2.1219253540039062e-05 s]
[400/1000: border reached at t: 1537, (i, j): (0, 41), h: 10.9658165; trajectory time: 4.076957702636719e-05 s]
[500/1000: border reached at t: 600, (i, j): (37, 63), h: 16.953314; trajectory time: 2.09808349609375e-05 s]
[600/1000: border reached at t: 2237, (i, j): (36, 63), h: 14.855178; trajectory time: 6.127357482910156e-05 s]
[700/1000: border reached at t: 311, (i, j): (0, 41), h: 10.9658165; trajectory time: 2.09808349609375e-05 s]
[800/1000: border reached at t: 1045, (i, j): (0, 55), h: -7.0011506; trajectory time: 4.124641418457031e-05 s]
[900/1000: border reached at t: 1015, (i, j): (63, 26), h: 4.984125; trajectory time: 4.100799560546875e-05 s]
[1000/1000: border reached at t: 935, (i, j): (26, 63), h: 1.5823361; trajectory time: 2.09808349609375e-05 s]
SFWF MC CPU NUMPY DONE. [h_mean: 8.167724, T_mean: 744.162; time: 0.02916097640991211 s]
---
REPETITION: 2/10:
SFWF MC CPU NUMPY... [(i, j): (12, 36), n_samples: 1.0e+03, seed: 0, chunk_size: 1000]
[100/1000: border reached at t: 230, (i, j): (0, 28), h: -0.33135194; trajectory time: 2.1457672119140625e-05 s]
[200/1000: border reached at t: 584, (i, j): (23, 63), h: -4.441227; trajectory time: 2.1219253540039062e-05 s]
[300/1000: border reached at t: 978, (i, j): (28, 0), h: 27.88532; trajectory time: 2.09808349609375e-05 s]
[400/1000: border reached at t: 1537, (i, j): (0, 41), h: 10.9658165; trajectory time: 4.124641418457031e-05 s]
[500/1000: border reached at t: 600, (i, j): (37, 63), h: 16.953314; trajectory time: 2.1219253540039062e-05 s]
[600/1000: border reached at t: 2237, (i, j): (36, 63), h: 14.855178; trajectory time: 6.103515625e-05 s]
[700/1000: border reached at t: 311, (i, j): (0, 41), h: 10.9658165; trajectory time: 2.1219253540039062e-05 s]
[800/1000: border reached at t: 1045, (i, j): (0, 55), h: -7.0011506; trajectory time: 4.1961669921875e-05 s]
[900/1000: border reached at t: 1015, (i, j): (63, 26), h: 4.984125; trajectory time: 4.1484832763671875e-05 s]
[1000/1000: border reached at t: 935, (i, j): (26, 63), h: 1.5823361; trajectory time: 2.1219253540039062e-05 s]
SFWF MC CPU NUMPY DONE. [h_mean: 8.167724, T_mean: 744.162; time: 0.029024839401245117 s]
---
REPETITION: 3/10:
SFWF MC CPU NUMPY... [(i, j): (12, 36), n_samples: 1.0e+03, seed: 0, chunk_size: 1000]
[100/1000: border reached at t: 230, (i, j): (0, 28), h: -0.33135194; trajectory time: 2.288818359375e-05 s]
[200/1000: border reached at t: 584, (i, j): (23, 63), h: -4.441227; trajectory time: 2.09808349609375e-05 s]
[300/1000: border reached at t: 978, (i, j): (28, 0), h: 27.88532; trajectory time: 2.1219253540039062e-05 s]
[400/1000: border reached at t: 1537, (i, j): (0, 41), h: 10.9658165; trajectory time: 4.124641418457031e-05 s]
[500/1000: border reached at t: 600, (i, j): (37, 63), h: 16.953314; trajectory time: 2.09808349609375e-05 s]
[600/1000: border reached at t: 2237, (i, j): (36, 63), h: 14.855178; trajectory time: 6.198883056640625e-05 s]
[700/1000: border reached at t: 311, (i, j): (0, 41), h: 10.9658165; trajectory time: 2.09808349609375e-05 s]
[800/1000: border reached at t: 1045, (i, j): (0, 55), h: -7.0011506; trajectory time: 4.1484832763671875e-05 s]
[900/1000: border reached at t: 1015, (i, j): (63, 26), h: 4.984125; trajectory time: 4.124641418457031e-05 s]
[1000/1000: border reached at t: 935, (i, j): (26, 63), h: 1.5823361; trajectory time: 2.09808349609375e-05 s]
SFWF MC CPU NUMPY DONE. [h_mean: 8.167724, T_mean: 744.162; time: 0.02910137176513672 s]
---
REPETITION: 4/10:
SFWF MC CPU NUMPY... [(i, j): (12, 36), n_samples: 1.0e+03, seed: 0, chunk_size: 1000]
[100/1000: border reached at t: 230, (i, j): (0, 28), h: -0.33135194; trajectory time: 2.1696090698242188e-05 s]
[200/1000: border reached at t: 584, (i, j): (23, 63), h: -4.441227; trajectory time: 2.09808349609375e-05 s]
[300/1000: border reached at t: 978, (i, j): (28, 0), h: 27.88532; trajectory time: 2.1219253540039062e-05 s]
[400/1000: border reached at t: 1537, (i, j): (0, 41), h: 10.9658165; trajectory time: 4.124641418457031e-05 s]
[500/1000: border reached at t: 600, (i, j): (37, 63), h: 16.953314; trajectory time: 2.09808349609375e-05 s]
[600/1000: border reached at t: 2237, (i, j): (36, 63), h: 14.855178; trajectory time: 6.198883056640625e-05 s]
[700/1000: border reached at t: 311, (i, j): (0, 41), h: 10.9658165; trajectory time: 2.1219253540039062e-05 s]
[800/1000: border reached at t: 1045, (i, j): (0, 55), h: -7.0011506; trajectory time: 4.1484832763671875e-05 s]
[900/1000: border reached at t: 1015, (i, j): (63, 26), h: 4.984125; trajectory time: 4.1484832763671875e-05 s]
[1000/1000: border reached at t: 935, (i, j): (26, 63), h: 1.5823361; trajectory time: 2.09808349609375e-05 s]
SFWF MC CPU NUMPY DONE. [h_mean: 8.167724, T_mean: 744.162; time: 0.029087543487548828 s]
---
REPETITION: 5/10:
SFWF MC CPU NUMPY... [(i, j): (12, 36), n_samples: 1.0e+03, seed: 0, chunk_size: 1000]
[100/1000: border reached at t: 230, (i, j): (0, 28), h: -0.33135194; trajectory time: 2.1696090698242188e-05 s]
[200/1000: border reached at t: 584, (i, j): (23, 63), h: -4.441227; trajectory time: 2.09808349609375e-05 s]
[300/1000: border reached at t: 978, (i, j): (28, 0), h: 27.88532; trajectory time: 2.1219253540039062e-05 s]
[400/1000: border reached at t: 1537, (i, j): (0, 41), h: 10.9658165; trajectory time: 4.1484832763671875e-05 s]
[500/1000: border reached at t: 600, (i, j): (37, 63), h: 16.953314; trajectory time: 2.2649765014648438e-05 s]
[600/1000: border reached at t: 2237, (i, j): (36, 63), h: 14.855178; trajectory time: 6.222724914550781e-05 s]
[700/1000: border reached at t: 311, (i, j): (0, 41), h: 10.9658165; trajectory time: 2.1219253540039062e-05 s]
[800/1000: border reached at t: 1045, (i, j): (0, 55), h: -7.0011506; trajectory time: 4.1484832763671875e-05 s]
[900/1000: border reached at t: 1015, (i, j): (63, 26), h: 4.984125; trajectory time: 4.1484832763671875e-05 s]
[1000/1000: border reached at t: 935, (i, j): (26, 63), h: 1.5823361; trajectory time: 2.1219253540039062e-05 s]
SFWF MC CPU NUMPY DONE. [h_mean: 8.167724, T_mean: 744.162; time: 0.029159069061279297 s]
---
REPETITION: 6/10:
SFWF MC CPU NUMPY... [(i, j): (12, 36), n_samples: 1.0e+03, seed: 0, chunk_size: 1000]
[100/1000: border reached at t: 230, (i, j): (0, 28), h: -0.33135194; trajectory time: 2.1696090698242188e-05 s]
[200/1000: border reached at t: 584, (i, j): (23, 63), h: -4.441227; trajectory time: 2.09808349609375e-05 s]
[300/1000: border reached at t: 978, (i, j): (28, 0), h: 27.88532; trajectory time: 2.1696090698242188e-05 s]
[400/1000: border reached at t: 1537, (i, j): (0, 41), h: 10.9658165; trajectory time: 4.1484832763671875e-05 s]
[500/1000: border reached at t: 600, (i, j): (37, 63), h: 16.953314; trajectory time: 2.09808349609375e-05 s]
[600/1000: border reached at t: 2237, (i, j): (36, 63), h: 14.855178; trajectory time: 6.365776062011719e-05 s]
[700/1000: border reached at t: 311, (i, j): (0, 41), h: 10.9658165; trajectory time: 2.09808349609375e-05 s]
[800/1000: border reached at t: 1045, (i, j): (0, 55), h: -7.0011506; trajectory time: 4.172325134277344e-05 s]
[900/1000: border reached at t: 1015, (i, j): (63, 26), h: 4.984125; trajectory time: 4.1484832763671875e-05 s]
[1000/1000: border reached at t: 935, (i, j): (26, 63), h: 1.5823361; trajectory time: 2.1219253540039062e-05 s]
SFWF MC CPU NUMPY DONE. [h_mean: 8.167724, T_mean: 744.162; time: 0.029181957244873047 s]
---
REPETITION: 7/10:
SFWF MC CPU NUMPY... [(i, j): (12, 36), n_samples: 1.0e+03, seed: 0, chunk_size: 1000]
[100/1000: border reached at t: 230, (i, j): (0, 28), h: -0.33135194; trajectory time: 2.1696090698242188e-05 s]
[200/1000: border reached at t: 584, (i, j): (23, 63), h: -4.441227; trajectory time: 2.0742416381835938e-05 s]
[300/1000: border reached at t: 978, (i, j): (28, 0), h: 27.88532; trajectory time: 2.1219253540039062e-05 s]
[400/1000: border reached at t: 1537, (i, j): (0, 41), h: 10.9658165; trajectory time: 4.1961669921875e-05 s]
[500/1000: border reached at t: 600, (i, j): (37, 63), h: 16.953314; trajectory time: 2.1219253540039062e-05 s]
[600/1000: border reached at t: 2237, (i, j): (36, 63), h: 14.855178; trajectory time: 6.198883056640625e-05 s]
[700/1000: border reached at t: 311, (i, j): (0, 41), h: 10.9658165; trajectory time: 2.1219253540039062e-05 s]
[800/1000: border reached at t: 1045, (i, j): (0, 55), h: -7.0011506; trajectory time: 4.172325134277344e-05 s]
[900/1000: border reached at t: 1015, (i, j): (63, 26), h: 4.984125; trajectory time: 4.1484832763671875e-05 s]
[1000/1000: border reached at t: 935, (i, j): (26, 63), h: 1.5823361; trajectory time: 2.1219253540039062e-05 s]
SFWF MC CPU NUMPY DONE. [h_mean: 8.167724, T_mean: 744.162; time: 0.029191255569458008 s]
---
REPETITION: 8/10:
SFWF MC CPU NUMPY... [(i, j): (12, 36), n_samples: 1.0e+03, seed: 0, chunk_size: 1000]
[100/1000: border reached at t: 230, (i, j): (0, 28), h: -0.33135194; trajectory time: 2.1696090698242188e-05 s]
[200/1000: border reached at t: 584, (i, j): (23, 63), h: -4.441227; trajectory time: 2.1219253540039062e-05 s]
[300/1000: border reached at t: 978, (i, j): (28, 0), h: 27.88532; trajectory time: 2.1457672119140625e-05 s]
[400/1000: border reached at t: 1537, (i, j): (0, 41), h: 10.9658165; trajectory time: 4.172325134277344e-05 s]
[500/1000: border reached at t: 600, (i, j): (37, 63), h: 16.953314; trajectory time: 2.1219253540039062e-05 s]
[600/1000: border reached at t: 2237, (i, j): (36, 63), h: 14.855178; trajectory time: 6.222724914550781e-05 s]
[700/1000: border reached at t: 311, (i, j): (0, 41), h: 10.9658165; trajectory time: 2.1457672119140625e-05 s]
[800/1000: border reached at t: 1045, (i, j): (0, 55), h: -7.0011506; trajectory time: 4.1961669921875e-05 s]
[900/1000: border reached at t: 1015, (i, j): (63, 26), h: 4.984125; trajectory time: 4.1484832763671875e-05 s]
[1000/1000: border reached at t: 935, (i, j): (26, 63), h: 1.5823361; trajectory time: 2.1219253540039062e-05 s]
SFWF MC CPU NUMPY DONE. [h_mean: 8.167724, T_mean: 744.162; time: 0.02919626235961914 s]
---
REPETITION: 9/10:
SFWF MC CPU NUMPY... [(i, j): (12, 36), n_samples: 1.0e+03, seed: 0, chunk_size: 1000]
[100/1000: border reached at t: 230, (i, j): (0, 28), h: -0.33135194; trajectory time: 2.3365020751953125e-05 s]
[200/1000: border reached at t: 584, (i, j): (23, 63), h: -4.441227; trajectory time: 2.09808349609375e-05 s]
[300/1000: border reached at t: 978, (i, j): (28, 0), h: 27.88532; trajectory time: 2.1457672119140625e-05 s]
[400/1000: border reached at t: 1537, (i, j): (0, 41), h: 10.9658165; trajectory time: 4.1484832763671875e-05 s]
[500/1000: border reached at t: 600, (i, j): (37, 63), h: 16.953314; trajectory time: 2.1219253540039062e-05 s]
[600/1000: border reached at t: 2237, (i, j): (36, 63), h: 14.855178; trajectory time: 6.222724914550781e-05 s]
[700/1000: border reached at t: 311, (i, j): (0, 41), h: 10.9658165; trajectory time: 2.1219253540039062e-05 s]
[800/1000: border reached at t: 1045, (i, j): (0, 55), h: -7.0011506; trajectory time: 4.172325134277344e-05 s]
[900/1000: border reached at t: 1015, (i, j): (63, 26), h: 4.984125; trajectory time: 4.124641418457031e-05 s]
[1000/1000: border reached at t: 935, (i, j): (26, 63), h: 1.5823361; trajectory time: 2.09808349609375e-05 s]
SFWF MC CPU NUMPY DONE. [h_mean: 8.167724, T_mean: 744.162; time: 0.02915477752685547 s]
---
REPETITION: 10/10:
SFWF MC CPU NUMPY... [(i, j): (12, 36), n_samples: 1.0e+03, seed: 0, chunk_size: 1000]
[100/1000: border reached at t: 230, (i, j): (0, 28), h: -0.33135194; trajectory time: 2.1696090698242188e-05 s]
[200/1000: border reached at t: 584, (i, j): (23, 63), h: -4.441227; trajectory time: 2.09808349609375e-05 s]
[300/1000: border reached at t: 978, (i, j): (28, 0), h: 27.88532; trajectory time: 2.1696090698242188e-05 s]
[400/1000: border reached at t: 1537, (i, j): (0, 41), h: 10.9658165; trajectory time: 4.1484832763671875e-05 s]
[500/1000: border reached at t: 600, (i, j): (37, 63), h: 16.953314; trajectory time: 2.1219253540039062e-05 s]
[600/1000: border reached at t: 2237, (i, j): (36, 63), h: 14.855178; trajectory time: 6.222724914550781e-05 s]
[700/1000: border reached at t: 311, (i, j): (0, 41), h: 10.9658165; trajectory time: 2.1457672119140625e-05 s]
[800/1000: border reached at t: 1045, (i, j): (0, 55), h: -7.0011506; trajectory time: 4.172325134277344e-05 s]
[900/1000: border reached at t: 1015, (i, j): (63, 26), h: 4.984125; trajectory time: 4.1484832763671875e-05 s]
[1000/1000: border reached at t: 935, (i, j): (26, 63), h: 1.5823361; trajectory time: 2.09808349609375e-05 s]
SFWF MC CPU NUMPY DONE. [h_mean: 8.167724, T_mean: 744.162; time: 0.029181957244873047 s]
***
SUMMARY:
COMPARISON OF SINGLE HEIGHT VS REF -> h_mean: 8.167724 VS contraction_ref_heights_out[i0, j0]: 8.203798, ABS DIFF: 3.6074638e-02]
TIME MEAN: 0.02914400100708008 s, STD: 5.2612860245493075e-05 s, STD_%: 0.2%
SPEEDUP VS REF: 1.0
====================================================================================================================================================================================================================================================
MONTE CARLO APPROACH 2: sfwf_mc_cuda...
---
REPETITION: 1/10:
SFWF MC CUDA... [(i, j): (12, 36), wanted n_samples: 1.0e+03, seed: 0, rpt: 10, tpb: 128]
[min_n_generators: 100, bpg_walk: 1]
[initialization of random generators...]
[initialization of random generators done; count: 128, memory: 0.002 MiB, time: 0.3728160858154297 s]
[random walks...; bpg_walk: 1, tpb: 128]
[random walks done; time: 0.007953405380249023 s]
[mean-reduction...; bpg: 1, tpb: 128]
[mean-reduction done; time: 9.250640869140625e-05 s]
SFWF MC CUDA DONE. [h_mean: 8.239985, T_mean: 770.9562377929688, n_samples de facto: 1.3e+03; time: 0.3809378147125244 s, time without generators initalization: 0.008121728897094727 s]
---
REPETITION: 2/10:
SFWF MC CUDA... [(i, j): (12, 36), wanted n_samples: 1.0e+03, seed: 0, rpt: 10, tpb: 128]
[min_n_generators: 100, bpg_walk: 1]
[initialization of random generators...]
[initialization of random generators done; count: 128, memory: 0.002 MiB, time: 0.00010347366333007812 s]
[random walks...; bpg_walk: 1, tpb: 128]
[random walks done; time: 0.007814645767211914 s]
[mean-reduction...; bpg: 1, tpb: 128]
[mean-reduction done; time: 5.841255187988281e-05 s]
SFWF MC CUDA DONE. [h_mean: 8.239985, T_mean: 770.9562377929688, n_samples de facto: 1.3e+03; time: 0.008005619049072266 s, time without generators initalization: 0.007902145385742188 s]
---
REPETITION: 3/10:
SFWF MC CUDA... [(i, j): (12, 36), wanted n_samples: 1.0e+03, seed: 0, rpt: 10, tpb: 128]
[min_n_generators: 100, bpg_walk: 1]
[initialization of random generators...]
[initialization of random generators done; count: 128, memory: 0.002 MiB, time: 8.106231689453125e-05 s]
[random walks...; bpg_walk: 1, tpb: 128]
[random walks done; time: 0.007802009582519531 s]
[mean-reduction...; bpg: 1, tpb: 128]
[mean-reduction done; time: 5.125999450683594e-05 s]
SFWF MC CUDA DONE. [h_mean: 8.239985, T_mean: 770.9562377929688, n_samples de facto: 1.3e+03; time: 0.007957935333251953 s, time without generators initalization: 0.007876873016357422 s]
---
REPETITION: 4/10:
SFWF MC CUDA... [(i, j): (12, 36), wanted n_samples: 1.0e+03, seed: 0, rpt: 10, tpb: 128]
[min_n_generators: 100, bpg_walk: 1]
[initialization of random generators...]
[initialization of random generators done; count: 128, memory: 0.002 MiB, time: 7.915496826171875e-05 s]
[random walks...; bpg_walk: 1, tpb: 128]
[random walks done; time: 0.007798433303833008 s]
[mean-reduction...; bpg: 1, tpb: 128]
[mean-reduction done; time: 4.863739013671875e-05 s]
SFWF MC CUDA DONE. [h_mean: 8.239985, T_mean: 770.9562377929688, n_samples de facto: 1.3e+03; time: 0.007948637008666992 s, time without generators initalization: 0.007869482040405273 s]
---
REPETITION: 5/10:
SFWF MC CUDA... [(i, j): (12, 36), wanted n_samples: 1.0e+03, seed: 0, rpt: 10, tpb: 128]
[min_n_generators: 100, bpg_walk: 1]
[initialization of random generators...]
[initialization of random generators done; count: 128, memory: 0.002 MiB, time: 7.414817810058594e-05 s]
[random walks...; bpg_walk: 1, tpb: 128]
[random walks done; time: 0.007800102233886719 s]
[mean-reduction...; bpg: 1, tpb: 128]
[mean-reduction done; time: 4.982948303222656e-05 s]
SFWF MC CUDA DONE. [h_mean: 8.239985, T_mean: 770.9562377929688, n_samples de facto: 1.3e+03; time: 0.007946968078613281 s, time without generators initalization: 0.007872819900512695 s]
---
REPETITION: 6/10:
SFWF MC CUDA... [(i, j): (12, 36), wanted n_samples: 1.0e+03, seed: 0, rpt: 10, tpb: 128]
[min_n_generators: 100, bpg_walk: 1]
[initialization of random generators...]
[initialization of random generators done; count: 128, memory: 0.002 MiB, time: 7.700920104980469e-05 s]
[random walks...; bpg_walk: 1, tpb: 128]
[random walks done; time: 0.007797718048095703 s]
[mean-reduction...; bpg: 1, tpb: 128]
[mean-reduction done; time: 4.9114227294921875e-05 s]
SFWF MC CUDA DONE. [h_mean: 8.239985, T_mean: 770.9562377929688, n_samples de facto: 1.3e+03; time: 0.00794672966003418 s, time without generators initalization: 0.007869720458984375 s]
---
REPETITION: 7/10:
SFWF MC CUDA... [(i, j): (12, 36), wanted n_samples: 1.0e+03, seed: 0, rpt: 10, tpb: 128]
[min_n_generators: 100, bpg_walk: 1]
[initialization of random generators...]
[initialization of random generators done; count: 128, memory: 0.002 MiB, time: 0.0001785755157470703 s]
[random walks...; bpg_walk: 1, tpb: 128]
[random walks done; time: 0.007802724838256836 s]
[mean-reduction...; bpg: 1, tpb: 128]
[mean-reduction done; time: 5.221366882324219e-05 s]
SFWF MC CUDA DONE. [h_mean: 8.239985, T_mean: 770.9562377929688, n_samples de facto: 1.3e+03; time: 0.008060216903686523 s, time without generators initalization: 0.007881641387939453 s]
---
REPETITION: 8/10:
SFWF MC CUDA... [(i, j): (12, 36), wanted n_samples: 1.0e+03, seed: 0, rpt: 10, tpb: 128]
[min_n_generators: 100, bpg_walk: 1]
[initialization of random generators...]
[initialization of random generators done; count: 128, memory: 0.002 MiB, time: 7.557868957519531e-05 s]
[random walks...; bpg_walk: 1, tpb: 128]
[random walks done; time: 0.007791280746459961 s]
[mean-reduction...; bpg: 1, tpb: 128]
[mean-reduction done; time: 5.14984130859375e-05 s]
SFWF MC CUDA DONE. [h_mean: 8.239985, T_mean: 770.9562377929688, n_samples de facto: 1.3e+03; time: 0.007939338684082031 s, time without generators initalization: 0.007863759994506836 s]
---
REPETITION: 9/10:
SFWF MC CUDA... [(i, j): (12, 36), wanted n_samples: 1.0e+03, seed: 0, rpt: 10, tpb: 128]
[min_n_generators: 100, bpg_walk: 1]
[initialization of random generators...]
[initialization of random generators done; count: 128, memory: 0.002 MiB, time: 7.343292236328125e-05 s]
[random walks...; bpg_walk: 1, tpb: 128]
[random walks done; time: 0.007794857025146484 s]
[mean-reduction...; bpg: 1, tpb: 128]
[mean-reduction done; time: 4.792213439941406e-05 s]
SFWF MC CUDA DONE. [h_mean: 8.239985, T_mean: 770.9562377929688, n_samples de facto: 1.3e+03; time: 0.007939577102661133 s, time without generators initalization: 0.007866144180297852 s]
---
REPETITION: 10/10:
SFWF MC CUDA... [(i, j): (12, 36), wanted n_samples: 1.0e+03, seed: 0, rpt: 10, tpb: 128]
[min_n_generators: 100, bpg_walk: 1]
[initialization of random generators...]
[initialization of random generators done; count: 128, memory: 0.002 MiB, time: 7.033348083496094e-05 s]
[random walks...; bpg_walk: 1, tpb: 128]
[random walks done; time: 0.007792472839355469 s]
[mean-reduction...; bpg: 1, tpb: 128]
[mean-reduction done; time: 4.982948303222656e-05 s]
SFWF MC CUDA DONE. [h_mean: 8.239985, T_mean: 770.9562377929688, n_samples de facto: 1.3e+03; time: 0.0079345703125 s, time without generators initalization: 0.007864236831665039 s]
***
SUMMARY:
COMPARISON OF SINGLE HEIGHT VS REF -> h_mean: 8.239985 VS contraction_ref_heights_out[i0, j0]: 8.203798, ABS DIFF: 3.6187172e-02]
TIME MEAN: 0.007898855209350585 s, STD: 7.50683755285781e-05 s, STD_%: 1.0%
SPEEDUP VS REF: 3.6896487192953864
====================================================================================================================================================================================================================================================
====================================================================================================================================================================================================================================================
FINAL SUMMARY:
CONTRACTION ITERATION APPROACH 1: sfwf_contraction_cpu_numpy OFF.
CONTRACTION ITERATION APPROACH 2: sfwf_contraction_cuda_small OFF.
CONTRACTION ITERATION APPROACH 3: sfwf_contraction_cuda_large_atomicmax (REFERENCE) -> MEAN ITERATIONS: 9400.0, MEAN D_INF: 9.5367431640625e-07, MEAN TIME: 0.1769084930419922 s, TIME STD: 0.0007945540228475063 s, STD_%: 0.4%, SPEED-UP: 1.00
CONTRACTION ITERATION APPROACH 4: sfwf_contraction_cuda_large_atomicmaxglosten OFF.
CONTRACTION ITERATION APPROACH 5: sfwf_contraction_cuda_large_hreducemax OFF.
CONTRACTION ITERATION APPROACH 6: sfwf_contraction_cuda_large_hreducemaxgs OFF.
CONTRACTION ITERATION APPROACH 7: sfwf_contraction_cuda_large_gridsync OFF.
MONTE CARLO APPROACH 1: sfwf_mc_cpu_numpy (REFERENCE) -> MEAN TIME: 0.02914400100708008 s, TIME STD: 5.2612860245493075e-05 s,  STD_%: 0.2%, SPEED-UP: 1.00
MONTE CARLO APPROACH 2: sfwf_mc_cuda -> MEAN TIME: 0.007898855209350585 s, TIME STD: 7.50683755285781e-05 s,  STD_%: 1.0%, SPEED-UP: 3.69
SOAP FILM IN A WIRE FRAME DONE. [hash string: 0095452258_48419_901_[7;20;5.0;64;True;1.0e-06;False;0;1e+03;(12,36)False;3;FFTFFFF;TT], time: 2.516664981842041]
