SOAP FILM IN A WIRE FRAME...
HASH STRING: 0122780276_79797_901_[7;20;5.0;100;True;1.0e-04;False;0;1e+09;(12,36);False;3;TTTTTTTT;FF]
====================================================================================================================================================================================================================================================
EXPERIMENT INFO:
{
  SEED: 7,
  WF_FOURIER_N: 20,
  WF_FOURIER_AMPLITUDE: 5.0,
  WF_BORDER_N: 100,
  NUMPY_SINGLE_THREAD: True,
  CONTRACTION_EPS: 0.0001,
  CONTRACTION_PLOTS: False,
  MC_SEED: 0,
  MC_SAMPLES: 1000000000,
  MC_I0_J0: (12, 36),
  MC_EXAMPLE_PLOT: False,
  MC_EXAMPLE_PLOT_SAMPLES: 3,
  sfwf_contraction_cpu_numpy: (True, 'sfwf_contraction_cpu_numpy', 10, {}),
  sfwf_contraction_cpu_numba_parallel: (True, 'sfwf_contraction_cpu_numba_parallel', 10, {}),
  sfwf_contraction_cuda_small: (True, 'sfwf_contraction_cuda_small', 10, {'tpb': 512}),
  sfwf_contraction_cuda_large_atomicmax: (True, 'sfwf_contraction_cuda_large_atomicmax', 10, {'lazy_stop_check': 100, 'tpb_side': 16}),
  sfwf_contraction_cuda_large_atomicmaxglosten: (True, 'sfwf_contraction_cuda_large_atomicmaxglosten', 10, {'lazy_stop_check': 100, 'tpb_side': 16}),
  sfwf_contraction_cuda_large_hreducemax: (True, 'sfwf_contraction_cuda_large_hreducemax', 10, {'lazy_stop_check': 100, 'tpb_side': 16, 'tpb_reduce': 512}),
  sfwf_contraction_cuda_large_hreducemaxgs: (True, 'sfwf_contraction_cuda_large_hreducemaxgs', 10, {'lazy_stop_check': 100, 'tpb_side': 16, 'tpb_reduce': 512, 'cores': 21760}),
  sfwf_contraction_cuda_large_gridsync: (True, 'sfwf_contraction_cuda_large_gridsync', 10, {'tpb_side': 16}),
  sfwf_mc_cpu_numpy: (False, 'sfwf_mc_cpu_numpy', 0, {}),
  sfwf_mc_cuda: (False, 'sfwf_mc_cuda', 0, {})
}
====================================================================================================================================================================================================================================================
CPU AND SYSTEM:
{'cpu_name': 'AMD Ryzen 9 9950X 16-Core Processor',
 'os_machine': 'x86_64',
 'os_name': 'Linux 6.14.0-37-generic',
 'os_version': '#37~24.04.1-Ubuntu SMP PREEMPT_DYNAMIC Thu Nov 20 10:25:38 UTC '
               '2',
 'ram_size': '123.4 GB'}
GPU:
{'async_engine_count': 2,
 'can_map_host_memory': 1,
 'compute_capability': ComputeCapability(major=12, minor=0),
 'cores_per_SM': 128,
 'cores_total': 21760,
 'max_block_dim_x': 1024,
 'max_block_dim_y': 1024,
 'max_block_dim_z': 64,
 'max_grid_dim_x': 2147483647,
 'max_grid_dim_y': 65535,
 'max_grid_dim_z': 65535,
 'max_shared_memory_per_block': 49152,
 'max_threads_per_block': 1024,
 'multiprocessor_count': 170,
 'name': 'NVIDIA GeForce RTX 5090',
 'pci_bus_id': 1,
 'pci_device_id': 0,
 'unified_addressing': 1,
 'warp_size': 32}
====================================================================================================================================================================================================================================================
RANDOM WIRE FRAME WITH TOTAL OF POINTS (STATES): 10000
HEIGHTS IN[:5, :5]:
[[25.365894 22.23305  18.8149   15.397629 12.257225]
 [27.940697  0.        0.        0.        0.      ]
 [29.720734  0.        0.        0.        0.      ]
 [30.52531   0.        0.        0.        0.      ]
 [30.24473   0.        0.        0.        0.      ]]
====================================================================================================================================================================================================================================================
CONTRACTION ITERATION APPROACH 1: sfwf_contraction_cpu_numpy...
---
REPETITION: 1/10:
SFWF CONTRACTION CPU NUMPY... [eps: 0.0001]
SFWF CONTRACTION CPU NUMPY DONE. [d_inf: 9.918213e-05, iterations: 8365, time: 0.09723210334777832 s]
---
REPETITION: 2/10:
SFWF CONTRACTION CPU NUMPY... [eps: 0.0001]
SFWF CONTRACTION CPU NUMPY DONE. [d_inf: 9.918213e-05, iterations: 8365, time: 0.09699869155883789 s]
---
REPETITION: 3/10:
SFWF CONTRACTION CPU NUMPY... [eps: 0.0001]
SFWF CONTRACTION CPU NUMPY DONE. [d_inf: 9.918213e-05, iterations: 8365, time: 0.09636116027832031 s]
---
REPETITION: 4/10:
SFWF CONTRACTION CPU NUMPY... [eps: 0.0001]
SFWF CONTRACTION CPU NUMPY DONE. [d_inf: 9.918213e-05, iterations: 8365, time: 0.09692192077636719 s]
---
REPETITION: 5/10:
SFWF CONTRACTION CPU NUMPY... [eps: 0.0001]
SFWF CONTRACTION CPU NUMPY DONE. [d_inf: 9.918213e-05, iterations: 8365, time: 0.09644031524658203 s]
---
REPETITION: 6/10:
SFWF CONTRACTION CPU NUMPY... [eps: 0.0001]
SFWF CONTRACTION CPU NUMPY DONE. [d_inf: 9.918213e-05, iterations: 8365, time: 0.09724617004394531 s]
---
REPETITION: 7/10:
SFWF CONTRACTION CPU NUMPY... [eps: 0.0001]
SFWF CONTRACTION CPU NUMPY DONE. [d_inf: 9.918213e-05, iterations: 8365, time: 0.09647417068481445 s]
---
REPETITION: 8/10:
SFWF CONTRACTION CPU NUMPY... [eps: 0.0001]
SFWF CONTRACTION CPU NUMPY DONE. [d_inf: 9.918213e-05, iterations: 8365, time: 0.09713625907897949 s]
---
REPETITION: 9/10:
SFWF CONTRACTION CPU NUMPY... [eps: 0.0001]
SFWF CONTRACTION CPU NUMPY DONE. [d_inf: 9.918213e-05, iterations: 8365, time: 0.09640836715698242 s]
---
REPETITION: 10/10:
SFWF CONTRACTION CPU NUMPY... [eps: 0.0001]
SFWF CONTRACTION CPU NUMPY DONE. [d_inf: 9.918213e-05, iterations: 8365, time: 0.09738445281982422 s]
***
SUMMARY:
HEIGHTS OUT[:5, :5]:
[[25.365894  22.23305   18.8149    15.397629  12.257225 ]
 [27.940697  23.916712  20.2746    16.968445  14.0749855]
 [29.720734  25.218504  21.39834   18.126572  15.371559 ]
 [30.52531   25.838228  21.973686  18.767944  16.134872 ]
 [30.24473   25.635416  21.890236  18.836649  16.364376 ]]
D_INF OF HEIGHTS VS REF: 0.0
D_INF (AT STOP) MEAN: 9.918212890625e-05
ITERATIONS MEAN: 8365.0
TIME MEAN: 0.09686036109924316 s, STD: 0.0003794521202795621 s, STD_%: 0.4%
SPEEDUP VS REF: 1.0
====================================================================================================================================================================================================================================================
CONTRACTION ITERATION APPROACH 2: sfwf_contraction_cpu_numba_parallel...
---
REPETITION: 1/10:
SFWF CONTRACTION CPU NUMBA PARALLEL... [eps: 0.0001]
SFWF CONTRACTION CPU NUMBA PARALLEL. [d_inf: 9.918213e-05, iterations: 8365, time: 0.21351170539855957 s]
---
REPETITION: 2/10:
SFWF CONTRACTION CPU NUMBA PARALLEL... [eps: 0.0001]
SFWF CONTRACTION CPU NUMBA PARALLEL. [d_inf: 9.918213e-05, iterations: 8365, time: 0.1530008316040039 s]
---
REPETITION: 3/10:
SFWF CONTRACTION CPU NUMBA PARALLEL... [eps: 0.0001]
SFWF CONTRACTION CPU NUMBA PARALLEL. [d_inf: 9.918213e-05, iterations: 8365, time: 0.15336871147155762 s]
---
REPETITION: 4/10:
SFWF CONTRACTION CPU NUMBA PARALLEL... [eps: 0.0001]
SFWF CONTRACTION CPU NUMBA PARALLEL. [d_inf: 9.918213e-05, iterations: 8365, time: 0.152923583984375 s]
---
REPETITION: 5/10:
SFWF CONTRACTION CPU NUMBA PARALLEL... [eps: 0.0001]
SFWF CONTRACTION CPU NUMBA PARALLEL. [d_inf: 9.918213e-05, iterations: 8365, time: 0.15339350700378418 s]
---
REPETITION: 6/10:
SFWF CONTRACTION CPU NUMBA PARALLEL... [eps: 0.0001]
SFWF CONTRACTION CPU NUMBA PARALLEL. [d_inf: 9.918213e-05, iterations: 8365, time: 0.15444350242614746 s]
---
REPETITION: 7/10:
SFWF CONTRACTION CPU NUMBA PARALLEL... [eps: 0.0001]
SFWF CONTRACTION CPU NUMBA PARALLEL. [d_inf: 9.918213e-05, iterations: 8365, time: 0.1953585147857666 s]
---
REPETITION: 8/10:
SFWF CONTRACTION CPU NUMBA PARALLEL... [eps: 0.0001]
SFWF CONTRACTION CPU NUMBA PARALLEL. [d_inf: 9.918213e-05, iterations: 8365, time: 0.1533186435699463 s]
---
REPETITION: 9/10:
SFWF CONTRACTION CPU NUMBA PARALLEL... [eps: 0.0001]
SFWF CONTRACTION CPU NUMBA PARALLEL. [d_inf: 9.918213e-05, iterations: 8365, time: 0.15124845504760742 s]
---
REPETITION: 10/10:
SFWF CONTRACTION CPU NUMBA PARALLEL... [eps: 0.0001]
SFWF CONTRACTION CPU NUMBA PARALLEL. [d_inf: 9.918213e-05, iterations: 8365, time: 0.15076422691345215 s]
***
SUMMARY:
HEIGHTS OUT[:5, :5]:
[[25.365894  22.23305   18.8149    15.397629  12.257225 ]
 [27.940697  23.916712  20.2746    16.968445  14.0749855]
 [29.720734  25.218504  21.39834   18.126572  15.371559 ]
 [30.52531   25.838228  21.973686  18.767944  16.134872 ]
 [30.24473   25.635416  21.890236  18.836649  16.364376 ]]
D_INF OF HEIGHTS VS REF: 0.0
D_INF (AT STOP) MEAN: 9.918212890625e-05
ITERATIONS MEAN: 8365.0
TIME MEAN: 0.16313316822052001 s, STD: 0.02107047162084547 s, STD_%: 12.9%
SPEEDUP VS REF: 0.5937502603290911
====================================================================================================================================================================================================================================================
CONTRACTION ITERATION APPROACH 3: sfwf_contraction_cuda_small...
[skipping this approach (too large WF_BORDER_N)]
====================================================================================================================================================================================================================================================
CONTRACTION ITERATION APPROACH 4: sfwf_contraction_cuda_large_atomicmax...
---
REPETITION: 1/10:
SFWF CONTRACTION CUDA LARGE ATOMICMAX... [eps: 0.0001, lazy_stop_check: 100, tpb_side: 16]
[bpg: (7, 7), tpb: (16, 16)]
SFWF CONTRACTION CUDA LARGE ATOMICMAX DONE. [d_inf: 9.918213e-05, iterations: 8400, time: 0.16354990005493164 s]
---
REPETITION: 2/10:
SFWF CONTRACTION CUDA LARGE ATOMICMAX... [eps: 0.0001, lazy_stop_check: 100, tpb_side: 16]
[bpg: (7, 7), tpb: (16, 16)]
SFWF CONTRACTION CUDA LARGE ATOMICMAX DONE. [d_inf: 9.918213e-05, iterations: 8400, time: 0.16321849822998047 s]
---
REPETITION: 3/10:
SFWF CONTRACTION CUDA LARGE ATOMICMAX... [eps: 0.0001, lazy_stop_check: 100, tpb_side: 16]
[bpg: (7, 7), tpb: (16, 16)]
SFWF CONTRACTION CUDA LARGE ATOMICMAX DONE. [d_inf: 9.918213e-05, iterations: 8400, time: 0.16394615173339844 s]
---
REPETITION: 4/10:
SFWF CONTRACTION CUDA LARGE ATOMICMAX... [eps: 0.0001, lazy_stop_check: 100, tpb_side: 16]
[bpg: (7, 7), tpb: (16, 16)]
SFWF CONTRACTION CUDA LARGE ATOMICMAX DONE. [d_inf: 9.918213e-05, iterations: 8400, time: 0.1632838249206543 s]
---
REPETITION: 5/10:
SFWF CONTRACTION CUDA LARGE ATOMICMAX... [eps: 0.0001, lazy_stop_check: 100, tpb_side: 16]
[bpg: (7, 7), tpb: (16, 16)]
SFWF CONTRACTION CUDA LARGE ATOMICMAX DONE. [d_inf: 9.918213e-05, iterations: 8400, time: 0.16221833229064941 s]
---
REPETITION: 6/10:
SFWF CONTRACTION CUDA LARGE ATOMICMAX... [eps: 0.0001, lazy_stop_check: 100, tpb_side: 16]
[bpg: (7, 7), tpb: (16, 16)]
SFWF CONTRACTION CUDA LARGE ATOMICMAX DONE. [d_inf: 9.918213e-05, iterations: 8400, time: 0.16290903091430664 s]
---
REPETITION: 7/10:
SFWF CONTRACTION CUDA LARGE ATOMICMAX... [eps: 0.0001, lazy_stop_check: 100, tpb_side: 16]
[bpg: (7, 7), tpb: (16, 16)]
SFWF CONTRACTION CUDA LARGE ATOMICMAX DONE. [d_inf: 9.918213e-05, iterations: 8400, time: 0.16193222999572754 s]
---
REPETITION: 8/10:
SFWF CONTRACTION CUDA LARGE ATOMICMAX... [eps: 0.0001, lazy_stop_check: 100, tpb_side: 16]
[bpg: (7, 7), tpb: (16, 16)]
SFWF CONTRACTION CUDA LARGE ATOMICMAX DONE. [d_inf: 9.918213e-05, iterations: 8400, time: 0.162369966506958 s]
---
REPETITION: 9/10:
SFWF CONTRACTION CUDA LARGE ATOMICMAX... [eps: 0.0001, lazy_stop_check: 100, tpb_side: 16]
[bpg: (7, 7), tpb: (16, 16)]
SFWF CONTRACTION CUDA LARGE ATOMICMAX DONE. [d_inf: 9.918213e-05, iterations: 8400, time: 0.16145563125610352 s]
---
REPETITION: 10/10:
SFWF CONTRACTION CUDA LARGE ATOMICMAX... [eps: 0.0001, lazy_stop_check: 100, tpb_side: 16]
[bpg: (7, 7), tpb: (16, 16)]
SFWF CONTRACTION CUDA LARGE ATOMICMAX DONE. [d_inf: 9.918213e-05, iterations: 8400, time: 0.161773681640625 s]
***
SUMMARY:
HEIGHTS OUT[:5, :5]:
[[25.365894 22.23305  18.8149   15.397629 12.257225]
 [27.940697 23.916716 20.274605 16.968456 14.075   ]
 [29.720734 25.21851  21.398354 18.126593 15.371587]
 [30.52531  25.838238 21.973707 18.767975 16.134912]
 [30.24473  25.63543  21.890263 18.836689 16.364433]]
D_INF OF HEIGHTS VS REF: 0.0034322739
D_INF (AT STOP) MEAN: 9.918212890625e-05
ITERATIONS MEAN: 8400.0
TIME MEAN: 0.1626657247543335 s, STD: 0.0007908083294261808 s, STD_%: 0.5%
SPEEDUP VS REF: 0.5954564875023726
====================================================================================================================================================================================================================================================
CONTRACTION ITERATION APPROACH 5: sfwf_contraction_cuda_large_atomicmaxglosten...
---
REPETITION: 1/10:
SFWF CONTRACTION CUDA LARGE ATOMICMAXGLOSTEN... [eps: 0.0001, lazy_stop_check: 100, tpb_side: 16]
[bpg: (7, 7), tpb: (16, 16)]
SFWF CONTRACTION CUDA LARGE ATOMICMAXGLOSTEN DONE. [d_inf: 9.918213e-05, iterations: 8400, time: 0.16280841827392578 s]
---
REPETITION: 2/10:
SFWF CONTRACTION CUDA LARGE ATOMICMAXGLOSTEN... [eps: 0.0001, lazy_stop_check: 100, tpb_side: 16]
[bpg: (7, 7), tpb: (16, 16)]
SFWF CONTRACTION CUDA LARGE ATOMICMAXGLOSTEN DONE. [d_inf: 9.918213e-05, iterations: 8400, time: 0.1625227928161621 s]
---
REPETITION: 3/10:
SFWF CONTRACTION CUDA LARGE ATOMICMAXGLOSTEN... [eps: 0.0001, lazy_stop_check: 100, tpb_side: 16]
[bpg: (7, 7), tpb: (16, 16)]
SFWF CONTRACTION CUDA LARGE ATOMICMAXGLOSTEN DONE. [d_inf: 9.918213e-05, iterations: 8400, time: 0.1630711555480957 s]
---
REPETITION: 4/10:
SFWF CONTRACTION CUDA LARGE ATOMICMAXGLOSTEN... [eps: 0.0001, lazy_stop_check: 100, tpb_side: 16]
[bpg: (7, 7), tpb: (16, 16)]
SFWF CONTRACTION CUDA LARGE ATOMICMAXGLOSTEN DONE. [d_inf: 9.918213e-05, iterations: 8400, time: 0.16261553764343262 s]
---
REPETITION: 5/10:
SFWF CONTRACTION CUDA LARGE ATOMICMAXGLOSTEN... [eps: 0.0001, lazy_stop_check: 100, tpb_side: 16]
[bpg: (7, 7), tpb: (16, 16)]
SFWF CONTRACTION CUDA LARGE ATOMICMAXGLOSTEN DONE. [d_inf: 9.918213e-05, iterations: 8400, time: 0.16309595108032227 s]
---
REPETITION: 6/10:
SFWF CONTRACTION CUDA LARGE ATOMICMAXGLOSTEN... [eps: 0.0001, lazy_stop_check: 100, tpb_side: 16]
[bpg: (7, 7), tpb: (16, 16)]
SFWF CONTRACTION CUDA LARGE ATOMICMAXGLOSTEN DONE. [d_inf: 9.918213e-05, iterations: 8400, time: 0.16327905654907227 s]
---
REPETITION: 7/10:
SFWF CONTRACTION CUDA LARGE ATOMICMAXGLOSTEN... [eps: 0.0001, lazy_stop_check: 100, tpb_side: 16]
[bpg: (7, 7), tpb: (16, 16)]
SFWF CONTRACTION CUDA LARGE ATOMICMAXGLOSTEN DONE. [d_inf: 9.918213e-05, iterations: 8400, time: 0.16300535202026367 s]
---
REPETITION: 8/10:
SFWF CONTRACTION CUDA LARGE ATOMICMAXGLOSTEN... [eps: 0.0001, lazy_stop_check: 100, tpb_side: 16]
[bpg: (7, 7), tpb: (16, 16)]
SFWF CONTRACTION CUDA LARGE ATOMICMAXGLOSTEN DONE. [d_inf: 9.918213e-05, iterations: 8400, time: 0.16292166709899902 s]
---
REPETITION: 9/10:
SFWF CONTRACTION CUDA LARGE ATOMICMAXGLOSTEN... [eps: 0.0001, lazy_stop_check: 100, tpb_side: 16]
[bpg: (7, 7), tpb: (16, 16)]
SFWF CONTRACTION CUDA LARGE ATOMICMAXGLOSTEN DONE. [d_inf: 9.918213e-05, iterations: 8400, time: 0.1611309051513672 s]
---
REPETITION: 10/10:
SFWF CONTRACTION CUDA LARGE ATOMICMAXGLOSTEN... [eps: 0.0001, lazy_stop_check: 100, tpb_side: 16]
[bpg: (7, 7), tpb: (16, 16)]
SFWF CONTRACTION CUDA LARGE ATOMICMAXGLOSTEN DONE. [d_inf: 9.918213e-05, iterations: 8400, time: 0.16147875785827637 s]
***
SUMMARY:
HEIGHTS OUT[:5, :5]:
[[25.365894 22.23305  18.8149   15.397629 12.257225]
 [27.940697 23.916716 20.274605 16.968456 14.075   ]
 [29.720734 25.21851  21.398354 18.126593 15.371587]
 [30.52531  25.838238 21.973707 18.767975 16.134912]
 [30.24473  25.63543  21.890263 18.836689 16.364433]]
D_INF OF HEIGHTS VS REF: 0.0034322739
D_INF (AT STOP) MEAN: 9.918212890625e-05
ITERATIONS MEAN: 8400.0
TIME MEAN: 0.1625929594039917 s, STD: 0.000682746018923814 s, STD_%: 0.4%
SPEEDUP VS REF: 0.5957229725954862
====================================================================================================================================================================================================================================================
CONTRACTION ITERATION APPROACH 6: sfwf_contraction_cuda_large_hreducemax...
---
REPETITION: 1/10:
SFWF CONTRACTION CUDA LARGE HREDUCEMAX... [eps: 0.0001, lazy_stop_check: 100, tpb_side: 16, tpb_reduce: 512]
[job bpg: (7, 7), tpb: (16, 16)]
[reduce bpg: 1, tpb: 512]
SFWF ITERATE CONTRACTION CUDA LARGE HREDUCEMAX DONE. [d_inf: 9.918213e-05 iterations: 8400, time: 0.1004633903503418 s]
---
REPETITION: 2/10:
SFWF CONTRACTION CUDA LARGE HREDUCEMAX... [eps: 0.0001, lazy_stop_check: 100, tpb_side: 16, tpb_reduce: 512]
[job bpg: (7, 7), tpb: (16, 16)]
[reduce bpg: 1, tpb: 512]
SFWF ITERATE CONTRACTION CUDA LARGE HREDUCEMAX DONE. [d_inf: 9.918213e-05 iterations: 8400, time: 0.10046696662902832 s]
---
REPETITION: 3/10:
SFWF CONTRACTION CUDA LARGE HREDUCEMAX... [eps: 0.0001, lazy_stop_check: 100, tpb_side: 16, tpb_reduce: 512]
[job bpg: (7, 7), tpb: (16, 16)]
[reduce bpg: 1, tpb: 512]
SFWF ITERATE CONTRACTION CUDA LARGE HREDUCEMAX DONE. [d_inf: 9.918213e-05 iterations: 8400, time: 0.10060000419616699 s]
---
REPETITION: 4/10:
SFWF CONTRACTION CUDA LARGE HREDUCEMAX... [eps: 0.0001, lazy_stop_check: 100, tpb_side: 16, tpb_reduce: 512]
[job bpg: (7, 7), tpb: (16, 16)]
[reduce bpg: 1, tpb: 512]
SFWF ITERATE CONTRACTION CUDA LARGE HREDUCEMAX DONE. [d_inf: 9.918213e-05 iterations: 8400, time: 0.10052037239074707 s]
---
REPETITION: 5/10:
SFWF CONTRACTION CUDA LARGE HREDUCEMAX... [eps: 0.0001, lazy_stop_check: 100, tpb_side: 16, tpb_reduce: 512]
[job bpg: (7, 7), tpb: (16, 16)]
[reduce bpg: 1, tpb: 512]
SFWF ITERATE CONTRACTION CUDA LARGE HREDUCEMAX DONE. [d_inf: 9.918213e-05 iterations: 8400, time: 0.10047602653503418 s]
---
REPETITION: 6/10:
SFWF CONTRACTION CUDA LARGE HREDUCEMAX... [eps: 0.0001, lazy_stop_check: 100, tpb_side: 16, tpb_reduce: 512]
[job bpg: (7, 7), tpb: (16, 16)]
[reduce bpg: 1, tpb: 512]
SFWF ITERATE CONTRACTION CUDA LARGE HREDUCEMAX DONE. [d_inf: 9.918213e-05 iterations: 8400, time: 0.1004495620727539 s]
---
REPETITION: 7/10:
SFWF CONTRACTION CUDA LARGE HREDUCEMAX... [eps: 0.0001, lazy_stop_check: 100, tpb_side: 16, tpb_reduce: 512]
[job bpg: (7, 7), tpb: (16, 16)]
[reduce bpg: 1, tpb: 512]
SFWF ITERATE CONTRACTION CUDA LARGE HREDUCEMAX DONE. [d_inf: 9.918213e-05 iterations: 8400, time: 0.1007533073425293 s]
---
REPETITION: 8/10:
SFWF CONTRACTION CUDA LARGE HREDUCEMAX... [eps: 0.0001, lazy_stop_check: 100, tpb_side: 16, tpb_reduce: 512]
[job bpg: (7, 7), tpb: (16, 16)]
[reduce bpg: 1, tpb: 512]
SFWF ITERATE CONTRACTION CUDA LARGE HREDUCEMAX DONE. [d_inf: 9.918213e-05 iterations: 8400, time: 0.100433349609375 s]
---
REPETITION: 9/10:
SFWF CONTRACTION CUDA LARGE HREDUCEMAX... [eps: 0.0001, lazy_stop_check: 100, tpb_side: 16, tpb_reduce: 512]
[job bpg: (7, 7), tpb: (16, 16)]
[reduce bpg: 1, tpb: 512]
SFWF ITERATE CONTRACTION CUDA LARGE HREDUCEMAX DONE. [d_inf: 9.918213e-05 iterations: 8400, time: 0.10048103332519531 s]
---
REPETITION: 10/10:
SFWF CONTRACTION CUDA LARGE HREDUCEMAX... [eps: 0.0001, lazy_stop_check: 100, tpb_side: 16, tpb_reduce: 512]
[job bpg: (7, 7), tpb: (16, 16)]
[reduce bpg: 1, tpb: 512]
SFWF ITERATE CONTRACTION CUDA LARGE HREDUCEMAX DONE. [d_inf: 9.918213e-05 iterations: 8400, time: 0.10048484802246094 s]
***
SUMMARY:
HEIGHTS OUT[:5, :5]:
[[25.365894 22.23305  18.8149   15.397629 12.257225]
 [27.940697 23.916716 20.274605 16.968456 14.075   ]
 [29.720734 25.21851  21.398354 18.126593 15.371587]
 [30.52531  25.838238 21.973707 18.767975 16.134912]
 [30.24473  25.63543  21.890263 18.836689 16.364433]]
D_INF OF HEIGHTS VS REF: 0.0034322739
D_INF (AT STOP) MEAN: 9.918212890625e-05
ITERATIONS MEAN: 8400.0
TIME MEAN: 0.10051288604736328 s, STD: 9.137929442093519e-05 s, STD_%: 0.1%
SPEEDUP VS REF: 0.9636611275254897
====================================================================================================================================================================================================================================================
CONTRACTION ITERATION APPROACH 7: sfwf_contraction_cuda_large_hreducemaxgs...
---
REPETITION: 1/10:
SFWF CONTRACTION CUDA LARGE HREDUCEMAXGS... [eps: 0.0001, lazy_stop_check: 100, tpb_side: 16, tpb_reduce: 512, cores: 21760]
[job bpg: (7, 7), tpb: (16, 16)]
[reduce1 (grid-stride) bpg: 170, tpb: 128]
[reduce2 bpg: 1, tpb: 512]
SFWF ITERATE CONTRACTION CUDA LARGE HREDUCEMAXGS DONE. [d_inf: 9.918213e-05 iterations: 8400, time: 0.10126399993896484 s]
---
REPETITION: 2/10:
SFWF CONTRACTION CUDA LARGE HREDUCEMAXGS... [eps: 0.0001, lazy_stop_check: 100, tpb_side: 16, tpb_reduce: 512, cores: 21760]
[job bpg: (7, 7), tpb: (16, 16)]
[reduce1 (grid-stride) bpg: 170, tpb: 128]
[reduce2 bpg: 1, tpb: 512]
SFWF ITERATE CONTRACTION CUDA LARGE HREDUCEMAXGS DONE. [d_inf: 9.918213e-05 iterations: 8400, time: 0.10142111778259277 s]
---
REPETITION: 3/10:
SFWF CONTRACTION CUDA LARGE HREDUCEMAXGS... [eps: 0.0001, lazy_stop_check: 100, tpb_side: 16, tpb_reduce: 512, cores: 21760]
[job bpg: (7, 7), tpb: (16, 16)]
[reduce1 (grid-stride) bpg: 170, tpb: 128]
[reduce2 bpg: 1, tpb: 512]
SFWF ITERATE CONTRACTION CUDA LARGE HREDUCEMAXGS DONE. [d_inf: 9.918213e-05 iterations: 8400, time: 0.10138130187988281 s]
---
REPETITION: 4/10:
SFWF CONTRACTION CUDA LARGE HREDUCEMAXGS... [eps: 0.0001, lazy_stop_check: 100, tpb_side: 16, tpb_reduce: 512, cores: 21760]
[job bpg: (7, 7), tpb: (16, 16)]
[reduce1 (grid-stride) bpg: 170, tpb: 128]
[reduce2 bpg: 1, tpb: 512]
SFWF ITERATE CONTRACTION CUDA LARGE HREDUCEMAXGS DONE. [d_inf: 9.918213e-05 iterations: 8400, time: 0.10142922401428223 s]
---
REPETITION: 5/10:
SFWF CONTRACTION CUDA LARGE HREDUCEMAXGS... [eps: 0.0001, lazy_stop_check: 100, tpb_side: 16, tpb_reduce: 512, cores: 21760]
[job bpg: (7, 7), tpb: (16, 16)]
[reduce1 (grid-stride) bpg: 170, tpb: 128]
[reduce2 bpg: 1, tpb: 512]
SFWF ITERATE CONTRACTION CUDA LARGE HREDUCEMAXGS DONE. [d_inf: 9.918213e-05 iterations: 8400, time: 0.10151243209838867 s]
---
REPETITION: 6/10:
SFWF CONTRACTION CUDA LARGE HREDUCEMAXGS... [eps: 0.0001, lazy_stop_check: 100, tpb_side: 16, tpb_reduce: 512, cores: 21760]
[job bpg: (7, 7), tpb: (16, 16)]
[reduce1 (grid-stride) bpg: 170, tpb: 128]
[reduce2 bpg: 1, tpb: 512]
SFWF ITERATE CONTRACTION CUDA LARGE HREDUCEMAXGS DONE. [d_inf: 9.918213e-05 iterations: 8400, time: 0.1013631820678711 s]
---
REPETITION: 7/10:
SFWF CONTRACTION CUDA LARGE HREDUCEMAXGS... [eps: 0.0001, lazy_stop_check: 100, tpb_side: 16, tpb_reduce: 512, cores: 21760]
[job bpg: (7, 7), tpb: (16, 16)]
[reduce1 (grid-stride) bpg: 170, tpb: 128]
[reduce2 bpg: 1, tpb: 512]
SFWF ITERATE CONTRACTION CUDA LARGE HREDUCEMAXGS DONE. [d_inf: 9.918213e-05 iterations: 8400, time: 0.10130929946899414 s]
---
REPETITION: 8/10:
SFWF CONTRACTION CUDA LARGE HREDUCEMAXGS... [eps: 0.0001, lazy_stop_check: 100, tpb_side: 16, tpb_reduce: 512, cores: 21760]
[job bpg: (7, 7), tpb: (16, 16)]
[reduce1 (grid-stride) bpg: 170, tpb: 128]
[reduce2 bpg: 1, tpb: 512]
SFWF ITERATE CONTRACTION CUDA LARGE HREDUCEMAXGS DONE. [d_inf: 9.918213e-05 iterations: 8400, time: 0.10161805152893066 s]
---
REPETITION: 9/10:
SFWF CONTRACTION CUDA LARGE HREDUCEMAXGS... [eps: 0.0001, lazy_stop_check: 100, tpb_side: 16, tpb_reduce: 512, cores: 21760]
[job bpg: (7, 7), tpb: (16, 16)]
[reduce1 (grid-stride) bpg: 170, tpb: 128]
[reduce2 bpg: 1, tpb: 512]
SFWF ITERATE CONTRACTION CUDA LARGE HREDUCEMAXGS DONE. [d_inf: 9.918213e-05 iterations: 8400, time: 0.10212159156799316 s]
---
REPETITION: 10/10:
SFWF CONTRACTION CUDA LARGE HREDUCEMAXGS... [eps: 0.0001, lazy_stop_check: 100, tpb_side: 16, tpb_reduce: 512, cores: 21760]
[job bpg: (7, 7), tpb: (16, 16)]
[reduce1 (grid-stride) bpg: 170, tpb: 128]
[reduce2 bpg: 1, tpb: 512]
SFWF ITERATE CONTRACTION CUDA LARGE HREDUCEMAXGS DONE. [d_inf: 9.918213e-05 iterations: 8400, time: 0.101776123046875 s]
***
SUMMARY:
HEIGHTS OUT[:5, :5]:
[[25.365894 22.23305  18.8149   15.397629 12.257225]
 [27.940697 23.916716 20.274605 16.968456 14.075   ]
 [29.720734 25.21851  21.398354 18.126593 15.371587]
 [30.52531  25.838238 21.973707 18.767975 16.134912]
 [30.24473  25.63543  21.890263 18.836689 16.364433]]
D_INF OF HEIGHTS VS REF: 0.0034322739
D_INF (AT STOP) MEAN: 9.918212890625e-05
ITERATIONS MEAN: 8400.0
TIME MEAN: 0.10151963233947754 s, STD: 0.00024677098764211224 s, STD_%: 0.2%
SPEEDUP VS REF: 0.9541047270083292
====================================================================================================================================================================================================================================================
CONTRACTION ITERATION APPROACH 8: sfwf_contraction_cuda_large_gridsync...
---
REPETITION: 1/10:
SFWF CONTRACTION CUDA LARGE GRIDSYNC... [eps: 0.0001, tpb_side: 16, assumed max_bpg_gridsync: None]
[wanted ideal bpg: (7, 7)]
[discovered max_bpg_gridsync: 340; time: 0.00011801719665527344 s]
[bpg: (7, 7), tpb: (16, 16), ept: 1]
SFWF ITERATE CONTRACTION CUDA LARGE GRIDSYNC DONE. [d_inf: 9.918213e-05, iterations: 8365, time: 0.04218745231628418 s]
---
REPETITION: 2/10:
SFWF CONTRACTION CUDA LARGE GRIDSYNC... [eps: 0.0001, tpb_side: 16, assumed max_bpg_gridsync: None]
[wanted ideal bpg: (7, 7)]
[discovered max_bpg_gridsync: 340; time: 4.100799560546875e-05 s]
[bpg: (7, 7), tpb: (16, 16), ept: 1]
SFWF ITERATE CONTRACTION CUDA LARGE GRIDSYNC DONE. [d_inf: 9.918213e-05, iterations: 8365, time: 0.04065370559692383 s]
---
REPETITION: 3/10:
SFWF CONTRACTION CUDA LARGE GRIDSYNC... [eps: 0.0001, tpb_side: 16, assumed max_bpg_gridsync: None]
[wanted ideal bpg: (7, 7)]
[discovered max_bpg_gridsync: 340; time: 3.337860107421875e-05 s]
[bpg: (7, 7), tpb: (16, 16), ept: 1]
SFWF ITERATE CONTRACTION CUDA LARGE GRIDSYNC DONE. [d_inf: 9.918213e-05, iterations: 8365, time: 0.04077410697937012 s]
---
REPETITION: 4/10:
SFWF CONTRACTION CUDA LARGE GRIDSYNC... [eps: 0.0001, tpb_side: 16, assumed max_bpg_gridsync: None]
[wanted ideal bpg: (7, 7)]
[discovered max_bpg_gridsync: 340; time: 3.2901763916015625e-05 s]
[bpg: (7, 7), tpb: (16, 16), ept: 1]
SFWF ITERATE CONTRACTION CUDA LARGE GRIDSYNC DONE. [d_inf: 9.918213e-05, iterations: 8365, time: 0.040610551834106445 s]
---
REPETITION: 5/10:
SFWF CONTRACTION CUDA LARGE GRIDSYNC... [eps: 0.0001, tpb_side: 16, assumed max_bpg_gridsync: None]
[wanted ideal bpg: (7, 7)]
[discovered max_bpg_gridsync: 340; time: 3.3855438232421875e-05 s]
[bpg: (7, 7), tpb: (16, 16), ept: 1]
SFWF ITERATE CONTRACTION CUDA LARGE GRIDSYNC DONE. [d_inf: 9.918213e-05, iterations: 8365, time: 0.040976524353027344 s]
---
REPETITION: 6/10:
SFWF CONTRACTION CUDA LARGE GRIDSYNC... [eps: 0.0001, tpb_side: 16, assumed max_bpg_gridsync: None]
[wanted ideal bpg: (7, 7)]
[discovered max_bpg_gridsync: 340; time: 3.337860107421875e-05 s]
[bpg: (7, 7), tpb: (16, 16), ept: 1]
SFWF ITERATE CONTRACTION CUDA LARGE GRIDSYNC DONE. [d_inf: 9.918213e-05, iterations: 8365, time: 0.04057168960571289 s]
---
REPETITION: 7/10:
SFWF CONTRACTION CUDA LARGE GRIDSYNC... [eps: 0.0001, tpb_side: 16, assumed max_bpg_gridsync: None]
[wanted ideal bpg: (7, 7)]
[discovered max_bpg_gridsync: 340; time: 3.266334533691406e-05 s]
[bpg: (7, 7), tpb: (16, 16), ept: 1]
SFWF ITERATE CONTRACTION CUDA LARGE GRIDSYNC DONE. [d_inf: 9.918213e-05, iterations: 8365, time: 0.0407712459564209 s]
---
REPETITION: 8/10:
SFWF CONTRACTION CUDA LARGE GRIDSYNC... [eps: 0.0001, tpb_side: 16, assumed max_bpg_gridsync: None]
[wanted ideal bpg: (7, 7)]
[discovered max_bpg_gridsync: 340; time: 3.504753112792969e-05 s]
[bpg: (7, 7), tpb: (16, 16), ept: 1]
SFWF ITERATE CONTRACTION CUDA LARGE GRIDSYNC DONE. [d_inf: 9.918213e-05, iterations: 8365, time: 0.04077577590942383 s]
---
REPETITION: 9/10:
SFWF CONTRACTION CUDA LARGE GRIDSYNC... [eps: 0.0001, tpb_side: 16, assumed max_bpg_gridsync: None]
[wanted ideal bpg: (7, 7)]
[discovered max_bpg_gridsync: 340; time: 3.1948089599609375e-05 s]
[bpg: (7, 7), tpb: (16, 16), ept: 1]
SFWF ITERATE CONTRACTION CUDA LARGE GRIDSYNC DONE. [d_inf: 9.918213e-05, iterations: 8365, time: 0.040753841400146484 s]
---
REPETITION: 10/10:
SFWF CONTRACTION CUDA LARGE GRIDSYNC... [eps: 0.0001, tpb_side: 16, assumed max_bpg_gridsync: None]
[wanted ideal bpg: (7, 7)]
[discovered max_bpg_gridsync: 340; time: 3.170967102050781e-05 s]
[bpg: (7, 7), tpb: (16, 16), ept: 1]
SFWF ITERATE CONTRACTION CUDA LARGE GRIDSYNC DONE. [d_inf: 9.918213e-05, iterations: 8365, time: 0.03994393348693848 s]
***
SUMMARY:
HEIGHTS OUT[:5, :5]:
[[25.365894  22.23305   18.8149    15.397629  12.257225 ]
 [27.940697  23.916712  20.2746    16.968445  14.0749855]
 [29.720734  25.218504  21.39834   18.126572  15.371559 ]
 [30.52531   25.838228  21.973686  18.767944  16.134872 ]
 [30.24473   25.635416  21.890236  18.836649  16.364376 ]]
D_INF OF HEIGHTS VS REF: 0.0
D_INF (AT STOP) MEAN: 9.918212890625e-05
ITERATIONS MEAN: 8365.0
TIME MEAN: 0.04080188274383545 s, STD: 0.0005293989202134269 s, STD_%: 1.3%
SPEEDUP VS REF: 2.3739189122069937
====================================================================================================================================================================================================================================================
====================================================================================================================================================================================================================================================
FINAL SUMMARY:
CONTRACTION ITERATION APPROACH 1: sfwf_contraction_cpu_numpy (REFERENCE) -> MEAN ITERATIONS: 8365.0, MEAN D_INF: 9.918212890625e-05, MEAN TIME: 0.09686036109924316 s, TIME STD: 0.0003794521202795621 s, STD_%: 0.4%, SPEED-UP: 1.00
CONTRACTION ITERATION APPROACH 2: sfwf_contraction_cpu_numba_parallel -> MEAN ITERATIONS: 8365.0, MEAN D_INF: 9.918212890625e-05, MEAN TIME: 0.16313316822052001 s, TIME STD: 0.02107047162084547 s, STD_%: 12.9%, SPEED-UP: 0.59
CONTRACTION ITERATION APPROACH 3: sfwf_contraction_cuda_small SKIPPED.
CONTRACTION ITERATION APPROACH 4: sfwf_contraction_cuda_large_atomicmax -> MEAN ITERATIONS: 8400.0, MEAN D_INF: 9.918212890625e-05, MEAN TIME: 0.1626657247543335 s, TIME STD: 0.0007908083294261808 s, STD_%: 0.5%, SPEED-UP: 0.60
CONTRACTION ITERATION APPROACH 5: sfwf_contraction_cuda_large_atomicmaxglosten -> MEAN ITERATIONS: 8400.0, MEAN D_INF: 9.918212890625e-05, MEAN TIME: 0.1625929594039917 s, TIME STD: 0.000682746018923814 s, STD_%: 0.4%, SPEED-UP: 0.60
CONTRACTION ITERATION APPROACH 6: sfwf_contraction_cuda_large_hreducemax -> MEAN ITERATIONS: 8400.0, MEAN D_INF: 9.918212890625e-05, MEAN TIME: 0.10051288604736328 s, TIME STD: 9.137929442093519e-05 s, STD_%: 0.1%, SPEED-UP: 0.96
CONTRACTION ITERATION APPROACH 7: sfwf_contraction_cuda_large_hreducemaxgs -> MEAN ITERATIONS: 8400.0, MEAN D_INF: 9.918212890625e-05, MEAN TIME: 0.10151963233947754 s, TIME STD: 0.00024677098764211224 s, STD_%: 0.2%, SPEED-UP: 0.95
CONTRACTION ITERATION APPROACH 8: sfwf_contraction_cuda_large_gridsync -> MEAN ITERATIONS: 8365.0, MEAN D_INF: 9.918212890625e-05, MEAN TIME: 0.04080188274383545 s, TIME STD: 0.0005293989202134269 s, STD_%: 1.3%, SPEED-UP: 2.37
MONTE CARLO APPROACH 1: sfwf_mc_cpu_numpy OFF.
MONTE CARLO APPROACH 2: sfwf_mc_cuda OFF.
SOAP FILM IN A WIRE FRAME DONE. [hash string: 0122780276_79797_901_[7;20;5.0;100;True;1.0e-04;False;0;1e+09;(12,36);False;3;TTTTTTTT;FF], time: 8.28872036933899]
