SOAP FILM IN A WIRE FRAME...
HASH STRING: 0156483812_62390_692_[7;20;5.0;64;True;0.0001;0;100000;TTTTTTTT]
====================================================================================================================================================================================================
EXPERIMENT INFO:
{
  SEED: 7,
  WF_FOURIER_N: 20,
  WF_FOURIER_AMPLITUDE: 5.0,
  WF_BORDER_N: 64,
  NUMPY_SINGLE_THREAD: True,
  CONTRACTION_EPS: 0.0001,
  MC_SEED: 0,
  MC_SAMPLES: 100000,
  APPROACH_CONTRACTION_CPU_NUMPY: (True, 'sfwf_contraction_cpu_numpy', 1, {}),
  APPROACH_CONTRACTION_CUDA_SMALL: (True, 'sfwf_contraction_cuda_small', 3, {'tpb': 512}),
  APPROACH_CONTRACTION_CUDA_LARGE_ATOMICMAX: (True, 'sfwf_contraction_cuda_large_atomicmax', 3, {'lazy_stop_check': 100, 'tpb_side': 16}),
  APPROACH_CONTRACTION_CUDA_LARGE_ATOMICMAX_GLOBALMEM: (False, 'sfwf_contraction_cuda_large_atomicmax_globalmem', 0, {}),
  APPROACH_CONTRACTION_CUDA_LARGE_GRIDREDUCEMAX: (False, 'sfwf_contraction_cuda_large_gridreducemax', 0, {}),
  APPROACH_CONTRACTION_CUDA_LARGE_GRIDSYNC: (False, 'sfwf_contraction_cuda_large_gridsync', 0, {}),
  APPROACH_MC_CPU_NUMPY: (False, 'sfwf_mc_cpu_numpy', 0, {}),
  APPROACH_MC_CUDA: (True, 'sfwf_mc_cuda', 3, {'i': 12, 'j': 36, 'n_samples': 100000, 'seed': 0, 'tpb': 64})
}
====================================================================================================================================================================================================
CPU AND SYSTEM:
{'cpu_name': 'Intel(R) Xeon(R) CPU E3-1505M v5 @ 2.80GHz',
 'os_machine': 'AMD64',
 'os_name': 'Windows 10',
 'os_version': '10.0.19045',
 'ram_size': '63.9 GB'}
GPU:
{'async_engine_count': 5,
 'can_map_host_memory': 1,
 'compute_capability': (5, 2),
 'cores_per_SM': 128,
 'cores_total': 1280,
 'max_block_dim_x': 1024,
 'max_block_dim_y': 1024,
 'max_block_dim_z': 64,
 'max_grid_dim_x': 2147483647,
 'max_grid_dim_y': 65535,
 'max_grid_dim_z': 65535,
 'max_shared_memory_per_block': 49152,
 'max_threads_per_block': 1024,
 'multiprocessor_count': 10,
 'name': 'Quadro M4000M',
 'pci_bus_id': 1,
 'pci_device_id': 0,
 'unified_addressing': 1,
 'warp_size': 32}
====================================================================================================================================================================================================
RANDOM WIRE FRAME WITH TOTAL OF POINTS (STATES): 4096
HEIGHTS IN[:5, :5]:
[[25.365894  20.296429  14.925921  10.320204   7.3313727]
 [29.068245   0.         0.         0.         0.       ]
 [30.553246   0.         0.         0.         0.       ]
 [29.360521   0.         0.         0.         0.       ]
 [25.516117   0.         0.         0.         0.       ]]
====================================================================================================================================================================================================
CONTRACTION ITERATION APPROACH 1: APPROACH_CONTRACTION_CPU_NUMPY [function: sfwf_contraction_cpu_numpy]...
---
REPETITION: 1/1:
SFWF CONTRACTION CPU NUMPY... [eps: 0.0001]
SFWF CONTRACTION CPU NUMPY DONE. [d_inf: 9.918212890625e-05, iterations: 4113, time: 0.48368120193481445 s]
***
SUMMARY:
HEIGHTS OUT[:5, :5]:
[[25.365894  20.296429  14.925921  10.320204   7.3313727]
 [29.068245  22.564072  17.283554  13.201903  10.526151 ]
 [30.553246  23.608059  18.44232   14.677709  12.188996 ]
 [29.360521  22.8726    18.199963  14.877619  12.656763 ]
 [25.516117  20.32186   16.607319  13.9760475 12.190479 ]]
D_INF OF HEIGHTS VS REF: 0.0
TIME MEAN: 0.48368120193481445 s, STD: 0.0 s
SPEEDUP VS REF: 1.0
====================================================================================================================================================================================================
CONTRACTION ITERATION APPROACH 2: APPROACH_CONTRACTION_CUDA_SMALL [function: sfwf_contraction_cuda_small]...
---
REPETITION: 1/3:
SFWF CONTRACTION CUDA SMALL... [eps: 0.0001, tpb: 512]
SFWF CONTRACTION CUDA SMALL DONE. [d_inf: 9.918212890625e-05, iterations: 4113, time: 0.15857648849487305 s]
---
REPETITION: 2/3:
SFWF CONTRACTION CUDA SMALL... [eps: 0.0001, tpb: 512]
SFWF CONTRACTION CUDA SMALL DONE. [d_inf: 9.918212890625e-05, iterations: 4113, time: 0.12666106224060059 s]
---
REPETITION: 3/3:
SFWF CONTRACTION CUDA SMALL... [eps: 0.0001, tpb: 512]
SFWF CONTRACTION CUDA SMALL DONE. [d_inf: 9.918212890625e-05, iterations: 4113, time: 0.12467360496520996 s]
***
SUMMARY:
HEIGHTS OUT[:5, :5]:
[[25.365894  20.296429  14.925921  10.320204   7.3313727]
 [29.068245  22.564072  17.283554  13.201903  10.526151 ]
 [30.553246  23.608059  18.44232   14.677709  12.188996 ]
 [29.360521  22.8726    18.199963  14.877619  12.656763 ]
 [25.516117  20.32186   16.607319  13.9760475 12.190479 ]]
D_INF OF HEIGHTS VS REF: 0.0
TIME MEAN: 0.13663705190022787 s, STD: 0.015534727873879176 s
SPEEDUP VS REF: 3.5398978184043197
====================================================================================================================================================================================================
CONTRACTION ITERATION APPROACH 3: APPROACH_CONTRACTION_CUDA_LARGE_ATOMICMAX [function: sfwf_contraction_cuda_large_atomicmax]...
---
REPETITION: 1/3:
SFWF CONTRACTION CUDA LARGE ATOMICMAX... [eps: 0.0001, lazy_stop_check: 100, tpb_side: 16]
[bpg: (4, 4)]
SFWF CONTRACTION CUDA LARGE ATOMICMAX DONE. [d_inf: 8.96453857421875e-05, iterations: 4200, time: 0.548846960067749 s]
---
REPETITION: 2/3:
SFWF CONTRACTION CUDA LARGE ATOMICMAX... [eps: 0.0001, lazy_stop_check: 100, tpb_side: 16]
[bpg: (4, 4)]
SFWF CONTRACTION CUDA LARGE ATOMICMAX DONE. [d_inf: 8.96453857421875e-05, iterations: 4200, time: 0.5560722351074219 s]
---
REPETITION: 3/3:
SFWF CONTRACTION CUDA LARGE ATOMICMAX... [eps: 0.0001, lazy_stop_check: 100, tpb_side: 16]
[bpg: (4, 4)]
SFWF CONTRACTION CUDA LARGE ATOMICMAX DONE. [d_inf: 8.96453857421875e-05, iterations: 4200, time: 0.5545177459716797 s]
***
SUMMARY:
HEIGHTS OUT[:5, :5]:
[[25.365894  20.296429  14.925921  10.320204   7.3313727]
 [29.068245  22.56409   17.283594  13.201963  10.526232 ]
 [30.553246  23.608099  18.4424    14.67783   12.189158 ]
 [29.360521  22.87266   18.200085  14.877799  12.657004 ]
 [25.516117  20.321941  16.607481  13.976289  12.190799 ]]
D_INF OF HEIGHTS VS REF: 0.008157730102539062
TIME MEAN: 0.5531456470489502 s, STD: 0.0031051721841734163 s
SPEEDUP VS REF: 0.8744192501835081
====================================================================================================================================================================================================
MONTE CARLO APPROACH 2: APPROACH_MC_CUDA [function: sfwf_mc_cuda]...
---
REPETITION: 1/3:
SFWF MC CUDA... [(i, j): (12, 36), wanted n_samples: 1.0e+05, seed: 0]
[min_n_generators: 10000, bpg_walk: 157, tpb: 64]
[initialization of random generators...]
[initialization of random generators done; count: 10048, memory: 0.153 MiB, time: 1.10609769821167 s]
[random walks done; time: 0.05284285545349121 s]
[global reduction done; time: 0.0009980201721191406 s]
SFWF MC CUDA DONE. [h_mean: 8.165230751037598, T_mean: 749.8333129882812, n_samples_defacto: 1.0e+05; time: 1.1609511375427246 s, time without generators iniitalization: 0.05485343933105469 s]
---
REPETITION: 2/3:
SFWF MC CUDA... [(i, j): (12, 36), wanted n_samples: 1.0e+05, seed: 0]
[min_n_generators: 10000, bpg_walk: 157, tpb: 64]
[initialization of random generators...]
[initialization of random generators done; count: 10048, memory: 0.153 MiB, time: 0.0019943714141845703 s]
[random walks done; time: 0.05285811424255371 s]
[global reduction done; time: 0.0019953250885009766 s]
SFWF MC CUDA DONE. [h_mean: 8.165230751037598, T_mean: 749.8333129882812, n_samples_defacto: 1.0e+05; time: 0.057845354080200195 s, time without generators iniitalization: 0.055850982666015625 s]
---
REPETITION: 3/3:
SFWF MC CUDA... [(i, j): (12, 36), wanted n_samples: 1.0e+05, seed: 0]
[min_n_generators: 10000, bpg_walk: 157, tpb: 64]
[initialization of random generators...]
[initialization of random generators done; count: 10048, memory: 0.153 MiB, time: 0.003014087677001953 s]
[random walks done; time: 0.05385446548461914 s]
[global reduction done; time: 0.0009729862213134766 s]
SFWF MC CUDA DONE. [h_mean: 8.165230751037598, T_mean: 749.8333129882812, n_samples_defacto: 1.0e+05; time: 0.05784153938293457 s, time without generators iniitalization: 0.05482745170593262 s]
***
SUMMARY:
COMPARISON OF SINGLE HEIGHT VS REF: contraction_ref_heights_out[i0, j0]=8.160212 vs h_mean=8.165231, ABS DIFF: 5.0191879e-03]
TIME MEAN: 0.42554601033528644 s, STD: 0.5200099523700672 s
SPEEDUP VS REF: 1.0
====================================================================================================================================================================================================
====================================================================================================================================================================================================
FINAL SUMMARY:
CONTRACTION ITERATION APPROACH 1: APPROACH_CONTRACTION_CPU_NUMPY [function: sfwf_contraction_cpu_numpy] (REFERENCE) -> MEAN TIME: 0.48368120193481445, STD: 0.0, SPEED-UP: 1.00
CONTRACTION ITERATION APPROACH 2: APPROACH_CONTRACTION_CUDA_SMALL [function: sfwf_contraction_cuda_small] -> MEAN TIME: 0.13663705190022787, STD: 0.015534727873879176, SPEED-UP: 3.54
CONTRACTION ITERATION APPROACH 3: APPROACH_CONTRACTION_CUDA_LARGE_ATOMICMAX [function: sfwf_contraction_cuda_large_atomicmax] -> MEAN TIME: 0.5531456470489502, STD: 0.0031051721841734163, SPEED-UP: 0.87
CONTRACTION ITERATION APPROACH 4: APPROACH_CONTRACTION_CUDA_LARGE_ATOMICMAX_GLOBALMEM [function: sfwf_contraction_cuda_large_atomicmax_globalmem] OFF.
CONTRACTION ITERATION APPROACH 5: APPROACH_CONTRACTION_CUDA_LARGE_GRIDREDUCEMAX [function: sfwf_contraction_cuda_large_gridreducemax] OFF.
CONTRACTION ITERATION APPROACH 6: APPROACH_CONTRACTION_CUDA_LARGE_GRIDSYNC [function: sfwf_contraction_cuda_large_gridsync] OFF.
MONTE CARLO APPROACH 1: APPROACH_MC_CPU_NUMPY [function: sfwf_mc_cpu_numpy] OFF.
MONTE CARLO APPROACH 2: APPROACH_MC_CUDA [function: sfwf_mc_cuda] (REFERENCE) -> MEAN TIME: 0.42554601033528644, STD: 0.5200099523700672, SPEED-UP: 1.00
SOAP FILM IN A WIRE FRAME DONE [time: 3.84163761138916].
