SOAP FILM IN A WIRE FRAME...
HASH STRING: 0316867646_71135_901_[7;20;5.0;32;True;1.0e-04;False;0;1e+09;(12,36);False;3;TTTTTTTT;FF]
====================================================================================================================================================================================================================================================
EXPERIMENT INFO:
{
  SEED: 7,
  WF_FOURIER_N: 20,
  WF_FOURIER_AMPLITUDE: 5.0,
  WF_BORDER_N: 32,
  NUMPY_SINGLE_THREAD: True,
  CONTRACTION_EPS: 0.0001,
  CONTRACTION_PLOTS: False,
  MC_SEED: 0,
  MC_SAMPLES: 1000000000,
  MC_I0_J0: (12, 36),
  MC_EXAMPLE_PLOT: False,
  MC_EXAMPLE_PLOT_SAMPLES: 3,
  sfwf_contraction_cpu_numpy: (True, 'sfwf_contraction_cpu_numpy', 10, {}),
  sfwf_contraction_cpu_numba_parallel: (True, 'sfwf_contraction_cpu_numba_parallel', 10, {}),
  sfwf_contraction_cuda_small: (True, 'sfwf_contraction_cuda_small', 10, {'tpb': 512}),
  sfwf_contraction_cuda_large_atomicmax: (True, 'sfwf_contraction_cuda_large_atomicmax', 10, {'lazy_stop_check': 100, 'tpb_side': 16}),
  sfwf_contraction_cuda_large_atomicmaxglosten: (True, 'sfwf_contraction_cuda_large_atomicmaxglosten', 10, {'lazy_stop_check': 100, 'tpb_side': 16}),
  sfwf_contraction_cuda_large_hreducemax: (True, 'sfwf_contraction_cuda_large_hreducemax', 10, {'lazy_stop_check': 100, 'tpb_side': 16, 'tpb_reduce': 512}),
  sfwf_contraction_cuda_large_hreducemaxgs: (True, 'sfwf_contraction_cuda_large_hreducemaxgs', 10, {'lazy_stop_check': 100, 'tpb_side': 16, 'tpb_reduce': 512, 'cores': 21760}),
  sfwf_contraction_cuda_large_gridsync: (True, 'sfwf_contraction_cuda_large_gridsync', 10, {'tpb_side': 16}),
  sfwf_mc_cpu_numpy: (False, 'sfwf_mc_cpu_numpy', 0, {}),
  sfwf_mc_cuda: (False, 'sfwf_mc_cuda', 0, {})
}
====================================================================================================================================================================================================================================================
CPU AND SYSTEM:
{'cpu_name': 'AMD Ryzen 9 9950X 16-Core Processor',
 'os_machine': 'x86_64',
 'os_name': 'Linux 6.14.0-37-generic',
 'os_version': '#37~24.04.1-Ubuntu SMP PREEMPT_DYNAMIC Thu Nov 20 10:25:38 UTC '
               '2',
 'ram_size': '123.4 GB'}
GPU:
{'async_engine_count': 2,
 'can_map_host_memory': 1,
 'compute_capability': ComputeCapability(major=12, minor=0),
 'cores_per_SM': 128,
 'cores_total': 21760,
 'max_block_dim_x': 1024,
 'max_block_dim_y': 1024,
 'max_block_dim_z': 64,
 'max_grid_dim_x': 2147483647,
 'max_grid_dim_y': 65535,
 'max_grid_dim_z': 65535,
 'max_shared_memory_per_block': 49152,
 'max_threads_per_block': 1024,
 'multiprocessor_count': 170,
 'name': 'NVIDIA GeForce RTX 5090',
 'pci_bus_id': 1,
 'pci_device_id': 0,
 'unified_addressing': 1,
 'warp_size': 32}
====================================================================================================================================================================================================================================================
RANDOM WIRE FRAME WITH TOTAL OF POINTS (STATES): 1024
HEIGHTS IN[:5, :5]:
[[25.365894 14.760059  7.207704  7.832463 14.564732]
 [30.557764  0.        0.        0.        0.      ]
 [25.186687  0.        0.        0.        0.      ]
 [11.579604  0.        0.        0.        0.      ]
 [-2.134684  0.        0.        0.        0.      ]]
====================================================================================================================================================================================================================================================
CONTRACTION ITERATION APPROACH 1: sfwf_contraction_cpu_numpy...
---
REPETITION: 1/10:
SFWF CONTRACTION CPU NUMPY... [eps: 0.0001]
SFWF CONTRACTION CPU NUMPY DONE. [d_inf: 9.918213e-05, iterations: 1270, time: 0.007086515426635742 s]
---
REPETITION: 2/10:
SFWF CONTRACTION CPU NUMPY... [eps: 0.0001]
SFWF CONTRACTION CPU NUMPY DONE. [d_inf: 9.918213e-05, iterations: 1270, time: 0.007068157196044922 s]
---
REPETITION: 3/10:
SFWF CONTRACTION CPU NUMPY... [eps: 0.0001]
SFWF CONTRACTION CPU NUMPY DONE. [d_inf: 9.918213e-05, iterations: 1270, time: 0.007051229476928711 s]
---
REPETITION: 4/10:
SFWF CONTRACTION CPU NUMPY... [eps: 0.0001]
SFWF CONTRACTION CPU NUMPY DONE. [d_inf: 9.918213e-05, iterations: 1270, time: 0.007016658782958984 s]
---
REPETITION: 5/10:
SFWF CONTRACTION CPU NUMPY... [eps: 0.0001]
SFWF CONTRACTION CPU NUMPY DONE. [d_inf: 9.918213e-05, iterations: 1270, time: 0.00703740119934082 s]
---
REPETITION: 6/10:
SFWF CONTRACTION CPU NUMPY... [eps: 0.0001]
SFWF CONTRACTION CPU NUMPY DONE. [d_inf: 9.918213e-05, iterations: 1270, time: 0.007014751434326172 s]
---
REPETITION: 7/10:
SFWF CONTRACTION CPU NUMPY... [eps: 0.0001]
SFWF CONTRACTION CPU NUMPY DONE. [d_inf: 9.918213e-05, iterations: 1270, time: 0.006989717483520508 s]
---
REPETITION: 8/10:
SFWF CONTRACTION CPU NUMPY... [eps: 0.0001]
SFWF CONTRACTION CPU NUMPY DONE. [d_inf: 9.918213e-05, iterations: 1270, time: 0.006999492645263672 s]
---
REPETITION: 9/10:
SFWF CONTRACTION CPU NUMPY... [eps: 0.0001]
SFWF CONTRACTION CPU NUMPY DONE. [d_inf: 9.918213e-05, iterations: 1270, time: 0.006988525390625 s]
---
REPETITION: 10/10:
SFWF CONTRACTION CPU NUMPY... [eps: 0.0001]
SFWF CONTRACTION CPU NUMPY DONE. [d_inf: 9.918213e-05, iterations: 1270, time: 0.0069963932037353516 s]
***
SUMMARY:
HEIGHTS OUT[:5, :5]:
[[25.365894  14.760059   7.207704   7.832463  14.564732 ]
 [30.557764  18.470022  12.089523  10.63242   12.1863575]
 [25.186687  16.472748  12.047957  10.421345  10.254829 ]
 [11.579604  10.186335   9.20823    8.750196   8.530576 ]
 [-2.134684   3.4847724  5.8484545  6.840671   7.1408844]]
D_INF OF HEIGHTS VS REF: 0.0
D_INF (AT STOP) MEAN: 9.918212890625e-05
ITERATIONS MEAN: 1270.0
TIME MEAN: 0.007024884223937988 s, STD: 3.2721809982286965e-05 s, STD_%: 0.5%
SPEEDUP VS REF: 1.0
====================================================================================================================================================================================================================================================
CONTRACTION ITERATION APPROACH 2: sfwf_contraction_cpu_numba_parallel...
---
REPETITION: 1/10:
SFWF CONTRACTION CPU NUMBA PARALLEL... [eps: 0.0001]
SFWF CONTRACTION CPU NUMBA PARALLEL. [d_inf: 9.918213e-05, iterations: 1270, time: 0.0211029052734375 s]
---
REPETITION: 2/10:
SFWF CONTRACTION CPU NUMBA PARALLEL... [eps: 0.0001]
SFWF CONTRACTION CPU NUMBA PARALLEL. [d_inf: 9.918213e-05, iterations: 1270, time: 0.019667387008666992 s]
---
REPETITION: 3/10:
SFWF CONTRACTION CPU NUMBA PARALLEL... [eps: 0.0001]
SFWF CONTRACTION CPU NUMBA PARALLEL. [d_inf: 9.918213e-05, iterations: 1270, time: 0.01968550682067871 s]
---
REPETITION: 4/10:
SFWF CONTRACTION CPU NUMBA PARALLEL... [eps: 0.0001]
SFWF CONTRACTION CPU NUMBA PARALLEL. [d_inf: 9.918213e-05, iterations: 1270, time: 0.019699811935424805 s]
---
REPETITION: 5/10:
SFWF CONTRACTION CPU NUMBA PARALLEL... [eps: 0.0001]
SFWF CONTRACTION CPU NUMBA PARALLEL. [d_inf: 9.918213e-05, iterations: 1270, time: 0.019802331924438477 s]
---
REPETITION: 6/10:
SFWF CONTRACTION CPU NUMBA PARALLEL... [eps: 0.0001]
SFWF CONTRACTION CPU NUMBA PARALLEL. [d_inf: 9.918213e-05, iterations: 1270, time: 0.0197751522064209 s]
---
REPETITION: 7/10:
SFWF CONTRACTION CPU NUMBA PARALLEL... [eps: 0.0001]
SFWF CONTRACTION CPU NUMBA PARALLEL. [d_inf: 9.918213e-05, iterations: 1270, time: 0.01979207992553711 s]
---
REPETITION: 8/10:
SFWF CONTRACTION CPU NUMBA PARALLEL... [eps: 0.0001]
SFWF CONTRACTION CPU NUMBA PARALLEL. [d_inf: 9.918213e-05, iterations: 1270, time: 0.01978921890258789 s]
---
REPETITION: 9/10:
SFWF CONTRACTION CPU NUMBA PARALLEL... [eps: 0.0001]
SFWF CONTRACTION CPU NUMBA PARALLEL. [d_inf: 9.918213e-05, iterations: 1270, time: 0.01975083351135254 s]
---
REPETITION: 10/10:
SFWF CONTRACTION CPU NUMBA PARALLEL... [eps: 0.0001]
SFWF CONTRACTION CPU NUMBA PARALLEL. [d_inf: 9.918213e-05, iterations: 1270, time: 0.01982879638671875 s]
***
SUMMARY:
HEIGHTS OUT[:5, :5]:
[[25.365894  14.760059   7.207704   7.832463  14.564732 ]
 [30.557764  18.47002   12.089521  10.632416  12.186354 ]
 [25.186687  16.472746  12.047954  10.421338  10.254822 ]
 [11.579604  10.186333   9.208223   8.750188   8.530563 ]
 [-2.134684   3.4847684  5.848447   6.840659   7.1408696]]
D_INF OF HEIGHTS VS REF: 9.918213e-05
D_INF (AT STOP) MEAN: 9.918212890625e-05
ITERATIONS MEAN: 1270.0
TIME MEAN: 0.019889402389526366 s, STD: 0.0004077272626079758 s, STD_%: 2.0%
SPEEDUP VS REF: 0.35319735034559147
====================================================================================================================================================================================================================================================
CONTRACTION ITERATION APPROACH 3: sfwf_contraction_cuda_small...
---
REPETITION: 1/10:
SFWF CONTRACTION CUDA SMALL... [eps: 0.0001, bpg: 1, tpb: 512]
SFWF CONTRACTION CUDA SMALL DONE. [d_inf: 9.918213e-05, iterations: 1270, time: 0.004643440246582031 s]
---
REPETITION: 2/10:
SFWF CONTRACTION CUDA SMALL... [eps: 0.0001, bpg: 1, tpb: 512]
SFWF CONTRACTION CUDA SMALL DONE. [d_inf: 9.918213e-05, iterations: 1270, time: 0.003920316696166992 s]
---
REPETITION: 3/10:
SFWF CONTRACTION CUDA SMALL... [eps: 0.0001, bpg: 1, tpb: 512]
SFWF CONTRACTION CUDA SMALL DONE. [d_inf: 9.918213e-05, iterations: 1270, time: 0.0038771629333496094 s]
---
REPETITION: 4/10:
SFWF CONTRACTION CUDA SMALL... [eps: 0.0001, bpg: 1, tpb: 512]
SFWF CONTRACTION CUDA SMALL DONE. [d_inf: 9.918213e-05, iterations: 1270, time: 0.0038764476776123047 s]
---
REPETITION: 5/10:
SFWF CONTRACTION CUDA SMALL... [eps: 0.0001, bpg: 1, tpb: 512]
SFWF CONTRACTION CUDA SMALL DONE. [d_inf: 9.918213e-05, iterations: 1270, time: 0.0038657188415527344 s]
---
REPETITION: 6/10:
SFWF CONTRACTION CUDA SMALL... [eps: 0.0001, bpg: 1, tpb: 512]
SFWF CONTRACTION CUDA SMALL DONE. [d_inf: 9.918213e-05, iterations: 1270, time: 0.0038673877716064453 s]
---
REPETITION: 7/10:
SFWF CONTRACTION CUDA SMALL... [eps: 0.0001, bpg: 1, tpb: 512]
SFWF CONTRACTION CUDA SMALL DONE. [d_inf: 9.918213e-05, iterations: 1270, time: 0.0038721561431884766 s]
---
REPETITION: 8/10:
SFWF CONTRACTION CUDA SMALL... [eps: 0.0001, bpg: 1, tpb: 512]
SFWF CONTRACTION CUDA SMALL DONE. [d_inf: 9.918213e-05, iterations: 1270, time: 0.00385284423828125 s]
---
REPETITION: 9/10:
SFWF CONTRACTION CUDA SMALL... [eps: 0.0001, bpg: 1, tpb: 512]
SFWF CONTRACTION CUDA SMALL DONE. [d_inf: 9.918213e-05, iterations: 1270, time: 0.0038514137268066406 s]
---
REPETITION: 10/10:
SFWF CONTRACTION CUDA SMALL... [eps: 0.0001, bpg: 1, tpb: 512]
SFWF CONTRACTION CUDA SMALL DONE. [d_inf: 9.918213e-05, iterations: 1270, time: 0.00384521484375 s]
***
SUMMARY:
HEIGHTS OUT[:5, :5]:
[[25.365894  14.760059   7.207704   7.832463  14.564732 ]
 [30.557764  18.470022  12.089523  10.63242   12.1863575]
 [25.186687  16.472748  12.047957  10.421345  10.254829 ]
 [11.579604  10.186335   9.20823    8.750196   8.530576 ]
 [-2.134684   3.4847724  5.8484545  6.840671   7.1408844]]
D_INF OF HEIGHTS VS REF: 0.0
D_INF (AT STOP) MEAN: 9.918212890625e-05
ITERATIONS MEAN: 1270.0
TIME MEAN: 0.003947210311889648 s, STD: 0.00023291715634014932 s, STD_%: 5.9%
SPEEDUP VS REF: 1.7797086217518936
====================================================================================================================================================================================================================================================
CONTRACTION ITERATION APPROACH 4: sfwf_contraction_cuda_large_atomicmax...
---
REPETITION: 1/10:
SFWF CONTRACTION CUDA LARGE ATOMICMAX... [eps: 0.0001, lazy_stop_check: 100, tpb_side: 16]
[bpg: (2, 2), tpb: (16, 16)]
SFWF CONTRACTION CUDA LARGE ATOMICMAX DONE. [d_inf: 8.678436e-05, iterations: 1300, time: 0.025066614151000977 s]
---
REPETITION: 2/10:
SFWF CONTRACTION CUDA LARGE ATOMICMAX... [eps: 0.0001, lazy_stop_check: 100, tpb_side: 16]
[bpg: (2, 2), tpb: (16, 16)]
SFWF CONTRACTION CUDA LARGE ATOMICMAX DONE. [d_inf: 8.678436e-05, iterations: 1300, time: 0.024991989135742188 s]
---
REPETITION: 3/10:
SFWF CONTRACTION CUDA LARGE ATOMICMAX... [eps: 0.0001, lazy_stop_check: 100, tpb_side: 16]
[bpg: (2, 2), tpb: (16, 16)]
SFWF CONTRACTION CUDA LARGE ATOMICMAX DONE. [d_inf: 8.678436e-05, iterations: 1300, time: 0.02491140365600586 s]
---
REPETITION: 4/10:
SFWF CONTRACTION CUDA LARGE ATOMICMAX... [eps: 0.0001, lazy_stop_check: 100, tpb_side: 16]
[bpg: (2, 2), tpb: (16, 16)]
SFWF CONTRACTION CUDA LARGE ATOMICMAX DONE. [d_inf: 8.678436e-05, iterations: 1300, time: 0.02525949478149414 s]
---
REPETITION: 5/10:
SFWF CONTRACTION CUDA LARGE ATOMICMAX... [eps: 0.0001, lazy_stop_check: 100, tpb_side: 16]
[bpg: (2, 2), tpb: (16, 16)]
SFWF CONTRACTION CUDA LARGE ATOMICMAX DONE. [d_inf: 8.678436e-05, iterations: 1300, time: 0.025147676467895508 s]
---
REPETITION: 6/10:
SFWF CONTRACTION CUDA LARGE ATOMICMAX... [eps: 0.0001, lazy_stop_check: 100, tpb_side: 16]
[bpg: (2, 2), tpb: (16, 16)]
SFWF CONTRACTION CUDA LARGE ATOMICMAX DONE. [d_inf: 8.678436e-05, iterations: 1300, time: 0.025516986846923828 s]
---
REPETITION: 7/10:
SFWF CONTRACTION CUDA LARGE ATOMICMAX... [eps: 0.0001, lazy_stop_check: 100, tpb_side: 16]
[bpg: (2, 2), tpb: (16, 16)]
SFWF CONTRACTION CUDA LARGE ATOMICMAX DONE. [d_inf: 8.678436e-05, iterations: 1300, time: 0.025113821029663086 s]
---
REPETITION: 8/10:
SFWF CONTRACTION CUDA LARGE ATOMICMAX... [eps: 0.0001, lazy_stop_check: 100, tpb_side: 16]
[bpg: (2, 2), tpb: (16, 16)]
SFWF CONTRACTION CUDA LARGE ATOMICMAX DONE. [d_inf: 8.678436e-05, iterations: 1300, time: 0.02539205551147461 s]
---
REPETITION: 9/10:
SFWF CONTRACTION CUDA LARGE ATOMICMAX... [eps: 0.0001, lazy_stop_check: 100, tpb_side: 16]
[bpg: (2, 2), tpb: (16, 16)]
SFWF CONTRACTION CUDA LARGE ATOMICMAX DONE. [d_inf: 8.678436e-05, iterations: 1300, time: 0.025124788284301758 s]
---
REPETITION: 10/10:
SFWF CONTRACTION CUDA LARGE ATOMICMAX... [eps: 0.0001, lazy_stop_check: 100, tpb_side: 16]
[bpg: (2, 2), tpb: (16, 16)]
SFWF CONTRACTION CUDA LARGE ATOMICMAX DONE. [d_inf: 8.678436e-05, iterations: 1300, time: 0.025210857391357422 s]
***
SUMMARY:
HEIGHTS OUT[:5, :5]:
[[25.365894  14.760059   7.207704   7.832463  14.564732 ]
 [30.557764  18.47005   12.089581  10.6325035 12.186467 ]
 [25.186687  16.472805  12.04807   10.421511  10.255047 ]
 [11.579604  10.1864195  9.208396   8.750444   8.530901 ]
 [-2.134684   3.4848828  5.848674   6.8409963  7.1413136]]
D_INF OF HEIGHTS VS REF: 0.0027503967
D_INF (AT STOP) MEAN: 8.678436279296875e-05
ITERATIONS MEAN: 1300.0
TIME MEAN: 0.02517356872558594 s, STD: 0.00017152460265479227 s, STD_%: 0.7%
SPEEDUP VS REF: 0.2790579397190526
====================================================================================================================================================================================================================================================
CONTRACTION ITERATION APPROACH 5: sfwf_contraction_cuda_large_atomicmaxglosten...
---
REPETITION: 1/10:
SFWF CONTRACTION CUDA LARGE ATOMICMAXGLOSTEN... [eps: 0.0001, lazy_stop_check: 100, tpb_side: 16]
[bpg: (2, 2), tpb: (16, 16)]
SFWF CONTRACTION CUDA LARGE ATOMICMAXGLOSTEN DONE. [d_inf: 8.678436e-05, iterations: 1300, time: 0.02523040771484375 s]
---
REPETITION: 2/10:
SFWF CONTRACTION CUDA LARGE ATOMICMAXGLOSTEN... [eps: 0.0001, lazy_stop_check: 100, tpb_side: 16]
[bpg: (2, 2), tpb: (16, 16)]
SFWF CONTRACTION CUDA LARGE ATOMICMAXGLOSTEN DONE. [d_inf: 8.678436e-05, iterations: 1300, time: 0.02528071403503418 s]
---
REPETITION: 3/10:
SFWF CONTRACTION CUDA LARGE ATOMICMAXGLOSTEN... [eps: 0.0001, lazy_stop_check: 100, tpb_side: 16]
[bpg: (2, 2), tpb: (16, 16)]
SFWF CONTRACTION CUDA LARGE ATOMICMAXGLOSTEN DONE. [d_inf: 8.678436e-05, iterations: 1300, time: 0.025259971618652344 s]
---
REPETITION: 4/10:
SFWF CONTRACTION CUDA LARGE ATOMICMAXGLOSTEN... [eps: 0.0001, lazy_stop_check: 100, tpb_side: 16]
[bpg: (2, 2), tpb: (16, 16)]
SFWF CONTRACTION CUDA LARGE ATOMICMAXGLOSTEN DONE. [d_inf: 8.678436e-05, iterations: 1300, time: 0.025217294692993164 s]
---
REPETITION: 5/10:
SFWF CONTRACTION CUDA LARGE ATOMICMAXGLOSTEN... [eps: 0.0001, lazy_stop_check: 100, tpb_side: 16]
[bpg: (2, 2), tpb: (16, 16)]
SFWF CONTRACTION CUDA LARGE ATOMICMAXGLOSTEN DONE. [d_inf: 8.678436e-05, iterations: 1300, time: 0.025275230407714844 s]
---
REPETITION: 6/10:
SFWF CONTRACTION CUDA LARGE ATOMICMAXGLOSTEN... [eps: 0.0001, lazy_stop_check: 100, tpb_side: 16]
[bpg: (2, 2), tpb: (16, 16)]
SFWF CONTRACTION CUDA LARGE ATOMICMAXGLOSTEN DONE. [d_inf: 8.678436e-05, iterations: 1300, time: 0.025339603424072266 s]
---
REPETITION: 7/10:
SFWF CONTRACTION CUDA LARGE ATOMICMAXGLOSTEN... [eps: 0.0001, lazy_stop_check: 100, tpb_side: 16]
[bpg: (2, 2), tpb: (16, 16)]
SFWF CONTRACTION CUDA LARGE ATOMICMAXGLOSTEN DONE. [d_inf: 8.678436e-05, iterations: 1300, time: 0.0254364013671875 s]
---
REPETITION: 8/10:
SFWF CONTRACTION CUDA LARGE ATOMICMAXGLOSTEN... [eps: 0.0001, lazy_stop_check: 100, tpb_side: 16]
[bpg: (2, 2), tpb: (16, 16)]
SFWF CONTRACTION CUDA LARGE ATOMICMAXGLOSTEN DONE. [d_inf: 8.678436e-05, iterations: 1300, time: 0.025216102600097656 s]
---
REPETITION: 9/10:
SFWF CONTRACTION CUDA LARGE ATOMICMAXGLOSTEN... [eps: 0.0001, lazy_stop_check: 100, tpb_side: 16]
[bpg: (2, 2), tpb: (16, 16)]
SFWF CONTRACTION CUDA LARGE ATOMICMAXGLOSTEN DONE. [d_inf: 8.678436e-05, iterations: 1300, time: 0.025278091430664062 s]
---
REPETITION: 10/10:
SFWF CONTRACTION CUDA LARGE ATOMICMAXGLOSTEN... [eps: 0.0001, lazy_stop_check: 100, tpb_side: 16]
[bpg: (2, 2), tpb: (16, 16)]
SFWF CONTRACTION CUDA LARGE ATOMICMAXGLOSTEN DONE. [d_inf: 8.678436e-05, iterations: 1300, time: 0.02530646324157715 s]
***
SUMMARY:
HEIGHTS OUT[:5, :5]:
[[25.365894  14.760059   7.207704   7.832463  14.564732 ]
 [30.557764  18.47005   12.089581  10.6325035 12.186467 ]
 [25.186687  16.472805  12.04807   10.421511  10.255047 ]
 [11.579604  10.1864195  9.208396   8.750444   8.530901 ]
 [-2.134684   3.4848828  5.848674   6.8409963  7.1413136]]
D_INF OF HEIGHTS VS REF: 0.0027503967
D_INF (AT STOP) MEAN: 8.678436279296875e-05
ITERATIONS MEAN: 1300.0
TIME MEAN: 0.02528402805328369 s, STD: 6.281263597597203e-05 s, STD_%: 0.2%
SPEEDUP VS REF: 0.2778388083233301
====================================================================================================================================================================================================================================================
CONTRACTION ITERATION APPROACH 6: sfwf_contraction_cuda_large_hreducemax...
---
REPETITION: 1/10:
SFWF CONTRACTION CUDA LARGE HREDUCEMAX... [eps: 0.0001, lazy_stop_check: 100, tpb_side: 16, tpb_reduce: 512]
[job bpg: (2, 2), tpb: (16, 16)]
[reduce bpg: 1, tpb: 512]
SFWF ITERATE CONTRACTION CUDA LARGE HREDUCEMAX DONE. [d_inf: 8.678436e-05 iterations: 1300, time: 0.015790462493896484 s]
---
REPETITION: 2/10:
SFWF CONTRACTION CUDA LARGE HREDUCEMAX... [eps: 0.0001, lazy_stop_check: 100, tpb_side: 16, tpb_reduce: 512]
[job bpg: (2, 2), tpb: (16, 16)]
[reduce bpg: 1, tpb: 512]
SFWF ITERATE CONTRACTION CUDA LARGE HREDUCEMAX DONE. [d_inf: 8.678436e-05 iterations: 1300, time: 0.01576089859008789 s]
---
REPETITION: 3/10:
SFWF CONTRACTION CUDA LARGE HREDUCEMAX... [eps: 0.0001, lazy_stop_check: 100, tpb_side: 16, tpb_reduce: 512]
[job bpg: (2, 2), tpb: (16, 16)]
[reduce bpg: 1, tpb: 512]
SFWF ITERATE CONTRACTION CUDA LARGE HREDUCEMAX DONE. [d_inf: 8.678436e-05 iterations: 1300, time: 0.01571822166442871 s]
---
REPETITION: 4/10:
SFWF CONTRACTION CUDA LARGE HREDUCEMAX... [eps: 0.0001, lazy_stop_check: 100, tpb_side: 16, tpb_reduce: 512]
[job bpg: (2, 2), tpb: (16, 16)]
[reduce bpg: 1, tpb: 512]
SFWF ITERATE CONTRACTION CUDA LARGE HREDUCEMAX DONE. [d_inf: 8.678436e-05 iterations: 1300, time: 0.01571488380432129 s]
---
REPETITION: 5/10:
SFWF CONTRACTION CUDA LARGE HREDUCEMAX... [eps: 0.0001, lazy_stop_check: 100, tpb_side: 16, tpb_reduce: 512]
[job bpg: (2, 2), tpb: (16, 16)]
[reduce bpg: 1, tpb: 512]
SFWF ITERATE CONTRACTION CUDA LARGE HREDUCEMAX DONE. [d_inf: 8.678436e-05 iterations: 1300, time: 0.015709877014160156 s]
---
REPETITION: 6/10:
SFWF CONTRACTION CUDA LARGE HREDUCEMAX... [eps: 0.0001, lazy_stop_check: 100, tpb_side: 16, tpb_reduce: 512]
[job bpg: (2, 2), tpb: (16, 16)]
[reduce bpg: 1, tpb: 512]
SFWF ITERATE CONTRACTION CUDA LARGE HREDUCEMAX DONE. [d_inf: 8.678436e-05 iterations: 1300, time: 0.015770673751831055 s]
---
REPETITION: 7/10:
SFWF CONTRACTION CUDA LARGE HREDUCEMAX... [eps: 0.0001, lazy_stop_check: 100, tpb_side: 16, tpb_reduce: 512]
[job bpg: (2, 2), tpb: (16, 16)]
[reduce bpg: 1, tpb: 512]
SFWF ITERATE CONTRACTION CUDA LARGE HREDUCEMAX DONE. [d_inf: 8.678436e-05 iterations: 1300, time: 0.015821218490600586 s]
---
REPETITION: 8/10:
SFWF CONTRACTION CUDA LARGE HREDUCEMAX... [eps: 0.0001, lazy_stop_check: 100, tpb_side: 16, tpb_reduce: 512]
[job bpg: (2, 2), tpb: (16, 16)]
[reduce bpg: 1, tpb: 512]
SFWF ITERATE CONTRACTION CUDA LARGE HREDUCEMAX DONE. [d_inf: 8.678436e-05 iterations: 1300, time: 0.01588129997253418 s]
---
REPETITION: 9/10:
SFWF CONTRACTION CUDA LARGE HREDUCEMAX... [eps: 0.0001, lazy_stop_check: 100, tpb_side: 16, tpb_reduce: 512]
[job bpg: (2, 2), tpb: (16, 16)]
[reduce bpg: 1, tpb: 512]
SFWF ITERATE CONTRACTION CUDA LARGE HREDUCEMAX DONE. [d_inf: 8.678436e-05 iterations: 1300, time: 0.015758752822875977 s]
---
REPETITION: 10/10:
SFWF CONTRACTION CUDA LARGE HREDUCEMAX... [eps: 0.0001, lazy_stop_check: 100, tpb_side: 16, tpb_reduce: 512]
[job bpg: (2, 2), tpb: (16, 16)]
[reduce bpg: 1, tpb: 512]
SFWF ITERATE CONTRACTION CUDA LARGE HREDUCEMAX DONE. [d_inf: 8.678436e-05 iterations: 1300, time: 0.015718698501586914 s]
***
SUMMARY:
HEIGHTS OUT[:5, :5]:
[[25.365894  14.760059   7.207704   7.832463  14.564732 ]
 [30.557764  18.47005   12.089581  10.6325035 12.186467 ]
 [25.186687  16.472805  12.04807   10.421511  10.255047 ]
 [11.579604  10.1864195  9.208396   8.750444   8.530901 ]
 [-2.134684   3.4848828  5.848674   6.8409963  7.1413136]]
D_INF OF HEIGHTS VS REF: 0.0027503967
D_INF (AT STOP) MEAN: 8.678436279296875e-05
ITERATIONS MEAN: 1300.0
TIME MEAN: 0.015764498710632326 s, STD: 5.2251589735084834e-05 s, STD_%: 0.3%
SPEEDUP VS REF: 0.44561418367208044
====================================================================================================================================================================================================================================================
CONTRACTION ITERATION APPROACH 7: sfwf_contraction_cuda_large_hreducemaxgs...
---
REPETITION: 1/10:
SFWF CONTRACTION CUDA LARGE HREDUCEMAXGS... [eps: 0.0001, lazy_stop_check: 100, tpb_side: 16, tpb_reduce: 512, cores: 21760]
[job bpg: (2, 2), tpb: (16, 16)]
[reduce1 (grid-stride) bpg: 170, tpb: 128]
[reduce2 bpg: 1, tpb: 512]
SFWF ITERATE CONTRACTION CUDA LARGE HREDUCEMAXGS DONE. [d_inf: 8.678436e-05 iterations: 1300, time: 0.016006946563720703 s]
---
REPETITION: 2/10:
SFWF CONTRACTION CUDA LARGE HREDUCEMAXGS... [eps: 0.0001, lazy_stop_check: 100, tpb_side: 16, tpb_reduce: 512, cores: 21760]
[job bpg: (2, 2), tpb: (16, 16)]
[reduce1 (grid-stride) bpg: 170, tpb: 128]
[reduce2 bpg: 1, tpb: 512]
SFWF ITERATE CONTRACTION CUDA LARGE HREDUCEMAXGS DONE. [d_inf: 8.678436e-05 iterations: 1300, time: 0.015943288803100586 s]
---
REPETITION: 3/10:
SFWF CONTRACTION CUDA LARGE HREDUCEMAXGS... [eps: 0.0001, lazy_stop_check: 100, tpb_side: 16, tpb_reduce: 512, cores: 21760]
[job bpg: (2, 2), tpb: (16, 16)]
[reduce1 (grid-stride) bpg: 170, tpb: 128]
[reduce2 bpg: 1, tpb: 512]
SFWF ITERATE CONTRACTION CUDA LARGE HREDUCEMAXGS DONE. [d_inf: 8.678436e-05 iterations: 1300, time: 0.01592397689819336 s]
---
REPETITION: 4/10:
SFWF CONTRACTION CUDA LARGE HREDUCEMAXGS... [eps: 0.0001, lazy_stop_check: 100, tpb_side: 16, tpb_reduce: 512, cores: 21760]
[job bpg: (2, 2), tpb: (16, 16)]
[reduce1 (grid-stride) bpg: 170, tpb: 128]
[reduce2 bpg: 1, tpb: 512]
SFWF ITERATE CONTRACTION CUDA LARGE HREDUCEMAXGS DONE. [d_inf: 8.678436e-05 iterations: 1300, time: 0.0159299373626709 s]
---
REPETITION: 5/10:
SFWF CONTRACTION CUDA LARGE HREDUCEMAXGS... [eps: 0.0001, lazy_stop_check: 100, tpb_side: 16, tpb_reduce: 512, cores: 21760]
[job bpg: (2, 2), tpb: (16, 16)]
[reduce1 (grid-stride) bpg: 170, tpb: 128]
[reduce2 bpg: 1, tpb: 512]
SFWF ITERATE CONTRACTION CUDA LARGE HREDUCEMAXGS DONE. [d_inf: 8.678436e-05 iterations: 1300, time: 0.015995025634765625 s]
---
REPETITION: 6/10:
SFWF CONTRACTION CUDA LARGE HREDUCEMAXGS... [eps: 0.0001, lazy_stop_check: 100, tpb_side: 16, tpb_reduce: 512, cores: 21760]
[job bpg: (2, 2), tpb: (16, 16)]
[reduce1 (grid-stride) bpg: 170, tpb: 128]
[reduce2 bpg: 1, tpb: 512]
SFWF ITERATE CONTRACTION CUDA LARGE HREDUCEMAXGS DONE. [d_inf: 8.678436e-05 iterations: 1300, time: 0.01593327522277832 s]
---
REPETITION: 7/10:
SFWF CONTRACTION CUDA LARGE HREDUCEMAXGS... [eps: 0.0001, lazy_stop_check: 100, tpb_side: 16, tpb_reduce: 512, cores: 21760]
[job bpg: (2, 2), tpb: (16, 16)]
[reduce1 (grid-stride) bpg: 170, tpb: 128]
[reduce2 bpg: 1, tpb: 512]
SFWF ITERATE CONTRACTION CUDA LARGE HREDUCEMAXGS DONE. [d_inf: 8.678436e-05 iterations: 1300, time: 0.01613020896911621 s]
---
REPETITION: 8/10:
SFWF CONTRACTION CUDA LARGE HREDUCEMAXGS... [eps: 0.0001, lazy_stop_check: 100, tpb_side: 16, tpb_reduce: 512, cores: 21760]
[job bpg: (2, 2), tpb: (16, 16)]
[reduce1 (grid-stride) bpg: 170, tpb: 128]
[reduce2 bpg: 1, tpb: 512]
SFWF ITERATE CONTRACTION CUDA LARGE HREDUCEMAXGS DONE. [d_inf: 8.678436e-05 iterations: 1300, time: 0.015940427780151367 s]
---
REPETITION: 9/10:
SFWF CONTRACTION CUDA LARGE HREDUCEMAXGS... [eps: 0.0001, lazy_stop_check: 100, tpb_side: 16, tpb_reduce: 512, cores: 21760]
[job bpg: (2, 2), tpb: (16, 16)]
[reduce1 (grid-stride) bpg: 170, tpb: 128]
[reduce2 bpg: 1, tpb: 512]
SFWF ITERATE CONTRACTION CUDA LARGE HREDUCEMAXGS DONE. [d_inf: 8.678436e-05 iterations: 1300, time: 0.016057491302490234 s]
---
REPETITION: 10/10:
SFWF CONTRACTION CUDA LARGE HREDUCEMAXGS... [eps: 0.0001, lazy_stop_check: 100, tpb_side: 16, tpb_reduce: 512, cores: 21760]
[job bpg: (2, 2), tpb: (16, 16)]
[reduce1 (grid-stride) bpg: 170, tpb: 128]
[reduce2 bpg: 1, tpb: 512]
SFWF ITERATE CONTRACTION CUDA LARGE HREDUCEMAXGS DONE. [d_inf: 8.678436e-05 iterations: 1300, time: 0.015926599502563477 s]
***
SUMMARY:
HEIGHTS OUT[:5, :5]:
[[25.365894  14.760059   7.207704   7.832463  14.564732 ]
 [30.557764  18.47005   12.089581  10.6325035 12.186467 ]
 [25.186687  16.472805  12.04807   10.421511  10.255047 ]
 [11.579604  10.1864195  9.208396   8.750444   8.530901 ]
 [-2.134684   3.4848828  5.848674   6.8409963  7.1413136]]
D_INF OF HEIGHTS VS REF: 0.0027503967
D_INF (AT STOP) MEAN: 8.678436279296875e-05
ITERATIONS MEAN: 1300.0
TIME MEAN: 0.01597871780395508 s, STD: 6.564787062873994e-05 s, STD_%: 0.4%
SPEEDUP VS REF: 0.439640045598601
====================================================================================================================================================================================================================================================
CONTRACTION ITERATION APPROACH 8: sfwf_contraction_cuda_large_gridsync...
---
REPETITION: 1/10:
SFWF CONTRACTION CUDA LARGE GRIDSYNC... [eps: 0.0001, tpb_side: 16, assumed max_bpg_gridsync: None]
[wanted ideal bpg: (2, 2)]
[discovered max_bpg_gridsync: 340; time: 0.0001125335693359375 s]
[bpg: (2, 2), tpb: (16, 16), ept: 1]
SFWF ITERATE CONTRACTION CUDA LARGE GRIDSYNC DONE. [d_inf: 9.918213e-05, iterations: 1270, time: 0.005856037139892578 s]
---
REPETITION: 2/10:
SFWF CONTRACTION CUDA LARGE GRIDSYNC... [eps: 0.0001, tpb_side: 16, assumed max_bpg_gridsync: None]
[wanted ideal bpg: (2, 2)]
[discovered max_bpg_gridsync: 340; time: 4.00543212890625e-05 s]
[bpg: (2, 2), tpb: (16, 16), ept: 1]
SFWF ITERATE CONTRACTION CUDA LARGE GRIDSYNC DONE. [d_inf: 9.918213e-05, iterations: 1270, time: 0.005684852600097656 s]
---
REPETITION: 3/10:
SFWF CONTRACTION CUDA LARGE GRIDSYNC... [eps: 0.0001, tpb_side: 16, assumed max_bpg_gridsync: None]
[wanted ideal bpg: (2, 2)]
[discovered max_bpg_gridsync: 340; time: 3.409385681152344e-05 s]
[bpg: (2, 2), tpb: (16, 16), ept: 1]
SFWF ITERATE CONTRACTION CUDA LARGE GRIDSYNC DONE. [d_inf: 9.918213e-05, iterations: 1270, time: 0.005755901336669922 s]
---
REPETITION: 4/10:
SFWF CONTRACTION CUDA LARGE GRIDSYNC... [eps: 0.0001, tpb_side: 16, assumed max_bpg_gridsync: None]
[wanted ideal bpg: (2, 2)]
[discovered max_bpg_gridsync: 340; time: 3.266334533691406e-05 s]
[bpg: (2, 2), tpb: (16, 16), ept: 1]
SFWF ITERATE CONTRACTION CUDA LARGE GRIDSYNC DONE. [d_inf: 9.918213e-05, iterations: 1270, time: 0.005635976791381836 s]
---
REPETITION: 5/10:
SFWF CONTRACTION CUDA LARGE GRIDSYNC... [eps: 0.0001, tpb_side: 16, assumed max_bpg_gridsync: None]
[wanted ideal bpg: (2, 2)]
[discovered max_bpg_gridsync: 340; time: 3.552436828613281e-05 s]
[bpg: (2, 2), tpb: (16, 16), ept: 1]
SFWF ITERATE CONTRACTION CUDA LARGE GRIDSYNC DONE. [d_inf: 9.918213e-05, iterations: 1270, time: 0.0057544708251953125 s]
---
REPETITION: 6/10:
SFWF CONTRACTION CUDA LARGE GRIDSYNC... [eps: 0.0001, tpb_side: 16, assumed max_bpg_gridsync: None]
[wanted ideal bpg: (2, 2)]
[discovered max_bpg_gridsync: 340; time: 3.24249267578125e-05 s]
[bpg: (2, 2), tpb: (16, 16), ept: 1]
SFWF ITERATE CONTRACTION CUDA LARGE GRIDSYNC DONE. [d_inf: 9.918213e-05, iterations: 1270, time: 0.00569605827331543 s]
---
REPETITION: 7/10:
SFWF CONTRACTION CUDA LARGE GRIDSYNC... [eps: 0.0001, tpb_side: 16, assumed max_bpg_gridsync: None]
[wanted ideal bpg: (2, 2)]
[discovered max_bpg_gridsync: 340; time: 3.218650817871094e-05 s]
[bpg: (2, 2), tpb: (16, 16), ept: 1]
SFWF ITERATE CONTRACTION CUDA LARGE GRIDSYNC DONE. [d_inf: 9.918213e-05, iterations: 1270, time: 0.005742788314819336 s]
---
REPETITION: 8/10:
SFWF CONTRACTION CUDA LARGE GRIDSYNC... [eps: 0.0001, tpb_side: 16, assumed max_bpg_gridsync: None]
[wanted ideal bpg: (2, 2)]
[discovered max_bpg_gridsync: 340; time: 3.0517578125e-05 s]
[bpg: (2, 2), tpb: (16, 16), ept: 1]
SFWF ITERATE CONTRACTION CUDA LARGE GRIDSYNC DONE. [d_inf: 9.918213e-05, iterations: 1270, time: 0.005624294281005859 s]
---
REPETITION: 9/10:
SFWF CONTRACTION CUDA LARGE GRIDSYNC... [eps: 0.0001, tpb_side: 16, assumed max_bpg_gridsync: None]
[wanted ideal bpg: (2, 2)]
[discovered max_bpg_gridsync: 340; time: 3.218650817871094e-05 s]
[bpg: (2, 2), tpb: (16, 16), ept: 1]
SFWF ITERATE CONTRACTION CUDA LARGE GRIDSYNC DONE. [d_inf: 9.918213e-05, iterations: 1270, time: 0.005745887756347656 s]
---
REPETITION: 10/10:
SFWF CONTRACTION CUDA LARGE GRIDSYNC... [eps: 0.0001, tpb_side: 16, assumed max_bpg_gridsync: None]
[wanted ideal bpg: (2, 2)]
[discovered max_bpg_gridsync: 340; time: 3.075599670410156e-05 s]
[bpg: (2, 2), tpb: (16, 16), ept: 1]
SFWF ITERATE CONTRACTION CUDA LARGE GRIDSYNC DONE. [d_inf: 9.918213e-05, iterations: 1270, time: 0.0056188106536865234 s]
***
SUMMARY:
HEIGHTS OUT[:5, :5]:
[[25.365894  14.760059   7.207704   7.832463  14.564732 ]
 [30.557764  18.47002   12.089521  10.632416  12.186354 ]
 [25.186687  16.472746  12.047954  10.421338  10.254822 ]
 [11.579604  10.186333   9.208223   8.750188   8.530563 ]
 [-2.134684   3.4847684  5.848447   6.840659   7.1408696]]
D_INF OF HEIGHTS VS REF: 9.918213e-05
D_INF (AT STOP) MEAN: 9.918212890625e-05
ITERATIONS MEAN: 1270.0
TIME MEAN: 0.005711507797241211 s, STD: 7.051160853157602e-05 s, STD_%: 1.2%
SPEEDUP VS REF: 1.2299526628206947
====================================================================================================================================================================================================================================================
====================================================================================================================================================================================================================================================
FINAL SUMMARY:
CONTRACTION ITERATION APPROACH 1: sfwf_contraction_cpu_numpy (REFERENCE) -> MEAN ITERATIONS: 1270.0, MEAN D_INF: 9.918212890625e-05, MEAN TIME: 0.007024884223937988 s, TIME STD: 3.2721809982286965e-05 s, STD_%: 0.5%, SPEED-UP: 1.00
CONTRACTION ITERATION APPROACH 2: sfwf_contraction_cpu_numba_parallel -> MEAN ITERATIONS: 1270.0, MEAN D_INF: 9.918212890625e-05, MEAN TIME: 0.019889402389526366 s, TIME STD: 0.0004077272626079758 s, STD_%: 2.0%, SPEED-UP: 0.35
CONTRACTION ITERATION APPROACH 3: sfwf_contraction_cuda_small -> MEAN ITERATIONS: 1270.0, MEAN D_INF: 9.918212890625e-05, MEAN TIME: 0.003947210311889648 s, TIME STD: 0.00023291715634014932 s, STD_%: 5.9%, SPEED-UP: 1.78
CONTRACTION ITERATION APPROACH 4: sfwf_contraction_cuda_large_atomicmax -> MEAN ITERATIONS: 1300.0, MEAN D_INF: 8.678436279296875e-05, MEAN TIME: 0.02517356872558594 s, TIME STD: 0.00017152460265479227 s, STD_%: 0.7%, SPEED-UP: 0.28
CONTRACTION ITERATION APPROACH 5: sfwf_contraction_cuda_large_atomicmaxglosten -> MEAN ITERATIONS: 1300.0, MEAN D_INF: 8.678436279296875e-05, MEAN TIME: 0.02528402805328369 s, TIME STD: 6.281263597597203e-05 s, STD_%: 0.2%, SPEED-UP: 0.28
CONTRACTION ITERATION APPROACH 6: sfwf_contraction_cuda_large_hreducemax -> MEAN ITERATIONS: 1300.0, MEAN D_INF: 8.678436279296875e-05, MEAN TIME: 0.015764498710632326 s, TIME STD: 5.2251589735084834e-05 s, STD_%: 0.3%, SPEED-UP: 0.45
CONTRACTION ITERATION APPROACH 7: sfwf_contraction_cuda_large_hreducemaxgs -> MEAN ITERATIONS: 1300.0, MEAN D_INF: 8.678436279296875e-05, MEAN TIME: 0.01597871780395508 s, TIME STD: 6.564787062873994e-05 s, STD_%: 0.4%, SPEED-UP: 0.44
CONTRACTION ITERATION APPROACH 8: sfwf_contraction_cuda_large_gridsync -> MEAN ITERATIONS: 1270.0, MEAN D_INF: 9.918212890625e-05, MEAN TIME: 0.005711507797241211 s, TIME STD: 7.051160853157602e-05 s, STD_%: 1.2%, SPEED-UP: 1.23
MONTE CARLO APPROACH 1: sfwf_mc_cpu_numpy OFF.
MONTE CARLO APPROACH 2: sfwf_mc_cuda OFF.
SOAP FILM IN A WIRE FRAME DONE. [hash string: 0316867646_71135_901_[7;20;5.0;32;True;1.0e-04;False;0;1e+09;(12,36);False;3;TTTTTTTT;FF], time: 1.1944313049316406]
