SOAP FILM IN A WIRE FRAME...
HASH STRING: 0499403198_39839_901_[7;20;5.0;317;True;1.0e-04;False;0;1.0e+05;False;3;TTTTTT;TT]
====================================================================================================================================================================================================
EXPERIMENT INFO:
{
  SEED: 7,
  WF_FOURIER_N: 20,
  WF_FOURIER_AMPLITUDE: 5.0,
  WF_BORDER_N: 317,
  NUMPY_SINGLE_THREAD: True,
  CONTRACTION_EPS: 0.0001,
  CONTRACTION_PLOTS: False,
  MC_SEED: 0,
  MC_SAMPLES: 100000,
  MC_EXAMPLE_PLOT: False,
  MC_EXAMPLE_PLOT_SAMPLES: 3,
  sfwf_contraction_cpu_numpy: (True, 'sfwf_contraction_cpu_numpy', 1, {}),
  sfwf_contraction_cuda_small: (True, 'sfwf_contraction_cuda_small', 3, {'tpb': 512}),
  sfwf_contraction_cuda_large_atomicmax: (True, 'sfwf_contraction_cuda_large_atomicmax', 3, {'lazy_stop_check': 100, 'tpb_side': 16}),
  sfwf_contraction_cuda_large_atomicmax_globalmem: (True, 'sfwf_contraction_cuda_large_atomicmax_globalmem', 3, {'lazy_stop_check': 100, 'tpb_side': 16}),
  sfwf_contraction_cuda_large_gridreducemax: (True, 'sfwf_contraction_cuda_large_gridreducemax', 3, {'lazy_stop_check': 100, 'tpb_side': 16, 'tpb_reduce': 512}),
  sfwf_contraction_cuda_large_gridsync: (True, 'sfwf_contraction_cuda_large_gridsync', 3, {'tpb_side': 16}),
  sfwf_mc_cpu_numpy: (True, 'sfwf_mc_cpu_numpy', 1, {'i': 12, 'j': 36, 'n_samples': 100000, 'seed': 0, 'chunk_size': 250}),
  sfwf_mc_cuda: (True, 'sfwf_mc_cuda', 3, {'i': 12, 'j': 36, 'n_samples': 100000, 'seed': 0, 'rpt': 10, 'tpb': 64})
}
====================================================================================================================================================================================================
CPU AND SYSTEM:
{'cpu_name': 'AMD Ryzen 9 9950X 16-Core Processor',
 'os_machine': 'x86_64',
 'os_name': 'Linux 6.14.0-37-generic',
 'os_version': '#37~24.04.1-Ubuntu SMP PREEMPT_DYNAMIC Thu Nov 20 10:25:38 UTC '
               '2',
 'ram_size': '123.4 GB'}
GPU:
{'async_engine_count': 2,
 'can_map_host_memory': 1,
 'compute_capability': ComputeCapability(major=12, minor=0),
 'cores_per_SM': 128,
 'cores_total': 21760,
 'max_block_dim_x': 1024,
 'max_block_dim_y': 1024,
 'max_block_dim_z': 64,
 'max_grid_dim_x': 2147483647,
 'max_grid_dim_y': 65535,
 'max_grid_dim_z': 65535,
 'max_shared_memory_per_block': 49152,
 'max_threads_per_block': 1024,
 'multiprocessor_count': 170,
 'name': 'NVIDIA GeForce RTX 5090',
 'pci_bus_id': 1,
 'pci_device_id': 0,
 'unified_addressing': 1,
 'warp_size': 32}
====================================================================================================================================================================================================
RANDOM WIRE FRAME WITH TOTAL OF POINTS (STATES): 100489
HEIGHTS IN[:5, :5]:
[[25.365894 24.432104 23.45143  22.432312 21.383413]
 [26.244633  0.        0.        0.        0.      ]
 [27.060524  0.        0.        0.        0.      ]
 [27.806177  0.        0.        0.        0.      ]
 [28.47468   0.        0.        0.        0.      ]]
====================================================================================================================================================================================================
CONTRACTION ITERATION APPROACH 1: sfwf_contraction_cpu_numpy...
---
REPETITION: 1/1:
SFWF CONTRACTION CPU NUMPY... [eps: 0.0001]
SFWF CONTRACTION CPU NUMPY DONE. [d_inf: 9.965896606445312e-05, iterations: 38235, time: 2.8673455715179443 s]
***
SUMMARY:
HEIGHTS OUT[:5, :5]:
[[25.365894 24.432104 23.45143  22.432312 21.383413]
 [26.244633 25.142448 24.054836 22.967161 21.876564]
 [27.060524 25.838211 24.658314 23.504927 22.37066 ]
 [27.806177 26.491562 25.235275 24.023575 22.847942]
 [28.47468  27.086586 25.767649 24.506157 23.29365 ]]
D_INF OF HEIGHTS VS REF: 0.0
TIME MEAN: 2.8673455715179443 s, STD: 0.0 s
SPEEDUP VS REF: 1.0
====================================================================================================================================================================================================
CONTRACTION ITERATION APPROACH 2: sfwf_contraction_cuda_small...
[skipping this approach (too large WF_BORDER_N)]
====================================================================================================================================================================================================
CONTRACTION ITERATION APPROACH 3: sfwf_contraction_cuda_large_atomicmax...
---
REPETITION: 1/3:
SFWF CONTRACTION CUDA LARGE ATOMICMAX... [eps: 0.0001, lazy_stop_check: 100, tpb_side: 16]
[bpg: (20, 20), tpb: (16, 16)]
SFWF CONTRACTION CUDA LARGE ATOMICMAX DONE. [d_inf: 9.918212890625e-05, iterations: 38300, time: 0.7175860404968262 s]
---
REPETITION: 2/3:
SFWF CONTRACTION CUDA LARGE ATOMICMAX... [eps: 0.0001, lazy_stop_check: 100, tpb_side: 16]
[bpg: (20, 20), tpb: (16, 16)]
SFWF CONTRACTION CUDA LARGE ATOMICMAX DONE. [d_inf: 9.918212890625e-05, iterations: 38300, time: 0.7287461757659912 s]
---
REPETITION: 3/3:
SFWF CONTRACTION CUDA LARGE ATOMICMAX... [eps: 0.0001, lazy_stop_check: 100, tpb_side: 16]
[bpg: (20, 20), tpb: (16, 16)]
SFWF CONTRACTION CUDA LARGE ATOMICMAX DONE. [d_inf: 9.918212890625e-05, iterations: 38300, time: 0.7365546226501465 s]
***
SUMMARY:
HEIGHTS OUT[:5, :5]:
[[25.365894 24.432104 23.45143  22.432312 21.383413]
 [26.244633 25.142448 24.054838 22.967161 21.876564]
 [27.060524 25.838211 24.658314 23.504929 22.370663]
 [27.806177 26.491562 25.235275 24.023579 22.847946]
 [28.47468  27.086586 25.76765  24.50616  23.293657]]
D_INF OF HEIGHTS VS REF: 0.006427764892578125
TIME MEAN: 0.7276289463043213 s, STD: 0.007784083267768612 s
SPEEDUP VS REF: 3.9406700160588644
====================================================================================================================================================================================================
CONTRACTION ITERATION APPROACH 4: sfwf_contraction_cuda_large_atomicmax_globalmem...
---
REPETITION: 1/3:
SFWF CONTRACTION CUDA LARGE ATOMICMAX GLOBAL MEM... [eps: 0.0001, lazy_stop_check: 100, tpb_side: 16]
[bpg: (20, 20), tpb: (16, 16)]
SFWF CONTRACTION CUDA LARGE ATOMICMAX GLOBALMEM DONE. [d_inf: 9.918212890625e-05, iterations: 38300, time: 0.7250638008117676 s]
---
REPETITION: 2/3:
SFWF CONTRACTION CUDA LARGE ATOMICMAX GLOBAL MEM... [eps: 0.0001, lazy_stop_check: 100, tpb_side: 16]
[bpg: (20, 20), tpb: (16, 16)]
SFWF CONTRACTION CUDA LARGE ATOMICMAX GLOBALMEM DONE. [d_inf: 9.918212890625e-05, iterations: 38300, time: 0.7349421977996826 s]
---
REPETITION: 3/3:
SFWF CONTRACTION CUDA LARGE ATOMICMAX GLOBAL MEM... [eps: 0.0001, lazy_stop_check: 100, tpb_side: 16]
[bpg: (20, 20), tpb: (16, 16)]
SFWF CONTRACTION CUDA LARGE ATOMICMAX GLOBALMEM DONE. [d_inf: 9.918212890625e-05, iterations: 38300, time: 0.7288637161254883 s]
***
SUMMARY:
HEIGHTS OUT[:5, :5]:
[[25.365894 24.432104 23.45143  22.432312 21.383413]
 [26.244633 25.142448 24.054838 22.967161 21.876564]
 [27.060524 25.838211 24.658314 23.504929 22.370663]
 [27.806177 26.491562 25.235275 24.023579 22.847946]
 [28.47468  27.086586 25.76765  24.50616  23.293657]]
D_INF OF HEIGHTS VS REF: 0.006427764892578125
TIME MEAN: 0.7296232382456461 s, STD: 0.004068442548115029 s
SPEEDUP VS REF: 3.9298989138728335
====================================================================================================================================================================================================
CONTRACTION ITERATION APPROACH 5: sfwf_contraction_cuda_large_gridreducemax...
---
REPETITION: 1/3:
SFWF CONTRACTION CUDA LARGE GRIDREDUCEMAX... [eps: 0.0001, lazy_stop_check: 100, tpb_side: 16, tpb_reduce: 512]
[job bpg: (20, 20), tpb: (16, 16)]
[reduce bpg: 1, tpb: 512]
SFWF ITERATE CONTRACTION CUDA LARGE GRIDREDUCEMAX DONE. [d_inf: 9.918212890625e-05, iterations: 38300, time: 0.7255873680114746 s]
---
REPETITION: 2/3:
SFWF CONTRACTION CUDA LARGE GRIDREDUCEMAX... [eps: 0.0001, lazy_stop_check: 100, tpb_side: 16, tpb_reduce: 512]
[job bpg: (20, 20), tpb: (16, 16)]
[reduce bpg: 1, tpb: 512]
SFWF ITERATE CONTRACTION CUDA LARGE GRIDREDUCEMAX DONE. [d_inf: 9.918212890625e-05, iterations: 38300, time: 0.7231433391571045 s]
---
REPETITION: 3/3:
SFWF CONTRACTION CUDA LARGE GRIDREDUCEMAX... [eps: 0.0001, lazy_stop_check: 100, tpb_side: 16, tpb_reduce: 512]
[job bpg: (20, 20), tpb: (16, 16)]
[reduce bpg: 1, tpb: 512]
SFWF ITERATE CONTRACTION CUDA LARGE GRIDREDUCEMAX DONE. [d_inf: 9.918212890625e-05, iterations: 38300, time: 0.724376916885376 s]
***
SUMMARY:
HEIGHTS OUT[:5, :5]:
[[25.365894 24.432104 23.45143  22.432312 21.383413]
 [26.244633 25.142448 24.054838 22.967161 21.876564]
 [27.060524 25.838211 24.658314 23.504929 22.370663]
 [27.806177 26.491562 25.235275 24.023579 22.847946]
 [28.47468  27.086586 25.76765  24.50616  23.293657]]
D_INF OF HEIGHTS VS REF: 0.006427764892578125
TIME MEAN: 0.724369208017985 s, STD: 0.000997785491384384 s
SPEEDUP VS REF: 3.9584034492072893
====================================================================================================================================================================================================
CONTRACTION ITERATION APPROACH 6: sfwf_contraction_cuda_large_gridsync...
---
REPETITION: 1/3:
SFWF CONTRACTION CUDA LARGE GRIDSYNC... [eps: 0.0001, tpb_side: 16, assumed max_bpg_gridsync: None]
[wanted ideal bpg: (20, 20)]
[discovered max_bpg_gridsync: 340; time: 0.0001354217529296875 s]
[bpg: (18, 18), tpb: (16, 16), ept: 4]
SFWF ITERATE CONTRACTION CUDA LARGE GRIDSYNC DONE. [d_inf: 9.965896606445312e-05, iterations: 38183, time: 0.6764991283416748 s]
---
REPETITION: 2/3:
SFWF CONTRACTION CUDA LARGE GRIDSYNC... [eps: 0.0001, tpb_side: 16, assumed max_bpg_gridsync: None]
[wanted ideal bpg: (20, 20)]
[discovered max_bpg_gridsync: 340; time: 3.933906555175781e-05 s]
[bpg: (18, 18), tpb: (16, 16), ept: 4]
SFWF ITERATE CONTRACTION CUDA LARGE GRIDSYNC DONE. [d_inf: 9.965896606445312e-05, iterations: 38294, time: 0.6533701419830322 s]
---
REPETITION: 3/3:
SFWF CONTRACTION CUDA LARGE GRIDSYNC... [eps: 0.0001, tpb_side: 16, assumed max_bpg_gridsync: None]
[wanted ideal bpg: (20, 20)]
[discovered max_bpg_gridsync: 340; time: 3.886222839355469e-05 s]
[bpg: (18, 18), tpb: (16, 16), ept: 4]
SFWF ITERATE CONTRACTION CUDA LARGE GRIDSYNC DONE. [d_inf: 9.965896606445312e-05, iterations: 38279, time: 0.6546359062194824 s]
***
SUMMARY:
HEIGHTS OUT[:5, :5]:
[[25.365894 24.432104 23.45143  22.432312 21.383413]
 [26.244633 25.142448 24.054838 22.967161 21.876564]
 [27.060524 25.838211 24.658314 23.504929 22.370663]
 [27.806177 26.491562 25.235275 24.023577 22.847944]
 [28.47468  27.086586 25.767649 24.506157 23.293652]]
D_INF OF HEIGHTS VS REF: 0.006215572357177734
TIME MEAN: 0.6615017255147299 s, STD: 0.010617347705235747 s
SPEEDUP VS REF: 4.3346002904025625
====================================================================================================================================================================================================
MONTE CARLO APPROACH 1: sfwf_mc_cpu_numpy...
---
REPETITION: 1/1:
SFWF MC CPU NUMPY... [(i, j): (12, 36), n_samples: 1.0e+05, seed: 0, chunk_size: 250]
[10000/100000: border reached at t: 596, (i, j): (np.int64(0), np.int64(38)), h: 12.503080368041992; trajectory time: 3.24249267578125e-05 s]
[20000/100000: border reached at t: 452, (i, j): (np.int64(0), np.int64(44)), h: 16.830455780029297; trajectory time: 2.1696090698242188e-05 s]
[30000/100000: border reached at t: 339, (i, j): (np.int64(27), np.int64(0)), h: 16.852739334106445; trajectory time: 2.193450927734375e-05 s]
[40000/100000: border reached at t: 293, (i, j): (np.int64(0), np.int64(33)), h: 9.101506233215332; trajectory time: 2.193450927734375e-05 s]
[50000/100000: border reached at t: 1167, (i, j): (np.int64(0), np.int64(43)), h: 16.1581974029541; trajectory time: 5.3882598876953125e-05 s]
[60000/100000: border reached at t: 1850, (i, j): (np.int64(0), np.int64(92)), h: -16.58075523376465; trajectory time: 8.726119995117188e-05 s]
[70000/100000: border reached at t: 425, (i, j): (np.int64(0), np.int64(35)), h: 10.368005752563477; trajectory time: 2.2172927856445312e-05 s]
[80000/100000: border reached at t: 708, (i, j): (np.int64(0), np.int64(48)), h: 19.06712532043457; trajectory time: 3.2901763916015625e-05 s]
[90000/100000: border reached at t: 7925, (i, j): (np.int64(0), np.int64(53)), h: 20.369251251220703; trajectory time: 0.0003330707550048828 s]
[100000/100000: border reached at t: 2108, (i, j): (np.int64(26), np.int64(0)), h: 18.266658782958984; trajectory time: 9.441375732421875e-05 s]
SFWF MC CPU NUMPY DONE. [h_mean: 11.154060363769531, T_mean: 2601.94726; time: 11.61352276802063 s]
***
SUMMARY:
COMPARISON OF SINGLE HEIGHT VS REF: contraction_ref_heights_out[i0, j0]=np.float32(11.078562) vs h_mean=np.float32(11.15406), ABS DIFF: 7.5498581e-02]
TIME MEAN: 11.61352276802063 s, STD: 0.0 s
SPEEDUP VS REF: 1.0
====================================================================================================================================================================================================
MONTE CARLO APPROACH 2: sfwf_mc_cuda...
---
REPETITION: 1/3:
SFWF MC CUDA... [(i, j): (12, 36), wanted n_samples: 1.0e+05, seed: 0, rpt: 10, tpb: 64]
[min_n_generators: 10000, bpg_walk: 157]
[initialization of random generators...]
[initialization of random generators done; count: 10048, memory: 0.153 MiB, time: 0.36746740341186523 s]
[random walks...; bpg_walk: 157, tpb: 64]
[random walks done; time: 0.11204957962036133 s]
[mean-reduction...; bpg: 1, tpb: 64]
[mean-reduction done; time: 9.417533874511719e-05 s]
SFWF MC CUDA DONE. [h_mean: 11.183621406555176, T_mean: 2520.56396484375, n_samples de facto: 1.0e+05; time: 0.47968506813049316 s, time without generators initalization: 0.11221766471862793 s]
---
REPETITION: 2/3:
SFWF MC CUDA... [(i, j): (12, 36), wanted n_samples: 1.0e+05, seed: 0, rpt: 10, tpb: 64]
[min_n_generators: 10000, bpg_walk: 157]
[initialization of random generators...]
[initialization of random generators done; count: 10048, memory: 0.153 MiB, time: 0.0008680820465087891 s]
[random walks...; bpg_walk: 157, tpb: 64]
[random walks done; time: 0.11182308197021484 s]
[mean-reduction...; bpg: 1, tpb: 64]
[mean-reduction done; time: 6.0558319091796875e-05 s]
SFWF MC CUDA DONE. [h_mean: 11.183621406555176, T_mean: 2520.56396484375, n_samples de facto: 1.0e+05; time: 0.11278343200683594 s, time without generators initalization: 0.11191534996032715 s]
---
REPETITION: 3/3:
SFWF MC CUDA... [(i, j): (12, 36), wanted n_samples: 1.0e+05, seed: 0, rpt: 10, tpb: 64]
[min_n_generators: 10000, bpg_walk: 157]
[initialization of random generators...]
[initialization of random generators done; count: 10048, memory: 0.153 MiB, time: 0.0008609294891357422 s]
[random walks...; bpg_walk: 157, tpb: 64]
[random walks done; time: 0.10893607139587402 s]
[mean-reduction...; bpg: 1, tpb: 64]
[mean-reduction done; time: 5.793571472167969e-05 s]
SFWF MC CUDA DONE. [h_mean: 11.183621406555176, T_mean: 2520.56396484375, n_samples de facto: 1.0e+05; time: 0.10988497734069824 s, time without generators initalization: 0.1090240478515625 s]
***
SUMMARY:
COMPARISON OF SINGLE HEIGHT VS REF: contraction_ref_heights_out[i0, j0]=np.float32(11.078562) vs h_mean=np.float32(11.183621), ABS DIFF: 1.0505962e-01]
TIME MEAN: 0.11105235417683919 s, STD: 0.0014395296604886138 s
SPEEDUP VS REF: 104.57700653087747
====================================================================================================================================================================================================
====================================================================================================================================================================================================
FINAL SUMMARY:
CONTRACTION ITERATION APPROACH 1: sfwf_contraction_cpu_numpy (REFERENCE) -> MEAN TIME: 2.8673455715179443, STD: 0.0, SPEED-UP: 1.00
CONTRACTION ITERATION APPROACH 2: sfwf_contraction_cuda_small SKIPPED.
CONTRACTION ITERATION APPROACH 3: sfwf_contraction_cuda_large_atomicmax -> MEAN TIME: 0.7276289463043213, STD: 0.007784083267768612, SPEED-UP: 3.94
CONTRACTION ITERATION APPROACH 4: sfwf_contraction_cuda_large_atomicmax_globalmem -> MEAN TIME: 0.7296232382456461, STD: 0.004068442548115029, SPEED-UP: 3.93
CONTRACTION ITERATION APPROACH 5: sfwf_contraction_cuda_large_gridreducemax -> MEAN TIME: 0.724369208017985, STD: 0.000997785491384384, SPEED-UP: 3.96
CONTRACTION ITERATION APPROACH 6: sfwf_contraction_cuda_large_gridsync -> MEAN TIME: 0.6615017255147299, STD: 0.010617347705235747, SPEED-UP: 4.33
MONTE CARLO APPROACH 1: sfwf_mc_cpu_numpy (REFERENCE) -> MEAN TIME: 11.61352276802063, STD: 0.0, SPEED-UP: 1.00
MONTE CARLO APPROACH 2: sfwf_mc_cuda -> MEAN TIME: 0.11105235417683919, STD: 0.0014395296604886138, SPEED-UP: 104.58
SOAP FILM IN A WIRE FRAME DONE [time: 23.720515251159668].
