SOAP FILM IN A WIRE FRAME...
HASH STRING: 0521017178_84812_692_[7;20;5.0;64;True;0.0001;0;100000;]
====================================================================================================================================================================================================
EXPERIMENT INFO:
{
  SEED: 7,
  WF_FOURIER_N: 20,
  WF_FOURIER_AMPLITUDE: 5.0,
  WF_BORDER_N: 64,
  NUMPY_SINGLE_THREAD: True,
  CONTRACTION_EPS: 0.0001,
  MC_SEED: 0,
  MC_SAMPLES: 100000,
  sfwf_contraction_cpu_numpy: (True, 'sfwf_contraction_cpu_numpy', 1, {}),
  sfwf_contraction_cuda_small: (True, 'sfwf_contraction_cuda_small', 3, {'tpb': 512}),
  sfwf_contraction_cuda_large_atomicmax: (True, 'sfwf_contraction_cuda_large_atomicmax', 3, {'lazy_stop_check': 100, 'tpb_side': 16}),
  sfwf_contraction_cuda_large_atomicmax_globalmem: (True, 'sfwf_contraction_cuda_large_atomicmax_globalmem', 3, {'lazy_stop_check': 100, 'tpb_side': 16}),
  sfwf_contraction_cuda_large_gridreducemax: (True, 'sfwf_contraction_cuda_large_gridreducemax', 3, {'lazy_stop_check': 100, 'tpb_side': 16, 'tpb_reduce': 512}),
  sfwf_contraction_cuda_large_gridsync: (False, 'sfwf_contraction_cuda_large_gridsync', 0, {}),
  sfwf_mc_cpu_numpy: (False, 'sfwf_mc_cpu_numpy', 0, {}),
  sfwf_mc_cuda: (False, 'sfwf_mc_cuda', 0, {})
}
====================================================================================================================================================================================================
CPU AND SYSTEM:
{'cpu_name': 'Intel(R) Xeon(R) CPU E3-1505M v5 @ 2.80GHz',
 'os_machine': 'AMD64',
 'os_name': 'Windows 10',
 'os_version': '10.0.19045',
 'ram_size': '63.9 GB'}
GPU:
{'async_engine_count': 5,
 'can_map_host_memory': 1,
 'compute_capability': (5, 2),
 'cores_per_SM': 128,
 'cores_total': 1280,
 'max_block_dim_x': 1024,
 'max_block_dim_y': 1024,
 'max_block_dim_z': 64,
 'max_grid_dim_x': 2147483647,
 'max_grid_dim_y': 65535,
 'max_grid_dim_z': 65535,
 'max_shared_memory_per_block': 49152,
 'max_threads_per_block': 1024,
 'multiprocessor_count': 10,
 'name': 'Quadro M4000M',
 'pci_bus_id': 1,
 'pci_device_id': 0,
 'unified_addressing': 1,
 'warp_size': 32}
====================================================================================================================================================================================================
RANDOM WIRE FRAME WITH TOTAL OF POINTS (STATES): 4096
HEIGHTS IN[:5, :5]:
[[25.365894  20.296429  14.925921  10.320204   7.3313727]
 [29.068245   0.         0.         0.         0.       ]
 [30.553246   0.         0.         0.         0.       ]
 [29.360521   0.         0.         0.         0.       ]
 [25.516117   0.         0.         0.         0.       ]]
====================================================================================================================================================================================================
CONTRACTION ITERATION APPROACH 1: sfwf_contraction_cpu_numpy...
---
REPETITION: 1/1:
SFWF CONTRACTION CPU NUMPY... [eps: 0.0001]
SFWF CONTRACTION CPU NUMPY DONE. [d_inf: 9.918212890625e-05, iterations: 4113, time: 0.5575017929077148 s]
***
SUMMARY:
HEIGHTS OUT[:5, :5]:
[[25.365894  20.296429  14.925921  10.320204   7.3313727]
 [29.068245  22.564072  17.283554  13.201903  10.526151 ]
 [30.553246  23.608059  18.44232   14.677709  12.188996 ]
 [29.360521  22.8726    18.199963  14.877619  12.656763 ]
 [25.516117  20.32186   16.607319  13.9760475 12.190479 ]]
D_INF OF HEIGHTS VS REF: 0.0
TIME MEAN: 0.5575017929077148 s, STD: 0.0 s
SPEEDUP VS REF: 1.0
====================================================================================================================================================================================================
CONTRACTION ITERATION APPROACH 2: sfwf_contraction_cuda_small...
---
REPETITION: 1/3:
SFWF CONTRACTION CUDA SMALL... [eps: 0.0001, tpb: 512]
SFWF CONTRACTION CUDA SMALL DONE. [d_inf: 9.918212890625e-05, iterations: 4113, time: 0.12945103645324707 s]
---
REPETITION: 2/3:
SFWF CONTRACTION CUDA SMALL... [eps: 0.0001, tpb: 512]
SFWF CONTRACTION CUDA SMALL DONE. [d_inf: 9.918212890625e-05, iterations: 4113, time: 0.1236574649810791 s]
---
REPETITION: 3/3:
SFWF CONTRACTION CUDA SMALL... [eps: 0.0001, tpb: 512]
SFWF CONTRACTION CUDA SMALL DONE. [d_inf: 9.918212890625e-05, iterations: 4113, time: 0.12367057800292969 s]
***
SUMMARY:
HEIGHTS OUT[:5, :5]:
[[25.365894  20.296429  14.925921  10.320204   7.3313727]
 [29.068245  22.564072  17.283554  13.201903  10.526151 ]
 [30.553246  23.608059  18.44232   14.677709  12.188996 ]
 [29.360521  22.8726    18.199963  14.877619  12.656763 ]
 [25.516117  20.32186   16.607319  13.9760475 12.190479 ]]
D_INF OF HEIGHTS VS REF: 0.0
TIME MEAN: 0.1255930264790853 s, STD: 0.0027280302672299866 s
SPEEDUP VS REF: 4.438955000423963
====================================================================================================================================================================================================
CONTRACTION ITERATION APPROACH 3: sfwf_contraction_cuda_large_atomicmax...
---
REPETITION: 1/3:
SFWF CONTRACTION CUDA LARGE ATOMICMAX... [eps: 0.0001, lazy_stop_check: 100, tpb_side: 16]
[bpg: (4, 4)]
SFWF CONTRACTION CUDA LARGE ATOMICMAX DONE. [d_inf: 8.96453857421875e-05, iterations: 4200, time: 0.5285868644714355 s]
---
REPETITION: 2/3:
SFWF CONTRACTION CUDA LARGE ATOMICMAX... [eps: 0.0001, lazy_stop_check: 100, tpb_side: 16]
[bpg: (4, 4)]
SFWF CONTRACTION CUDA LARGE ATOMICMAX DONE. [d_inf: 8.96453857421875e-05, iterations: 4200, time: 0.5106410980224609 s]
---
REPETITION: 3/3:
SFWF CONTRACTION CUDA LARGE ATOMICMAX... [eps: 0.0001, lazy_stop_check: 100, tpb_side: 16]
[bpg: (4, 4)]
SFWF CONTRACTION CUDA LARGE ATOMICMAX DONE. [d_inf: 8.96453857421875e-05, iterations: 4200, time: 0.5512533187866211 s]
***
SUMMARY:
HEIGHTS OUT[:5, :5]:
[[25.365894  20.296429  14.925921  10.320204   7.3313727]
 [29.068245  22.56409   17.283594  13.201963  10.526232 ]
 [30.553246  23.608099  18.4424    14.67783   12.189158 ]
 [29.360521  22.87266   18.200085  14.877799  12.657004 ]
 [25.516117  20.321941  16.607481  13.976289  12.190799 ]]
D_INF OF HEIGHTS VS REF: 0.008157730102539062
TIME MEAN: 0.5301604270935059 s, STD: 0.016617163683842136 s
SPEEDUP VS REF: 1.051571872242714
====================================================================================================================================================================================================
CONTRACTION ITERATION APPROACH 4: sfwf_contraction_cuda_large_atomicmax_globalmem...
---
REPETITION: 1/3:
SFWF CONTRACTION CUDA LARGE ATOMICMAX GLOBAL MEM... [eps: 0.0001, lazy_stop_check: 100, tpb_side: 16]
[bpg: (4, 4)]
SFWF CONTRACTION CUDA LARGE ATOMICMAX GLOBALMEM DONE. [d_inf: 8.96453857421875e-05, iterations: 4200, time: 0.555530309677124 s]
---
REPETITION: 2/3:
SFWF CONTRACTION CUDA LARGE ATOMICMAX GLOBAL MEM... [eps: 0.0001, lazy_stop_check: 100, tpb_side: 16]
[bpg: (4, 4)]
SFWF CONTRACTION CUDA LARGE ATOMICMAX GLOBALMEM DONE. [d_inf: 8.96453857421875e-05, iterations: 4200, time: 0.5395560264587402 s]
---
REPETITION: 3/3:
SFWF CONTRACTION CUDA LARGE ATOMICMAX GLOBAL MEM... [eps: 0.0001, lazy_stop_check: 100, tpb_side: 16]
[bpg: (4, 4)]
SFWF CONTRACTION CUDA LARGE ATOMICMAX GLOBALMEM DONE. [d_inf: 8.96453857421875e-05, iterations: 4200, time: 0.5754656791687012 s]
***
SUMMARY:
HEIGHTS OUT[:5, :5]:
[[25.365894  20.296429  14.925921  10.320204   7.3313727]
 [29.068245  22.56409   17.283594  13.201963  10.526232 ]
 [30.553246  23.608099  18.4424    14.67783   12.189158 ]
 [29.360521  22.87266   18.200085  14.877799  12.657004 ]
 [25.516117  20.321941  16.607481  13.976289  12.190799 ]]
D_INF OF HEIGHTS VS REF: 0.008157730102539062
TIME MEAN: 0.5568506717681885 s, STD: 0.014689753945662064 s
SPEEDUP VS REF: 1.001169292186465
====================================================================================================================================================================================================
CONTRACTION ITERATION APPROACH 5: sfwf_contraction_cuda_large_gridreducemax...
---
REPETITION: 1/3:
SFWF CONTRACTION CUDA LARGE GRIDREDUCEMAX... [eps: 0.0001, lazy_stop_check: 100, tpb_side: 16, tpb_reduce: 512]
[bpg: (4, 4)]
SFWF ITERATE CONTRACTION CUDA LARGE GRIDREDUCEMAX DONE. [d_inf: 8.96453857421875e-05, iterations: 4200, time: 0.5704741477966309 s]
---
REPETITION: 2/3:
SFWF CONTRACTION CUDA LARGE GRIDREDUCEMAX... [eps: 0.0001, lazy_stop_check: 100, tpb_side: 16, tpb_reduce: 512]
[bpg: (4, 4)]
SFWF ITERATE CONTRACTION CUDA LARGE GRIDREDUCEMAX DONE. [d_inf: 8.96453857421875e-05, iterations: 4200, time: 0.5442948341369629 s]
---
REPETITION: 3/3:
SFWF CONTRACTION CUDA LARGE GRIDREDUCEMAX... [eps: 0.0001, lazy_stop_check: 100, tpb_side: 16, tpb_reduce: 512]
[bpg: (4, 4)]
SFWF ITERATE CONTRACTION CUDA LARGE GRIDREDUCEMAX DONE. [d_inf: 8.96453857421875e-05, iterations: 4200, time: 0.5752592086791992 s]
***
SUMMARY:
HEIGHTS OUT[:5, :5]:
[[25.365894  20.296429  14.925921  10.320204   7.3313727]
 [29.068245  22.56409   17.283594  13.201963  10.526232 ]
 [30.553246  23.608099  18.4424    14.67783   12.189158 ]
 [29.360521  22.87266   18.200085  14.877799  12.657004 ]
 [25.516117  20.321941  16.607481  13.976289  12.190799 ]]
D_INF OF HEIGHTS VS REF: 0.008157730102539062
TIME MEAN: 0.5633427302042643 s, STD: 0.013609823911560097 s
SPEEDUP VS REF: 0.9896316452074716
====================================================================================================================================================================================================
====================================================================================================================================================================================================
FINAL SUMMARY:
CONTRACTION ITERATION APPROACH 1: sfwf_contraction_cpu_numpy (REFERENCE) -> MEAN TIME: 0.5575017929077148, STD: 0.0, SPEED-UP: 1.00
CONTRACTION ITERATION APPROACH 2: sfwf_contraction_cuda_small -> MEAN TIME: 0.1255930264790853, STD: 0.0027280302672299866, SPEED-UP: 4.44
CONTRACTION ITERATION APPROACH 3: sfwf_contraction_cuda_large_atomicmax -> MEAN TIME: 0.5301604270935059, STD: 0.016617163683842136, SPEED-UP: 1.05
CONTRACTION ITERATION APPROACH 4: sfwf_contraction_cuda_large_atomicmax_globalmem -> MEAN TIME: 0.5568506717681885, STD: 0.014689753945662064, SPEED-UP: 1.00
CONTRACTION ITERATION APPROACH 5: sfwf_contraction_cuda_large_gridreducemax -> MEAN TIME: 0.5633427302042643, STD: 0.013609823911560097, SPEED-UP: 0.99
CONTRACTION ITERATION APPROACH 6: sfwf_contraction_cuda_large_gridsyncsfwf_contraction_cuda_large_gridsync OFF.
MONTE CARLO APPROACH 1: sfwf_mc_cpu_numpy OFF.
MONTE CARLO APPROACH 2: sfwf_mc_cuda OFF.
SOAP FILM IN A WIRE FRAME DONE [time: 5.900289535522461].
