SOAP FILM IN A WIRE FRAME...
HASH STRING: 0606552082_66259_901_[7;20;5.0;317;True;0.0001;0;0;100000;TFTTTFFF]
====================================================================================================================================================================================================
EXPERIMENT INFO:
{
  SEED: 7,
  WF_FOURIER_N: 20,
  WF_FOURIER_AMPLITUDE: 5.0,
  WF_BORDER_N: 317,
  NUMPY_SINGLE_THREAD: True,
  CONTRACTION_EPS: 0.0001,
  MC_SEED_CPU_NUMPY: 0,
  MC_SEED_CUDA: 0,
  MC_SAMPLES: 100000,
  APPROACH_CONTRACTION_CPU_NUMPY: True,
  APPROACH_CONTRACTION_CUDA_SMALL: False,
  APPROACH_CONTRACTION_CUDA_LARGE_ATOMICMAX: True,
  APPROACH_CONTRACTION_CUDA_LARGE_ATOMICMAX_GLOBALMEM: True,
  APPROACH_CONTRACTION_CUDA_LARGE_GRIDREDUCE: True,
  APPROACH_CONTRACTION_CUDA_LARGE_GRIDSYNC: False,
  APPROACH_MC_CPU_NUMPY: False,
  APPROACH_MC_CUDA: False
}
====================================================================================================================================================================================================
CPU AND SYSTEM:
{'cpu_name': 'AMD Ryzen 9 9950X 16-Core Processor',
 'os_machine': 'x86_64',
 'os_name': 'Linux 6.14.0-37-generic',
 'os_version': '#37~24.04.1-Ubuntu SMP PREEMPT_DYNAMIC Thu Nov 20 10:25:38 UTC '
               '2',
 'ram_size': '123.4 GB'}
GPU:
{'async_engine_count': 2,
 'can_map_host_memory': 1,
 'compute_capability': ComputeCapability(major=12, minor=0),
 'cores_per_SM': 128,
 'cores_total': 21760,
 'max_block_dim_x': 1024,
 'max_block_dim_y': 1024,
 'max_block_dim_z': 64,
 'max_grid_dim_x': 2147483647,
 'max_grid_dim_y': 65535,
 'max_grid_dim_z': 65535,
 'max_shared_memory_per_block': 49152,
 'max_threads_per_block': 1024,
 'multiprocessor_count': 170,
 'name': 'NVIDIA GeForce RTX 5090',
 'pci_bus_id': 1,
 'pci_device_id': 0,
 'unified_addressing': 1,
 'warp_size': 32}
====================================================================================================================================================================================================
RANDOM WIRE FRAME WITH TOTAL OF POINTS (STATES): 100489
---
SFWF CONTRACTION CPU NUMPY... [eps: 0.0001]
SFWF CONTRACTION CPU NUMPY DONE. [d_inf: 9.965896606445312e-05, iterations: 38235, time: 2.9384641647338867 s]
HEIGHTS OUT[:5, :5]:
[[25.365894 24.432104 23.45143  22.432312 21.383413]
 [26.244633 25.142448 24.054836 22.967161 21.876564]
 [27.060524 25.838211 24.658314 23.504927 22.37066 ]
 [27.806177 26.491562 25.235275 24.023575 22.847942]
 [28.47468  27.086586 25.767649 24.506157 23.29365 ]]
---
SFWF CONTRACTION CUDA LARGE ATOMICMAX... [eps: 0.0001, lazy_stop_check: 100, tpb_side: 16]
[bpg: (20, 20)]
SFWF CONTRACTION CUDA LARGE ATOMICMAX DONE. [d_inf: 9.918212890625e-05, iterations: 38300, time: 0.7152070999145508 s]
HEIGHTS OUT[:5, :5]:
[[25.365894 24.432104 23.45143  22.432312 21.383413]
 [26.244633 25.142448 24.054838 22.967161 21.876564]
 [27.060524 25.838211 24.658314 23.504929 22.370663]
 [27.806177 26.491562 25.235275 24.023579 22.847946]
 [28.47468  27.086586 25.76765  24.50616  23.293657]]
D_INF VS HEIGHTS REF: 0.006427764892578125
SPEEDUP VS TIME REF: 4.108550048069936
---
SFWF CONTRACTION CUDA LARGE ATOMICMAX GLOBAL MEM... [eps: 0.0001, lazy_stop_check: 100, tpb_side: 16]
[bpg: (20, 20)]
SFWF CONTRACTION CUDA LARGE ATOMICMAX GLOBALMEM DONE. [d_inf: 9.918212890625e-05, iterations: 38300, time: 0.7171292304992676 s]
HEIGHTS OUT[:5, :5]:
[[25.365894 24.432104 23.45143  22.432312 21.383413]
 [26.244633 25.142448 24.054838 22.967161 21.876564]
 [27.060524 25.838211 24.658314 23.504929 22.370663]
 [27.806177 26.491562 25.235275 24.023579 22.847946]
 [28.47468  27.086586 25.76765  24.50616  23.293657]]
D_INF VS HEIGHTS REF: 0.006427764892578125
SPEEDUP VS TIME REF: 4.097537849193679
---
SFWF CONTRACTION CUDA LARGE GRIDREDUCEMAX... [eps: 0.0001, lazy_stop_check: 100, tpb_side: 16, tpb_reduce: 512]
[bpg: (20, 20)]
SFWF ITERATE CONTRACTION CUDA LARGE GRIDREDUCEMAX DONE. [d_inf: 9.918212890625e-05, iterations: 38300, time: 0.9880936145782471 s]
HEIGHTS OUT[:5, :5]:
[[25.365894 24.432104 23.45143  22.432312 21.383413]
 [26.244633 25.142448 24.054838 22.967161 21.876564]
 [27.060524 25.838211 24.658314 23.504929 22.370663]
 [27.806177 26.491562 25.235275 24.023579 22.847946]
 [28.47468  27.086586 25.76765  24.50616  23.293657]]
D_INF VS HEIGHTS REF: 0.006427764892578125
SPEEDUP VS TIME REF: 2.973872233743891
SOAP FILM IN A WIRE FRAME DONE [time: 5.3644304275512695].
