SOAP FILM IN A WIRE FRAME...
HASH STRING: 0756097304_96377_901_[7;20;5.0;64;True;1.0e-06;False;0;1e+05;(12,36);False;3;FFFTFFFF;TT]
====================================================================================================================================================================================================================================================
EXPERIMENT INFO:
{
  SEED: 7,
  WF_FOURIER_N: 20,
  WF_FOURIER_AMPLITUDE: 5.0,
  WF_BORDER_N: 64,
  NUMPY_SINGLE_THREAD: True,
  CONTRACTION_EPS: 1e-06,
  CONTRACTION_PLOTS: False,
  MC_SEED: 0,
  MC_SAMPLES: 100000,
  MC_I0_J0: (12, 36),
  MC_EXAMPLE_PLOT: False,
  MC_EXAMPLE_PLOT_SAMPLES: 3,
  sfwf_contraction_cpu_numpy: (False, 'sfwf_contraction_cpu_numpy', 0, {}),
  sfwf_contraction_cpu_numba_parallel: (False, 'sfwf_contraction_cpu_numba_parallel', 0, {}),
  sfwf_contraction_cuda_small: (False, 'sfwf_contraction_cuda_small', 0, {}),
  sfwf_contraction_cuda_large_atomicmax: (True, 'sfwf_contraction_cuda_large_atomicmax', 10, {'lazy_stop_check': 100, 'tpb_side': 16}),
  sfwf_contraction_cuda_large_atomicmaxglosten: (False, 'sfwf_contraction_cuda_large_atomicmaxglosten', 0, {}),
  sfwf_contraction_cuda_large_hreducemax: (False, 'sfwf_contraction_cuda_large_hreducemax', 0, {}),
  sfwf_contraction_cuda_large_hreducemaxgs: (False, 'sfwf_contraction_cuda_large_hreducemaxgs', 0, {}),
  sfwf_contraction_cuda_large_gridsync: (False, 'sfwf_contraction_cuda_large_gridsync', 0, {}),
  sfwf_mc_cpu_numpy: (True, 'sfwf_mc_cpu_numpy', 10, {'chunk_size': 1000}),
  sfwf_mc_cuda: (True, 'sfwf_mc_cuda', 10, {'rpt': 10, 'tpb': 128})
}
====================================================================================================================================================================================================================================================
CPU AND SYSTEM:
{'cpu_name': 'AMD Ryzen 9 9950X 16-Core Processor',
 'os_machine': 'x86_64',
 'os_name': 'Linux 6.14.0-37-generic',
 'os_version': '#37~24.04.1-Ubuntu SMP PREEMPT_DYNAMIC Thu Nov 20 10:25:38 UTC '
               '2',
 'ram_size': '123.4 GB'}
GPU:
{'async_engine_count': 2,
 'can_map_host_memory': 1,
 'compute_capability': ComputeCapability(major=12, minor=0),
 'cores_per_SM': 128,
 'cores_total': 21760,
 'max_block_dim_x': 1024,
 'max_block_dim_y': 1024,
 'max_block_dim_z': 64,
 'max_grid_dim_x': 2147483647,
 'max_grid_dim_y': 65535,
 'max_grid_dim_z': 65535,
 'max_shared_memory_per_block': 49152,
 'max_threads_per_block': 1024,
 'multiprocessor_count': 170,
 'name': 'NVIDIA GeForce RTX 5090',
 'pci_bus_id': 1,
 'pci_device_id': 0,
 'unified_addressing': 1,
 'warp_size': 32}
====================================================================================================================================================================================================================================================
RANDOM WIRE FRAME WITH TOTAL OF POINTS (STATES): 4096
HEIGHTS IN[:5, :5]:
[[25.365894  20.296429  14.925921  10.320204   7.3313727]
 [29.068245   0.         0.         0.         0.       ]
 [30.553246   0.         0.         0.         0.       ]
 [29.360521   0.         0.         0.         0.       ]
 [25.516117   0.         0.         0.         0.       ]]
====================================================================================================================================================================================================================================================
CONTRACTION ITERATION APPROACH 4: sfwf_contraction_cuda_large_atomicmax...
---
REPETITION: 1/10:
SFWF CONTRACTION CUDA LARGE ATOMICMAX... [eps: 1e-06, lazy_stop_check: 100, tpb_side: 16]
[bpg: (4, 4), tpb: (16, 16)]
SFWF CONTRACTION CUDA LARGE ATOMICMAX DONE. [d_inf: 9.536743e-07, iterations: 9400, time: 0.17574787139892578 s]
---
REPETITION: 2/10:
SFWF CONTRACTION CUDA LARGE ATOMICMAX... [eps: 1e-06, lazy_stop_check: 100, tpb_side: 16]
[bpg: (4, 4), tpb: (16, 16)]
SFWF CONTRACTION CUDA LARGE ATOMICMAX DONE. [d_inf: 9.536743e-07, iterations: 9400, time: 0.17784881591796875 s]
---
REPETITION: 3/10:
SFWF CONTRACTION CUDA LARGE ATOMICMAX... [eps: 1e-06, lazy_stop_check: 100, tpb_side: 16]
[bpg: (4, 4), tpb: (16, 16)]
SFWF CONTRACTION CUDA LARGE ATOMICMAX DONE. [d_inf: 9.536743e-07, iterations: 9400, time: 0.17892074584960938 s]
---
REPETITION: 4/10:
SFWF CONTRACTION CUDA LARGE ATOMICMAX... [eps: 1e-06, lazy_stop_check: 100, tpb_side: 16]
[bpg: (4, 4), tpb: (16, 16)]
SFWF CONTRACTION CUDA LARGE ATOMICMAX DONE. [d_inf: 9.536743e-07, iterations: 9400, time: 0.17722344398498535 s]
---
REPETITION: 5/10:
SFWF CONTRACTION CUDA LARGE ATOMICMAX... [eps: 1e-06, lazy_stop_check: 100, tpb_side: 16]
[bpg: (4, 4), tpb: (16, 16)]
SFWF CONTRACTION CUDA LARGE ATOMICMAX DONE. [d_inf: 9.536743e-07, iterations: 9400, time: 0.17624521255493164 s]
---
REPETITION: 6/10:
SFWF CONTRACTION CUDA LARGE ATOMICMAX... [eps: 1e-06, lazy_stop_check: 100, tpb_side: 16]
[bpg: (4, 4), tpb: (16, 16)]
SFWF CONTRACTION CUDA LARGE ATOMICMAX DONE. [d_inf: 9.536743e-07, iterations: 9400, time: 0.17771434783935547 s]
---
REPETITION: 7/10:
SFWF CONTRACTION CUDA LARGE ATOMICMAX... [eps: 1e-06, lazy_stop_check: 100, tpb_side: 16]
[bpg: (4, 4), tpb: (16, 16)]
SFWF CONTRACTION CUDA LARGE ATOMICMAX DONE. [d_inf: 9.536743e-07, iterations: 9400, time: 0.17644762992858887 s]
---
REPETITION: 8/10:
SFWF CONTRACTION CUDA LARGE ATOMICMAX... [eps: 1e-06, lazy_stop_check: 100, tpb_side: 16]
[bpg: (4, 4), tpb: (16, 16)]
SFWF CONTRACTION CUDA LARGE ATOMICMAX DONE. [d_inf: 9.536743e-07, iterations: 9400, time: 0.17710661888122559 s]
---
REPETITION: 9/10:
SFWF CONTRACTION CUDA LARGE ATOMICMAX... [eps: 1e-06, lazy_stop_check: 100, tpb_side: 16]
[bpg: (4, 4), tpb: (16, 16)]
SFWF CONTRACTION CUDA LARGE ATOMICMAX DONE. [d_inf: 9.536743e-07, iterations: 9400, time: 0.17766118049621582 s]
---
REPETITION: 10/10:
SFWF CONTRACTION CUDA LARGE ATOMICMAX... [eps: 1e-06, lazy_stop_check: 100, tpb_side: 16]
[bpg: (4, 4), tpb: (16, 16)]
SFWF CONTRACTION CUDA LARGE ATOMICMAX DONE. [d_inf: 9.536743e-07, iterations: 9400, time: 0.1778855323791504 s]
***
SUMMARY:
HEIGHTS OUT[:5, :5]:
[[25.365894  20.296429  14.925921  10.320204   7.3313727]
 [29.068245  22.564266  17.283945  13.20249   10.526932 ]
 [30.553246  23.60845   18.443102  14.678881  12.190558 ]
 [29.360521  22.873186  18.201136  14.8793745 12.6591   ]
 [25.516117  20.322641  16.608881  13.978384  12.193586 ]]
D_INF OF HEIGHTS VS REF: 0.0
D_INF (AT STOP) MEAN: 9.5367431640625e-07
ITERATIONS MEAN: 9400.0
TIME MEAN: 0.17728013992309571 s, STD: 0.0008865961319491222 s, STD_%: 0.5%
SPEEDUP VS REF: 1.0
====================================================================================================================================================================================================================================================
MONTE CARLO APPROACH 1: sfwf_mc_cpu_numpy...
---
REPETITION: 1/10:
SFWF MC CPU NUMPY... [(i, j): (12, 36), n_samples: 1.0e+05, seed: 0, chunk_size: 1000]
[10000/100000: border reached at t: 172, (i, j): (0, 38), h: 23.400461; trajectory time: 2.193450927734375e-05 s]
[20000/100000: border reached at t: 66, (i, j): (0, 32), h: 11.927004; trajectory time: 2.193450927734375e-05 s]
[30000/100000: border reached at t: 142, (i, j): (0, 54), h: -1.468429; trajectory time: 2.1219253540039062e-05 s]
[40000/100000: border reached at t: 192, (i, j): (0, 46), h: 6.5716267; trajectory time: 2.1219253540039062e-05 s]
[50000/100000: border reached at t: 581, (i, j): (0, 21), h: -17.055447; trajectory time: 2.1457672119140625e-05 s]
[60000/100000: border reached at t: 1585, (i, j): (63, 48), h: -3.1345806; trajectory time: 4.2438507080078125e-05 s]
[70000/100000: border reached at t: 762, (i, j): (0, 28), h: -0.33135194; trajectory time: 2.1457672119140625e-05 s]
[80000/100000: border reached at t: 721, (i, j): (0, 19), h: -17.9311; trajectory time: 2.1219253540039062e-05 s]
[90000/100000: border reached at t: 652, (i, j): (0, 24), h: -8.625851; trajectory time: 2.1219253540039062e-05 s]
[100000/100000: border reached at t: 219, (i, j): (0, 45), h: 4.3046117; trajectory time: 2.09808349609375e-05 s]
SFWF MC CPU NUMPY DONE. [h_mean: 8.187242, T_mean: 753.52291; time: 2.9089481830596924 s]
---
REPETITION: 2/10:
SFWF MC CPU NUMPY... [(i, j): (12, 36), n_samples: 1.0e+05, seed: 0, chunk_size: 1000]
[10000/100000: border reached at t: 172, (i, j): (0, 38), h: 23.400461; trajectory time: 2.1696090698242188e-05 s]
[20000/100000: border reached at t: 66, (i, j): (0, 32), h: 11.927004; trajectory time: 2.1457672119140625e-05 s]
[30000/100000: border reached at t: 142, (i, j): (0, 54), h: -1.468429; trajectory time: 2.09808349609375e-05 s]
[40000/100000: border reached at t: 192, (i, j): (0, 46), h: 6.5716267; trajectory time: 2.09808349609375e-05 s]
[50000/100000: border reached at t: 581, (i, j): (0, 21), h: -17.055447; trajectory time: 2.1696090698242188e-05 s]
[60000/100000: border reached at t: 1585, (i, j): (63, 48), h: -3.1345806; trajectory time: 4.124641418457031e-05 s]
[70000/100000: border reached at t: 762, (i, j): (0, 28), h: -0.33135194; trajectory time: 2.09808349609375e-05 s]
[80000/100000: border reached at t: 721, (i, j): (0, 19), h: -17.9311; trajectory time: 2.09808349609375e-05 s]
[90000/100000: border reached at t: 652, (i, j): (0, 24), h: -8.625851; trajectory time: 2.09808349609375e-05 s]
[100000/100000: border reached at t: 219, (i, j): (0, 45), h: 4.3046117; trajectory time: 2.09808349609375e-05 s]
SFWF MC CPU NUMPY DONE. [h_mean: 8.187242, T_mean: 753.52291; time: 2.903848886489868 s]
---
REPETITION: 3/10:
SFWF MC CPU NUMPY... [(i, j): (12, 36), n_samples: 1.0e+05, seed: 0, chunk_size: 1000]
[10000/100000: border reached at t: 172, (i, j): (0, 38), h: 23.400461; trajectory time: 2.193450927734375e-05 s]
[20000/100000: border reached at t: 66, (i, j): (0, 32), h: 11.927004; trajectory time: 2.1219253540039062e-05 s]
[30000/100000: border reached at t: 142, (i, j): (0, 54), h: -1.468429; trajectory time: 2.1457672119140625e-05 s]
[40000/100000: border reached at t: 192, (i, j): (0, 46), h: 6.5716267; trajectory time: 2.1457672119140625e-05 s]
[50000/100000: border reached at t: 581, (i, j): (0, 21), h: -17.055447; trajectory time: 2.193450927734375e-05 s]
[60000/100000: border reached at t: 1585, (i, j): (63, 48), h: -3.1345806; trajectory time: 4.124641418457031e-05 s]
[70000/100000: border reached at t: 762, (i, j): (0, 28), h: -0.33135194; trajectory time: 2.1219253540039062e-05 s]
[80000/100000: border reached at t: 721, (i, j): (0, 19), h: -17.9311; trajectory time: 2.09808349609375e-05 s]
[90000/100000: border reached at t: 652, (i, j): (0, 24), h: -8.625851; trajectory time: 2.09808349609375e-05 s]
[100000/100000: border reached at t: 219, (i, j): (0, 45), h: 4.3046117; trajectory time: 2.09808349609375e-05 s]
SFWF MC CPU NUMPY DONE. [h_mean: 8.187242, T_mean: 753.52291; time: 2.9087557792663574 s]
---
REPETITION: 4/10:
SFWF MC CPU NUMPY... [(i, j): (12, 36), n_samples: 1.0e+05, seed: 0, chunk_size: 1000]
[10000/100000: border reached at t: 172, (i, j): (0, 38), h: 23.400461; trajectory time: 2.1696090698242188e-05 s]
[20000/100000: border reached at t: 66, (i, j): (0, 32), h: 11.927004; trajectory time: 2.1457672119140625e-05 s]
[30000/100000: border reached at t: 142, (i, j): (0, 54), h: -1.468429; trajectory time: 2.1457672119140625e-05 s]
[40000/100000: border reached at t: 192, (i, j): (0, 46), h: 6.5716267; trajectory time: 2.1219253540039062e-05 s]
[50000/100000: border reached at t: 581, (i, j): (0, 21), h: -17.055447; trajectory time: 2.1457672119140625e-05 s]
[60000/100000: border reached at t: 1585, (i, j): (63, 48), h: -3.1345806; trajectory time: 4.124641418457031e-05 s]
[70000/100000: border reached at t: 762, (i, j): (0, 28), h: -0.33135194; trajectory time: 2.1219253540039062e-05 s]
[80000/100000: border reached at t: 721, (i, j): (0, 19), h: -17.9311; trajectory time: 2.1696090698242188e-05 s]
[90000/100000: border reached at t: 652, (i, j): (0, 24), h: -8.625851; trajectory time: 2.09808349609375e-05 s]
[100000/100000: border reached at t: 219, (i, j): (0, 45), h: 4.3046117; trajectory time: 2.09808349609375e-05 s]
SFWF MC CPU NUMPY DONE. [h_mean: 8.187242, T_mean: 753.52291; time: 2.905937910079956 s]
---
REPETITION: 5/10:
SFWF MC CPU NUMPY... [(i, j): (12, 36), n_samples: 1.0e+05, seed: 0, chunk_size: 1000]
[10000/100000: border reached at t: 172, (i, j): (0, 38), h: 23.400461; trajectory time: 2.1457672119140625e-05 s]
[20000/100000: border reached at t: 66, (i, j): (0, 32), h: 11.927004; trajectory time: 2.1457672119140625e-05 s]
[30000/100000: border reached at t: 142, (i, j): (0, 54), h: -1.468429; trajectory time: 2.1457672119140625e-05 s]
[40000/100000: border reached at t: 192, (i, j): (0, 46), h: 6.5716267; trajectory time: 2.1457672119140625e-05 s]
[50000/100000: border reached at t: 581, (i, j): (0, 21), h: -17.055447; trajectory time: 2.1457672119140625e-05 s]
[60000/100000: border reached at t: 1585, (i, j): (63, 48), h: -3.1345806; trajectory time: 4.124641418457031e-05 s]
[70000/100000: border reached at t: 762, (i, j): (0, 28), h: -0.33135194; trajectory time: 2.09808349609375e-05 s]
[80000/100000: border reached at t: 721, (i, j): (0, 19), h: -17.9311; trajectory time: 2.1457672119140625e-05 s]
[90000/100000: border reached at t: 652, (i, j): (0, 24), h: -8.625851; trajectory time: 2.1219253540039062e-05 s]
[100000/100000: border reached at t: 219, (i, j): (0, 45), h: 4.3046117; trajectory time: 2.09808349609375e-05 s]
SFWF MC CPU NUMPY DONE. [h_mean: 8.187242, T_mean: 753.52291; time: 2.908156633377075 s]
---
REPETITION: 6/10:
SFWF MC CPU NUMPY... [(i, j): (12, 36), n_samples: 1.0e+05, seed: 0, chunk_size: 1000]
[10000/100000: border reached at t: 172, (i, j): (0, 38), h: 23.400461; trajectory time: 2.1696090698242188e-05 s]
[20000/100000: border reached at t: 66, (i, j): (0, 32), h: 11.927004; trajectory time: 2.1219253540039062e-05 s]
[30000/100000: border reached at t: 142, (i, j): (0, 54), h: -1.468429; trajectory time: 2.09808349609375e-05 s]
[40000/100000: border reached at t: 192, (i, j): (0, 46), h: 6.5716267; trajectory time: 2.1219253540039062e-05 s]
[50000/100000: border reached at t: 581, (i, j): (0, 21), h: -17.055447; trajectory time: 2.1696090698242188e-05 s]
[60000/100000: border reached at t: 1585, (i, j): (63, 48), h: -3.1345806; trajectory time: 4.100799560546875e-05 s]
[70000/100000: border reached at t: 762, (i, j): (0, 28), h: -0.33135194; trajectory time: 2.09808349609375e-05 s]
[80000/100000: border reached at t: 721, (i, j): (0, 19), h: -17.9311; trajectory time: 2.1457672119140625e-05 s]
[90000/100000: border reached at t: 652, (i, j): (0, 24), h: -8.625851; trajectory time: 2.09808349609375e-05 s]
[100000/100000: border reached at t: 219, (i, j): (0, 45), h: 4.3046117; trajectory time: 2.09808349609375e-05 s]
SFWF MC CPU NUMPY DONE. [h_mean: 8.187242, T_mean: 753.52291; time: 2.8999075889587402 s]
---
REPETITION: 7/10:
SFWF MC CPU NUMPY... [(i, j): (12, 36), n_samples: 1.0e+05, seed: 0, chunk_size: 1000]
[10000/100000: border reached at t: 172, (i, j): (0, 38), h: 23.400461; trajectory time: 2.1696090698242188e-05 s]
[20000/100000: border reached at t: 66, (i, j): (0, 32), h: 11.927004; trajectory time: 2.1457672119140625e-05 s]
[30000/100000: border reached at t: 142, (i, j): (0, 54), h: -1.468429; trajectory time: 2.1219253540039062e-05 s]
[40000/100000: border reached at t: 192, (i, j): (0, 46), h: 6.5716267; trajectory time: 2.1219253540039062e-05 s]
[50000/100000: border reached at t: 581, (i, j): (0, 21), h: -17.055447; trajectory time: 2.1219253540039062e-05 s]
[60000/100000: border reached at t: 1585, (i, j): (63, 48), h: -3.1345806; trajectory time: 4.100799560546875e-05 s]
[70000/100000: border reached at t: 762, (i, j): (0, 28), h: -0.33135194; trajectory time: 2.1219253540039062e-05 s]
[80000/100000: border reached at t: 721, (i, j): (0, 19), h: -17.9311; trajectory time: 2.09808349609375e-05 s]
[90000/100000: border reached at t: 652, (i, j): (0, 24), h: -8.625851; trajectory time: 2.1219253540039062e-05 s]
[100000/100000: border reached at t: 219, (i, j): (0, 45), h: 4.3046117; trajectory time: 2.1219253540039062e-05 s]
SFWF MC CPU NUMPY DONE. [h_mean: 8.187242, T_mean: 753.52291; time: 2.8999125957489014 s]
---
REPETITION: 8/10:
SFWF MC CPU NUMPY... [(i, j): (12, 36), n_samples: 1.0e+05, seed: 0, chunk_size: 1000]
[10000/100000: border reached at t: 172, (i, j): (0, 38), h: 23.400461; trajectory time: 2.1696090698242188e-05 s]
[20000/100000: border reached at t: 66, (i, j): (0, 32), h: 11.927004; trajectory time: 2.193450927734375e-05 s]
[30000/100000: border reached at t: 142, (i, j): (0, 54), h: -1.468429; trajectory time: 2.1457672119140625e-05 s]
[40000/100000: border reached at t: 192, (i, j): (0, 46), h: 6.5716267; trajectory time: 2.1457672119140625e-05 s]
[50000/100000: border reached at t: 581, (i, j): (0, 21), h: -17.055447; trajectory time: 2.1219253540039062e-05 s]
[60000/100000: border reached at t: 1585, (i, j): (63, 48), h: -3.1345806; trajectory time: 4.172325134277344e-05 s]
[70000/100000: border reached at t: 762, (i, j): (0, 28), h: -0.33135194; trajectory time: 2.1219253540039062e-05 s]
[80000/100000: border reached at t: 721, (i, j): (0, 19), h: -17.9311; trajectory time: 2.1219253540039062e-05 s]
[90000/100000: border reached at t: 652, (i, j): (0, 24), h: -8.625851; trajectory time: 2.09808349609375e-05 s]
[100000/100000: border reached at t: 219, (i, j): (0, 45), h: 4.3046117; trajectory time: 2.09808349609375e-05 s]
SFWF MC CPU NUMPY DONE. [h_mean: 8.187242, T_mean: 753.52291; time: 2.906907796859741 s]
---
REPETITION: 9/10:
SFWF MC CPU NUMPY... [(i, j): (12, 36), n_samples: 1.0e+05, seed: 0, chunk_size: 1000]
[10000/100000: border reached at t: 172, (i, j): (0, 38), h: 23.400461; trajectory time: 2.193450927734375e-05 s]
[20000/100000: border reached at t: 66, (i, j): (0, 32), h: 11.927004; trajectory time: 2.3365020751953125e-05 s]
[30000/100000: border reached at t: 142, (i, j): (0, 54), h: -1.468429; trajectory time: 2.1457672119140625e-05 s]
[40000/100000: border reached at t: 192, (i, j): (0, 46), h: 6.5716267; trajectory time: 2.1219253540039062e-05 s]
[50000/100000: border reached at t: 581, (i, j): (0, 21), h: -17.055447; trajectory time: 2.1457672119140625e-05 s]
[60000/100000: border reached at t: 1585, (i, j): (63, 48), h: -3.1345806; trajectory time: 4.1484832763671875e-05 s]
[70000/100000: border reached at t: 762, (i, j): (0, 28), h: -0.33135194; trajectory time: 2.09808349609375e-05 s]
[80000/100000: border reached at t: 721, (i, j): (0, 19), h: -17.9311; trajectory time: 2.1219253540039062e-05 s]
[90000/100000: border reached at t: 652, (i, j): (0, 24), h: -8.625851; trajectory time: 2.1219253540039062e-05 s]
[100000/100000: border reached at t: 219, (i, j): (0, 45), h: 4.3046117; trajectory time: 2.1457672119140625e-05 s]
SFWF MC CPU NUMPY DONE. [h_mean: 8.187242, T_mean: 753.52291; time: 2.9141180515289307 s]
---
REPETITION: 10/10:
SFWF MC CPU NUMPY... [(i, j): (12, 36), n_samples: 1.0e+05, seed: 0, chunk_size: 1000]
[10000/100000: border reached at t: 172, (i, j): (0, 38), h: 23.400461; trajectory time: 2.1696090698242188e-05 s]
[20000/100000: border reached at t: 66, (i, j): (0, 32), h: 11.927004; trajectory time: 2.1696090698242188e-05 s]
[30000/100000: border reached at t: 142, (i, j): (0, 54), h: -1.468429; trajectory time: 2.1457672119140625e-05 s]
[40000/100000: border reached at t: 192, (i, j): (0, 46), h: 6.5716267; trajectory time: 2.1219253540039062e-05 s]
[50000/100000: border reached at t: 581, (i, j): (0, 21), h: -17.055447; trajectory time: 2.1457672119140625e-05 s]
[60000/100000: border reached at t: 1585, (i, j): (63, 48), h: -3.1345806; trajectory time: 4.172325134277344e-05 s]
[70000/100000: border reached at t: 762, (i, j): (0, 28), h: -0.33135194; trajectory time: 2.1219253540039062e-05 s]
[80000/100000: border reached at t: 721, (i, j): (0, 19), h: -17.9311; trajectory time: 2.1457672119140625e-05 s]
[90000/100000: border reached at t: 652, (i, j): (0, 24), h: -8.625851; trajectory time: 2.09808349609375e-05 s]
[100000/100000: border reached at t: 219, (i, j): (0, 45), h: 4.3046117; trajectory time: 2.09808349609375e-05 s]
SFWF MC CPU NUMPY DONE. [h_mean: 8.187242, T_mean: 753.52291; time: 2.916726589202881 s]
***
SUMMARY:
COMPARISON OF SINGLE HEIGHT VS REF -> h_mean: 8.187242 VS contraction_ref_heights_out[i0, j0]: 8.203798, ABS DIFF: 1.6556740e-02]
TIME MEAN: 2.9073220014572145 s, STD: 0.00513859874585065 s, STD_%: 0.2%
SPEEDUP VS REF: 1.0
====================================================================================================================================================================================================================================================
MONTE CARLO APPROACH 2: sfwf_mc_cuda...
---
REPETITION: 1/10:
SFWF MC CUDA... [(i, j): (12, 36), wanted n_samples: 1.0e+05, seed: 0, rpt: 10, tpb: 128]
[min_n_generators: 10000, bpg_walk: 79]
[initialization of random generators...]
[initialization of random generators done; count: 10112, memory: 0.154 MiB, time: 0.2536752223968506 s]
[random walks...; bpg_walk: 79, tpb: 128]
[random walks done; time: 0.008804798126220703 s]
[mean-reduction...; bpg: 1, tpb: 128]
[mean-reduction done; time: 0.00010514259338378906 s]
SFWF MC CUDA DONE. [h_mean: 8.169923, T_mean: 749.8867797851562, n_samples de facto: 1.0e+05; time: 0.26267051696777344 s, time without generators initalization: 0.008995294570922852 s]
---
REPETITION: 2/10:
SFWF MC CUDA... [(i, j): (12, 36), wanted n_samples: 1.0e+05, seed: 0, rpt: 10, tpb: 128]
[min_n_generators: 10000, bpg_walk: 79]
[initialization of random generators...]
[initialization of random generators done; count: 10112, memory: 0.154 MiB, time: 0.0008854866027832031 s]
[random walks...; bpg_walk: 79, tpb: 128]
[random walks done; time: 0.008659839630126953 s]
[mean-reduction...; bpg: 1, tpb: 128]
[mean-reduction done; time: 6.031990051269531e-05 s]
SFWF MC CUDA DONE. [h_mean: 8.169923, T_mean: 749.8867797851562, n_samples de facto: 1.0e+05; time: 0.00964045524597168 s, time without generators initalization: 0.008754968643188477 s]
---
REPETITION: 3/10:
SFWF MC CUDA... [(i, j): (12, 36), wanted n_samples: 1.0e+05, seed: 0, rpt: 10, tpb: 128]
[min_n_generators: 10000, bpg_walk: 79]
[initialization of random generators...]
[initialization of random generators done; count: 10112, memory: 0.154 MiB, time: 0.0008568763732910156 s]
[random walks...; bpg_walk: 79, tpb: 128]
[random walks done; time: 0.008628368377685547 s]
[mean-reduction...; bpg: 1, tpb: 128]
[mean-reduction done; time: 5.269050598144531e-05 s]
SFWF MC CUDA DONE. [h_mean: 8.169923, T_mean: 749.8867797851562, n_samples de facto: 1.0e+05; time: 0.00956416130065918 s, time without generators initalization: 0.008707284927368164 s]
---
REPETITION: 4/10:
SFWF MC CUDA... [(i, j): (12, 36), wanted n_samples: 1.0e+05, seed: 0, rpt: 10, tpb: 128]
[min_n_generators: 10000, bpg_walk: 79]
[initialization of random generators...]
[initialization of random generators done; count: 10112, memory: 0.154 MiB, time: 0.0008575916290283203 s]
[random walks...; bpg_walk: 79, tpb: 128]
[random walks done; time: 0.008628368377685547 s]
[mean-reduction...; bpg: 1, tpb: 128]
[mean-reduction done; time: 5.054473876953125e-05 s]
SFWF MC CUDA DONE. [h_mean: 8.169923, T_mean: 749.8867797851562, n_samples de facto: 1.0e+05; time: 0.00956106185913086 s, time without generators initalization: 0.008703470230102539 s]
---
REPETITION: 5/10:
SFWF MC CUDA... [(i, j): (12, 36), wanted n_samples: 1.0e+05, seed: 0, rpt: 10, tpb: 128]
[min_n_generators: 10000, bpg_walk: 79]
[initialization of random generators...]
[initialization of random generators done; count: 10112, memory: 0.154 MiB, time: 0.0008482933044433594 s]
[random walks...; bpg_walk: 79, tpb: 128]
[random walks done; time: 0.00862574577331543 s]
[mean-reduction...; bpg: 1, tpb: 128]
[mean-reduction done; time: 4.9591064453125e-05 s]
SFWF MC CUDA DONE. [h_mean: 8.169923, T_mean: 749.8867797851562, n_samples de facto: 1.0e+05; time: 0.009545326232910156 s, time without generators initalization: 0.008697032928466797 s]
---
REPETITION: 6/10:
SFWF MC CUDA... [(i, j): (12, 36), wanted n_samples: 1.0e+05, seed: 0, rpt: 10, tpb: 128]
[min_n_generators: 10000, bpg_walk: 79]
[initialization of random generators...]
[initialization of random generators done; count: 10112, memory: 0.154 MiB, time: 0.0008523464202880859 s]
[random walks...; bpg_walk: 79, tpb: 128]
[random walks done; time: 0.008628129959106445 s]
[mean-reduction...; bpg: 1, tpb: 128]
[mean-reduction done; time: 4.887580871582031e-05 s]
SFWF MC CUDA DONE. [h_mean: 8.169923, T_mean: 749.8867797851562, n_samples de facto: 1.0e+05; time: 0.009562015533447266 s, time without generators initalization: 0.00870966911315918 s]
---
REPETITION: 7/10:
SFWF MC CUDA... [(i, j): (12, 36), wanted n_samples: 1.0e+05, seed: 0, rpt: 10, tpb: 128]
[min_n_generators: 10000, bpg_walk: 79]
[initialization of random generators...]
[initialization of random generators done; count: 10112, memory: 0.154 MiB, time: 0.0009484291076660156 s]
[random walks...; bpg_walk: 79, tpb: 128]
[random walks done; time: 0.008625507354736328 s]
[mean-reduction...; bpg: 1, tpb: 128]
[mean-reduction done; time: 5.221366882324219e-05 s]
SFWF MC CUDA DONE. [h_mean: 8.169923, T_mean: 749.8867797851562, n_samples de facto: 1.0e+05; time: 0.009654045104980469 s, time without generators initalization: 0.008705615997314453 s]
---
REPETITION: 8/10:
SFWF MC CUDA... [(i, j): (12, 36), wanted n_samples: 1.0e+05, seed: 0, rpt: 10, tpb: 128]
[min_n_generators: 10000, bpg_walk: 79]
[initialization of random generators...]
[initialization of random generators done; count: 10112, memory: 0.154 MiB, time: 0.0008466243743896484 s]
[random walks...; bpg_walk: 79, tpb: 128]
[random walks done; time: 0.008621454238891602 s]
[mean-reduction...; bpg: 1, tpb: 128]
[mean-reduction done; time: 4.744529724121094e-05 s]
SFWF MC CUDA DONE. [h_mean: 8.169923, T_mean: 749.8867797851562, n_samples de facto: 1.0e+05; time: 0.009537935256958008 s, time without generators initalization: 0.00869131088256836 s]
---
REPETITION: 9/10:
SFWF MC CUDA... [(i, j): (12, 36), wanted n_samples: 1.0e+05, seed: 0, rpt: 10, tpb: 128]
[min_n_generators: 10000, bpg_walk: 79]
[initialization of random generators...]
[initialization of random generators done; count: 10112, memory: 0.154 MiB, time: 0.0008475780487060547 s]
[random walks...; bpg_walk: 79, tpb: 128]
[random walks done; time: 0.008625984191894531 s]
[mean-reduction...; bpg: 1, tpb: 128]
[mean-reduction done; time: 4.8160552978515625e-05 s]
SFWF MC CUDA DONE. [h_mean: 8.169923, T_mean: 749.8867797851562, n_samples de facto: 1.0e+05; time: 0.009545326232910156 s, time without generators initalization: 0.008697748184204102 s]
---
REPETITION: 10/10:
SFWF MC CUDA... [(i, j): (12, 36), wanted n_samples: 1.0e+05, seed: 0, rpt: 10, tpb: 128]
[min_n_generators: 10000, bpg_walk: 79]
[initialization of random generators...]
[initialization of random generators done; count: 10112, memory: 0.154 MiB, time: 0.0008475780487060547 s]
[random walks...; bpg_walk: 79, tpb: 128]
[random walks done; time: 0.008617639541625977 s]
[mean-reduction...; bpg: 1, tpb: 128]
[mean-reduction done; time: 4.6253204345703125e-05 s]
SFWF MC CUDA DONE. [h_mean: 8.169923, T_mean: 749.8867797851562, n_samples de facto: 1.0e+05; time: 0.009532928466796875 s, time without generators initalization: 0.00868535041809082 s]
***
SUMMARY:
COMPARISON OF SINGLE HEIGHT VS REF -> h_mean: 8.169923 VS contraction_ref_heights_out[i0, j0]: 8.203798, ABS DIFF: 3.3875465e-02]
TIME MEAN: 0.008734774589538575 s, STD: 8.866895940141133e-05 s, STD_%: 1.0%
SPEEDUP VS REF: 332.8445367026692
====================================================================================================================================================================================================================================================
====================================================================================================================================================================================================================================================
FINAL SUMMARY:
CONTRACTION ITERATION APPROACH 1: sfwf_contraction_cpu_numpy OFF.
CONTRACTION ITERATION APPROACH 2: sfwf_contraction_cpu_numba_parallel OFF.
CONTRACTION ITERATION APPROACH 3: sfwf_contraction_cuda_small OFF.
CONTRACTION ITERATION APPROACH 4: sfwf_contraction_cuda_large_atomicmax (REFERENCE) -> MEAN ITERATIONS: 9400.0, MEAN D_INF: 9.5367431640625e-07, MEAN TIME: 0.17728013992309571 s, TIME STD: 0.0008865961319491222 s, STD_%: 0.5%, SPEED-UP: 1.00
CONTRACTION ITERATION APPROACH 5: sfwf_contraction_cuda_large_atomicmaxglosten OFF.
CONTRACTION ITERATION APPROACH 6: sfwf_contraction_cuda_large_hreducemax OFF.
CONTRACTION ITERATION APPROACH 7: sfwf_contraction_cuda_large_hreducemaxgs OFF.
CONTRACTION ITERATION APPROACH 8: sfwf_contraction_cuda_large_gridsync OFF.
MONTE CARLO APPROACH 1: sfwf_mc_cpu_numpy (REFERENCE) -> MEAN TIME: 2.9073220014572145 s, TIME STD: 0.00513859874585065 s,  STD_%: 0.2%, SPEED-UP: 1.00
MONTE CARLO APPROACH 2: sfwf_mc_cuda -> MEAN TIME: 0.008734774589538575 s, TIME STD: 8.866895940141133e-05 s,  STD_%: 1.0%, SPEED-UP: 332.84
SOAP FILM IN A WIRE FRAME DONE. [hash string: 0756097304_96377_901_[7;20;5.0;64;True;1.0e-06;False;0;1e+05;(12,36);False;3;FFFTFFFF;TT], time: 31.19916272163391]
