SOAP FILM IN A WIRE FRAME...
HASH STRING: 0854513523_57172_901_[7;20;5.0;10000;True;1.0e-04;False;0;1.0e+06;False;3;TTTTTT;FF]
====================================================================================================================================================================================================
EXPERIMENT INFO:
{
  SEED: 7,
  WF_FOURIER_N: 20,
  WF_FOURIER_AMPLITUDE: 5.0,
  WF_BORDER_N: 10000,
  NUMPY_SINGLE_THREAD: True,
  CONTRACTION_EPS: 0.0001,
  CONTRACTION_PLOTS: False,
  MC_SEED: 0,
  MC_SAMPLES: 1000000,
  MC_EXAMPLE_PLOT: False,
  MC_EXAMPLE_PLOT_SAMPLES: 3,
  sfwf_contraction_cpu_numpy: (True, 'sfwf_contraction_cpu_numpy', 1, {}),
  sfwf_contraction_cuda_small: (True, 'sfwf_contraction_cuda_small', 10, {'tpb': 512}),
  sfwf_contraction_cuda_large_atomicmax: (True, 'sfwf_contraction_cuda_large_atomicmax', 10, {'lazy_stop_check': 100, 'tpb_side': 16}),
  sfwf_contraction_cuda_large_atomicmax_globalmem: (True, 'sfwf_contraction_cuda_large_atomicmax_globalmem', 10, {'lazy_stop_check': 100, 'tpb_side': 16}),
  sfwf_contraction_cuda_large_gridreducemax: (True, 'sfwf_contraction_cuda_large_gridreducemax', 10, {'lazy_stop_check': 100, 'tpb_side': 16, 'tpb_reduce': 512}),
  sfwf_contraction_cuda_large_gridsync: (True, 'sfwf_contraction_cuda_large_gridsync', 10, {'tpb_side': 16}),
  sfwf_mc_cpu_numpy: (False, 'sfwf_mc_cpu_numpy', 0, {}),
  sfwf_mc_cuda: (False, 'sfwf_mc_cuda', 0, {})
}
====================================================================================================================================================================================================
CPU AND SYSTEM:
{'cpu_name': 'AMD Ryzen 9 9950X 16-Core Processor',
 'os_machine': 'x86_64',
 'os_name': 'Linux 6.14.0-37-generic',
 'os_version': '#37~24.04.1-Ubuntu SMP PREEMPT_DYNAMIC Thu Nov 20 10:25:38 UTC '
               '2',
 'ram_size': '123.4 GB'}
GPU:
{'async_engine_count': 2,
 'can_map_host_memory': 1,
 'compute_capability': ComputeCapability(major=12, minor=0),
 'cores_per_SM': 128,
 'cores_total': 21760,
 'max_block_dim_x': 1024,
 'max_block_dim_y': 1024,
 'max_block_dim_z': 64,
 'max_grid_dim_x': 2147483647,
 'max_grid_dim_y': 65535,
 'max_grid_dim_z': 65535,
 'max_shared_memory_per_block': 49152,
 'max_threads_per_block': 1024,
 'multiprocessor_count': 170,
 'name': 'NVIDIA GeForce RTX 5090',
 'pci_bus_id': 1,
 'pci_device_id': 0,
 'unified_addressing': 1,
 'warp_size': 32}
====================================================================================================================================================================================================
RANDOM WIRE FRAME WITH TOTAL OF POINTS (STATES): 100000000
HEIGHTS IN[:5, :5]:
[[25.365894 25.337183 25.308418 25.279598 25.250725]
 [25.394518  0.        0.        0.        0.      ]
 [25.423153  0.        0.        0.        0.      ]
 [25.451666  0.        0.        0.        0.      ]
 [25.48019   0.        0.        0.        0.      ]]
====================================================================================================================================================================================================
CONTRACTION ITERATION APPROACH 1: sfwf_contraction_cpu_numpy...
---
REPETITION: 1/1:
SFWF CONTRACTION CPU NUMPY... [eps: 0.0001]
