SOAP FILM IN A WIRE FRAME...
HASH STRING: 1014349560_22585_901_[7;20;5.0;64;True;1.0e-06;False;0;1e+04;(12,36);False;3;FFFTFFFF;TT]
====================================================================================================================================================================================================================================================
EXPERIMENT INFO:
{
  SEED: 7,
  WF_FOURIER_N: 20,
  WF_FOURIER_AMPLITUDE: 5.0,
  WF_BORDER_N: 64,
  NUMPY_SINGLE_THREAD: True,
  CONTRACTION_EPS: 1e-06,
  CONTRACTION_PLOTS: False,
  MC_SEED: 0,
  MC_SAMPLES: 10000,
  MC_I0_J0: (12, 36),
  MC_EXAMPLE_PLOT: False,
  MC_EXAMPLE_PLOT_SAMPLES: 3,
  sfwf_contraction_cpu_numpy: (False, 'sfwf_contraction_cpu_numpy', 0, {}),
  sfwf_contraction_cpu_numba_parallel: (False, 'sfwf_contraction_cpu_numba_parallel', 0, {}),
  sfwf_contraction_cuda_small: (False, 'sfwf_contraction_cuda_small', 0, {}),
  sfwf_contraction_cuda_large_atomicmax: (True, 'sfwf_contraction_cuda_large_atomicmax', 10, {'lazy_stop_check': 100, 'tpb_side': 16}),
  sfwf_contraction_cuda_large_atomicmaxglosten: (False, 'sfwf_contraction_cuda_large_atomicmaxglosten', 0, {}),
  sfwf_contraction_cuda_large_hreducemax: (False, 'sfwf_contraction_cuda_large_hreducemax', 0, {}),
  sfwf_contraction_cuda_large_hreducemaxgs: (False, 'sfwf_contraction_cuda_large_hreducemaxgs', 0, {}),
  sfwf_contraction_cuda_large_gridsync: (False, 'sfwf_contraction_cuda_large_gridsync', 0, {}),
  sfwf_mc_cpu_numpy: (True, 'sfwf_mc_cpu_numpy', 10, {'chunk_size': 1000}),
  sfwf_mc_cuda: (True, 'sfwf_mc_cuda', 10, {'rpt': 10, 'tpb': 128})
}
====================================================================================================================================================================================================================================================
CPU AND SYSTEM:
{'cpu_name': 'AMD Ryzen 9 9950X 16-Core Processor',
 'os_machine': 'x86_64',
 'os_name': 'Linux 6.14.0-37-generic',
 'os_version': '#37~24.04.1-Ubuntu SMP PREEMPT_DYNAMIC Thu Nov 20 10:25:38 UTC '
               '2',
 'ram_size': '123.4 GB'}
GPU:
{'async_engine_count': 2,
 'can_map_host_memory': 1,
 'compute_capability': ComputeCapability(major=12, minor=0),
 'cores_per_SM': 128,
 'cores_total': 21760,
 'max_block_dim_x': 1024,
 'max_block_dim_y': 1024,
 'max_block_dim_z': 64,
 'max_grid_dim_x': 2147483647,
 'max_grid_dim_y': 65535,
 'max_grid_dim_z': 65535,
 'max_shared_memory_per_block': 49152,
 'max_threads_per_block': 1024,
 'multiprocessor_count': 170,
 'name': 'NVIDIA GeForce RTX 5090',
 'pci_bus_id': 1,
 'pci_device_id': 0,
 'unified_addressing': 1,
 'warp_size': 32}
====================================================================================================================================================================================================================================================
RANDOM WIRE FRAME WITH TOTAL OF POINTS (STATES): 4096
HEIGHTS IN[:5, :5]:
[[25.365894  20.296429  14.925921  10.320204   7.3313727]
 [29.068245   0.         0.         0.         0.       ]
 [30.553246   0.         0.         0.         0.       ]
 [29.360521   0.         0.         0.         0.       ]
 [25.516117   0.         0.         0.         0.       ]]
====================================================================================================================================================================================================================================================
CONTRACTION ITERATION APPROACH 4: sfwf_contraction_cuda_large_atomicmax...
---
REPETITION: 1/10:
SFWF CONTRACTION CUDA LARGE ATOMICMAX... [eps: 1e-06, lazy_stop_check: 100, tpb_side: 16]
[bpg: (4, 4), tpb: (16, 16)]
SFWF CONTRACTION CUDA LARGE ATOMICMAX DONE. [d_inf: 9.536743e-07, iterations: 9400, time: 0.1781148910522461 s]
---
REPETITION: 2/10:
SFWF CONTRACTION CUDA LARGE ATOMICMAX... [eps: 1e-06, lazy_stop_check: 100, tpb_side: 16]
[bpg: (4, 4), tpb: (16, 16)]
SFWF CONTRACTION CUDA LARGE ATOMICMAX DONE. [d_inf: 9.536743e-07, iterations: 9400, time: 0.17437410354614258 s]
---
REPETITION: 3/10:
SFWF CONTRACTION CUDA LARGE ATOMICMAX... [eps: 1e-06, lazy_stop_check: 100, tpb_side: 16]
[bpg: (4, 4), tpb: (16, 16)]
SFWF CONTRACTION CUDA LARGE ATOMICMAX DONE. [d_inf: 9.536743e-07, iterations: 9400, time: 0.175750732421875 s]
---
REPETITION: 4/10:
SFWF CONTRACTION CUDA LARGE ATOMICMAX... [eps: 1e-06, lazy_stop_check: 100, tpb_side: 16]
[bpg: (4, 4), tpb: (16, 16)]
SFWF CONTRACTION CUDA LARGE ATOMICMAX DONE. [d_inf: 9.536743e-07, iterations: 9400, time: 0.17664885520935059 s]
---
REPETITION: 5/10:
SFWF CONTRACTION CUDA LARGE ATOMICMAX... [eps: 1e-06, lazy_stop_check: 100, tpb_side: 16]
[bpg: (4, 4), tpb: (16, 16)]
SFWF CONTRACTION CUDA LARGE ATOMICMAX DONE. [d_inf: 9.536743e-07, iterations: 9400, time: 0.1773664951324463 s]
---
REPETITION: 6/10:
SFWF CONTRACTION CUDA LARGE ATOMICMAX... [eps: 1e-06, lazy_stop_check: 100, tpb_side: 16]
[bpg: (4, 4), tpb: (16, 16)]
SFWF CONTRACTION CUDA LARGE ATOMICMAX DONE. [d_inf: 9.536743e-07, iterations: 9400, time: 0.17546653747558594 s]
---
REPETITION: 7/10:
SFWF CONTRACTION CUDA LARGE ATOMICMAX... [eps: 1e-06, lazy_stop_check: 100, tpb_side: 16]
[bpg: (4, 4), tpb: (16, 16)]
SFWF CONTRACTION CUDA LARGE ATOMICMAX DONE. [d_inf: 9.536743e-07, iterations: 9400, time: 0.17687582969665527 s]
---
REPETITION: 8/10:
SFWF CONTRACTION CUDA LARGE ATOMICMAX... [eps: 1e-06, lazy_stop_check: 100, tpb_side: 16]
[bpg: (4, 4), tpb: (16, 16)]
SFWF CONTRACTION CUDA LARGE ATOMICMAX DONE. [d_inf: 9.536743e-07, iterations: 9400, time: 0.17807674407958984 s]
---
REPETITION: 9/10:
SFWF CONTRACTION CUDA LARGE ATOMICMAX... [eps: 1e-06, lazy_stop_check: 100, tpb_side: 16]
[bpg: (4, 4), tpb: (16, 16)]
SFWF CONTRACTION CUDA LARGE ATOMICMAX DONE. [d_inf: 9.536743e-07, iterations: 9400, time: 0.17748761177062988 s]
---
REPETITION: 10/10:
SFWF CONTRACTION CUDA LARGE ATOMICMAX... [eps: 1e-06, lazy_stop_check: 100, tpb_side: 16]
[bpg: (4, 4), tpb: (16, 16)]
SFWF CONTRACTION CUDA LARGE ATOMICMAX DONE. [d_inf: 9.536743e-07, iterations: 9400, time: 0.1785433292388916 s]
***
SUMMARY:
HEIGHTS OUT[:5, :5]:
[[25.365894  20.296429  14.925921  10.320204   7.3313727]
 [29.068245  22.564266  17.283945  13.20249   10.526932 ]
 [30.553246  23.60845   18.443102  14.678881  12.190558 ]
 [29.360521  22.873186  18.201136  14.8793745 12.6591   ]
 [25.516117  20.322641  16.608881  13.978384  12.193586 ]]
D_INF OF HEIGHTS VS REF: 0.0
D_INF (AT STOP) MEAN: 9.5367431640625e-07
ITERATIONS MEAN: 9400.0
TIME MEAN: 0.1768705129623413 s, STD: 0.001262333946023234 s, STD_%: 0.7%
SPEEDUP VS REF: 1.0
====================================================================================================================================================================================================================================================
MONTE CARLO APPROACH 1: sfwf_mc_cpu_numpy...
---
REPETITION: 1/10:
SFWF MC CPU NUMPY... [(i, j): (12, 36), n_samples: 1.0e+04, seed: 0, chunk_size: 1000]
[1000/10000: border reached at t: 935, (i, j): (26, 63), h: 1.5823361; trajectory time: 2.09808349609375e-05 s]
[2000/10000: border reached at t: 3090, (i, j): (63, 33), h: 13.57267; trajectory time: 8.20159912109375e-05 s]
[3000/10000: border reached at t: 380, (i, j): (0, 30), h: 4.4068646; trajectory time: 2.1219253540039062e-05 s]
[4000/10000: border reached at t: 346, (i, j): (25, 63), h: -0.4499053; trajectory time: 2.1219253540039062e-05 s]
[5000/10000: border reached at t: 680, (i, j): (0, 22), h: -14.611212; trajectory time: 2.1219253540039062e-05 s]
[6000/10000: border reached at t: 95, (i, j): (0, 41), h: 10.9658165; trajectory time: 2.1219253540039062e-05 s]
[7000/10000: border reached at t: 1137, (i, j): (23, 0), h: 9.056301; trajectory time: 4.0531158447265625e-05 s]
[8000/10000: border reached at t: 126, (i, j): (0, 40), h: 15.55544; trajectory time: 2.0742416381835938e-05 s]
[9000/10000: border reached at t: 844, (i, j): (0, 42), h: 7.0082917; trajectory time: 2.09808349609375e-05 s]
[10000/10000: border reached at t: 172, (i, j): (0, 38), h: 23.400461; trajectory time: 2.1457672119140625e-05 s]
SFWF MC CPU NUMPY DONE. [h_mean: 8.036247, T_mean: 753.0823; time: 0.290194034576416 s]
---
REPETITION: 2/10:
SFWF MC CPU NUMPY... [(i, j): (12, 36), n_samples: 1.0e+04, seed: 0, chunk_size: 1000]
[1000/10000: border reached at t: 935, (i, j): (26, 63), h: 1.5823361; trajectory time: 2.09808349609375e-05 s]
[2000/10000: border reached at t: 3090, (i, j): (63, 33), h: 13.57267; trajectory time: 8.249282836914062e-05 s]
[3000/10000: border reached at t: 380, (i, j): (0, 30), h: 4.4068646; trajectory time: 2.1219253540039062e-05 s]
[4000/10000: border reached at t: 346, (i, j): (25, 63), h: -0.4499053; trajectory time: 2.1696090698242188e-05 s]
[5000/10000: border reached at t: 680, (i, j): (0, 22), h: -14.611212; trajectory time: 2.1457672119140625e-05 s]
[6000/10000: border reached at t: 95, (i, j): (0, 41), h: 10.9658165; trajectory time: 2.1219253540039062e-05 s]
[7000/10000: border reached at t: 1137, (i, j): (23, 0), h: 9.056301; trajectory time: 4.124641418457031e-05 s]
[8000/10000: border reached at t: 126, (i, j): (0, 40), h: 15.55544; trajectory time: 2.09808349609375e-05 s]
[9000/10000: border reached at t: 844, (i, j): (0, 42), h: 7.0082917; trajectory time: 2.1219253540039062e-05 s]
[10000/10000: border reached at t: 172, (i, j): (0, 38), h: 23.400461; trajectory time: 2.1457672119140625e-05 s]
SFWF MC CPU NUMPY DONE. [h_mean: 8.036247, T_mean: 753.0823; time: 0.2917306423187256 s]
---
REPETITION: 3/10:
SFWF MC CPU NUMPY... [(i, j): (12, 36), n_samples: 1.0e+04, seed: 0, chunk_size: 1000]
[1000/10000: border reached at t: 935, (i, j): (26, 63), h: 1.5823361; trajectory time: 2.09808349609375e-05 s]
[2000/10000: border reached at t: 3090, (i, j): (63, 33), h: 13.57267; trajectory time: 8.249282836914062e-05 s]
[3000/10000: border reached at t: 380, (i, j): (0, 30), h: 4.4068646; trajectory time: 2.1219253540039062e-05 s]
[4000/10000: border reached at t: 346, (i, j): (25, 63), h: -0.4499053; trajectory time: 2.1696090698242188e-05 s]
[5000/10000: border reached at t: 680, (i, j): (0, 22), h: -14.611212; trajectory time: 2.1219253540039062e-05 s]
[6000/10000: border reached at t: 95, (i, j): (0, 41), h: 10.9658165; trajectory time: 2.09808349609375e-05 s]
[7000/10000: border reached at t: 1137, (i, j): (23, 0), h: 9.056301; trajectory time: 4.100799560546875e-05 s]
[8000/10000: border reached at t: 126, (i, j): (0, 40), h: 15.55544; trajectory time: 2.09808349609375e-05 s]
[9000/10000: border reached at t: 844, (i, j): (0, 42), h: 7.0082917; trajectory time: 2.1457672119140625e-05 s]
[10000/10000: border reached at t: 172, (i, j): (0, 38), h: 23.400461; trajectory time: 2.1696090698242188e-05 s]
SFWF MC CPU NUMPY DONE. [h_mean: 8.036247, T_mean: 753.0823; time: 0.2916433811187744 s]
---
REPETITION: 4/10:
SFWF MC CPU NUMPY... [(i, j): (12, 36), n_samples: 1.0e+04, seed: 0, chunk_size: 1000]
[1000/10000: border reached at t: 935, (i, j): (26, 63), h: 1.5823361; trajectory time: 2.09808349609375e-05 s]
[2000/10000: border reached at t: 3090, (i, j): (63, 33), h: 13.57267; trajectory time: 8.20159912109375e-05 s]
[3000/10000: border reached at t: 380, (i, j): (0, 30), h: 4.4068646; trajectory time: 2.1219253540039062e-05 s]
[4000/10000: border reached at t: 346, (i, j): (25, 63), h: -0.4499053; trajectory time: 2.1219253540039062e-05 s]
[5000/10000: border reached at t: 680, (i, j): (0, 22), h: -14.611212; trajectory time: 2.1219253540039062e-05 s]
[6000/10000: border reached at t: 95, (i, j): (0, 41), h: 10.9658165; trajectory time: 2.1219253540039062e-05 s]
[7000/10000: border reached at t: 1137, (i, j): (23, 0), h: 9.056301; trajectory time: 4.124641418457031e-05 s]
[8000/10000: border reached at t: 126, (i, j): (0, 40), h: 15.55544; trajectory time: 2.1219253540039062e-05 s]
[9000/10000: border reached at t: 844, (i, j): (0, 42), h: 7.0082917; trajectory time: 2.1219253540039062e-05 s]
[10000/10000: border reached at t: 172, (i, j): (0, 38), h: 23.400461; trajectory time: 2.1696090698242188e-05 s]
SFWF MC CPU NUMPY DONE. [h_mean: 8.036247, T_mean: 753.0823; time: 0.2920417785644531 s]
---
REPETITION: 5/10:
SFWF MC CPU NUMPY... [(i, j): (12, 36), n_samples: 1.0e+04, seed: 0, chunk_size: 1000]
[1000/10000: border reached at t: 935, (i, j): (26, 63), h: 1.5823361; trajectory time: 2.1457672119140625e-05 s]
[2000/10000: border reached at t: 3090, (i, j): (63, 33), h: 13.57267; trajectory time: 8.225440979003906e-05 s]
[3000/10000: border reached at t: 380, (i, j): (0, 30), h: 4.4068646; trajectory time: 2.09808349609375e-05 s]
[4000/10000: border reached at t: 346, (i, j): (25, 63), h: -0.4499053; trajectory time: 2.1457672119140625e-05 s]
[5000/10000: border reached at t: 680, (i, j): (0, 22), h: -14.611212; trajectory time: 2.1219253540039062e-05 s]
[6000/10000: border reached at t: 95, (i, j): (0, 41), h: 10.9658165; trajectory time: 2.09808349609375e-05 s]
[7000/10000: border reached at t: 1137, (i, j): (23, 0), h: 9.056301; trajectory time: 4.124641418457031e-05 s]
[8000/10000: border reached at t: 126, (i, j): (0, 40), h: 15.55544; trajectory time: 2.1219253540039062e-05 s]
[9000/10000: border reached at t: 844, (i, j): (0, 42), h: 7.0082917; trajectory time: 2.1219253540039062e-05 s]
[10000/10000: border reached at t: 172, (i, j): (0, 38), h: 23.400461; trajectory time: 2.193450927734375e-05 s]
SFWF MC CPU NUMPY DONE. [h_mean: 8.036247, T_mean: 753.0823; time: 0.2915678024291992 s]
---
REPETITION: 6/10:
SFWF MC CPU NUMPY... [(i, j): (12, 36), n_samples: 1.0e+04, seed: 0, chunk_size: 1000]
[1000/10000: border reached at t: 935, (i, j): (26, 63), h: 1.5823361; trajectory time: 2.09808349609375e-05 s]
[2000/10000: border reached at t: 3090, (i, j): (63, 33), h: 13.57267; trajectory time: 8.225440979003906e-05 s]
[3000/10000: border reached at t: 380, (i, j): (0, 30), h: 4.4068646; trajectory time: 2.1219253540039062e-05 s]
[4000/10000: border reached at t: 346, (i, j): (25, 63), h: -0.4499053; trajectory time: 2.1696090698242188e-05 s]
[5000/10000: border reached at t: 680, (i, j): (0, 22), h: -14.611212; trajectory time: 2.09808349609375e-05 s]
[6000/10000: border reached at t: 95, (i, j): (0, 41), h: 10.9658165; trajectory time: 2.1219253540039062e-05 s]
[7000/10000: border reached at t: 1137, (i, j): (23, 0), h: 9.056301; trajectory time: 4.124641418457031e-05 s]
[8000/10000: border reached at t: 126, (i, j): (0, 40), h: 15.55544; trajectory time: 2.1219253540039062e-05 s]
[9000/10000: border reached at t: 844, (i, j): (0, 42), h: 7.0082917; trajectory time: 2.1457672119140625e-05 s]
[10000/10000: border reached at t: 172, (i, j): (0, 38), h: 23.400461; trajectory time: 2.1696090698242188e-05 s]
SFWF MC CPU NUMPY DONE. [h_mean: 8.036247, T_mean: 753.0823; time: 0.2916841506958008 s]
---
REPETITION: 7/10:
SFWF MC CPU NUMPY... [(i, j): (12, 36), n_samples: 1.0e+04, seed: 0, chunk_size: 1000]
[1000/10000: border reached at t: 935, (i, j): (26, 63), h: 1.5823361; trajectory time: 2.1219253540039062e-05 s]
[2000/10000: border reached at t: 3090, (i, j): (63, 33), h: 13.57267; trajectory time: 8.368492126464844e-05 s]
[3000/10000: border reached at t: 380, (i, j): (0, 30), h: 4.4068646; trajectory time: 2.09808349609375e-05 s]
[4000/10000: border reached at t: 346, (i, j): (25, 63), h: -0.4499053; trajectory time: 2.1696090698242188e-05 s]
[5000/10000: border reached at t: 680, (i, j): (0, 22), h: -14.611212; trajectory time: 2.1219253540039062e-05 s]
[6000/10000: border reached at t: 95, (i, j): (0, 41), h: 10.9658165; trajectory time: 2.09808349609375e-05 s]
[7000/10000: border reached at t: 1137, (i, j): (23, 0), h: 9.056301; trajectory time: 4.100799560546875e-05 s]
[8000/10000: border reached at t: 126, (i, j): (0, 40), h: 15.55544; trajectory time: 2.09808349609375e-05 s]
[9000/10000: border reached at t: 844, (i, j): (0, 42), h: 7.0082917; trajectory time: 2.1457672119140625e-05 s]
[10000/10000: border reached at t: 172, (i, j): (0, 38), h: 23.400461; trajectory time: 2.1457672119140625e-05 s]
SFWF MC CPU NUMPY DONE. [h_mean: 8.036247, T_mean: 753.0823; time: 0.29108190536499023 s]
---
REPETITION: 8/10:
SFWF MC CPU NUMPY... [(i, j): (12, 36), n_samples: 1.0e+04, seed: 0, chunk_size: 1000]
[1000/10000: border reached at t: 935, (i, j): (26, 63), h: 1.5823361; trajectory time: 2.1219253540039062e-05 s]
[2000/10000: border reached at t: 3090, (i, j): (63, 33), h: 13.57267; trajectory time: 8.225440979003906e-05 s]
[3000/10000: border reached at t: 380, (i, j): (0, 30), h: 4.4068646; trajectory time: 2.1457672119140625e-05 s]
[4000/10000: border reached at t: 346, (i, j): (25, 63), h: -0.4499053; trajectory time: 2.1457672119140625e-05 s]
[5000/10000: border reached at t: 680, (i, j): (0, 22), h: -14.611212; trajectory time: 2.1219253540039062e-05 s]
[6000/10000: border reached at t: 95, (i, j): (0, 41), h: 10.9658165; trajectory time: 2.09808349609375e-05 s]
[7000/10000: border reached at t: 1137, (i, j): (23, 0), h: 9.056301; trajectory time: 4.172325134277344e-05 s]
[8000/10000: border reached at t: 126, (i, j): (0, 40), h: 15.55544; trajectory time: 2.1219253540039062e-05 s]
[9000/10000: border reached at t: 844, (i, j): (0, 42), h: 7.0082917; trajectory time: 2.1457672119140625e-05 s]
[10000/10000: border reached at t: 172, (i, j): (0, 38), h: 23.400461; trajectory time: 2.1457672119140625e-05 s]
SFWF MC CPU NUMPY DONE. [h_mean: 8.036247, T_mean: 753.0823; time: 0.2926051616668701 s]
---
REPETITION: 9/10:
SFWF MC CPU NUMPY... [(i, j): (12, 36), n_samples: 1.0e+04, seed: 0, chunk_size: 1000]
[1000/10000: border reached at t: 935, (i, j): (26, 63), h: 1.5823361; trajectory time: 2.1219253540039062e-05 s]
[2000/10000: border reached at t: 3090, (i, j): (63, 33), h: 13.57267; trajectory time: 8.177757263183594e-05 s]
[3000/10000: border reached at t: 380, (i, j): (0, 30), h: 4.4068646; trajectory time: 2.1219253540039062e-05 s]
[4000/10000: border reached at t: 346, (i, j): (25, 63), h: -0.4499053; trajectory time: 2.1457672119140625e-05 s]
[5000/10000: border reached at t: 680, (i, j): (0, 22), h: -14.611212; trajectory time: 2.09808349609375e-05 s]
[6000/10000: border reached at t: 95, (i, j): (0, 41), h: 10.9658165; trajectory time: 2.09808349609375e-05 s]
[7000/10000: border reached at t: 1137, (i, j): (23, 0), h: 9.056301; trajectory time: 4.124641418457031e-05 s]
[8000/10000: border reached at t: 126, (i, j): (0, 40), h: 15.55544; trajectory time: 2.1219253540039062e-05 s]
[9000/10000: border reached at t: 844, (i, j): (0, 42), h: 7.0082917; trajectory time: 2.1219253540039062e-05 s]
[10000/10000: border reached at t: 172, (i, j): (0, 38), h: 23.400461; trajectory time: 2.1457672119140625e-05 s]
SFWF MC CPU NUMPY DONE. [h_mean: 8.036247, T_mean: 753.0823; time: 0.29131627082824707 s]
---
REPETITION: 10/10:
SFWF MC CPU NUMPY... [(i, j): (12, 36), n_samples: 1.0e+04, seed: 0, chunk_size: 1000]
[1000/10000: border reached at t: 935, (i, j): (26, 63), h: 1.5823361; trajectory time: 2.09808349609375e-05 s]
[2000/10000: border reached at t: 3090, (i, j): (63, 33), h: 13.57267; trajectory time: 8.177757263183594e-05 s]
[3000/10000: border reached at t: 380, (i, j): (0, 30), h: 4.4068646; trajectory time: 2.1219253540039062e-05 s]
[4000/10000: border reached at t: 346, (i, j): (25, 63), h: -0.4499053; trajectory time: 2.1457672119140625e-05 s]
[5000/10000: border reached at t: 680, (i, j): (0, 22), h: -14.611212; trajectory time: 2.1219253540039062e-05 s]
[6000/10000: border reached at t: 95, (i, j): (0, 41), h: 10.9658165; trajectory time: 2.09808349609375e-05 s]
[7000/10000: border reached at t: 1137, (i, j): (23, 0), h: 9.056301; trajectory time: 4.124641418457031e-05 s]
[8000/10000: border reached at t: 126, (i, j): (0, 40), h: 15.55544; trajectory time: 2.09808349609375e-05 s]
[9000/10000: border reached at t: 844, (i, j): (0, 42), h: 7.0082917; trajectory time: 2.1219253540039062e-05 s]
[10000/10000: border reached at t: 172, (i, j): (0, 38), h: 23.400461; trajectory time: 2.1696090698242188e-05 s]
SFWF MC CPU NUMPY DONE. [h_mean: 8.036247, T_mean: 753.0823; time: 0.2915005683898926 s]
***
SUMMARY:
COMPARISON OF SINGLE HEIGHT VS REF -> h_mean: 8.036247 VS contraction_ref_heights_out[i0, j0]: 8.203798, ABS DIFF: 1.6755104e-01]
TIME MEAN: 0.2915365695953369 s, STD: 0.0005939613779874282 s, STD_%: 0.2%
SPEEDUP VS REF: 1.0
====================================================================================================================================================================================================================================================
MONTE CARLO APPROACH 2: sfwf_mc_cuda...
---
REPETITION: 1/10:
SFWF MC CUDA... [(i, j): (12, 36), wanted n_samples: 1.0e+04, seed: 0, rpt: 10, tpb: 128]
[min_n_generators: 1000, bpg_walk: 8]
[initialization of random generators...]
[initialization of random generators done; count: 1024, memory: 0.016 MiB, time: 0.24723267555236816 s]
[random walks...; bpg_walk: 8, tpb: 128]
[random walks done; time: 0.008559703826904297 s]
[mean-reduction...; bpg: 1, tpb: 128]
[mean-reduction done; time: 9.894371032714844e-05 s]
SFWF MC CUDA DONE. [h_mean: 8.197235, T_mean: 757.4837646484375, n_samples de facto: 1.0e+04; time: 0.25595521926879883 s, time without generators initalization: 0.008722543716430664 s]
---
REPETITION: 2/10:
SFWF MC CUDA... [(i, j): (12, 36), wanted n_samples: 1.0e+04, seed: 0, rpt: 10, tpb: 128]
[min_n_generators: 1000, bpg_walk: 8]
[initialization of random generators...]
[initialization of random generators done; count: 1024, memory: 0.016 MiB, time: 0.00017333030700683594 s]
[random walks...; bpg_walk: 8, tpb: 128]
[random walks done; time: 0.008404254913330078 s]
[mean-reduction...; bpg: 1, tpb: 128]
[mean-reduction done; time: 6.318092346191406e-05 s]
SFWF MC CUDA DONE. [h_mean: 8.197235, T_mean: 757.4837646484375, n_samples de facto: 1.0e+04; time: 0.008670330047607422 s, time without generators initalization: 0.008496999740600586 s]
---
REPETITION: 3/10:
SFWF MC CUDA... [(i, j): (12, 36), wanted n_samples: 1.0e+04, seed: 0, rpt: 10, tpb: 128]
[min_n_generators: 1000, bpg_walk: 8]
[initialization of random generators...]
[initialization of random generators done; count: 1024, memory: 0.016 MiB, time: 0.0001647472381591797 s]
[random walks...; bpg_walk: 8, tpb: 128]
[random walks done; time: 0.008396148681640625 s]
[mean-reduction...; bpg: 1, tpb: 128]
[mean-reduction done; time: 5.221366882324219e-05 s]
SFWF MC CUDA DONE. [h_mean: 8.197235, T_mean: 757.4837646484375, n_samples de facto: 1.0e+04; time: 0.008636951446533203 s, time without generators initalization: 0.008472204208374023 s]
---
REPETITION: 4/10:
SFWF MC CUDA... [(i, j): (12, 36), wanted n_samples: 1.0e+04, seed: 0, rpt: 10, tpb: 128]
[min_n_generators: 1000, bpg_walk: 8]
[initialization of random generators...]
[initialization of random generators done; count: 1024, memory: 0.016 MiB, time: 0.00015115737915039062 s]
[random walks...; bpg_walk: 8, tpb: 128]
[random walks done; time: 0.008394002914428711 s]
[mean-reduction...; bpg: 1, tpb: 128]
[mean-reduction done; time: 5.340576171875e-05 s]
SFWF MC CUDA DONE. [h_mean: 8.197235, T_mean: 757.4837646484375, n_samples de facto: 1.0e+04; time: 0.008621692657470703 s, time without generators initalization: 0.008470535278320312 s]
---
REPETITION: 5/10:
SFWF MC CUDA... [(i, j): (12, 36), wanted n_samples: 1.0e+04, seed: 0, rpt: 10, tpb: 128]
[min_n_generators: 1000, bpg_walk: 8]
[initialization of random generators...]
[initialization of random generators done; count: 1024, memory: 0.016 MiB, time: 0.000148773193359375 s]
[random walks...; bpg_walk: 8, tpb: 128]
[random walks done; time: 0.008395195007324219 s]
[mean-reduction...; bpg: 1, tpb: 128]
[mean-reduction done; time: 4.982948303222656e-05 s]
SFWF MC CUDA DONE. [h_mean: 8.197235, T_mean: 757.4837646484375, n_samples de facto: 1.0e+04; time: 0.00861668586730957 s, time without generators initalization: 0.008467912673950195 s]
---
REPETITION: 6/10:
SFWF MC CUDA... [(i, j): (12, 36), wanted n_samples: 1.0e+04, seed: 0, rpt: 10, tpb: 128]
[min_n_generators: 1000, bpg_walk: 8]
[initialization of random generators...]
[initialization of random generators done; count: 1024, memory: 0.016 MiB, time: 0.0001518726348876953 s]
[random walks...; bpg_walk: 8, tpb: 128]
[random walks done; time: 0.008396625518798828 s]
[mean-reduction...; bpg: 1, tpb: 128]
[mean-reduction done; time: 5.5789947509765625e-05 s]
SFWF MC CUDA DONE. [h_mean: 8.197235, T_mean: 757.4837646484375, n_samples de facto: 1.0e+04; time: 0.008628606796264648 s, time without generators initalization: 0.008476734161376953 s]
---
REPETITION: 7/10:
SFWF MC CUDA... [(i, j): (12, 36), wanted n_samples: 1.0e+04, seed: 0, rpt: 10, tpb: 128]
[min_n_generators: 1000, bpg_walk: 8]
[initialization of random generators...]
[initialization of random generators done; count: 1024, memory: 0.016 MiB, time: 0.00025391578674316406 s]
[random walks...; bpg_walk: 8, tpb: 128]
[random walks done; time: 0.008408784866333008 s]
[mean-reduction...; bpg: 1, tpb: 128]
[mean-reduction done; time: 5.53131103515625e-05 s]
SFWF MC CUDA DONE. [h_mean: 8.197235, T_mean: 757.4837646484375, n_samples de facto: 1.0e+04; time: 0.00874471664428711 s, time without generators initalization: 0.008490800857543945 s]
---
REPETITION: 8/10:
SFWF MC CUDA... [(i, j): (12, 36), wanted n_samples: 1.0e+04, seed: 0, rpt: 10, tpb: 128]
[min_n_generators: 1000, bpg_walk: 8]
[initialization of random generators...]
[initialization of random generators done; count: 1024, memory: 0.016 MiB, time: 0.00014662742614746094 s]
[random walks...; bpg_walk: 8, tpb: 128]
[random walks done; time: 0.00839853286743164 s]
[mean-reduction...; bpg: 1, tpb: 128]
[mean-reduction done; time: 5.316734313964844e-05 s]
SFWF MC CUDA DONE. [h_mean: 8.197235, T_mean: 757.4837646484375, n_samples de facto: 1.0e+04; time: 0.008623361587524414 s, time without generators initalization: 0.008476734161376953 s]
---
REPETITION: 9/10:
SFWF MC CUDA... [(i, j): (12, 36), wanted n_samples: 1.0e+04, seed: 0, rpt: 10, tpb: 128]
[min_n_generators: 1000, bpg_walk: 8]
[initialization of random generators...]
[initialization of random generators done; count: 1024, memory: 0.016 MiB, time: 0.00015163421630859375 s]
[random walks...; bpg_walk: 8, tpb: 128]
[random walks done; time: 0.008391857147216797 s]
[mean-reduction...; bpg: 1, tpb: 128]
[mean-reduction done; time: 5.030632019042969e-05 s]
SFWF MC CUDA DONE. [h_mean: 8.197235, T_mean: 757.4837646484375, n_samples de facto: 1.0e+04; time: 0.008616209030151367 s, time without generators initalization: 0.008464574813842773 s]
---
REPETITION: 10/10:
SFWF MC CUDA... [(i, j): (12, 36), wanted n_samples: 1.0e+04, seed: 0, rpt: 10, tpb: 128]
[min_n_generators: 1000, bpg_walk: 8]
[initialization of random generators...]
[initialization of random generators done; count: 1024, memory: 0.016 MiB, time: 0.0001461505889892578 s]
[random walks...; bpg_walk: 8, tpb: 128]
[random walks done; time: 0.00839376449584961 s]
[mean-reduction...; bpg: 1, tpb: 128]
[mean-reduction done; time: 5.14984130859375e-05 s]
SFWF MC CUDA DONE. [h_mean: 8.197235, T_mean: 757.4837646484375, n_samples de facto: 1.0e+04; time: 0.008614540100097656 s, time without generators initalization: 0.008468389511108398 s]
***
SUMMARY:
COMPARISON OF SINGLE HEIGHT VS REF -> h_mean: 8.197235 VS contraction_ref_heights_out[i0, j0]: 8.203798, ABS DIFF: 6.5631866e-03]
TIME MEAN: 0.00850074291229248 s, STD: 7.45794542612973e-05 s, STD_%: 0.9%
SPEEDUP VS REF: 34.29542248287042
====================================================================================================================================================================================================================================================
====================================================================================================================================================================================================================================================
FINAL SUMMARY:
CONTRACTION ITERATION APPROACH 1: sfwf_contraction_cpu_numpy OFF.
CONTRACTION ITERATION APPROACH 2: sfwf_contraction_cpu_numba_parallel OFF.
CONTRACTION ITERATION APPROACH 3: sfwf_contraction_cuda_small OFF.
CONTRACTION ITERATION APPROACH 4: sfwf_contraction_cuda_large_atomicmax (REFERENCE) -> MEAN ITERATIONS: 9400.0, MEAN D_INF: 9.5367431640625e-07, MEAN TIME: 0.1768705129623413 s, TIME STD: 0.001262333946023234 s, STD_%: 0.7%, SPEED-UP: 1.00
CONTRACTION ITERATION APPROACH 5: sfwf_contraction_cuda_large_atomicmaxglosten OFF.
CONTRACTION ITERATION APPROACH 6: sfwf_contraction_cuda_large_hreducemax OFF.
CONTRACTION ITERATION APPROACH 7: sfwf_contraction_cuda_large_hreducemaxgs OFF.
CONTRACTION ITERATION APPROACH 8: sfwf_contraction_cuda_large_gridsync OFF.
MONTE CARLO APPROACH 1: sfwf_mc_cpu_numpy (REFERENCE) -> MEAN TIME: 0.2915365695953369 s, TIME STD: 0.0005939613779874282 s,  STD_%: 0.2%, SPEED-UP: 1.00
MONTE CARLO APPROACH 2: sfwf_mc_cuda -> MEAN TIME: 0.00850074291229248 s, TIME STD: 7.45794542612973e-05 s,  STD_%: 0.9%, SPEED-UP: 34.30
SOAP FILM IN A WIRE FRAME DONE. [hash string: 1014349560_22585_901_[7;20;5.0;64;True;1.0e-06;False;0;1e+04;(12,36);False;3;FFFTFFFF;TT], time: 5.02136754989624]
