SOAP FILM IN A WIRE FRAME...
HASH STRING: 1288488766_19568_692_[7;20;5.0;317;True;1.0e-04;False;0;1.0e+05;False;3;TTTTTT;TT]
====================================================================================================================================================================================================
EXPERIMENT INFO:
{
  SEED: 7,
  WF_FOURIER_N: 20,
  WF_FOURIER_AMPLITUDE: 5.0,
  WF_BORDER_N: 317,
  NUMPY_SINGLE_THREAD: True,
  CONTRACTION_EPS: 0.0001,
  CONTRACTION_PLOTS: False,
  MC_SEED: 0,
  MC_SAMPLES: 100000,
  MC_EXAMPLE_PLOT: False,
  MC_EXAMPLE_PLOT_SAMPLES: 3,
  sfwf_contraction_cpu_numpy: (False, 'sfwf_contraction_cpu_numpy', 0, {}),
  sfwf_contraction_cuda_small: (True, 'sfwf_contraction_cuda_small', 3, {'tpb': 512}),
  sfwf_contraction_cuda_large_atomicmax: (True, 'sfwf_contraction_cuda_large_atomicmax', 3, {'lazy_stop_check': 100, 'tpb_side': 16}),
  sfwf_contraction_cuda_large_atomicmax_globalmem: (False, 'sfwf_contraction_cuda_large_atomicmax_globalmem', 0, {}),
  sfwf_contraction_cuda_large_gridreducemax: (True, 'sfwf_contraction_cuda_large_gridreducemax', 3, {'lazy_stop_check': 100, 'tpb_side': 16, 'tpb_reduce': 512}),
  sfwf_contraction_cuda_large_gridsync: (False, 'sfwf_contraction_cuda_large_gridsync', 0, {}),
  sfwf_mc_cpu_numpy: (True, 'sfwf_mc_cpu_numpy', 1, {'i': 12, 'j': 36, 'n_samples': 100000, 'seed': 0, 'chunk_size': 250}),
  sfwf_mc_cuda: (True, 'sfwf_mc_cuda', 3, {'i': 12, 'j': 36, 'n_samples': 100000, 'seed': 0, 'rpt': 10, 'tpb': 64})
}
====================================================================================================================================================================================================
CPU AND SYSTEM:
{'cpu_name': 'Intel(R) Xeon(R) CPU E3-1505M v5 @ 2.80GHz',
 'os_machine': 'AMD64',
 'os_name': 'Windows 10',
 'os_version': '10.0.19045',
 'ram_size': '63.9 GB'}
GPU:
{'async_engine_count': 5,
 'can_map_host_memory': 1,
 'compute_capability': (5, 2),
 'cores_per_SM': 128,
 'cores_total': 1280,
 'max_block_dim_x': 1024,
 'max_block_dim_y': 1024,
 'max_block_dim_z': 64,
 'max_grid_dim_x': 2147483647,
 'max_grid_dim_y': 65535,
 'max_grid_dim_z': 65535,
 'max_shared_memory_per_block': 49152,
 'max_threads_per_block': 1024,
 'multiprocessor_count': 10,
 'name': 'Quadro M4000M',
 'pci_bus_id': 1,
 'pci_device_id': 0,
 'unified_addressing': 1,
 'warp_size': 32}
====================================================================================================================================================================================================
RANDOM WIRE FRAME WITH TOTAL OF POINTS (STATES): 100489
HEIGHTS IN[:5, :5]:
[[25.365894 24.432104 23.45143  22.432312 21.383413]
 [26.244633  0.        0.        0.        0.      ]
 [27.060524  0.        0.        0.        0.      ]
 [27.806177  0.        0.        0.        0.      ]
 [28.47468   0.        0.        0.        0.      ]]
====================================================================================================================================================================================================
CONTRACTION ITERATION APPROACH 2: sfwf_contraction_cuda_small...
[skipping this approach (too large WF_BORDER_N)]
====================================================================================================================================================================================================
CONTRACTION ITERATION APPROACH 3: sfwf_contraction_cuda_large_atomicmax...
---
REPETITION: 1/3:
SFWF CONTRACTION CUDA LARGE ATOMICMAX... [eps: 0.0001, lazy_stop_check: 100, tpb_side: 16]
[bpg: (20, 20), tpb: (16, 16)]
SFWF CONTRACTION CUDA LARGE ATOMICMAX DONE. [d_inf: 9.918212890625e-05, iterations: 38300, time: 5.358646631240845 s]
---
REPETITION: 2/3:
SFWF CONTRACTION CUDA LARGE ATOMICMAX... [eps: 0.0001, lazy_stop_check: 100, tpb_side: 16]
[bpg: (20, 20), tpb: (16, 16)]
SFWF CONTRACTION CUDA LARGE ATOMICMAX DONE. [d_inf: 9.918212890625e-05, iterations: 38300, time: 5.225000619888306 s]
---
REPETITION: 3/3:
SFWF CONTRACTION CUDA LARGE ATOMICMAX... [eps: 0.0001, lazy_stop_check: 100, tpb_side: 16]
[bpg: (20, 20), tpb: (16, 16)]
SFWF CONTRACTION CUDA LARGE ATOMICMAX DONE. [d_inf: 9.918212890625e-05, iterations: 38300, time: 5.12711238861084 s]
***
SUMMARY:
HEIGHTS OUT[:5, :5]:
[[25.365894 24.432104 23.45143  22.432312 21.383413]
 [26.244633 25.142448 24.054838 22.967161 21.876564]
 [27.060524 25.838211 24.658314 23.504929 22.370663]
 [27.806177 26.491562 25.235275 24.023579 22.847946]
 [28.47468  27.086586 25.76765  24.50616  23.293657]]
D_INF OF HEIGHTS VS REF: 0.0
TIME MEAN: 5.23691987991333 s, STD: 0.09489846485312815 s
SPEEDUP VS REF: 1.0
====================================================================================================================================================================================================
CONTRACTION ITERATION APPROACH 5: sfwf_contraction_cuda_large_gridreducemax...
---
REPETITION: 1/3:
SFWF CONTRACTION CUDA LARGE GRIDREDUCEMAX... [eps: 0.0001, lazy_stop_check: 100, tpb_side: 16, tpb_reduce: 512]
[job bpg: (20, 20), tpb: (16, 16)]
[reduce bpg: 1, tpb: 512]
SFWF ITERATE CONTRACTION CUDA LARGE GRIDREDUCEMAX DONE. [d_inf: 9.918212890625e-05, iterations: 38300, time: 5.007615327835083 s]
---
REPETITION: 2/3:
SFWF CONTRACTION CUDA LARGE GRIDREDUCEMAX... [eps: 0.0001, lazy_stop_check: 100, tpb_side: 16, tpb_reduce: 512]
[job bpg: (20, 20), tpb: (16, 16)]
[reduce bpg: 1, tpb: 512]
SFWF ITERATE CONTRACTION CUDA LARGE GRIDREDUCEMAX DONE. [d_inf: 9.918212890625e-05, iterations: 38300, time: 5.158247232437134 s]
---
REPETITION: 3/3:
SFWF CONTRACTION CUDA LARGE GRIDREDUCEMAX... [eps: 0.0001, lazy_stop_check: 100, tpb_side: 16, tpb_reduce: 512]
[job bpg: (20, 20), tpb: (16, 16)]
[reduce bpg: 1, tpb: 512]
SFWF ITERATE CONTRACTION CUDA LARGE GRIDREDUCEMAX DONE. [d_inf: 9.918212890625e-05, iterations: 38300, time: 5.358713626861572 s]
***
SUMMARY:
HEIGHTS OUT[:5, :5]:
[[25.365894 24.432104 23.45143  22.432312 21.383413]
 [26.244633 25.142448 24.054838 22.967161 21.876564]
 [27.060524 25.838211 24.658314 23.504929 22.370663]
 [27.806177 26.491562 25.235275 24.023579 22.847946]
 [28.47468  27.086586 25.76765  24.50616  23.293657]]
D_INF OF HEIGHTS VS REF: 0.0
TIME MEAN: 5.174858729044597 s, STD: 0.14381576237088506 s
SPEEDUP VS REF: 1.0119928203103221
====================================================================================================================================================================================================
MONTE CARLO APPROACH 1: sfwf_mc_cpu_numpy...
---
REPETITION: 1/1:
SFWF MC CPU NUMPY... [(i, j): (12, 36), n_samples: 1.0e+05, seed: 0, chunk_size: 250]
[10000/100000: border reached at t: 596, (i, j): (0, 38), h: 12.503080368041992; trajectory time: 0.0 s]
[20000/100000: border reached at t: 452, (i, j): (0, 44), h: 16.830455780029297; trajectory time: 0.0 s]
[30000/100000: border reached at t: 339, (i, j): (27, 0), h: 16.852739334106445; trajectory time: 0.0 s]
[40000/100000: border reached at t: 293, (i, j): (0, 33), h: 9.101506233215332; trajectory time: 0.0 s]
[50000/100000: border reached at t: 1167, (i, j): (0, 43), h: 16.1581974029541; trajectory time: 0.0 s]
[60000/100000: border reached at t: 1850, (i, j): (0, 92), h: -16.58075523376465; trajectory time: 0.0 s]
[70000/100000: border reached at t: 425, (i, j): (0, 35), h: 10.368005752563477; trajectory time: 0.0 s]
[80000/100000: border reached at t: 708, (i, j): (0, 48), h: 19.06712532043457; trajectory time: 0.0 s]
[90000/100000: border reached at t: 7925, (i, j): (0, 53), h: 20.369251251220703; trajectory time: 0.001995086669921875 s]
[100000/100000: border reached at t: 2108, (i, j): (26, 0), h: 18.266658782958984; trajectory time: 0.0 s]
SFWF MC CPU NUMPY DONE. [h_mean: 11.154058456420898, T_mean: 2601.94726; time: 48.05267882347107 s]
***
SUMMARY:
COMPARISON OF SINGLE HEIGHT VS REF: contraction_ref_heights_out[i0, j0]=11.078823 vs h_mean=11.154058, ABS DIFF: 7.5235367e-02]
TIME MEAN: 48.05267882347107 s, STD: 0.0 s
SPEEDUP VS REF: 1.0
====================================================================================================================================================================================================
MONTE CARLO APPROACH 2: sfwf_mc_cuda...
---
REPETITION: 1/3:
SFWF MC CUDA... [(i, j): (12, 36), wanted n_samples: 1.0e+05, seed: 0, rpt: 10, tpb: 64]
[min_n_generators: 10000, bpg_walk: 157]
[initialization of random generators...]
[initialization of random generators done; count: 10048, memory: 0.153 MiB, time: 1.049192190170288 s]
[random walks...; bpg_walk: 157, tpb: 64]
[random walks done; time: 0.730048656463623 s]
[mean-reduction...; bpg: 1, tpb: 64]
[mean-reduction done; time: 0.0020067691802978516 s]
SFWF MC CUDA DONE. [h_mean: 11.183621406555176, T_mean: 2520.56396484375, n_samples de facto: 1.0e+05; time: 1.781247615814209 s, time without generators initalization: 0.7320554256439209 s]
---
REPETITION: 2/3:
SFWF MC CUDA... [(i, j): (12, 36), wanted n_samples: 1.0e+05, seed: 0, rpt: 10, tpb: 64]
[min_n_generators: 10000, bpg_walk: 157]
[initialization of random generators...]
[initialization of random generators done; count: 10048, memory: 0.153 MiB, time: 0.0020329952239990234 s]
[random walks...; bpg_walk: 157, tpb: 64]
[random walks done; time: 0.5984258651733398 s]
[mean-reduction...; bpg: 1, tpb: 64]
[mean-reduction done; time: 0.0009732246398925781 s]
SFWF MC CUDA DONE. [h_mean: 11.183621406555176, T_mean: 2520.56396484375, n_samples de facto: 1.0e+05; time: 0.6023926734924316 s, time without generators initalization: 0.6003596782684326 s]
---
REPETITION: 3/3:
SFWF MC CUDA... [(i, j): (12, 36), wanted n_samples: 1.0e+05, seed: 0, rpt: 10, tpb: 64]
[min_n_generators: 10000, bpg_walk: 157]
[initialization of random generators...]
[initialization of random generators done; count: 10048, memory: 0.153 MiB, time: 0.0019943714141845703 s]
[random walks...; bpg_walk: 157, tpb: 64]
[random walks done; time: 0.6003854274749756 s]
[mean-reduction...; bpg: 1, tpb: 64]
[mean-reduction done; time: 0.0010228157043457031 s]
SFWF MC CUDA DONE. [h_mean: 11.183621406555176, T_mean: 2520.56396484375, n_samples de facto: 1.0e+05; time: 0.6053812503814697 s, time without generators initalization: 0.6033868789672852 s]
***
SUMMARY:
COMPARISON OF SINGLE HEIGHT VS REF: contraction_ref_heights_out[i0, j0]=11.078823 vs h_mean=11.183621, ABS DIFF: 1.0479832e-01]
TIME MEAN: 0.6452673276265463 s, STD: 0.06138089525861099 s
SPEEDUP VS REF: 74.46941254599203
====================================================================================================================================================================================================
====================================================================================================================================================================================================
FINAL SUMMARY:
CONTRACTION ITERATION APPROACH 1: sfwf_contraction_cpu_numpy OFF.
CONTRACTION ITERATION APPROACH 2: sfwf_contraction_cuda_small SKIPPED.
CONTRACTION ITERATION APPROACH 3: sfwf_contraction_cuda_large_atomicmax (REFERENCE) -> MEAN TIME: 5.23691987991333, STD: 0.09489846485312815, SPEED-UP: 1.00
CONTRACTION ITERATION APPROACH 4: sfwf_contraction_cuda_large_atomicmax_globalmem OFF.
CONTRACTION ITERATION APPROACH 5: sfwf_contraction_cuda_large_gridreducemax -> MEAN TIME: 5.174858729044597, STD: 0.14381576237088506, SPEED-UP: 1.01
CONTRACTION ITERATION APPROACH 6: sfwf_contraction_cuda_large_gridsync OFF.
MONTE CARLO APPROACH 1: sfwf_mc_cpu_numpy (REFERENCE) -> MEAN TIME: 48.05267882347107, STD: 0.0, SPEED-UP: 1.00
MONTE CARLO APPROACH 2: sfwf_mc_cuda -> MEAN TIME: 0.6452673276265463, STD: 0.06138089525861099, SPEED-UP: 74.47
SOAP FILM IN A WIRE FRAME DONE [time: 82.3102195262909].
