SOAP FILM IN A WIRE FRAME...
HASH STRING: 1340211960_49337_901_[7;20;5.0;64;True;1.0e-06;False;0;1e+06;(12,36);False;3;FFFTFFFF;TT]
====================================================================================================================================================================================================================================================
EXPERIMENT INFO:
{
  SEED: 7,
  WF_FOURIER_N: 20,
  WF_FOURIER_AMPLITUDE: 5.0,
  WF_BORDER_N: 64,
  NUMPY_SINGLE_THREAD: True,
  CONTRACTION_EPS: 1e-06,
  CONTRACTION_PLOTS: False,
  MC_SEED: 0,
  MC_SAMPLES: 1000000,
  MC_I0_J0: (12, 36),
  MC_EXAMPLE_PLOT: False,
  MC_EXAMPLE_PLOT_SAMPLES: 3,
  sfwf_contraction_cpu_numpy: (False, 'sfwf_contraction_cpu_numpy', 0, {}),
  sfwf_contraction_cpu_numba_parallel: (False, 'sfwf_contraction_cpu_numba_parallel', 0, {}),
  sfwf_contraction_cuda_small: (False, 'sfwf_contraction_cuda_small', 0, {}),
  sfwf_contraction_cuda_large_atomicmax: (True, 'sfwf_contraction_cuda_large_atomicmax', 10, {'lazy_stop_check': 100, 'tpb_side': 16}),
  sfwf_contraction_cuda_large_atomicmaxglosten: (False, 'sfwf_contraction_cuda_large_atomicmaxglosten', 0, {}),
  sfwf_contraction_cuda_large_hreducemax: (False, 'sfwf_contraction_cuda_large_hreducemax', 0, {}),
  sfwf_contraction_cuda_large_hreducemaxgs: (False, 'sfwf_contraction_cuda_large_hreducemaxgs', 0, {}),
  sfwf_contraction_cuda_large_gridsync: (False, 'sfwf_contraction_cuda_large_gridsync', 0, {}),
  sfwf_mc_cpu_numpy: (True, 'sfwf_mc_cpu_numpy', 10, {'chunk_size': 1000}),
  sfwf_mc_cuda: (True, 'sfwf_mc_cuda', 10, {'rpt': 10, 'tpb': 128})
}
====================================================================================================================================================================================================================================================
CPU AND SYSTEM:
{'cpu_name': 'AMD Ryzen 9 9950X 16-Core Processor',
 'os_machine': 'x86_64',
 'os_name': 'Linux 6.14.0-37-generic',
 'os_version': '#37~24.04.1-Ubuntu SMP PREEMPT_DYNAMIC Thu Nov 20 10:25:38 UTC '
               '2',
 'ram_size': '123.4 GB'}
GPU:
{'async_engine_count': 2,
 'can_map_host_memory': 1,
 'compute_capability': ComputeCapability(major=12, minor=0),
 'cores_per_SM': 128,
 'cores_total': 21760,
 'max_block_dim_x': 1024,
 'max_block_dim_y': 1024,
 'max_block_dim_z': 64,
 'max_grid_dim_x': 2147483647,
 'max_grid_dim_y': 65535,
 'max_grid_dim_z': 65535,
 'max_shared_memory_per_block': 49152,
 'max_threads_per_block': 1024,
 'multiprocessor_count': 170,
 'name': 'NVIDIA GeForce RTX 5090',
 'pci_bus_id': 1,
 'pci_device_id': 0,
 'unified_addressing': 1,
 'warp_size': 32}
====================================================================================================================================================================================================================================================
RANDOM WIRE FRAME WITH TOTAL OF POINTS (STATES): 4096
HEIGHTS IN[:5, :5]:
[[25.365894  20.296429  14.925921  10.320204   7.3313727]
 [29.068245   0.         0.         0.         0.       ]
 [30.553246   0.         0.         0.         0.       ]
 [29.360521   0.         0.         0.         0.       ]
 [25.516117   0.         0.         0.         0.       ]]
====================================================================================================================================================================================================================================================
CONTRACTION ITERATION APPROACH 4: sfwf_contraction_cuda_large_atomicmax...
---
REPETITION: 1/10:
SFWF CONTRACTION CUDA LARGE ATOMICMAX... [eps: 1e-06, lazy_stop_check: 100, tpb_side: 16]
[bpg: (4, 4), tpb: (16, 16)]
SFWF CONTRACTION CUDA LARGE ATOMICMAX DONE. [d_inf: 9.536743e-07, iterations: 9400, time: 0.17945647239685059 s]
---
REPETITION: 2/10:
SFWF CONTRACTION CUDA LARGE ATOMICMAX... [eps: 1e-06, lazy_stop_check: 100, tpb_side: 16]
[bpg: (4, 4), tpb: (16, 16)]
SFWF CONTRACTION CUDA LARGE ATOMICMAX DONE. [d_inf: 9.536743e-07, iterations: 9400, time: 0.1766510009765625 s]
---
REPETITION: 3/10:
SFWF CONTRACTION CUDA LARGE ATOMICMAX... [eps: 1e-06, lazy_stop_check: 100, tpb_side: 16]
[bpg: (4, 4), tpb: (16, 16)]
SFWF CONTRACTION CUDA LARGE ATOMICMAX DONE. [d_inf: 9.536743e-07, iterations: 9400, time: 0.1773509979248047 s]
---
REPETITION: 4/10:
SFWF CONTRACTION CUDA LARGE ATOMICMAX... [eps: 1e-06, lazy_stop_check: 100, tpb_side: 16]
[bpg: (4, 4), tpb: (16, 16)]
SFWF CONTRACTION CUDA LARGE ATOMICMAX DONE. [d_inf: 9.536743e-07, iterations: 9400, time: 0.17644071578979492 s]
---
REPETITION: 5/10:
SFWF CONTRACTION CUDA LARGE ATOMICMAX... [eps: 1e-06, lazy_stop_check: 100, tpb_side: 16]
[bpg: (4, 4), tpb: (16, 16)]
SFWF CONTRACTION CUDA LARGE ATOMICMAX DONE. [d_inf: 9.536743e-07, iterations: 9400, time: 0.17715907096862793 s]
---
REPETITION: 6/10:
SFWF CONTRACTION CUDA LARGE ATOMICMAX... [eps: 1e-06, lazy_stop_check: 100, tpb_side: 16]
[bpg: (4, 4), tpb: (16, 16)]
SFWF CONTRACTION CUDA LARGE ATOMICMAX DONE. [d_inf: 9.536743e-07, iterations: 9400, time: 0.17670702934265137 s]
---
REPETITION: 7/10:
SFWF CONTRACTION CUDA LARGE ATOMICMAX... [eps: 1e-06, lazy_stop_check: 100, tpb_side: 16]
[bpg: (4, 4), tpb: (16, 16)]
SFWF CONTRACTION CUDA LARGE ATOMICMAX DONE. [d_inf: 9.536743e-07, iterations: 9400, time: 0.17749285697937012 s]
---
REPETITION: 8/10:
SFWF CONTRACTION CUDA LARGE ATOMICMAX... [eps: 1e-06, lazy_stop_check: 100, tpb_side: 16]
[bpg: (4, 4), tpb: (16, 16)]
SFWF CONTRACTION CUDA LARGE ATOMICMAX DONE. [d_inf: 9.536743e-07, iterations: 9400, time: 0.17788958549499512 s]
---
REPETITION: 9/10:
SFWF CONTRACTION CUDA LARGE ATOMICMAX... [eps: 1e-06, lazy_stop_check: 100, tpb_side: 16]
[bpg: (4, 4), tpb: (16, 16)]
SFWF CONTRACTION CUDA LARGE ATOMICMAX DONE. [d_inf: 9.536743e-07, iterations: 9400, time: 0.17799091339111328 s]
---
REPETITION: 10/10:
SFWF CONTRACTION CUDA LARGE ATOMICMAX... [eps: 1e-06, lazy_stop_check: 100, tpb_side: 16]
[bpg: (4, 4), tpb: (16, 16)]
SFWF CONTRACTION CUDA LARGE ATOMICMAX DONE. [d_inf: 9.536743e-07, iterations: 9400, time: 0.1783912181854248 s]
***
SUMMARY:
HEIGHTS OUT[:5, :5]:
[[25.365894  20.296429  14.925921  10.320204   7.3313727]
 [29.068245  22.564266  17.283945  13.20249   10.526932 ]
 [30.553246  23.60845   18.443102  14.678881  12.190558 ]
 [29.360521  22.873186  18.201136  14.8793745 12.6591   ]
 [25.516117  20.322641  16.608881  13.978384  12.193586 ]]
D_INF OF HEIGHTS VS REF: 0.0
D_INF (AT STOP) MEAN: 9.5367431640625e-07
ITERATIONS MEAN: 9400.0
TIME MEAN: 0.17755298614501952 s, STD: 0.0008716032171984484 s, STD_%: 0.5%
SPEEDUP VS REF: 1.0
====================================================================================================================================================================================================================================================
MONTE CARLO APPROACH 1: sfwf_mc_cpu_numpy...
---
REPETITION: 1/10:
SFWF MC CPU NUMPY... [(i, j): (12, 36), n_samples: 1.0e+06, seed: 0, chunk_size: 1000]
[100000/1000000: border reached at t: 219, (i, j): (0, 45), h: 4.3046117; trajectory time: 2.1219253540039062e-05 s]
[200000/1000000: border reached at t: 276, (i, j): (49, 63), h: 9.671058; trajectory time: 2.1696090698242188e-05 s]
[300000/1000000: border reached at t: 1236, (i, j): (24, 0), h: 11.980111; trajectory time: 4.172325134277344e-05 s]
[400000/1000000: border reached at t: 605, (i, j): (0, 41), h: 10.9658165; trajectory time: 2.1696090698242188e-05 s]
[500000/1000000: border reached at t: 1161, (i, j): (19, 0), h: 9.674728; trajectory time: 4.172325134277344e-05 s]
[600000/1000000: border reached at t: 615, (i, j): (0, 25), h: -5.998931; trajectory time: 2.0742416381835938e-05 s]
[700000/1000000: border reached at t: 698, (i, j): (0, 26), h: -3.8553483; trajectory time: 2.1219253540039062e-05 s]
[800000/1000000: border reached at t: 310, (i, j): (0, 52), h: 9.458797; trajectory time: 2.1696090698242188e-05 s]
[900000/1000000: border reached at t: 1192, (i, j): (0, 42), h: 7.0082917; trajectory time: 4.172325134277344e-05 s]
[1000000/1000000: border reached at t: 770, (i, j): (6, 0), h: 12.30428; trajectory time: 2.1457672119140625e-05 s]
SFWF MC CPU NUMPY DONE. [h_mean: 8.20645, T_mean: 752.065272; time: 29.28053569793701 s]
---
REPETITION: 2/10:
SFWF MC CPU NUMPY... [(i, j): (12, 36), n_samples: 1.0e+06, seed: 0, chunk_size: 1000]
[100000/1000000: border reached at t: 219, (i, j): (0, 45), h: 4.3046117; trajectory time: 2.09808349609375e-05 s]
[200000/1000000: border reached at t: 276, (i, j): (49, 63), h: 9.671058; trajectory time: 2.1457672119140625e-05 s]
[300000/1000000: border reached at t: 1236, (i, j): (24, 0), h: 11.980111; trajectory time: 4.172325134277344e-05 s]
[400000/1000000: border reached at t: 605, (i, j): (0, 41), h: 10.9658165; trajectory time: 2.1696090698242188e-05 s]
[500000/1000000: border reached at t: 1161, (i, j): (19, 0), h: 9.674728; trajectory time: 4.172325134277344e-05 s]
[600000/1000000: border reached at t: 615, (i, j): (0, 25), h: -5.998931; trajectory time: 2.1457672119140625e-05 s]
[700000/1000000: border reached at t: 698, (i, j): (0, 26), h: -3.8553483; trajectory time: 2.1219253540039062e-05 s]
[800000/1000000: border reached at t: 310, (i, j): (0, 52), h: 9.458797; trajectory time: 2.1696090698242188e-05 s]
[900000/1000000: border reached at t: 1192, (i, j): (0, 42), h: 7.0082917; trajectory time: 4.1961669921875e-05 s]
[1000000/1000000: border reached at t: 770, (i, j): (6, 0), h: 12.30428; trajectory time: 2.1696090698242188e-05 s]
SFWF MC CPU NUMPY DONE. [h_mean: 8.20645, T_mean: 752.065272; time: 29.24405026435852 s]
---
REPETITION: 3/10:
SFWF MC CPU NUMPY... [(i, j): (12, 36), n_samples: 1.0e+06, seed: 0, chunk_size: 1000]
[100000/1000000: border reached at t: 219, (i, j): (0, 45), h: 4.3046117; trajectory time: 2.1219253540039062e-05 s]
[200000/1000000: border reached at t: 276, (i, j): (49, 63), h: 9.671058; trajectory time: 2.1457672119140625e-05 s]
[300000/1000000: border reached at t: 1236, (i, j): (24, 0), h: 11.980111; trajectory time: 4.1484832763671875e-05 s]
[400000/1000000: border reached at t: 605, (i, j): (0, 41), h: 10.9658165; trajectory time: 2.3126602172851562e-05 s]
[500000/1000000: border reached at t: 1161, (i, j): (19, 0), h: 9.674728; trajectory time: 4.1961669921875e-05 s]
[600000/1000000: border reached at t: 615, (i, j): (0, 25), h: -5.998931; trajectory time: 2.1457672119140625e-05 s]
[700000/1000000: border reached at t: 698, (i, j): (0, 26), h: -3.8553483; trajectory time: 2.09808349609375e-05 s]
[800000/1000000: border reached at t: 310, (i, j): (0, 52), h: 9.458797; trajectory time: 2.1457672119140625e-05 s]
[900000/1000000: border reached at t: 1192, (i, j): (0, 42), h: 7.0082917; trajectory time: 4.1961669921875e-05 s]
[1000000/1000000: border reached at t: 770, (i, j): (6, 0), h: 12.30428; trajectory time: 2.1696090698242188e-05 s]
SFWF MC CPU NUMPY DONE. [h_mean: 8.20645, T_mean: 752.065272; time: 29.29063653945923 s]
---
REPETITION: 4/10:
SFWF MC CPU NUMPY... [(i, j): (12, 36), n_samples: 1.0e+06, seed: 0, chunk_size: 1000]
[100000/1000000: border reached at t: 219, (i, j): (0, 45), h: 4.3046117; trajectory time: 2.1457672119140625e-05 s]
[200000/1000000: border reached at t: 276, (i, j): (49, 63), h: 9.671058; trajectory time: 2.1696090698242188e-05 s]
[300000/1000000: border reached at t: 1236, (i, j): (24, 0), h: 11.980111; trajectory time: 4.1961669921875e-05 s]
[400000/1000000: border reached at t: 605, (i, j): (0, 41), h: 10.9658165; trajectory time: 2.1457672119140625e-05 s]
[500000/1000000: border reached at t: 1161, (i, j): (19, 0), h: 9.674728; trajectory time: 4.220008850097656e-05 s]
[600000/1000000: border reached at t: 615, (i, j): (0, 25), h: -5.998931; trajectory time: 2.1219253540039062e-05 s]
[700000/1000000: border reached at t: 698, (i, j): (0, 26), h: -3.8553483; trajectory time: 2.1219253540039062e-05 s]
[800000/1000000: border reached at t: 310, (i, j): (0, 52), h: 9.458797; trajectory time: 2.1696090698242188e-05 s]
[900000/1000000: border reached at t: 1192, (i, j): (0, 42), h: 7.0082917; trajectory time: 4.172325134277344e-05 s]
[1000000/1000000: border reached at t: 770, (i, j): (6, 0), h: 12.30428; trajectory time: 2.1696090698242188e-05 s]
SFWF MC CPU NUMPY DONE. [h_mean: 8.20645, T_mean: 752.065272; time: 29.349286556243896 s]
---
REPETITION: 5/10:
SFWF MC CPU NUMPY... [(i, j): (12, 36), n_samples: 1.0e+06, seed: 0, chunk_size: 1000]
[100000/1000000: border reached at t: 219, (i, j): (0, 45), h: 4.3046117; trajectory time: 2.1457672119140625e-05 s]
[200000/1000000: border reached at t: 276, (i, j): (49, 63), h: 9.671058; trajectory time: 2.1457672119140625e-05 s]
[300000/1000000: border reached at t: 1236, (i, j): (24, 0), h: 11.980111; trajectory time: 4.1961669921875e-05 s]
[400000/1000000: border reached at t: 605, (i, j): (0, 41), h: 10.9658165; trajectory time: 2.193450927734375e-05 s]
[500000/1000000: border reached at t: 1161, (i, j): (19, 0), h: 9.674728; trajectory time: 4.172325134277344e-05 s]
[600000/1000000: border reached at t: 615, (i, j): (0, 25), h: -5.998931; trajectory time: 2.1457672119140625e-05 s]
[700000/1000000: border reached at t: 698, (i, j): (0, 26), h: -3.8553483; trajectory time: 2.1219253540039062e-05 s]
[800000/1000000: border reached at t: 310, (i, j): (0, 52), h: 9.458797; trajectory time: 2.1457672119140625e-05 s]
[900000/1000000: border reached at t: 1192, (i, j): (0, 42), h: 7.0082917; trajectory time: 4.172325134277344e-05 s]
[1000000/1000000: border reached at t: 770, (i, j): (6, 0), h: 12.30428; trajectory time: 2.1457672119140625e-05 s]
SFWF MC CPU NUMPY DONE. [h_mean: 8.20645, T_mean: 752.065272; time: 29.249491930007935 s]
---
REPETITION: 6/10:
SFWF MC CPU NUMPY... [(i, j): (12, 36), n_samples: 1.0e+06, seed: 0, chunk_size: 1000]
[100000/1000000: border reached at t: 219, (i, j): (0, 45), h: 4.3046117; trajectory time: 2.1219253540039062e-05 s]
[200000/1000000: border reached at t: 276, (i, j): (49, 63), h: 9.671058; trajectory time: 2.2172927856445312e-05 s]
[300000/1000000: border reached at t: 1236, (i, j): (24, 0), h: 11.980111; trajectory time: 4.172325134277344e-05 s]
[400000/1000000: border reached at t: 605, (i, j): (0, 41), h: 10.9658165; trajectory time: 2.193450927734375e-05 s]
[500000/1000000: border reached at t: 1161, (i, j): (19, 0), h: 9.674728; trajectory time: 4.220008850097656e-05 s]
[600000/1000000: border reached at t: 615, (i, j): (0, 25), h: -5.998931; trajectory time: 2.1457672119140625e-05 s]
[700000/1000000: border reached at t: 698, (i, j): (0, 26), h: -3.8553483; trajectory time: 2.1219253540039062e-05 s]
[800000/1000000: border reached at t: 310, (i, j): (0, 52), h: 9.458797; trajectory time: 2.193450927734375e-05 s]
[900000/1000000: border reached at t: 1192, (i, j): (0, 42), h: 7.0082917; trajectory time: 4.172325134277344e-05 s]
[1000000/1000000: border reached at t: 770, (i, j): (6, 0), h: 12.30428; trajectory time: 2.1457672119140625e-05 s]
SFWF MC CPU NUMPY DONE. [h_mean: 8.20645, T_mean: 752.065272; time: 29.36410927772522 s]
---
REPETITION: 7/10:
SFWF MC CPU NUMPY... [(i, j): (12, 36), n_samples: 1.0e+06, seed: 0, chunk_size: 1000]
[100000/1000000: border reached at t: 219, (i, j): (0, 45), h: 4.3046117; trajectory time: 2.1457672119140625e-05 s]
[200000/1000000: border reached at t: 276, (i, j): (49, 63), h: 9.671058; trajectory time: 2.2172927856445312e-05 s]
[300000/1000000: border reached at t: 1236, (i, j): (24, 0), h: 11.980111; trajectory time: 4.1961669921875e-05 s]
[400000/1000000: border reached at t: 605, (i, j): (0, 41), h: 10.9658165; trajectory time: 2.1457672119140625e-05 s]
[500000/1000000: border reached at t: 1161, (i, j): (19, 0), h: 9.674728; trajectory time: 4.1961669921875e-05 s]
[600000/1000000: border reached at t: 615, (i, j): (0, 25), h: -5.998931; trajectory time: 2.1696090698242188e-05 s]
[700000/1000000: border reached at t: 698, (i, j): (0, 26), h: -3.8553483; trajectory time: 2.1457672119140625e-05 s]
[800000/1000000: border reached at t: 310, (i, j): (0, 52), h: 9.458797; trajectory time: 2.1457672119140625e-05 s]
[900000/1000000: border reached at t: 1192, (i, j): (0, 42), h: 7.0082917; trajectory time: 4.220008850097656e-05 s]
[1000000/1000000: border reached at t: 770, (i, j): (6, 0), h: 12.30428; trajectory time: 2.1696090698242188e-05 s]
SFWF MC CPU NUMPY DONE. [h_mean: 8.20645, T_mean: 752.065272; time: 29.349764585494995 s]
---
REPETITION: 8/10:
SFWF MC CPU NUMPY... [(i, j): (12, 36), n_samples: 1.0e+06, seed: 0, chunk_size: 1000]
[100000/1000000: border reached at t: 219, (i, j): (0, 45), h: 4.3046117; trajectory time: 2.1457672119140625e-05 s]
[200000/1000000: border reached at t: 276, (i, j): (49, 63), h: 9.671058; trajectory time: 2.1696090698242188e-05 s]
[300000/1000000: border reached at t: 1236, (i, j): (24, 0), h: 11.980111; trajectory time: 4.172325134277344e-05 s]
[400000/1000000: border reached at t: 605, (i, j): (0, 41), h: 10.9658165; trajectory time: 2.193450927734375e-05 s]
[500000/1000000: border reached at t: 1161, (i, j): (19, 0), h: 9.674728; trajectory time: 4.220008850097656e-05 s]
[600000/1000000: border reached at t: 615, (i, j): (0, 25), h: -5.998931; trajectory time: 2.1457672119140625e-05 s]
[700000/1000000: border reached at t: 698, (i, j): (0, 26), h: -3.8553483; trajectory time: 2.1219253540039062e-05 s]
[800000/1000000: border reached at t: 310, (i, j): (0, 52), h: 9.458797; trajectory time: 2.1457672119140625e-05 s]
[900000/1000000: border reached at t: 1192, (i, j): (0, 42), h: 7.0082917; trajectory time: 4.172325134277344e-05 s]
[1000000/1000000: border reached at t: 770, (i, j): (6, 0), h: 12.30428; trajectory time: 2.1219253540039062e-05 s]
SFWF MC CPU NUMPY DONE. [h_mean: 8.20645, T_mean: 752.065272; time: 29.344926834106445 s]
---
REPETITION: 9/10:
SFWF MC CPU NUMPY... [(i, j): (12, 36), n_samples: 1.0e+06, seed: 0, chunk_size: 1000]
[100000/1000000: border reached at t: 219, (i, j): (0, 45), h: 4.3046117; trajectory time: 2.1219253540039062e-05 s]
[200000/1000000: border reached at t: 276, (i, j): (49, 63), h: 9.671058; trajectory time: 2.193450927734375e-05 s]
[300000/1000000: border reached at t: 1236, (i, j): (24, 0), h: 11.980111; trajectory time: 4.172325134277344e-05 s]
[400000/1000000: border reached at t: 605, (i, j): (0, 41), h: 10.9658165; trajectory time: 2.1457672119140625e-05 s]
[500000/1000000: border reached at t: 1161, (i, j): (19, 0), h: 9.674728; trajectory time: 4.220008850097656e-05 s]
[600000/1000000: border reached at t: 615, (i, j): (0, 25), h: -5.998931; trajectory time: 2.193450927734375e-05 s]
[700000/1000000: border reached at t: 698, (i, j): (0, 26), h: -3.8553483; trajectory time: 2.1219253540039062e-05 s]
[800000/1000000: border reached at t: 310, (i, j): (0, 52), h: 9.458797; trajectory time: 2.1457672119140625e-05 s]
[900000/1000000: border reached at t: 1192, (i, j): (0, 42), h: 7.0082917; trajectory time: 4.172325134277344e-05 s]
[1000000/1000000: border reached at t: 770, (i, j): (6, 0), h: 12.30428; trajectory time: 2.1696090698242188e-05 s]
SFWF MC CPU NUMPY DONE. [h_mean: 8.20645, T_mean: 752.065272; time: 29.341529846191406 s]
---
REPETITION: 10/10:
SFWF MC CPU NUMPY... [(i, j): (12, 36), n_samples: 1.0e+06, seed: 0, chunk_size: 1000]
[100000/1000000: border reached at t: 219, (i, j): (0, 45), h: 4.3046117; trajectory time: 2.1219253540039062e-05 s]
[200000/1000000: border reached at t: 276, (i, j): (49, 63), h: 9.671058; trajectory time: 2.1696090698242188e-05 s]
[300000/1000000: border reached at t: 1236, (i, j): (24, 0), h: 11.980111; trajectory time: 4.1961669921875e-05 s]
[400000/1000000: border reached at t: 605, (i, j): (0, 41), h: 10.9658165; trajectory time: 2.1696090698242188e-05 s]
[500000/1000000: border reached at t: 1161, (i, j): (19, 0), h: 9.674728; trajectory time: 4.172325134277344e-05 s]
[600000/1000000: border reached at t: 615, (i, j): (0, 25), h: -5.998931; trajectory time: 2.1696090698242188e-05 s]
[700000/1000000: border reached at t: 698, (i, j): (0, 26), h: -3.8553483; trajectory time: 2.1219253540039062e-05 s]
[800000/1000000: border reached at t: 310, (i, j): (0, 52), h: 9.458797; trajectory time: 2.1457672119140625e-05 s]
[900000/1000000: border reached at t: 1192, (i, j): (0, 42), h: 7.0082917; trajectory time: 4.315376281738281e-05 s]
[1000000/1000000: border reached at t: 770, (i, j): (6, 0), h: 12.30428; trajectory time: 2.193450927734375e-05 s]
SFWF MC CPU NUMPY DONE. [h_mean: 8.20645, T_mean: 752.065272; time: 29.303424835205078 s]
***
SUMMARY:
COMPARISON OF SINGLE HEIGHT VS REF -> h_mean: 8.20645 VS contraction_ref_heights_out[i0, j0]: 8.203798, ABS DIFF: 2.6521683e-03]
TIME MEAN: 29.311775636672973 s, STD: 0.04187107765540135 s, STD_%: 0.1%
SPEEDUP VS REF: 1.0
====================================================================================================================================================================================================================================================
MONTE CARLO APPROACH 2: sfwf_mc_cuda...
---
REPETITION: 1/10:
SFWF MC CUDA... [(i, j): (12, 36), wanted n_samples: 1.0e+06, seed: 0, rpt: 10, tpb: 128]
[min_n_generators: 100000, bpg_walk: 782]
[initialization of random generators...]
[initialization of random generators done; count: 100096, memory: 1.527 MiB, time: 0.2630271911621094 s]
[random walks...; bpg_walk: 782, tpb: 128]
[random walks done; time: 0.02830648422241211 s]
[mean-reduction...; bpg: 1, tpb: 128]
[mean-reduction done; time: 0.00010156631469726562 s]
SFWF MC CUDA DONE. [h_mean: 8.192993, T_mean: 751.119873046875, n_samples de facto: 1.0e+06; time: 0.29149675369262695 s, time without generators initalization: 0.028469562530517578 s]
---
REPETITION: 2/10:
SFWF MC CUDA... [(i, j): (12, 36), wanted n_samples: 1.0e+06, seed: 0, rpt: 10, tpb: 128]
[min_n_generators: 100000, bpg_walk: 782]
[initialization of random generators...]
[initialization of random generators done; count: 100096, memory: 1.527 MiB, time: 0.007795810699462891 s]
[random walks...; bpg_walk: 782, tpb: 128]
[random walks done; time: 0.028156280517578125 s]
[mean-reduction...; bpg: 1, tpb: 128]
[mean-reduction done; time: 6.198883056640625e-05 s]
SFWF MC CUDA DONE. [h_mean: 8.192993, T_mean: 751.119873046875, n_samples de facto: 1.0e+06; time: 0.036040306091308594 s, time without generators initalization: 0.028244495391845703 s]
---
REPETITION: 3/10:
SFWF MC CUDA... [(i, j): (12, 36), wanted n_samples: 1.0e+06, seed: 0, rpt: 10, tpb: 128]
[min_n_generators: 100000, bpg_walk: 782]
[initialization of random generators...]
[initialization of random generators done; count: 100096, memory: 1.527 MiB, time: 0.00792551040649414 s]
[random walks...; bpg_walk: 782, tpb: 128]
[random walks done; time: 0.028180837631225586 s]
[mean-reduction...; bpg: 1, tpb: 128]
[mean-reduction done; time: 6.246566772460938e-05 s]
SFWF MC CUDA DONE. [h_mean: 8.192993, T_mean: 751.119873046875, n_samples de facto: 1.0e+06; time: 0.03619503974914551 s, time without generators initalization: 0.028269529342651367 s]
---
REPETITION: 4/10:
SFWF MC CUDA... [(i, j): (12, 36), wanted n_samples: 1.0e+06, seed: 0, rpt: 10, tpb: 128]
[min_n_generators: 100000, bpg_walk: 782]
[initialization of random generators...]
[initialization of random generators done; count: 100096, memory: 1.527 MiB, time: 0.007779836654663086 s]
[random walks...; bpg_walk: 782, tpb: 128]
[random walks done; time: 0.028160572052001953 s]
[mean-reduction...; bpg: 1, tpb: 128]
[mean-reduction done; time: 6.151199340820312e-05 s]
SFWF MC CUDA DONE. [h_mean: 8.192993, T_mean: 751.119873046875, n_samples de facto: 1.0e+06; time: 0.0360262393951416 s, time without generators initalization: 0.028246402740478516 s]
---
REPETITION: 5/10:
SFWF MC CUDA... [(i, j): (12, 36), wanted n_samples: 1.0e+06, seed: 0, rpt: 10, tpb: 128]
[min_n_generators: 100000, bpg_walk: 782]
[initialization of random generators...]
[initialization of random generators done; count: 100096, memory: 1.527 MiB, time: 0.00784754753112793 s]
[random walks...; bpg_walk: 782, tpb: 128]
[random walks done; time: 0.028166770935058594 s]
[mean-reduction...; bpg: 1, tpb: 128]
[mean-reduction done; time: 6.031990051269531e-05 s]
SFWF MC CUDA DONE. [h_mean: 8.192993, T_mean: 751.119873046875, n_samples de facto: 1.0e+06; time: 0.036100149154663086 s, time without generators initalization: 0.028252601623535156 s]
---
REPETITION: 6/10:
SFWF MC CUDA... [(i, j): (12, 36), wanted n_samples: 1.0e+06, seed: 0, rpt: 10, tpb: 128]
[min_n_generators: 100000, bpg_walk: 782]
[initialization of random generators...]
[initialization of random generators done; count: 100096, memory: 1.527 MiB, time: 0.007772922515869141 s]
[random walks...; bpg_walk: 782, tpb: 128]
[random walks done; time: 0.028138160705566406 s]
[mean-reduction...; bpg: 1, tpb: 128]
[mean-reduction done; time: 5.936622619628906e-05 s]
SFWF MC CUDA DONE. [h_mean: 8.192993, T_mean: 751.119873046875, n_samples de facto: 1.0e+06; time: 0.03599691390991211 s, time without generators initalization: 0.02822399139404297 s]
---
REPETITION: 7/10:
SFWF MC CUDA... [(i, j): (12, 36), wanted n_samples: 1.0e+06, seed: 0, rpt: 10, tpb: 128]
[min_n_generators: 100000, bpg_walk: 782]
[initialization of random generators...]
[initialization of random generators done; count: 100096, memory: 1.527 MiB, time: 0.00781393051147461 s]
[random walks...; bpg_walk: 782, tpb: 128]
[random walks done; time: 0.02814197540283203 s]
[mean-reduction...; bpg: 1, tpb: 128]
[mean-reduction done; time: 6.0558319091796875e-05 s]
SFWF MC CUDA DONE. [h_mean: 8.192993, T_mean: 751.119873046875, n_samples de facto: 1.0e+06; time: 0.03604245185852051 s, time without generators initalization: 0.0282285213470459 s]
---
REPETITION: 8/10:
SFWF MC CUDA... [(i, j): (12, 36), wanted n_samples: 1.0e+06, seed: 0, rpt: 10, tpb: 128]
[min_n_generators: 100000, bpg_walk: 782]
[initialization of random generators...]
[initialization of random generators done; count: 100096, memory: 1.527 MiB, time: 0.00782465934753418 s]
[random walks...; bpg_walk: 782, tpb: 128]
[random walks done; time: 0.028145313262939453 s]
[mean-reduction...; bpg: 1, tpb: 128]
[mean-reduction done; time: 5.793571472167969e-05 s]
SFWF MC CUDA DONE. [h_mean: 8.192993, T_mean: 751.119873046875, n_samples de facto: 1.0e+06; time: 0.036051273345947266 s, time without generators initalization: 0.028226613998413086 s]
---
REPETITION: 9/10:
SFWF MC CUDA... [(i, j): (12, 36), wanted n_samples: 1.0e+06, seed: 0, rpt: 10, tpb: 128]
[min_n_generators: 100000, bpg_walk: 782]
[initialization of random generators...]
[initialization of random generators done; count: 100096, memory: 1.527 MiB, time: 0.0077784061431884766 s]
[random walks...; bpg_walk: 782, tpb: 128]
[random walks done; time: 0.028169870376586914 s]
[mean-reduction...; bpg: 1, tpb: 128]
[mean-reduction done; time: 5.888938903808594e-05 s]
SFWF MC CUDA DONE. [h_mean: 8.192993, T_mean: 751.119873046875, n_samples de facto: 1.0e+06; time: 0.036029815673828125 s, time without generators initalization: 0.02825140953063965 s]
---
REPETITION: 10/10:
SFWF MC CUDA... [(i, j): (12, 36), wanted n_samples: 1.0e+06, seed: 0, rpt: 10, tpb: 128]
[min_n_generators: 100000, bpg_walk: 782]
[initialization of random generators...]
[initialization of random generators done; count: 100096, memory: 1.527 MiB, time: 0.007822036743164062 s]
[random walks...; bpg_walk: 782, tpb: 128]
[random walks done; time: 0.028142929077148438 s]
[mean-reduction...; bpg: 1, tpb: 128]
[mean-reduction done; time: 5.793571472167969e-05 s]
SFWF MC CUDA DONE. [h_mean: 8.192993, T_mean: 751.119873046875, n_samples de facto: 1.0e+06; time: 0.03604698181152344 s, time without generators initalization: 0.028224945068359375 s]
***
SUMMARY:
COMPARISON OF SINGLE HEIGHT VS REF -> h_mean: 8.192993 VS contraction_ref_heights_out[i0, j0]: 8.203798, ABS DIFF: 1.0805130e-02]
TIME MEAN: 0.02826380729675293 s, STD: 7.003364662101549e-05 s, STD_%: 0.2%
SPEEDUP VS REF: 1037.0781023560276
====================================================================================================================================================================================================================================================
====================================================================================================================================================================================================================================================
FINAL SUMMARY:
CONTRACTION ITERATION APPROACH 1: sfwf_contraction_cpu_numpy OFF.
CONTRACTION ITERATION APPROACH 2: sfwf_contraction_cpu_numba_parallel OFF.
CONTRACTION ITERATION APPROACH 3: sfwf_contraction_cuda_small OFF.
CONTRACTION ITERATION APPROACH 4: sfwf_contraction_cuda_large_atomicmax (REFERENCE) -> MEAN ITERATIONS: 9400.0, MEAN D_INF: 9.5367431640625e-07, MEAN TIME: 0.17755298614501952 s, TIME STD: 0.0008716032171984484 s, STD_%: 0.5%, SPEED-UP: 1.00
CONTRACTION ITERATION APPROACH 5: sfwf_contraction_cuda_large_atomicmaxglosten OFF.
CONTRACTION ITERATION APPROACH 6: sfwf_contraction_cuda_large_hreducemax OFF.
CONTRACTION ITERATION APPROACH 7: sfwf_contraction_cuda_large_hreducemaxgs OFF.
CONTRACTION ITERATION APPROACH 8: sfwf_contraction_cuda_large_gridsync OFF.
MONTE CARLO APPROACH 1: sfwf_mc_cpu_numpy (REFERENCE) -> MEAN TIME: 29.311775636672973 s, TIME STD: 0.04187107765540135 s,  STD_%: 0.1%, SPEED-UP: 1.00
MONTE CARLO APPROACH 2: sfwf_mc_cuda -> MEAN TIME: 0.02826380729675293 s, TIME STD: 7.003364662101549e-05 s,  STD_%: 0.2%, SPEED-UP: 1037.08
SOAP FILM IN A WIRE FRAME DONE. [hash string: 1340211960_49337_901_[7;20;5.0;64;True;1.0e-06;False;0;1e+06;(12,36);False;3;FFFTFFFF;TT], time: 295.51721811294556]
