SOAP FILM IN A WIRE FRAME...
HASH STRING: 1480145828_14935_325_[7;20;5.0;32;True;1.0e-04;False;0;1e+03;(12,36);False;3;TTTTTTT;FF]
====================================================================================================================================================================================================================================================
EXPERIMENT INFO:
{
  SEED: 7,
  WF_FOURIER_N: 20,
  WF_FOURIER_AMPLITUDE: 5.0,
  WF_BORDER_N: 32,
  NUMPY_SINGLE_THREAD: True,
  CONTRACTION_EPS: 0.0001,
  CONTRACTION_PLOTS: False,
  MC_SEED: 0,
  MC_SAMPLES: 1000,
  MC_I0_J0: (12, 36),
  MC_EXAMPLE_PLOT: False,
  MC_EXAMPLE_PLOT_SAMPLES: 3,
  sfwf_contraction_cpu_numpy: (True, 'sfwf_contraction_cpu_numpy', 10, {}),
  sfwf_contraction_cuda_small: (True, 'sfwf_contraction_cuda_small', 10, {'tpb': 512}),
  sfwf_contraction_cuda_large_atomicmax: (True, 'sfwf_contraction_cuda_large_atomicmax', 10, {'lazy_stop_check': 100, 'tpb_side': 16}),
  sfwf_contraction_cuda_large_atomicmaxglosten: (True, 'sfwf_contraction_cuda_large_atomicmaxglosten', 10, {'lazy_stop_check': 100, 'tpb_side': 16}),
  sfwf_contraction_cuda_large_hreducemax: (True, 'sfwf_contraction_cuda_large_hreducemax', 10, {'lazy_stop_check': 100, 'tpb_side': 16, 'tpb_reduce': 512}),
  sfwf_contraction_cuda_large_hreducemaxgs: (True, 'sfwf_contraction_cuda_large_hreducemaxgs', 10, {'lazy_stop_check': 100, 'tpb_side': 16, 'tpb_reduce': 512, 'cores': 10496}),
  sfwf_contraction_cuda_large_gridsync: (True, 'sfwf_contraction_cuda_large_gridsync', 10, {'tpb_side': 16}),
  sfwf_mc_cpu_numpy: (False, 'sfwf_mc_cpu_numpy', 0, {}),
  sfwf_mc_cuda: (False, 'sfwf_mc_cuda', 0, {})
}
====================================================================================================================================================================================================================================================
CPU AND SYSTEM:
{'cpu_name': 'Intel(R) Core(TM) i7-10700 CPU @ 2.90GHz',
 'os_machine': 'x86_64',
 'os_name': 'Linux 6.8.0-90-generic',
 'os_version': '#91-Ubuntu SMP PREEMPT_DYNAMIC Tue Nov 18 14:14:30 UTC 2025',
 'ram_size': '125.7 GB'}
GPU:
{'async_engine_count': 2,
 'can_map_host_memory': 1,
 'compute_capability': ComputeCapability(major=8, minor=6),
 'cores_per_SM': 128,
 'cores_total': 10496,
 'max_block_dim_x': 1024,
 'max_block_dim_y': 1024,
 'max_block_dim_z': 64,
 'max_grid_dim_x': 2147483647,
 'max_grid_dim_y': 65535,
 'max_grid_dim_z': 65535,
 'max_shared_memory_per_block': 49152,
 'max_threads_per_block': 1024,
 'multiprocessor_count': 82,
 'name': 'NVIDIA GeForce RTX 3090',
 'pci_bus_id': 1,
 'pci_device_id': 0,
 'unified_addressing': 1,
 'warp_size': 32}
====================================================================================================================================================================================================================================================
RANDOM WIRE FRAME WITH TOTAL OF POINTS (STATES): 1024
HEIGHTS IN[:5, :5]:
[[25.365894 14.760059  7.207704  7.832463 14.564732]
 [30.557764  0.        0.        0.        0.      ]
 [25.186687  0.        0.        0.        0.      ]
 [11.579604  0.        0.        0.        0.      ]
 [-2.134684  0.        0.        0.        0.      ]]
====================================================================================================================================================================================================================================================
CONTRACTION ITERATION APPROACH 1: sfwf_contraction_cpu_numpy...
---
REPETITION: 1/10:
SFWF CONTRACTION CPU NUMPY... [eps: 0.0001]
SFWF CONTRACTION CPU NUMPY DONE. [d_inf: 9.918213e-05, iterations: 1270, time: 0.03735160827636719 s]
---
REPETITION: 2/10:
SFWF CONTRACTION CPU NUMPY... [eps: 0.0001]
SFWF CONTRACTION CPU NUMPY DONE. [d_inf: 9.918213e-05, iterations: 1270, time: 0.037046194076538086 s]
---
REPETITION: 3/10:
SFWF CONTRACTION CPU NUMPY... [eps: 0.0001]
SFWF CONTRACTION CPU NUMPY DONE. [d_inf: 9.918213e-05, iterations: 1270, time: 0.0368351936340332 s]
---
REPETITION: 4/10:
SFWF CONTRACTION CPU NUMPY... [eps: 0.0001]
SFWF CONTRACTION CPU NUMPY DONE. [d_inf: 9.918213e-05, iterations: 1270, time: 0.035977840423583984 s]
---
REPETITION: 5/10:
SFWF CONTRACTION CPU NUMPY... [eps: 0.0001]
SFWF CONTRACTION CPU NUMPY DONE. [d_inf: 9.918213e-05, iterations: 1270, time: 0.036624908447265625 s]
---
REPETITION: 6/10:
SFWF CONTRACTION CPU NUMPY... [eps: 0.0001]
SFWF CONTRACTION CPU NUMPY DONE. [d_inf: 9.918213e-05, iterations: 1270, time: 0.03608059883117676 s]
---
REPETITION: 7/10:
SFWF CONTRACTION CPU NUMPY... [eps: 0.0001]
SFWF CONTRACTION CPU NUMPY DONE. [d_inf: 9.918213e-05, iterations: 1270, time: 0.03628969192504883 s]
---
REPETITION: 8/10:
SFWF CONTRACTION CPU NUMPY... [eps: 0.0001]
SFWF CONTRACTION CPU NUMPY DONE. [d_inf: 9.918213e-05, iterations: 1270, time: 0.03645730018615723 s]
---
REPETITION: 9/10:
SFWF CONTRACTION CPU NUMPY... [eps: 0.0001]
SFWF CONTRACTION CPU NUMPY DONE. [d_inf: 9.918213e-05, iterations: 1270, time: 0.03648853302001953 s]
---
REPETITION: 10/10:
SFWF CONTRACTION CPU NUMPY... [eps: 0.0001]
SFWF CONTRACTION CPU NUMPY DONE. [d_inf: 9.918213e-05, iterations: 1270, time: 0.03594374656677246 s]
***
SUMMARY:
HEIGHTS OUT[:5, :5]:
[[25.365894  14.760059   7.207704   7.832463  14.564732 ]
 [30.557764  18.470022  12.089523  10.63242   12.1863575]
 [25.186687  16.472748  12.047957  10.421345  10.254829 ]
 [11.579604  10.186335   9.20823    8.750196   8.530576 ]
 [-2.134684   3.4847724  5.8484545  6.840671   7.1408844]]
D_INF OF HEIGHTS VS REF: 0.0
D_INF (AT STOP) MEAN: 9.918212890625e-05
ITERATIONS MEAN: 1270.0
TIME MEAN: 0.03650956153869629 s, STD: 0.00044212638302267135 s, STD_%: 1.2%
SPEEDUP VS REF: 1.0
====================================================================================================================================================================================================================================================
CONTRACTION ITERATION APPROACH 2: sfwf_contraction_cuda_small...
---
REPETITION: 1/10:
SFWF CONTRACTION CUDA SMALL... [eps: 0.0001, bpg: 1, tpb: 512]
SFWF CONTRACTION CUDA SMALL DONE. [d_inf: 9.918213e-05, iterations: 1270, time: 0.008387327194213867 s]
---
REPETITION: 2/10:
SFWF CONTRACTION CUDA SMALL... [eps: 0.0001, bpg: 1, tpb: 512]
SFWF CONTRACTION CUDA SMALL DONE. [d_inf: 9.918213e-05, iterations: 1270, time: 0.006657600402832031 s]
---
REPETITION: 3/10:
SFWF CONTRACTION CUDA SMALL... [eps: 0.0001, bpg: 1, tpb: 512]
SFWF CONTRACTION CUDA SMALL DONE. [d_inf: 9.918213e-05, iterations: 1270, time: 0.006625652313232422 s]
---
REPETITION: 4/10:
SFWF CONTRACTION CUDA SMALL... [eps: 0.0001, bpg: 1, tpb: 512]
SFWF CONTRACTION CUDA SMALL DONE. [d_inf: 9.918213e-05, iterations: 1270, time: 0.006513118743896484 s]
---
REPETITION: 5/10:
SFWF CONTRACTION CUDA SMALL... [eps: 0.0001, bpg: 1, tpb: 512]
SFWF CONTRACTION CUDA SMALL DONE. [d_inf: 9.918213e-05, iterations: 1270, time: 0.006583452224731445 s]
---
REPETITION: 6/10:
SFWF CONTRACTION CUDA SMALL... [eps: 0.0001, bpg: 1, tpb: 512]
SFWF CONTRACTION CUDA SMALL DONE. [d_inf: 9.918213e-05, iterations: 1270, time: 0.006507396697998047 s]
---
REPETITION: 7/10:
SFWF CONTRACTION CUDA SMALL... [eps: 0.0001, bpg: 1, tpb: 512]
SFWF CONTRACTION CUDA SMALL DONE. [d_inf: 9.918213e-05, iterations: 1270, time: 0.0065157413482666016 s]
---
REPETITION: 8/10:
SFWF CONTRACTION CUDA SMALL... [eps: 0.0001, bpg: 1, tpb: 512]
SFWF CONTRACTION CUDA SMALL DONE. [d_inf: 9.918213e-05, iterations: 1270, time: 0.006508827209472656 s]
---
REPETITION: 9/10:
SFWF CONTRACTION CUDA SMALL... [eps: 0.0001, bpg: 1, tpb: 512]
SFWF CONTRACTION CUDA SMALL DONE. [d_inf: 9.918213e-05, iterations: 1270, time: 0.006582975387573242 s]
---
REPETITION: 10/10:
SFWF CONTRACTION CUDA SMALL... [eps: 0.0001, bpg: 1, tpb: 512]
SFWF CONTRACTION CUDA SMALL DONE. [d_inf: 9.918213e-05, iterations: 1270, time: 0.006510019302368164 s]
***
SUMMARY:
HEIGHTS OUT[:5, :5]:
[[25.365894  14.760059   7.207704   7.832463  14.564732 ]
 [30.557764  18.470022  12.089523  10.63242   12.1863575]
 [25.186687  16.472748  12.047957  10.421345  10.254829 ]
 [11.579604  10.186335   9.20823    8.750196   8.530576 ]
 [-2.134684   3.4847724  5.8484545  6.840671   7.1408844]]
D_INF OF HEIGHTS VS REF: 0.0
D_INF (AT STOP) MEAN: 9.918212890625e-05
ITERATIONS MEAN: 1270.0
TIME MEAN: 0.006739211082458496 s, STD: 0.0005518073039144673 s, STD_%: 8.2%
SPEEDUP VS REF: 5.417483009803194
====================================================================================================================================================================================================================================================
CONTRACTION ITERATION APPROACH 3: sfwf_contraction_cuda_large_atomicmax...
---
REPETITION: 1/10:
SFWF CONTRACTION CUDA LARGE ATOMICMAX... [eps: 0.0001, lazy_stop_check: 100, tpb_side: 16]
[bpg: (2, 2), tpb: (16, 16)]
SFWF CONTRACTION CUDA LARGE ATOMICMAX DONE. [d_inf: 8.678436e-05, iterations: 1300, time: 0.0741720199584961 s]
---
REPETITION: 2/10:
SFWF CONTRACTION CUDA LARGE ATOMICMAX... [eps: 0.0001, lazy_stop_check: 100, tpb_side: 16]
[bpg: (2, 2), tpb: (16, 16)]
SFWF CONTRACTION CUDA LARGE ATOMICMAX DONE. [d_inf: 8.678436e-05, iterations: 1300, time: 0.0747380256652832 s]
---
REPETITION: 3/10:
SFWF CONTRACTION CUDA LARGE ATOMICMAX... [eps: 0.0001, lazy_stop_check: 100, tpb_side: 16]
[bpg: (2, 2), tpb: (16, 16)]
SFWF CONTRACTION CUDA LARGE ATOMICMAX DONE. [d_inf: 8.678436e-05, iterations: 1300, time: 0.07418298721313477 s]
---
REPETITION: 4/10:
SFWF CONTRACTION CUDA LARGE ATOMICMAX... [eps: 0.0001, lazy_stop_check: 100, tpb_side: 16]
[bpg: (2, 2), tpb: (16, 16)]
SFWF CONTRACTION CUDA LARGE ATOMICMAX DONE. [d_inf: 8.678436e-05, iterations: 1300, time: 0.07378077507019043 s]
---
REPETITION: 5/10:
SFWF CONTRACTION CUDA LARGE ATOMICMAX... [eps: 0.0001, lazy_stop_check: 100, tpb_side: 16]
[bpg: (2, 2), tpb: (16, 16)]
SFWF CONTRACTION CUDA LARGE ATOMICMAX DONE. [d_inf: 8.678436e-05, iterations: 1300, time: 0.07423639297485352 s]
---
REPETITION: 6/10:
SFWF CONTRACTION CUDA LARGE ATOMICMAX... [eps: 0.0001, lazy_stop_check: 100, tpb_side: 16]
[bpg: (2, 2), tpb: (16, 16)]
SFWF CONTRACTION CUDA LARGE ATOMICMAX DONE. [d_inf: 8.678436e-05, iterations: 1300, time: 0.0754995346069336 s]
---
REPETITION: 7/10:
SFWF CONTRACTION CUDA LARGE ATOMICMAX... [eps: 0.0001, lazy_stop_check: 100, tpb_side: 16]
[bpg: (2, 2), tpb: (16, 16)]
SFWF CONTRACTION CUDA LARGE ATOMICMAX DONE. [d_inf: 8.678436e-05, iterations: 1300, time: 0.07333683967590332 s]
---
REPETITION: 8/10:
SFWF CONTRACTION CUDA LARGE ATOMICMAX... [eps: 0.0001, lazy_stop_check: 100, tpb_side: 16]
[bpg: (2, 2), tpb: (16, 16)]
SFWF CONTRACTION CUDA LARGE ATOMICMAX DONE. [d_inf: 8.678436e-05, iterations: 1300, time: 0.07448720932006836 s]
---
REPETITION: 9/10:
SFWF CONTRACTION CUDA LARGE ATOMICMAX... [eps: 0.0001, lazy_stop_check: 100, tpb_side: 16]
[bpg: (2, 2), tpb: (16, 16)]
SFWF CONTRACTION CUDA LARGE ATOMICMAX DONE. [d_inf: 8.678436e-05, iterations: 1300, time: 0.07412123680114746 s]
---
REPETITION: 10/10:
SFWF CONTRACTION CUDA LARGE ATOMICMAX... [eps: 0.0001, lazy_stop_check: 100, tpb_side: 16]
[bpg: (2, 2), tpb: (16, 16)]
SFWF CONTRACTION CUDA LARGE ATOMICMAX DONE. [d_inf: 8.678436e-05, iterations: 1300, time: 0.07481980323791504 s]
***
SUMMARY:
HEIGHTS OUT[:5, :5]:
[[25.365894  14.760059   7.207704   7.832463  14.564732 ]
 [30.557764  18.47005   12.089581  10.6325035 12.186467 ]
 [25.186687  16.472805  12.04807   10.421511  10.255047 ]
 [11.579604  10.1864195  9.208396   8.750444   8.530901 ]
 [-2.134684   3.4848828  5.848674   6.8409963  7.1413136]]
D_INF OF HEIGHTS VS REF: 0.0027503967
D_INF (AT STOP) MEAN: 8.678436279296875e-05
ITERATIONS MEAN: 1300.0
TIME MEAN: 0.07433748245239258 s, STD: 0.0005643836023350593 s, STD_%: 0.8%
SPEEDUP VS REF: 0.4911326067852493
====================================================================================================================================================================================================================================================
CONTRACTION ITERATION APPROACH 4: sfwf_contraction_cuda_large_atomicmaxglosten...
---
REPETITION: 1/10:
SFWF CONTRACTION CUDA LARGE ATOMICMAXGLOSTEN... [eps: 0.0001, lazy_stop_check: 100, tpb_side: 16]
[bpg: (2, 2), tpb: (16, 16)]
SFWF CONTRACTION CUDA LARGE ATOMICMAXGLOSTEN DONE. [d_inf: 8.678436e-05, iterations: 1300, time: 0.07329487800598145 s]
---
REPETITION: 2/10:
SFWF CONTRACTION CUDA LARGE ATOMICMAXGLOSTEN... [eps: 0.0001, lazy_stop_check: 100, tpb_side: 16]
[bpg: (2, 2), tpb: (16, 16)]
SFWF CONTRACTION CUDA LARGE ATOMICMAXGLOSTEN DONE. [d_inf: 8.678436e-05, iterations: 1300, time: 0.07407641410827637 s]
---
REPETITION: 3/10:
SFWF CONTRACTION CUDA LARGE ATOMICMAXGLOSTEN... [eps: 0.0001, lazy_stop_check: 100, tpb_side: 16]
[bpg: (2, 2), tpb: (16, 16)]
SFWF CONTRACTION CUDA LARGE ATOMICMAXGLOSTEN DONE. [d_inf: 8.678436e-05, iterations: 1300, time: 0.07345318794250488 s]
---
REPETITION: 4/10:
SFWF CONTRACTION CUDA LARGE ATOMICMAXGLOSTEN... [eps: 0.0001, lazy_stop_check: 100, tpb_side: 16]
[bpg: (2, 2), tpb: (16, 16)]
SFWF CONTRACTION CUDA LARGE ATOMICMAXGLOSTEN DONE. [d_inf: 8.678436e-05, iterations: 1300, time: 0.0732417106628418 s]
---
REPETITION: 5/10:
SFWF CONTRACTION CUDA LARGE ATOMICMAXGLOSTEN... [eps: 0.0001, lazy_stop_check: 100, tpb_side: 16]
[bpg: (2, 2), tpb: (16, 16)]
SFWF CONTRACTION CUDA LARGE ATOMICMAXGLOSTEN DONE. [d_inf: 8.678436e-05, iterations: 1300, time: 0.07517361640930176 s]
---
REPETITION: 6/10:
SFWF CONTRACTION CUDA LARGE ATOMICMAXGLOSTEN... [eps: 0.0001, lazy_stop_check: 100, tpb_side: 16]
[bpg: (2, 2), tpb: (16, 16)]
SFWF CONTRACTION CUDA LARGE ATOMICMAXGLOSTEN DONE. [d_inf: 8.678436e-05, iterations: 1300, time: 0.07410025596618652 s]
---
REPETITION: 7/10:
SFWF CONTRACTION CUDA LARGE ATOMICMAXGLOSTEN... [eps: 0.0001, lazy_stop_check: 100, tpb_side: 16]
[bpg: (2, 2), tpb: (16, 16)]
SFWF CONTRACTION CUDA LARGE ATOMICMAXGLOSTEN DONE. [d_inf: 8.678436e-05, iterations: 1300, time: 0.07427239418029785 s]
---
REPETITION: 8/10:
SFWF CONTRACTION CUDA LARGE ATOMICMAXGLOSTEN... [eps: 0.0001, lazy_stop_check: 100, tpb_side: 16]
[bpg: (2, 2), tpb: (16, 16)]
SFWF CONTRACTION CUDA LARGE ATOMICMAXGLOSTEN DONE. [d_inf: 8.678436e-05, iterations: 1300, time: 0.07424592971801758 s]
---
REPETITION: 9/10:
SFWF CONTRACTION CUDA LARGE ATOMICMAXGLOSTEN... [eps: 0.0001, lazy_stop_check: 100, tpb_side: 16]
[bpg: (2, 2), tpb: (16, 16)]
SFWF CONTRACTION CUDA LARGE ATOMICMAXGLOSTEN DONE. [d_inf: 8.678436e-05, iterations: 1300, time: 0.07366204261779785 s]
---
REPETITION: 10/10:
SFWF CONTRACTION CUDA LARGE ATOMICMAXGLOSTEN... [eps: 0.0001, lazy_stop_check: 100, tpb_side: 16]
[bpg: (2, 2), tpb: (16, 16)]
SFWF CONTRACTION CUDA LARGE ATOMICMAXGLOSTEN DONE. [d_inf: 8.678436e-05, iterations: 1300, time: 0.07365202903747559 s]
***
SUMMARY:
HEIGHTS OUT[:5, :5]:
[[25.365894  14.760059   7.207704   7.832463  14.564732 ]
 [30.557764  18.47005   12.089581  10.6325035 12.186467 ]
 [25.186687  16.472805  12.04807   10.421511  10.255047 ]
 [11.579604  10.1864195  9.208396   8.750444   8.530901 ]
 [-2.134684   3.4848828  5.848674   6.8409963  7.1413136]]
D_INF OF HEIGHTS VS REF: 0.0027503967
D_INF (AT STOP) MEAN: 8.678436279296875e-05
ITERATIONS MEAN: 1300.0
TIME MEAN: 0.07391724586486817 s, STD: 0.0005537116173782024 s, STD_%: 0.7%
SPEEDUP VS REF: 0.4939248089064527
====================================================================================================================================================================================================================================================
CONTRACTION ITERATION APPROACH 5: sfwf_contraction_cuda_large_hreducemax...
---
REPETITION: 1/10:
SFWF CONTRACTION CUDA LARGE HREDUCEMAX... [eps: 0.0001, lazy_stop_check: 100, tpb_side: 16, tpb_reduce: 512]
[job bpg: (2, 2), tpb: (16, 16)]
[reduce bpg: 1, tpb: 512]
SFWF ITERATE CONTRACTION CUDA LARGE HREDUCEMAX DONE. [d_inf: 8.678436e-05 iterations: 1300, time: 0.04369997978210449 s]
---
REPETITION: 2/10:
SFWF CONTRACTION CUDA LARGE HREDUCEMAX... [eps: 0.0001, lazy_stop_check: 100, tpb_side: 16, tpb_reduce: 512]
[job bpg: (2, 2), tpb: (16, 16)]
[reduce bpg: 1, tpb: 512]
SFWF ITERATE CONTRACTION CUDA LARGE HREDUCEMAX DONE. [d_inf: 8.678436e-05 iterations: 1300, time: 0.04383206367492676 s]
---
REPETITION: 3/10:
SFWF CONTRACTION CUDA LARGE HREDUCEMAX... [eps: 0.0001, lazy_stop_check: 100, tpb_side: 16, tpb_reduce: 512]
[job bpg: (2, 2), tpb: (16, 16)]
[reduce bpg: 1, tpb: 512]
SFWF ITERATE CONTRACTION CUDA LARGE HREDUCEMAX DONE. [d_inf: 8.678436e-05 iterations: 1300, time: 0.04439377784729004 s]
---
REPETITION: 4/10:
SFWF CONTRACTION CUDA LARGE HREDUCEMAX... [eps: 0.0001, lazy_stop_check: 100, tpb_side: 16, tpb_reduce: 512]
[job bpg: (2, 2), tpb: (16, 16)]
[reduce bpg: 1, tpb: 512]
SFWF ITERATE CONTRACTION CUDA LARGE HREDUCEMAX DONE. [d_inf: 8.678436e-05 iterations: 1300, time: 0.0446164608001709 s]
---
REPETITION: 5/10:
SFWF CONTRACTION CUDA LARGE HREDUCEMAX... [eps: 0.0001, lazy_stop_check: 100, tpb_side: 16, tpb_reduce: 512]
[job bpg: (2, 2), tpb: (16, 16)]
[reduce bpg: 1, tpb: 512]
SFWF ITERATE CONTRACTION CUDA LARGE HREDUCEMAX DONE. [d_inf: 8.678436e-05 iterations: 1300, time: 0.0441436767578125 s]
---
REPETITION: 6/10:
SFWF CONTRACTION CUDA LARGE HREDUCEMAX... [eps: 0.0001, lazy_stop_check: 100, tpb_side: 16, tpb_reduce: 512]
[job bpg: (2, 2), tpb: (16, 16)]
[reduce bpg: 1, tpb: 512]
SFWF ITERATE CONTRACTION CUDA LARGE HREDUCEMAX DONE. [d_inf: 8.678436e-05 iterations: 1300, time: 0.04516196250915527 s]
---
REPETITION: 7/10:
SFWF CONTRACTION CUDA LARGE HREDUCEMAX... [eps: 0.0001, lazy_stop_check: 100, tpb_side: 16, tpb_reduce: 512]
[job bpg: (2, 2), tpb: (16, 16)]
[reduce bpg: 1, tpb: 512]
SFWF ITERATE CONTRACTION CUDA LARGE HREDUCEMAX DONE. [d_inf: 8.678436e-05 iterations: 1300, time: 0.04383683204650879 s]
---
REPETITION: 8/10:
SFWF CONTRACTION CUDA LARGE HREDUCEMAX... [eps: 0.0001, lazy_stop_check: 100, tpb_side: 16, tpb_reduce: 512]
[job bpg: (2, 2), tpb: (16, 16)]
[reduce bpg: 1, tpb: 512]
SFWF ITERATE CONTRACTION CUDA LARGE HREDUCEMAX DONE. [d_inf: 8.678436e-05 iterations: 1300, time: 0.0446932315826416 s]
---
REPETITION: 9/10:
SFWF CONTRACTION CUDA LARGE HREDUCEMAX... [eps: 0.0001, lazy_stop_check: 100, tpb_side: 16, tpb_reduce: 512]
[job bpg: (2, 2), tpb: (16, 16)]
[reduce bpg: 1, tpb: 512]
SFWF ITERATE CONTRACTION CUDA LARGE HREDUCEMAX DONE. [d_inf: 8.678436e-05 iterations: 1300, time: 0.0442507266998291 s]
---
REPETITION: 10/10:
SFWF CONTRACTION CUDA LARGE HREDUCEMAX... [eps: 0.0001, lazy_stop_check: 100, tpb_side: 16, tpb_reduce: 512]
[job bpg: (2, 2), tpb: (16, 16)]
[reduce bpg: 1, tpb: 512]
SFWF ITERATE CONTRACTION CUDA LARGE HREDUCEMAX DONE. [d_inf: 8.678436e-05 iterations: 1300, time: 0.04439687728881836 s]
***
SUMMARY:
HEIGHTS OUT[:5, :5]:
[[25.365894  14.760059   7.207704   7.832463  14.564732 ]
 [30.557764  18.47005   12.089581  10.6325035 12.186467 ]
 [25.186687  16.472805  12.04807   10.421511  10.255047 ]
 [11.579604  10.1864195  9.208396   8.750444   8.530901 ]
 [-2.134684   3.4848828  5.848674   6.8409963  7.1413136]]
D_INF OF HEIGHTS VS REF: 0.0027503967
D_INF (AT STOP) MEAN: 8.678436279296875e-05
ITERATIONS MEAN: 1300.0
TIME MEAN: 0.04430255889892578 s, STD: 0.0004285148691026145 s, STD_%: 1.0%
SPEEDUP VS REF: 0.8240959991045022
====================================================================================================================================================================================================================================================
CONTRACTION ITERATION APPROACH 6: sfwf_contraction_cuda_large_hreducemaxgs...
---
REPETITION: 1/10:
SFWF CONTRACTION CUDA LARGE HREDUCEMAXGS... [eps: 0.0001, lazy_stop_check: 100, tpb_side: 16, tpb_reduce: 512, cores: 10496]
[job bpg: (2, 2), tpb: (16, 16)]
[reduce1 (grid-stride) bpg: 82, tpb: 128]
[reduce2 bpg: 1, tpb: 512]
SFWF ITERATE CONTRACTION CUDA LARGE HREDUCEMAXGS DONE. [d_inf: 8.678436e-05 iterations: 1300, time: 0.04473757743835449 s]
---
REPETITION: 2/10:
SFWF CONTRACTION CUDA LARGE HREDUCEMAXGS... [eps: 0.0001, lazy_stop_check: 100, tpb_side: 16, tpb_reduce: 512, cores: 10496]
[job bpg: (2, 2), tpb: (16, 16)]
[reduce1 (grid-stride) bpg: 82, tpb: 128]
[reduce2 bpg: 1, tpb: 512]
SFWF ITERATE CONTRACTION CUDA LARGE HREDUCEMAXGS DONE. [d_inf: 8.678436e-05 iterations: 1300, time: 0.04419708251953125 s]
---
REPETITION: 3/10:
SFWF CONTRACTION CUDA LARGE HREDUCEMAXGS... [eps: 0.0001, lazy_stop_check: 100, tpb_side: 16, tpb_reduce: 512, cores: 10496]
[job bpg: (2, 2), tpb: (16, 16)]
[reduce1 (grid-stride) bpg: 82, tpb: 128]
[reduce2 bpg: 1, tpb: 512]
SFWF ITERATE CONTRACTION CUDA LARGE HREDUCEMAXGS DONE. [d_inf: 8.678436e-05 iterations: 1300, time: 0.044098615646362305 s]
---
REPETITION: 4/10:
SFWF CONTRACTION CUDA LARGE HREDUCEMAXGS... [eps: 0.0001, lazy_stop_check: 100, tpb_side: 16, tpb_reduce: 512, cores: 10496]
[job bpg: (2, 2), tpb: (16, 16)]
[reduce1 (grid-stride) bpg: 82, tpb: 128]
[reduce2 bpg: 1, tpb: 512]
SFWF ITERATE CONTRACTION CUDA LARGE HREDUCEMAXGS DONE. [d_inf: 8.678436e-05 iterations: 1300, time: 0.04423975944519043 s]
---
REPETITION: 5/10:
SFWF CONTRACTION CUDA LARGE HREDUCEMAXGS... [eps: 0.0001, lazy_stop_check: 100, tpb_side: 16, tpb_reduce: 512, cores: 10496]
[job bpg: (2, 2), tpb: (16, 16)]
[reduce1 (grid-stride) bpg: 82, tpb: 128]
[reduce2 bpg: 1, tpb: 512]
SFWF ITERATE CONTRACTION CUDA LARGE HREDUCEMAXGS DONE. [d_inf: 8.678436e-05 iterations: 1300, time: 0.04434919357299805 s]
---
REPETITION: 6/10:
SFWF CONTRACTION CUDA LARGE HREDUCEMAXGS... [eps: 0.0001, lazy_stop_check: 100, tpb_side: 16, tpb_reduce: 512, cores: 10496]
[job bpg: (2, 2), tpb: (16, 16)]
[reduce1 (grid-stride) bpg: 82, tpb: 128]
[reduce2 bpg: 1, tpb: 512]
SFWF ITERATE CONTRACTION CUDA LARGE HREDUCEMAXGS DONE. [d_inf: 8.678436e-05 iterations: 1300, time: 0.04494524002075195 s]
---
REPETITION: 7/10:
SFWF CONTRACTION CUDA LARGE HREDUCEMAXGS... [eps: 0.0001, lazy_stop_check: 100, tpb_side: 16, tpb_reduce: 512, cores: 10496]
[job bpg: (2, 2), tpb: (16, 16)]
[reduce1 (grid-stride) bpg: 82, tpb: 128]
[reduce2 bpg: 1, tpb: 512]
SFWF ITERATE CONTRACTION CUDA LARGE HREDUCEMAXGS DONE. [d_inf: 8.678436e-05 iterations: 1300, time: 0.04437422752380371 s]
---
REPETITION: 8/10:
SFWF CONTRACTION CUDA LARGE HREDUCEMAXGS... [eps: 0.0001, lazy_stop_check: 100, tpb_side: 16, tpb_reduce: 512, cores: 10496]
[job bpg: (2, 2), tpb: (16, 16)]
[reduce1 (grid-stride) bpg: 82, tpb: 128]
[reduce2 bpg: 1, tpb: 512]
SFWF ITERATE CONTRACTION CUDA LARGE HREDUCEMAXGS DONE. [d_inf: 8.678436e-05 iterations: 1300, time: 0.04441332817077637 s]
---
REPETITION: 9/10:
SFWF CONTRACTION CUDA LARGE HREDUCEMAXGS... [eps: 0.0001, lazy_stop_check: 100, tpb_side: 16, tpb_reduce: 512, cores: 10496]
[job bpg: (2, 2), tpb: (16, 16)]
[reduce1 (grid-stride) bpg: 82, tpb: 128]
[reduce2 bpg: 1, tpb: 512]
SFWF ITERATE CONTRACTION CUDA LARGE HREDUCEMAXGS DONE. [d_inf: 8.678436e-05 iterations: 1300, time: 0.04528641700744629 s]
---
REPETITION: 10/10:
SFWF CONTRACTION CUDA LARGE HREDUCEMAXGS... [eps: 0.0001, lazy_stop_check: 100, tpb_side: 16, tpb_reduce: 512, cores: 10496]
[job bpg: (2, 2), tpb: (16, 16)]
[reduce1 (grid-stride) bpg: 82, tpb: 128]
[reduce2 bpg: 1, tpb: 512]
SFWF ITERATE CONTRACTION CUDA LARGE HREDUCEMAXGS DONE. [d_inf: 8.678436e-05 iterations: 1300, time: 0.044533729553222656 s]
***
SUMMARY:
HEIGHTS OUT[:5, :5]:
[[25.365894  14.760059   7.207704   7.832463  14.564732 ]
 [30.557764  18.47005   12.089581  10.6325035 12.186467 ]
 [25.186687  16.472805  12.04807   10.421511  10.255047 ]
 [11.579604  10.1864195  9.208396   8.750444   8.530901 ]
 [-2.134684   3.4848828  5.848674   6.8409963  7.1413136]]
D_INF OF HEIGHTS VS REF: 0.0027503967
D_INF (AT STOP) MEAN: 8.678436279296875e-05
ITERATIONS MEAN: 1300.0
TIME MEAN: 0.04451751708984375 s, STD: 0.0003518336921260682 s, STD_%: 0.8%
SPEEDUP VS REF: 0.8201167523564696
====================================================================================================================================================================================================================================================
CONTRACTION ITERATION APPROACH 7: sfwf_contraction_cuda_large_gridsync...
---
REPETITION: 1/10:
SFWF CONTRACTION CUDA LARGE GRIDSYNC... [eps: 0.0001, tpb_side: 16, assumed max_bpg_gridsync: None]
[wanted ideal bpg: (2, 2)]
[discovered max_bpg_gridsync: 82; time: 0.0001704692840576172 s]
[bpg: (2, 2), tpb: (16, 16), ept: 1]
SFWF ITERATE CONTRACTION CUDA LARGE GRIDSYNC DONE. [d_inf: 9.918213e-05, iterations: 1270, time: 0.007976531982421875 s]
---
REPETITION: 2/10:
SFWF CONTRACTION CUDA LARGE GRIDSYNC... [eps: 0.0001, tpb_side: 16, assumed max_bpg_gridsync: None]
[wanted ideal bpg: (2, 2)]
[discovered max_bpg_gridsync: 82; time: 8.344650268554688e-05 s]
[bpg: (2, 2), tpb: (16, 16), ept: 1]
SFWF ITERATE CONTRACTION CUDA LARGE GRIDSYNC DONE. [d_inf: 9.918213e-05, iterations: 1270, time: 0.007871150970458984 s]
---
REPETITION: 3/10:
SFWF CONTRACTION CUDA LARGE GRIDSYNC... [eps: 0.0001, tpb_side: 16, assumed max_bpg_gridsync: None]
[wanted ideal bpg: (2, 2)]
[discovered max_bpg_gridsync: 82; time: 7.200241088867188e-05 s]
[bpg: (2, 2), tpb: (16, 16), ept: 1]
SFWF ITERATE CONTRACTION CUDA LARGE GRIDSYNC DONE. [d_inf: 9.918213e-05, iterations: 1270, time: 0.007674694061279297 s]
---
REPETITION: 4/10:
SFWF CONTRACTION CUDA LARGE GRIDSYNC... [eps: 0.0001, tpb_side: 16, assumed max_bpg_gridsync: None]
[wanted ideal bpg: (2, 2)]
[discovered max_bpg_gridsync: 82; time: 7.152557373046875e-05 s]
[bpg: (2, 2), tpb: (16, 16), ept: 1]
SFWF ITERATE CONTRACTION CUDA LARGE GRIDSYNC DONE. [d_inf: 9.918213e-05, iterations: 1270, time: 0.007825136184692383 s]
---
REPETITION: 5/10:
SFWF CONTRACTION CUDA LARGE GRIDSYNC... [eps: 0.0001, tpb_side: 16, assumed max_bpg_gridsync: None]
[wanted ideal bpg: (2, 2)]
[discovered max_bpg_gridsync: 82; time: 7.271766662597656e-05 s]
[bpg: (2, 2), tpb: (16, 16), ept: 1]
SFWF ITERATE CONTRACTION CUDA LARGE GRIDSYNC DONE. [d_inf: 9.918213e-05, iterations: 1270, time: 0.007785320281982422 s]
---
REPETITION: 6/10:
SFWF CONTRACTION CUDA LARGE GRIDSYNC... [eps: 0.0001, tpb_side: 16, assumed max_bpg_gridsync: None]
[wanted ideal bpg: (2, 2)]
[discovered max_bpg_gridsync: 82; time: 0.00012135505676269531 s]
[bpg: (2, 2), tpb: (16, 16), ept: 1]
SFWF ITERATE CONTRACTION CUDA LARGE GRIDSYNC DONE. [d_inf: 9.918213e-05, iterations: 1270, time: 0.00789642333984375 s]
---
REPETITION: 7/10:
SFWF CONTRACTION CUDA LARGE GRIDSYNC... [eps: 0.0001, tpb_side: 16, assumed max_bpg_gridsync: None]
[wanted ideal bpg: (2, 2)]
[discovered max_bpg_gridsync: 82; time: 7.05718994140625e-05 s]
[bpg: (2, 2), tpb: (16, 16), ept: 1]
SFWF ITERATE CONTRACTION CUDA LARGE GRIDSYNC DONE. [d_inf: 9.918213e-05, iterations: 1270, time: 0.007791757583618164 s]
---
REPETITION: 8/10:
SFWF CONTRACTION CUDA LARGE GRIDSYNC... [eps: 0.0001, tpb_side: 16, assumed max_bpg_gridsync: None]
[wanted ideal bpg: (2, 2)]
[discovered max_bpg_gridsync: 82; time: 7.104873657226562e-05 s]
[bpg: (2, 2), tpb: (16, 16), ept: 1]
SFWF ITERATE CONTRACTION CUDA LARGE GRIDSYNC DONE. [d_inf: 9.918213e-05, iterations: 1270, time: 0.007784366607666016 s]
---
REPETITION: 9/10:
SFWF CONTRACTION CUDA LARGE GRIDSYNC... [eps: 0.0001, tpb_side: 16, assumed max_bpg_gridsync: None]
[wanted ideal bpg: (2, 2)]
[discovered max_bpg_gridsync: 82; time: 8.845329284667969e-05 s]
[bpg: (2, 2), tpb: (16, 16), ept: 1]
SFWF ITERATE CONTRACTION CUDA LARGE GRIDSYNC DONE. [d_inf: 9.918213e-05, iterations: 1270, time: 0.007885456085205078 s]
---
REPETITION: 10/10:
SFWF CONTRACTION CUDA LARGE GRIDSYNC... [eps: 0.0001, tpb_side: 16, assumed max_bpg_gridsync: None]
[wanted ideal bpg: (2, 2)]
[discovered max_bpg_gridsync: 82; time: 7.104873657226562e-05 s]
[bpg: (2, 2), tpb: (16, 16), ept: 1]
SFWF ITERATE CONTRACTION CUDA LARGE GRIDSYNC DONE. [d_inf: 9.918213e-05, iterations: 1270, time: 0.007720470428466797 s]
***
SUMMARY:
HEIGHTS OUT[:5, :5]:
[[25.365894  14.760059   7.207704   7.832463  14.564732 ]
 [30.557764  18.47002   12.089521  10.632416  12.186354 ]
 [25.186687  16.472746  12.047954  10.421338  10.254822 ]
 [11.579604  10.186333   9.208223   8.750188   8.530563 ]
 [-2.134684   3.4847684  5.848447   6.840659   7.1408696]]
D_INF OF HEIGHTS VS REF: 9.918213e-05
D_INF (AT STOP) MEAN: 9.918212890625e-05
ITERATIONS MEAN: 1270.0
TIME MEAN: 0.007821130752563476 s, STD: 8.458564337630892e-05 s, STD_%: 1.1%
SPEEDUP VS REF: 4.6680668938733465
====================================================================================================================================================================================================================================================
====================================================================================================================================================================================================================================================
FINAL SUMMARY:
CONTRACTION ITERATION APPROACH 1: sfwf_contraction_cpu_numpy (REFERENCE) -> MEAN ITERATIONS: 1270.0, MEAN D_INF: 9.918212890625e-05, MEAN TIME: 0.03650956153869629 s, TIME STD: 0.00044212638302267135 s, STD_%: 1.2%, SPEED-UP: 1.00
CONTRACTION ITERATION APPROACH 2: sfwf_contraction_cuda_small -> MEAN ITERATIONS: 1270.0, MEAN D_INF: 9.918212890625e-05, MEAN TIME: 0.006739211082458496 s, TIME STD: 0.0005518073039144673 s, STD_%: 8.2%, SPEED-UP: 5.42
CONTRACTION ITERATION APPROACH 3: sfwf_contraction_cuda_large_atomicmax -> MEAN ITERATIONS: 1300.0, MEAN D_INF: 8.678436279296875e-05, MEAN TIME: 0.07433748245239258 s, TIME STD: 0.0005643836023350593 s, STD_%: 0.8%, SPEED-UP: 0.49
CONTRACTION ITERATION APPROACH 4: sfwf_contraction_cuda_large_atomicmaxglosten -> MEAN ITERATIONS: 1300.0, MEAN D_INF: 8.678436279296875e-05, MEAN TIME: 0.07391724586486817 s, TIME STD: 0.0005537116173782024 s, STD_%: 0.7%, SPEED-UP: 0.49
CONTRACTION ITERATION APPROACH 5: sfwf_contraction_cuda_large_hreducemax -> MEAN ITERATIONS: 1300.0, MEAN D_INF: 8.678436279296875e-05, MEAN TIME: 0.04430255889892578 s, TIME STD: 0.0004285148691026145 s, STD_%: 1.0%, SPEED-UP: 0.82
CONTRACTION ITERATION APPROACH 6: sfwf_contraction_cuda_large_hreducemaxgs -> MEAN ITERATIONS: 1300.0, MEAN D_INF: 8.678436279296875e-05, MEAN TIME: 0.04451751708984375 s, TIME STD: 0.0003518336921260682 s, STD_%: 0.8%, SPEED-UP: 0.82
CONTRACTION ITERATION APPROACH 7: sfwf_contraction_cuda_large_gridsync -> MEAN ITERATIONS: 1270.0, MEAN D_INF: 9.918212890625e-05, MEAN TIME: 0.007821130752563476 s, TIME STD: 8.458564337630892e-05 s, STD_%: 1.1%, SPEED-UP: 4.67
MONTE CARLO APPROACH 1: sfwf_mc_cpu_numpy OFF.
MONTE CARLO APPROACH 2: sfwf_mc_cuda OFF.
SOAP FILM IN A WIRE FRAME DONE. [hash string: 1480145828_14935_325_[7;20;5.0;32;True;1.0e-04;False;0;1e+03;(12,36);False;3;TTTTTTT;FF], time: 2.8944640159606934]
