SOAP FILM IN A WIRE FRAME...
HASH STRING: 1508157408_68347_325_[7;20;5.0;3163;True;1.0e-04;False;0;1e+03;(12,36);False;3;TTTTTTT;FF]
====================================================================================================================================================================================================================================================
EXPERIMENT INFO:
{
  SEED: 7,
  WF_FOURIER_N: 20,
  WF_FOURIER_AMPLITUDE: 5.0,
  WF_BORDER_N: 3163,
  NUMPY_SINGLE_THREAD: True,
  CONTRACTION_EPS: 0.0001,
  CONTRACTION_PLOTS: False,
  MC_SEED: 0,
  MC_SAMPLES: 1000,
  MC_I0_J0: (12, 36),
  MC_EXAMPLE_PLOT: False,
  MC_EXAMPLE_PLOT_SAMPLES: 3,
  sfwf_contraction_cpu_numpy: (True, 'sfwf_contraction_cpu_numpy', 10, {}),
  sfwf_contraction_cuda_small: (True, 'sfwf_contraction_cuda_small', 10, {'tpb': 512}),
  sfwf_contraction_cuda_large_atomicmax: (True, 'sfwf_contraction_cuda_large_atomicmax', 10, {'lazy_stop_check': 100, 'tpb_side': 16}),
  sfwf_contraction_cuda_large_atomicmaxglosten: (True, 'sfwf_contraction_cuda_large_atomicmaxglosten', 10, {'lazy_stop_check': 100, 'tpb_side': 16}),
  sfwf_contraction_cuda_large_hreducemax: (True, 'sfwf_contraction_cuda_large_hreducemax', 10, {'lazy_stop_check': 100, 'tpb_side': 16, 'tpb_reduce': 512}),
  sfwf_contraction_cuda_large_hreducemaxgs: (True, 'sfwf_contraction_cuda_large_hreducemaxgs', 10, {'lazy_stop_check': 100, 'tpb_side': 16, 'tpb_reduce': 512, 'cores': 10496}),
  sfwf_contraction_cuda_large_gridsync: (True, 'sfwf_contraction_cuda_large_gridsync', 10, {'tpb_side': 16}),
  sfwf_mc_cpu_numpy: (False, 'sfwf_mc_cpu_numpy', 0, {}),
  sfwf_mc_cuda: (False, 'sfwf_mc_cuda', 0, {})
}
====================================================================================================================================================================================================================================================
CPU AND SYSTEM:
{'cpu_name': 'Intel(R) Core(TM) i7-10700 CPU @ 2.90GHz',
 'os_machine': 'x86_64',
 'os_name': 'Linux 6.8.0-90-generic',
 'os_version': '#91-Ubuntu SMP PREEMPT_DYNAMIC Tue Nov 18 14:14:30 UTC 2025',
 'ram_size': '125.7 GB'}
GPU:
{'async_engine_count': 2,
 'can_map_host_memory': 1,
 'compute_capability': ComputeCapability(major=8, minor=6),
 'cores_per_SM': 128,
 'cores_total': 10496,
 'max_block_dim_x': 1024,
 'max_block_dim_y': 1024,
 'max_block_dim_z': 64,
 'max_grid_dim_x': 2147483647,
 'max_grid_dim_y': 65535,
 'max_grid_dim_z': 65535,
 'max_shared_memory_per_block': 49152,
 'max_threads_per_block': 1024,
 'multiprocessor_count': 82,
 'name': 'NVIDIA GeForce RTX 3090',
 'pci_bus_id': 1,
 'pci_device_id': 0,
 'unified_addressing': 1,
 'warp_size': 32}
====================================================================================================================================================================================================================================================
RANDOM WIRE FRAME WITH TOTAL OF POINTS (STATES): 10004569
HEIGHTS IN[:5, :5]:
[[25.365894 25.274918 25.1834   25.091347 24.998768]
 [25.456287  0.        0.        0.        0.      ]
 [25.546192  0.        0.        0.        0.      ]
 [25.635464  0.        0.        0.        0.      ]
 [25.724228  0.        0.        0.        0.      ]]
====================================================================================================================================================================================================================================================
CONTRACTION ITERATION APPROACH 1: sfwf_contraction_cpu_numpy...
---
REPETITION: 1/10:
SFWF CONTRACTION CPU NUMPY... [eps: 0.0001]
SFWF CONTRACTION CPU NUMPY DONE. [d_inf: 9.918213e-05, iterations: 71513, time: 4102.906736135483 s]
---
REPETITION: 2/10:
SFWF CONTRACTION CPU NUMPY... [eps: 0.0001]
SFWF CONTRACTION CPU NUMPY DONE. [d_inf: 9.918213e-05, iterations: 71513, time: 4085.5650913715363 s]
---
REPETITION: 3/10:
SFWF CONTRACTION CPU NUMPY... [eps: 0.0001]
SFWF CONTRACTION CPU NUMPY DONE. [d_inf: 9.918213e-05, iterations: 71513, time: 4154.268535852432 s]
---
REPETITION: 4/10:
SFWF CONTRACTION CPU NUMPY... [eps: 0.0001]
SFWF CONTRACTION CPU NUMPY DONE. [d_inf: 9.918213e-05, iterations: 71513, time: 4167.944154500961 s]
---
REPETITION: 5/10:
SFWF CONTRACTION CPU NUMPY... [eps: 0.0001]
SFWF CONTRACTION CPU NUMPY DONE. [d_inf: 9.918213e-05, iterations: 71513, time: 4098.00519156456 s]
---
REPETITION: 6/10:
SFWF CONTRACTION CPU NUMPY... [eps: 0.0001]
SFWF CONTRACTION CPU NUMPY DONE. [d_inf: 9.918213e-05, iterations: 71513, time: 4135.838002443314 s]
---
REPETITION: 7/10:
SFWF CONTRACTION CPU NUMPY... [eps: 0.0001]
SFWF CONTRACTION CPU NUMPY DONE. [d_inf: 9.918213e-05, iterations: 71513, time: 4128.232683181763 s]
---
REPETITION: 8/10:
SFWF CONTRACTION CPU NUMPY... [eps: 0.0001]
SFWF CONTRACTION CPU NUMPY DONE. [d_inf: 9.918213e-05, iterations: 71513, time: 4077.6968591213226 s]
---
REPETITION: 9/10:
SFWF CONTRACTION CPU NUMPY... [eps: 0.0001]
SFWF CONTRACTION CPU NUMPY DONE. [d_inf: 9.918213e-05, iterations: 71513, time: 4093.9184069633484 s]
---
REPETITION: 10/10:
SFWF CONTRACTION CPU NUMPY... [eps: 0.0001]
SFWF CONTRACTION CPU NUMPY DONE. [d_inf: 9.918213e-05, iterations: 71513, time: 4090.6449720859528 s]
***
SUMMARY:
HEIGHTS OUT[:5, :5]:
[[25.365894 25.274918 25.1834   25.091347 24.998768]
 [25.456287 25.361845 25.2674   25.17276  25.077831]
 [25.546192 25.44877  25.3516   25.254465 25.157232]
 [25.635464 25.53545  25.435772 25.336267 25.236809]
 [25.724228 25.621788 25.519772 25.418026 25.316433]]
D_INF OF HEIGHTS VS REF: 0.0
D_INF (AT STOP) MEAN: 9.918212890625e-05
ITERATIONS MEAN: 71513.0
TIME MEAN: 4113.502063322067 s, STD: 29.432293778454518 s, STD_%: 0.7%
SPEEDUP VS REF: 1.0
====================================================================================================================================================================================================================================================
CONTRACTION ITERATION APPROACH 2: sfwf_contraction_cuda_small...
[skipping this approach (too large WF_BORDER_N)]
====================================================================================================================================================================================================================================================
CONTRACTION ITERATION APPROACH 3: sfwf_contraction_cuda_large_atomicmax...
---
REPETITION: 1/10:
SFWF CONTRACTION CUDA LARGE ATOMICMAX... [eps: 0.0001, lazy_stop_check: 100, tpb_side: 16]
[bpg: (198, 198), tpb: (16, 16)]
SFWF CONTRACTION CUDA LARGE ATOMICMAX DONE. [d_inf: 9.918213e-05, iterations: 71600, time: 22.059478044509888 s]
---
REPETITION: 2/10:
SFWF CONTRACTION CUDA LARGE ATOMICMAX... [eps: 0.0001, lazy_stop_check: 100, tpb_side: 16]
[bpg: (198, 198), tpb: (16, 16)]
SFWF CONTRACTION CUDA LARGE ATOMICMAX DONE. [d_inf: 9.918213e-05, iterations: 71600, time: 22.2129864692688 s]
---
REPETITION: 3/10:
SFWF CONTRACTION CUDA LARGE ATOMICMAX... [eps: 0.0001, lazy_stop_check: 100, tpb_side: 16]
[bpg: (198, 198), tpb: (16, 16)]
SFWF CONTRACTION CUDA LARGE ATOMICMAX DONE. [d_inf: 9.918213e-05, iterations: 71600, time: 22.507089138031006 s]
---
REPETITION: 4/10:
SFWF CONTRACTION CUDA LARGE ATOMICMAX... [eps: 0.0001, lazy_stop_check: 100, tpb_side: 16]
[bpg: (198, 198), tpb: (16, 16)]
SFWF CONTRACTION CUDA LARGE ATOMICMAX DONE. [d_inf: 9.918213e-05, iterations: 71600, time: 22.40571165084839 s]
---
REPETITION: 5/10:
SFWF CONTRACTION CUDA LARGE ATOMICMAX... [eps: 0.0001, lazy_stop_check: 100, tpb_side: 16]
[bpg: (198, 198), tpb: (16, 16)]
SFWF CONTRACTION CUDA LARGE ATOMICMAX DONE. [d_inf: 9.918213e-05, iterations: 71600, time: 22.469634294509888 s]
---
REPETITION: 6/10:
SFWF CONTRACTION CUDA LARGE ATOMICMAX... [eps: 0.0001, lazy_stop_check: 100, tpb_side: 16]
[bpg: (198, 198), tpb: (16, 16)]
SFWF CONTRACTION CUDA LARGE ATOMICMAX DONE. [d_inf: 9.918213e-05, iterations: 71600, time: 22.685499906539917 s]
---
REPETITION: 7/10:
SFWF CONTRACTION CUDA LARGE ATOMICMAX... [eps: 0.0001, lazy_stop_check: 100, tpb_side: 16]
[bpg: (198, 198), tpb: (16, 16)]
SFWF CONTRACTION CUDA LARGE ATOMICMAX DONE. [d_inf: 9.918213e-05, iterations: 71600, time: 22.54109215736389 s]
---
REPETITION: 8/10:
SFWF CONTRACTION CUDA LARGE ATOMICMAX... [eps: 0.0001, lazy_stop_check: 100, tpb_side: 16]
[bpg: (198, 198), tpb: (16, 16)]
SFWF CONTRACTION CUDA LARGE ATOMICMAX DONE. [d_inf: 9.918213e-05, iterations: 71600, time: 22.74942111968994 s]
---
REPETITION: 9/10:
SFWF CONTRACTION CUDA LARGE ATOMICMAX... [eps: 0.0001, lazy_stop_check: 100, tpb_side: 16]
[bpg: (198, 198), tpb: (16, 16)]
SFWF CONTRACTION CUDA LARGE ATOMICMAX DONE. [d_inf: 9.918213e-05, iterations: 71600, time: 22.594475984573364 s]
---
REPETITION: 10/10:
SFWF CONTRACTION CUDA LARGE ATOMICMAX... [eps: 0.0001, lazy_stop_check: 100, tpb_side: 16]
[bpg: (198, 198), tpb: (16, 16)]
SFWF CONTRACTION CUDA LARGE ATOMICMAX DONE. [d_inf: 9.918213e-05, iterations: 71600, time: 22.622689723968506 s]
***
SUMMARY:
HEIGHTS OUT[:5, :5]:
[[25.365894 25.274918 25.1834   25.091347 24.998768]
 [25.456287 25.361845 25.267403 25.172764 25.077833]
 [25.546192 25.448772 25.351604 25.25447  25.157238]
 [25.635464 25.53545  25.435776 25.336273 25.236816]
 [25.724228 25.621788 25.519773 25.41803  25.31644 ]]
D_INF OF HEIGHTS VS REF: 0.008546829
D_INF (AT STOP) MEAN: 9.918212890625e-05
ITERATIONS MEAN: 71600.0
TIME MEAN: 22.48480784893036 s, STD: 0.20156366884514712 s, STD_%: 0.9%
SPEEDUP VS REF: 182.94584018505427
====================================================================================================================================================================================================================================================
CONTRACTION ITERATION APPROACH 4: sfwf_contraction_cuda_large_atomicmaxglosten...
---
REPETITION: 1/10:
SFWF CONTRACTION CUDA LARGE ATOMICMAXGLOSTEN... [eps: 0.0001, lazy_stop_check: 100, tpb_side: 16]
[bpg: (198, 198), tpb: (16, 16)]
SFWF CONTRACTION CUDA LARGE ATOMICMAXGLOSTEN DONE. [d_inf: 9.918213e-05, iterations: 71600, time: 19.03592872619629 s]
---
REPETITION: 2/10:
SFWF CONTRACTION CUDA LARGE ATOMICMAXGLOSTEN... [eps: 0.0001, lazy_stop_check: 100, tpb_side: 16]
[bpg: (198, 198), tpb: (16, 16)]
SFWF CONTRACTION CUDA LARGE ATOMICMAXGLOSTEN DONE. [d_inf: 9.918213e-05, iterations: 71600, time: 18.877941846847534 s]
---
REPETITION: 3/10:
SFWF CONTRACTION CUDA LARGE ATOMICMAXGLOSTEN... [eps: 0.0001, lazy_stop_check: 100, tpb_side: 16]
[bpg: (198, 198), tpb: (16, 16)]
SFWF CONTRACTION CUDA LARGE ATOMICMAXGLOSTEN DONE. [d_inf: 9.918213e-05, iterations: 71600, time: 18.88517165184021 s]
---
REPETITION: 4/10:
SFWF CONTRACTION CUDA LARGE ATOMICMAXGLOSTEN... [eps: 0.0001, lazy_stop_check: 100, tpb_side: 16]
[bpg: (198, 198), tpb: (16, 16)]
SFWF CONTRACTION CUDA LARGE ATOMICMAXGLOSTEN DONE. [d_inf: 9.918213e-05, iterations: 71600, time: 19.09803867340088 s]
---
REPETITION: 5/10:
SFWF CONTRACTION CUDA LARGE ATOMICMAXGLOSTEN... [eps: 0.0001, lazy_stop_check: 100, tpb_side: 16]
[bpg: (198, 198), tpb: (16, 16)]
SFWF CONTRACTION CUDA LARGE ATOMICMAXGLOSTEN DONE. [d_inf: 9.918213e-05, iterations: 71600, time: 18.934816122055054 s]
---
REPETITION: 6/10:
SFWF CONTRACTION CUDA LARGE ATOMICMAXGLOSTEN... [eps: 0.0001, lazy_stop_check: 100, tpb_side: 16]
[bpg: (198, 198), tpb: (16, 16)]
SFWF CONTRACTION CUDA LARGE ATOMICMAXGLOSTEN DONE. [d_inf: 9.918213e-05, iterations: 71600, time: 18.961833238601685 s]
---
REPETITION: 7/10:
SFWF CONTRACTION CUDA LARGE ATOMICMAXGLOSTEN... [eps: 0.0001, lazy_stop_check: 100, tpb_side: 16]
[bpg: (198, 198), tpb: (16, 16)]
SFWF CONTRACTION CUDA LARGE ATOMICMAXGLOSTEN DONE. [d_inf: 9.918213e-05, iterations: 71600, time: 19.157870531082153 s]
---
REPETITION: 8/10:
SFWF CONTRACTION CUDA LARGE ATOMICMAXGLOSTEN... [eps: 0.0001, lazy_stop_check: 100, tpb_side: 16]
[bpg: (198, 198), tpb: (16, 16)]
SFWF CONTRACTION CUDA LARGE ATOMICMAXGLOSTEN DONE. [d_inf: 9.918213e-05, iterations: 71600, time: 18.989038467407227 s]
---
REPETITION: 9/10:
SFWF CONTRACTION CUDA LARGE ATOMICMAXGLOSTEN... [eps: 0.0001, lazy_stop_check: 100, tpb_side: 16]
[bpg: (198, 198), tpb: (16, 16)]
SFWF CONTRACTION CUDA LARGE ATOMICMAXGLOSTEN DONE. [d_inf: 9.918213e-05, iterations: 71600, time: 19.002854347229004 s]
---
REPETITION: 10/10:
SFWF CONTRACTION CUDA LARGE ATOMICMAXGLOSTEN... [eps: 0.0001, lazy_stop_check: 100, tpb_side: 16]
[bpg: (198, 198), tpb: (16, 16)]
SFWF CONTRACTION CUDA LARGE ATOMICMAXGLOSTEN DONE. [d_inf: 9.918213e-05, iterations: 71600, time: 19.043678998947144 s]
***
SUMMARY:
HEIGHTS OUT[:5, :5]:
[[25.365894 25.274918 25.1834   25.091347 24.998768]
 [25.456287 25.361845 25.267403 25.172764 25.077833]
 [25.546192 25.448772 25.351604 25.25447  25.157238]
 [25.635464 25.53545  25.435776 25.336273 25.236816]
 [25.724228 25.621788 25.519773 25.41803  25.31644 ]]
D_INF OF HEIGHTS VS REF: 0.008546829
D_INF (AT STOP) MEAN: 9.918212890625e-05
ITERATIONS MEAN: 71600.0
TIME MEAN: 18.998717260360717 s, STD: 0.0846372521873297 s, STD_%: 0.4%
SPEEDUP VS REF: 216.51472607072037
====================================================================================================================================================================================================================================================
CONTRACTION ITERATION APPROACH 5: sfwf_contraction_cuda_large_hreducemax...
---
REPETITION: 1/10:
SFWF CONTRACTION CUDA LARGE HREDUCEMAX... [eps: 0.0001, lazy_stop_check: 100, tpb_side: 16, tpb_reduce: 512]
[job bpg: (198, 198), tpb: (16, 16)]
[reduce bpg: 1, tpb: 512]
SFWF ITERATE CONTRACTION CUDA LARGE HREDUCEMAX DONE. [d_inf: 9.918213e-05 iterations: 71600, time: 22.91122794151306 s]
---
REPETITION: 2/10:
SFWF CONTRACTION CUDA LARGE HREDUCEMAX... [eps: 0.0001, lazy_stop_check: 100, tpb_side: 16, tpb_reduce: 512]
[job bpg: (198, 198), tpb: (16, 16)]
[reduce bpg: 1, tpb: 512]
SFWF ITERATE CONTRACTION CUDA LARGE HREDUCEMAX DONE. [d_inf: 9.918213e-05 iterations: 71600, time: 22.688939094543457 s]
---
REPETITION: 3/10:
SFWF CONTRACTION CUDA LARGE HREDUCEMAX... [eps: 0.0001, lazy_stop_check: 100, tpb_side: 16, tpb_reduce: 512]
[job bpg: (198, 198), tpb: (16, 16)]
[reduce bpg: 1, tpb: 512]
SFWF ITERATE CONTRACTION CUDA LARGE HREDUCEMAX DONE. [d_inf: 9.918213e-05 iterations: 71600, time: 22.861197233200073 s]
---
REPETITION: 4/10:
SFWF CONTRACTION CUDA LARGE HREDUCEMAX... [eps: 0.0001, lazy_stop_check: 100, tpb_side: 16, tpb_reduce: 512]
[job bpg: (198, 198), tpb: (16, 16)]
[reduce bpg: 1, tpb: 512]
SFWF ITERATE CONTRACTION CUDA LARGE HREDUCEMAX DONE. [d_inf: 9.918213e-05 iterations: 71600, time: 22.684882402420044 s]
---
REPETITION: 5/10:
SFWF CONTRACTION CUDA LARGE HREDUCEMAX... [eps: 0.0001, lazy_stop_check: 100, tpb_side: 16, tpb_reduce: 512]
[job bpg: (198, 198), tpb: (16, 16)]
[reduce bpg: 1, tpb: 512]
SFWF ITERATE CONTRACTION CUDA LARGE HREDUCEMAX DONE. [d_inf: 9.918213e-05 iterations: 71600, time: 22.71479558944702 s]
---
REPETITION: 6/10:
SFWF CONTRACTION CUDA LARGE HREDUCEMAX... [eps: 0.0001, lazy_stop_check: 100, tpb_side: 16, tpb_reduce: 512]
[job bpg: (198, 198), tpb: (16, 16)]
[reduce bpg: 1, tpb: 512]
SFWF ITERATE CONTRACTION CUDA LARGE HREDUCEMAX DONE. [d_inf: 9.918213e-05 iterations: 71600, time: 22.905810117721558 s]
---
REPETITION: 7/10:
SFWF CONTRACTION CUDA LARGE HREDUCEMAX... [eps: 0.0001, lazy_stop_check: 100, tpb_side: 16, tpb_reduce: 512]
[job bpg: (198, 198), tpb: (16, 16)]
[reduce bpg: 1, tpb: 512]
SFWF ITERATE CONTRACTION CUDA LARGE HREDUCEMAX DONE. [d_inf: 9.918213e-05 iterations: 71600, time: 22.74295210838318 s]
---
REPETITION: 8/10:
SFWF CONTRACTION CUDA LARGE HREDUCEMAX... [eps: 0.0001, lazy_stop_check: 100, tpb_side: 16, tpb_reduce: 512]
[job bpg: (198, 198), tpb: (16, 16)]
[reduce bpg: 1, tpb: 512]
SFWF ITERATE CONTRACTION CUDA LARGE HREDUCEMAX DONE. [d_inf: 9.918213e-05 iterations: 71600, time: 22.94004487991333 s]
---
REPETITION: 9/10:
SFWF CONTRACTION CUDA LARGE HREDUCEMAX... [eps: 0.0001, lazy_stop_check: 100, tpb_side: 16, tpb_reduce: 512]
[job bpg: (198, 198), tpb: (16, 16)]
[reduce bpg: 1, tpb: 512]
SFWF ITERATE CONTRACTION CUDA LARGE HREDUCEMAX DONE. [d_inf: 9.918213e-05 iterations: 71600, time: 22.779327869415283 s]
---
REPETITION: 10/10:
SFWF CONTRACTION CUDA LARGE HREDUCEMAX... [eps: 0.0001, lazy_stop_check: 100, tpb_side: 16, tpb_reduce: 512]
[job bpg: (198, 198), tpb: (16, 16)]
[reduce bpg: 1, tpb: 512]
SFWF ITERATE CONTRACTION CUDA LARGE HREDUCEMAX DONE. [d_inf: 9.918213e-05 iterations: 71600, time: 22.78523564338684 s]
***
SUMMARY:
HEIGHTS OUT[:5, :5]:
[[25.365894 25.274918 25.1834   25.091347 24.998768]
 [25.456287 25.361845 25.267403 25.172764 25.077833]
 [25.546192 25.448772 25.351604 25.25447  25.157238]
 [25.635464 25.53545  25.435776 25.336273 25.236816]
 [25.724228 25.621788 25.519773 25.41803  25.31644 ]]
D_INF OF HEIGHTS VS REF: 0.008546829
D_INF (AT STOP) MEAN: 9.918212890625e-05
ITERATIONS MEAN: 71600.0
TIME MEAN: 22.801441287994386 s, STD: 0.09146064472441884 s, STD_%: 0.4%
SPEEDUP VS REF: 180.4053529496815
====================================================================================================================================================================================================================================================
CONTRACTION ITERATION APPROACH 6: sfwf_contraction_cuda_large_hreducemaxgs...
---
REPETITION: 1/10:
SFWF CONTRACTION CUDA LARGE HREDUCEMAXGS... [eps: 0.0001, lazy_stop_check: 100, tpb_side: 16, tpb_reduce: 512, cores: 10496]
[job bpg: (198, 198), tpb: (16, 16)]
[reduce1 (grid-stride) bpg: 82, tpb: 128]
[reduce2 bpg: 1, tpb: 512]
SFWF ITERATE CONTRACTION CUDA LARGE HREDUCEMAXGS DONE. [d_inf: 9.918213e-05 iterations: 71600, time: 22.983709573745728 s]
---
REPETITION: 2/10:
SFWF CONTRACTION CUDA LARGE HREDUCEMAXGS... [eps: 0.0001, lazy_stop_check: 100, tpb_side: 16, tpb_reduce: 512, cores: 10496]
[job bpg: (198, 198), tpb: (16, 16)]
[reduce1 (grid-stride) bpg: 82, tpb: 128]
[reduce2 bpg: 1, tpb: 512]
SFWF ITERATE CONTRACTION CUDA LARGE HREDUCEMAXGS DONE. [d_inf: 9.918213e-05 iterations: 71600, time: 22.812286376953125 s]
---
REPETITION: 3/10:
SFWF CONTRACTION CUDA LARGE HREDUCEMAXGS... [eps: 0.0001, lazy_stop_check: 100, tpb_side: 16, tpb_reduce: 512, cores: 10496]
[job bpg: (198, 198), tpb: (16, 16)]
[reduce1 (grid-stride) bpg: 82, tpb: 128]
[reduce2 bpg: 1, tpb: 512]
SFWF ITERATE CONTRACTION CUDA LARGE HREDUCEMAXGS DONE. [d_inf: 9.918213e-05 iterations: 71600, time: 22.836113452911377 s]
---
REPETITION: 4/10:
SFWF CONTRACTION CUDA LARGE HREDUCEMAXGS... [eps: 0.0001, lazy_stop_check: 100, tpb_side: 16, tpb_reduce: 512, cores: 10496]
[job bpg: (198, 198), tpb: (16, 16)]
[reduce1 (grid-stride) bpg: 82, tpb: 128]
[reduce2 bpg: 1, tpb: 512]
SFWF ITERATE CONTRACTION CUDA LARGE HREDUCEMAXGS DONE. [d_inf: 9.918213e-05 iterations: 71600, time: 23.02077603340149 s]
---
REPETITION: 5/10:
SFWF CONTRACTION CUDA LARGE HREDUCEMAXGS... [eps: 0.0001, lazy_stop_check: 100, tpb_side: 16, tpb_reduce: 512, cores: 10496]
[job bpg: (198, 198), tpb: (16, 16)]
[reduce1 (grid-stride) bpg: 82, tpb: 128]
[reduce2 bpg: 1, tpb: 512]
SFWF ITERATE CONTRACTION CUDA LARGE HREDUCEMAXGS DONE. [d_inf: 9.918213e-05 iterations: 71600, time: 22.85379433631897 s]
---
REPETITION: 6/10:
SFWF CONTRACTION CUDA LARGE HREDUCEMAXGS... [eps: 0.0001, lazy_stop_check: 100, tpb_side: 16, tpb_reduce: 512, cores: 10496]
[job bpg: (198, 198), tpb: (16, 16)]
[reduce1 (grid-stride) bpg: 82, tpb: 128]
[reduce2 bpg: 1, tpb: 512]
SFWF ITERATE CONTRACTION CUDA LARGE HREDUCEMAXGS DONE. [d_inf: 9.918213e-05 iterations: 71600, time: 23.042699098587036 s]
---
REPETITION: 7/10:
SFWF CONTRACTION CUDA LARGE HREDUCEMAXGS... [eps: 0.0001, lazy_stop_check: 100, tpb_side: 16, tpb_reduce: 512, cores: 10496]
[job bpg: (198, 198), tpb: (16, 16)]
[reduce1 (grid-stride) bpg: 82, tpb: 128]
[reduce2 bpg: 1, tpb: 512]
SFWF ITERATE CONTRACTION CUDA LARGE HREDUCEMAXGS DONE. [d_inf: 9.918213e-05 iterations: 71600, time: 22.882012367248535 s]
---
REPETITION: 8/10:
SFWF CONTRACTION CUDA LARGE HREDUCEMAXGS... [eps: 0.0001, lazy_stop_check: 100, tpb_side: 16, tpb_reduce: 512, cores: 10496]
[job bpg: (198, 198), tpb: (16, 16)]
[reduce1 (grid-stride) bpg: 82, tpb: 128]
[reduce2 bpg: 1, tpb: 512]
SFWF ITERATE CONTRACTION CUDA LARGE HREDUCEMAXGS DONE. [d_inf: 9.918213e-05 iterations: 71600, time: 22.907000303268433 s]
---
REPETITION: 9/10:
SFWF CONTRACTION CUDA LARGE HREDUCEMAXGS... [eps: 0.0001, lazy_stop_check: 100, tpb_side: 16, tpb_reduce: 512, cores: 10496]
[job bpg: (198, 198), tpb: (16, 16)]
[reduce1 (grid-stride) bpg: 82, tpb: 128]
[reduce2 bpg: 1, tpb: 512]
SFWF ITERATE CONTRACTION CUDA LARGE HREDUCEMAXGS DONE. [d_inf: 9.918213e-05 iterations: 71600, time: 23.086547136306763 s]
---
REPETITION: 10/10:
SFWF CONTRACTION CUDA LARGE HREDUCEMAXGS... [eps: 0.0001, lazy_stop_check: 100, tpb_side: 16, tpb_reduce: 512, cores: 10496]
[job bpg: (198, 198), tpb: (16, 16)]
[reduce1 (grid-stride) bpg: 82, tpb: 128]
[reduce2 bpg: 1, tpb: 512]
SFWF ITERATE CONTRACTION CUDA LARGE HREDUCEMAXGS DONE. [d_inf: 9.918213e-05 iterations: 71600, time: 22.933338165283203 s]
***
SUMMARY:
HEIGHTS OUT[:5, :5]:
[[25.365894 25.274918 25.1834   25.091347 24.998768]
 [25.456287 25.361845 25.267403 25.172764 25.077833]
 [25.546192 25.448772 25.351604 25.25447  25.157238]
 [25.635464 25.53545  25.435776 25.336273 25.236816]
 [25.724228 25.621788 25.519773 25.41803  25.31644 ]]
D_INF OF HEIGHTS VS REF: 0.008546829
D_INF (AT STOP) MEAN: 9.918212890625e-05
ITERATIONS MEAN: 71600.0
TIME MEAN: 22.935827684402465 s, STD: 0.08905891670781263 s, STD_%: 0.4%
SPEEDUP VS REF: 179.34831565374284
====================================================================================================================================================================================================================================================
CONTRACTION ITERATION APPROACH 7: sfwf_contraction_cuda_large_gridsync...
---
REPETITION: 1/10:
SFWF CONTRACTION CUDA LARGE GRIDSYNC... [eps: 0.0001, tpb_side: 16, assumed max_bpg_gridsync: None]
[wanted ideal bpg: (198, 198)]
[discovered max_bpg_gridsync: 82; time: 0.00019216537475585938 s]
[bpg: (9, 9), tpb: (16, 16), ept: 484]
SFWF ITERATE CONTRACTION CUDA LARGE GRIDSYNC DONE. [d_inf: 9.918213e-05, iterations: 71513, time: 80.22138571739197 s]
---
REPETITION: 2/10:
SFWF CONTRACTION CUDA LARGE GRIDSYNC... [eps: 0.0001, tpb_side: 16, assumed max_bpg_gridsync: None]
[wanted ideal bpg: (198, 198)]
[discovered max_bpg_gridsync: 82; time: 0.00010824203491210938 s]
[bpg: (9, 9), tpb: (16, 16), ept: 484]
SFWF ITERATE CONTRACTION CUDA LARGE GRIDSYNC DONE. [d_inf: 9.918213e-05, iterations: 71513, time: 79.65824866294861 s]
---
REPETITION: 3/10:
SFWF CONTRACTION CUDA LARGE GRIDSYNC... [eps: 0.0001, tpb_side: 16, assumed max_bpg_gridsync: None]
[wanted ideal bpg: (198, 198)]
[discovered max_bpg_gridsync: 82; time: 0.00010347366333007812 s]
[bpg: (9, 9), tpb: (16, 16), ept: 484]
SFWF ITERATE CONTRACTION CUDA LARGE GRIDSYNC DONE. [d_inf: 9.918213e-05, iterations: 71513, time: 79.7030885219574 s]
---
REPETITION: 4/10:
SFWF CONTRACTION CUDA LARGE GRIDSYNC... [eps: 0.0001, tpb_side: 16, assumed max_bpg_gridsync: None]
[wanted ideal bpg: (198, 198)]
[discovered max_bpg_gridsync: 82; time: 9.799003601074219e-05 s]
[bpg: (9, 9), tpb: (16, 16), ept: 484]
SFWF ITERATE CONTRACTION CUDA LARGE GRIDSYNC DONE. [d_inf: 9.918213e-05, iterations: 71513, time: 79.82882285118103 s]
---
REPETITION: 5/10:
SFWF CONTRACTION CUDA LARGE GRIDSYNC... [eps: 0.0001, tpb_side: 16, assumed max_bpg_gridsync: None]
[wanted ideal bpg: (198, 198)]
[discovered max_bpg_gridsync: 82; time: 0.00010061264038085938 s]
[bpg: (9, 9), tpb: (16, 16), ept: 484]
SFWF ITERATE CONTRACTION CUDA LARGE GRIDSYNC DONE. [d_inf: 9.918213e-05, iterations: 71513, time: 80.20949840545654 s]
---
REPETITION: 6/10:
SFWF CONTRACTION CUDA LARGE GRIDSYNC... [eps: 0.0001, tpb_side: 16, assumed max_bpg_gridsync: None]
[wanted ideal bpg: (198, 198)]
[discovered max_bpg_gridsync: 82; time: 0.00010013580322265625 s]
[bpg: (9, 9), tpb: (16, 16), ept: 484]
SFWF ITERATE CONTRACTION CUDA LARGE GRIDSYNC DONE. [d_inf: 9.918213e-05, iterations: 71513, time: 80.05381202697754 s]
---
REPETITION: 7/10:
SFWF CONTRACTION CUDA LARGE GRIDSYNC... [eps: 0.0001, tpb_side: 16, assumed max_bpg_gridsync: None]
[wanted ideal bpg: (198, 198)]
[discovered max_bpg_gridsync: 82; time: 9.870529174804688e-05 s]
[bpg: (9, 9), tpb: (16, 16), ept: 484]
SFWF ITERATE CONTRACTION CUDA LARGE GRIDSYNC DONE. [d_inf: 9.918213e-05, iterations: 71513, time: 80.18724012374878 s]
---
REPETITION: 8/10:
SFWF CONTRACTION CUDA LARGE GRIDSYNC... [eps: 0.0001, tpb_side: 16, assumed max_bpg_gridsync: None]
[wanted ideal bpg: (198, 198)]
[discovered max_bpg_gridsync: 82; time: 0.0001068115234375 s]
[bpg: (9, 9), tpb: (16, 16), ept: 484]
SFWF ITERATE CONTRACTION CUDA LARGE GRIDSYNC DONE. [d_inf: 9.918213e-05, iterations: 71513, time: 80.37302303314209 s]
---
REPETITION: 9/10:
SFWF CONTRACTION CUDA LARGE GRIDSYNC... [eps: 0.0001, tpb_side: 16, assumed max_bpg_gridsync: None]
[wanted ideal bpg: (198, 198)]
[discovered max_bpg_gridsync: 82; time: 9.918212890625e-05 s]
[bpg: (9, 9), tpb: (16, 16), ept: 484]
SFWF ITERATE CONTRACTION CUDA LARGE GRIDSYNC DONE. [d_inf: 9.918213e-05, iterations: 71513, time: 80.25303387641907 s]
---
REPETITION: 10/10:
SFWF CONTRACTION CUDA LARGE GRIDSYNC... [eps: 0.0001, tpb_side: 16, assumed max_bpg_gridsync: None]
[wanted ideal bpg: (198, 198)]
[discovered max_bpg_gridsync: 82; time: 9.894371032714844e-05 s]
[bpg: (9, 9), tpb: (16, 16), ept: 484]
SFWF ITERATE CONTRACTION CUDA LARGE GRIDSYNC DONE. [d_inf: 9.918213e-05, iterations: 71513, time: 80.23492002487183 s]
***
SUMMARY:
HEIGHTS OUT[:5, :5]:
[[25.365894 25.274918 25.1834   25.091347 24.998768]
 [25.456287 25.361845 25.2674   25.17276  25.077831]
 [25.546192 25.44877  25.3516   25.254465 25.157232]
 [25.635464 25.53545  25.435772 25.336267 25.236809]
 [25.724228 25.621788 25.519772 25.418026 25.316433]]
D_INF OF HEIGHTS VS REF: 0.0
D_INF (AT STOP) MEAN: 9.918212890625e-05
ITERATIONS MEAN: 71513.0
TIME MEAN: 80.07230732440948 s, STD: 0.2389945787489556 s, STD_%: 0.3%
SPEEDUP VS REF: 51.37234333283781
====================================================================================================================================================================================================================================================
====================================================================================================================================================================================================================================================
FINAL SUMMARY:
CONTRACTION ITERATION APPROACH 1: sfwf_contraction_cpu_numpy (REFERENCE) -> MEAN ITERATIONS: 71513.0, MEAN D_INF: 9.918212890625e-05, MEAN TIME: 4113.502063322067 s, TIME STD: 29.432293778454518 s, STD_%: 0.7%, SPEED-UP: 1.00
CONTRACTION ITERATION APPROACH 2: sfwf_contraction_cuda_small SKIPPED.
CONTRACTION ITERATION APPROACH 3: sfwf_contraction_cuda_large_atomicmax -> MEAN ITERATIONS: 71600.0, MEAN D_INF: 9.918212890625e-05, MEAN TIME: 22.48480784893036 s, TIME STD: 0.20156366884514712 s, STD_%: 0.9%, SPEED-UP: 182.95
CONTRACTION ITERATION APPROACH 4: sfwf_contraction_cuda_large_atomicmaxglosten -> MEAN ITERATIONS: 71600.0, MEAN D_INF: 9.918212890625e-05, MEAN TIME: 18.998717260360717 s, TIME STD: 0.0846372521873297 s, STD_%: 0.4%, SPEED-UP: 216.51
CONTRACTION ITERATION APPROACH 5: sfwf_contraction_cuda_large_hreducemax -> MEAN ITERATIONS: 71600.0, MEAN D_INF: 9.918212890625e-05, MEAN TIME: 22.801441287994386 s, TIME STD: 0.09146064472441884 s, STD_%: 0.4%, SPEED-UP: 180.41
CONTRACTION ITERATION APPROACH 6: sfwf_contraction_cuda_large_hreducemaxgs -> MEAN ITERATIONS: 71600.0, MEAN D_INF: 9.918212890625e-05, MEAN TIME: 22.935827684402465 s, TIME STD: 0.08905891670781263 s, STD_%: 0.4%, SPEED-UP: 179.35
CONTRACTION ITERATION APPROACH 7: sfwf_contraction_cuda_large_gridsync -> MEAN ITERATIONS: 71513.0, MEAN D_INF: 9.918212890625e-05, MEAN TIME: 80.07230732440948 s, TIME STD: 0.2389945787489556 s, STD_%: 0.3%, SPEED-UP: 51.37
MONTE CARLO APPROACH 1: sfwf_mc_cpu_numpy OFF.
MONTE CARLO APPROACH 2: sfwf_mc_cuda OFF.
SOAP FILM IN A WIRE FRAME DONE. [hash string: 1508157408_68347_325_[7;20;5.0;3163;True;1.0e-04;False;0;1e+03;(12,36);False;3;TTTTTTT;FF], time: 42808.36662817001]
