SOAP FILM IN A WIRE FRAME...
HASH STRING: 1517867704_57251_325_[7;20;5.0;64;True;1.0e-06;False;0;1e+04;(12,36);False;3;FFTFFFF;TT]
====================================================================================================================================================================================================================================================
EXPERIMENT INFO:
{
  SEED: 7,
  WF_FOURIER_N: 20,
  WF_FOURIER_AMPLITUDE: 5.0,
  WF_BORDER_N: 64,
  NUMPY_SINGLE_THREAD: True,
  CONTRACTION_EPS: 1e-06,
  CONTRACTION_PLOTS: False,
  MC_SEED: 0,
  MC_SAMPLES: 10000,
  MC_I0_J0: (12, 36),
  MC_EXAMPLE_PLOT: False,
  MC_EXAMPLE_PLOT_SAMPLES: 3,
  sfwf_contraction_cpu_numpy: (False, 'sfwf_contraction_cpu_numpy', 0, {}),
  sfwf_contraction_cuda_small: (False, 'sfwf_contraction_cuda_small', 0, {}),
  sfwf_contraction_cuda_large_atomicmax: (True, 'sfwf_contraction_cuda_large_atomicmax', 10, {'lazy_stop_check': 100, 'tpb_side': 16}),
  sfwf_contraction_cuda_large_atomicmaxglosten: (False, 'sfwf_contraction_cuda_large_atomicmaxglosten', 0, {}),
  sfwf_contraction_cuda_large_hreducemax: (False, 'sfwf_contraction_cuda_large_hreducemax', 0, {}),
  sfwf_contraction_cuda_large_hreducemaxgs: (False, 'sfwf_contraction_cuda_large_hreducemaxgs', 0, {}),
  sfwf_contraction_cuda_large_gridsync: (False, 'sfwf_contraction_cuda_large_gridsync', 0, {}),
  sfwf_mc_cpu_numpy: (True, 'sfwf_mc_cpu_numpy', 10, {'chunk_size': 1000}),
  sfwf_mc_cuda: (True, 'sfwf_mc_cuda', 10, {'rpt': 10, 'tpb': 128})
}
====================================================================================================================================================================================================================================================
CPU AND SYSTEM:
{'cpu_name': 'Intel(R) Core(TM) i7-10700 CPU @ 2.90GHz',
 'os_machine': 'x86_64',
 'os_name': 'Linux 6.8.0-90-generic',
 'os_version': '#91-Ubuntu SMP PREEMPT_DYNAMIC Tue Nov 18 14:14:30 UTC 2025',
 'ram_size': '125.7 GB'}
GPU:
{'async_engine_count': 2,
 'can_map_host_memory': 1,
 'compute_capability': ComputeCapability(major=8, minor=6),
 'cores_per_SM': 128,
 'cores_total': 10496,
 'max_block_dim_x': 1024,
 'max_block_dim_y': 1024,
 'max_block_dim_z': 64,
 'max_grid_dim_x': 2147483647,
 'max_grid_dim_y': 65535,
 'max_grid_dim_z': 65535,
 'max_shared_memory_per_block': 49152,
 'max_threads_per_block': 1024,
 'multiprocessor_count': 82,
 'name': 'NVIDIA GeForce RTX 3090',
 'pci_bus_id': 1,
 'pci_device_id': 0,
 'unified_addressing': 1,
 'warp_size': 32}
====================================================================================================================================================================================================================================================
RANDOM WIRE FRAME WITH TOTAL OF POINTS (STATES): 4096
HEIGHTS IN[:5, :5]:
[[25.365894  20.296429  14.925921  10.320204   7.3313727]
 [29.068245   0.         0.         0.         0.       ]
 [30.553246   0.         0.         0.         0.       ]
 [29.360521   0.         0.         0.         0.       ]
 [25.516117   0.         0.         0.         0.       ]]
====================================================================================================================================================================================================================================================
CONTRACTION ITERATION APPROACH 3: sfwf_contraction_cuda_large_atomicmax...
---
REPETITION: 1/10:
SFWF CONTRACTION CUDA LARGE ATOMICMAX... [eps: 1e-06, lazy_stop_check: 100, tpb_side: 16]
[bpg: (4, 4), tpb: (16, 16)]
SFWF CONTRACTION CUDA LARGE ATOMICMAX DONE. [d_inf: 9.536743e-07, iterations: 9400, time: 0.521634578704834 s]
---
REPETITION: 2/10:
SFWF CONTRACTION CUDA LARGE ATOMICMAX... [eps: 1e-06, lazy_stop_check: 100, tpb_side: 16]
[bpg: (4, 4), tpb: (16, 16)]
SFWF CONTRACTION CUDA LARGE ATOMICMAX DONE. [d_inf: 9.536743e-07, iterations: 9400, time: 0.5237593650817871 s]
---
REPETITION: 3/10:
SFWF CONTRACTION CUDA LARGE ATOMICMAX... [eps: 1e-06, lazy_stop_check: 100, tpb_side: 16]
[bpg: (4, 4), tpb: (16, 16)]
SFWF CONTRACTION CUDA LARGE ATOMICMAX DONE. [d_inf: 9.536743e-07, iterations: 9400, time: 0.52616286277771 s]
---
REPETITION: 4/10:
SFWF CONTRACTION CUDA LARGE ATOMICMAX... [eps: 1e-06, lazy_stop_check: 100, tpb_side: 16]
[bpg: (4, 4), tpb: (16, 16)]
SFWF CONTRACTION CUDA LARGE ATOMICMAX DONE. [d_inf: 9.536743e-07, iterations: 9400, time: 0.5255477428436279 s]
---
REPETITION: 5/10:
SFWF CONTRACTION CUDA LARGE ATOMICMAX... [eps: 1e-06, lazy_stop_check: 100, tpb_side: 16]
[bpg: (4, 4), tpb: (16, 16)]
SFWF CONTRACTION CUDA LARGE ATOMICMAX DONE. [d_inf: 9.536743e-07, iterations: 9400, time: 0.5265283584594727 s]
---
REPETITION: 6/10:
SFWF CONTRACTION CUDA LARGE ATOMICMAX... [eps: 1e-06, lazy_stop_check: 100, tpb_side: 16]
[bpg: (4, 4), tpb: (16, 16)]
SFWF CONTRACTION CUDA LARGE ATOMICMAX DONE. [d_inf: 9.536743e-07, iterations: 9400, time: 0.5346615314483643 s]
---
REPETITION: 7/10:
SFWF CONTRACTION CUDA LARGE ATOMICMAX... [eps: 1e-06, lazy_stop_check: 100, tpb_side: 16]
[bpg: (4, 4), tpb: (16, 16)]
SFWF CONTRACTION CUDA LARGE ATOMICMAX DONE. [d_inf: 9.536743e-07, iterations: 9400, time: 0.5244271755218506 s]
---
REPETITION: 8/10:
SFWF CONTRACTION CUDA LARGE ATOMICMAX... [eps: 1e-06, lazy_stop_check: 100, tpb_side: 16]
[bpg: (4, 4), tpb: (16, 16)]
SFWF CONTRACTION CUDA LARGE ATOMICMAX DONE. [d_inf: 9.536743e-07, iterations: 9400, time: 0.5282087326049805 s]
---
REPETITION: 9/10:
SFWF CONTRACTION CUDA LARGE ATOMICMAX... [eps: 1e-06, lazy_stop_check: 100, tpb_side: 16]
[bpg: (4, 4), tpb: (16, 16)]
SFWF CONTRACTION CUDA LARGE ATOMICMAX DONE. [d_inf: 9.536743e-07, iterations: 9400, time: 0.5435752868652344 s]
---
REPETITION: 10/10:
SFWF CONTRACTION CUDA LARGE ATOMICMAX... [eps: 1e-06, lazy_stop_check: 100, tpb_side: 16]
[bpg: (4, 4), tpb: (16, 16)]
SFWF CONTRACTION CUDA LARGE ATOMICMAX DONE. [d_inf: 9.536743e-07, iterations: 9400, time: 0.532357931137085 s]
***
SUMMARY:
HEIGHTS OUT[:5, :5]:
[[25.365894  20.296429  14.925921  10.320204   7.3313727]
 [29.068245  22.564266  17.283945  13.20249   10.526932 ]
 [30.553246  23.60845   18.443102  14.678881  12.190558 ]
 [29.360521  22.873186  18.201136  14.8793745 12.6591   ]
 [25.516117  20.322641  16.608881  13.978384  12.193586 ]]
D_INF OF HEIGHTS VS REF: 0.0
D_INF (AT STOP) MEAN: 9.5367431640625e-07
ITERATIONS MEAN: 9400.0
TIME MEAN: 0.5286863565444946 s, STD: 0.006197667762074935 s, STD_%: 1.2%
SPEEDUP VS REF: 1.0
====================================================================================================================================================================================================================================================
MONTE CARLO APPROACH 1: sfwf_mc_cpu_numpy...
---
REPETITION: 1/10:
SFWF MC CPU NUMPY... [(i, j): (12, 36), n_samples: 1.0e+04, seed: 0, chunk_size: 1000]
[1000/10000: border reached at t: 935, (i, j): (26, 63), h: 1.5823361; trajectory time: 5.1975250244140625e-05 s]
[2000/10000: border reached at t: 3090, (i, j): (63, 33), h: 13.57267; trajectory time: 0.0001933574676513672 s]
[3000/10000: border reached at t: 380, (i, j): (0, 30), h: 4.4068646; trajectory time: 5.221366882324219e-05 s]
[4000/10000: border reached at t: 346, (i, j): (25, 63), h: -0.4499053; trajectory time: 5.221366882324219e-05 s]
[5000/10000: border reached at t: 680, (i, j): (0, 22), h: -14.611212; trajectory time: 5.1975250244140625e-05 s]
[6000/10000: border reached at t: 95, (i, j): (0, 41), h: 10.9658165; trajectory time: 5.173683166503906e-05 s]
[7000/10000: border reached at t: 1137, (i, j): (23, 0), h: 9.056301; trajectory time: 9.822845458984375e-05 s]
[8000/10000: border reached at t: 126, (i, j): (0, 40), h: 15.55544; trajectory time: 5.1975250244140625e-05 s]
[9000/10000: border reached at t: 844, (i, j): (0, 42), h: 7.0082917; trajectory time: 5.1975250244140625e-05 s]
[10000/10000: border reached at t: 172, (i, j): (0, 38), h: 23.400461; trajectory time: 5.1975250244140625e-05 s]
SFWF MC CPU NUMPY DONE. [h_mean: 8.036247, T_mean: 753.0823; time: 0.7157578468322754 s]
---
REPETITION: 2/10:
SFWF MC CPU NUMPY... [(i, j): (12, 36), n_samples: 1.0e+04, seed: 0, chunk_size: 1000]
[1000/10000: border reached at t: 935, (i, j): (26, 63), h: 1.5823361; trajectory time: 5.507469177246094e-05 s]
[2000/10000: border reached at t: 3090, (i, j): (63, 33), h: 13.57267; trajectory time: 0.00019240379333496094 s]
[3000/10000: border reached at t: 380, (i, j): (0, 30), h: 4.4068646; trajectory time: 5.1975250244140625e-05 s]
[4000/10000: border reached at t: 346, (i, j): (25, 63), h: -0.4499053; trajectory time: 5.650520324707031e-05 s]
[5000/10000: border reached at t: 680, (i, j): (0, 22), h: -14.611212; trajectory time: 5.5789947509765625e-05 s]
[6000/10000: border reached at t: 95, (i, j): (0, 41), h: 10.9658165; trajectory time: 5.221366882324219e-05 s]
[7000/10000: border reached at t: 1137, (i, j): (23, 0), h: 9.056301; trajectory time: 9.894371032714844e-05 s]
[8000/10000: border reached at t: 126, (i, j): (0, 40), h: 15.55544; trajectory time: 5.14984130859375e-05 s]
[9000/10000: border reached at t: 844, (i, j): (0, 42), h: 7.0082917; trajectory time: 5.1975250244140625e-05 s]
[10000/10000: border reached at t: 172, (i, j): (0, 38), h: 23.400461; trajectory time: 5.2928924560546875e-05 s]
SFWF MC CPU NUMPY DONE. [h_mean: 8.036247, T_mean: 753.0823; time: 0.7166664600372314 s]
---
REPETITION: 3/10:
SFWF MC CPU NUMPY... [(i, j): (12, 36), n_samples: 1.0e+04, seed: 0, chunk_size: 1000]
[1000/10000: border reached at t: 935, (i, j): (26, 63), h: 1.5823361; trajectory time: 5.14984130859375e-05 s]
[2000/10000: border reached at t: 3090, (i, j): (63, 33), h: 13.57267; trajectory time: 0.00019168853759765625 s]
[3000/10000: border reached at t: 380, (i, j): (0, 30), h: 4.4068646; trajectory time: 5.626678466796875e-05 s]
[4000/10000: border reached at t: 346, (i, j): (25, 63), h: -0.4499053; trajectory time: 5.221366882324219e-05 s]
[5000/10000: border reached at t: 680, (i, j): (0, 22), h: -14.611212; trajectory time: 5.221366882324219e-05 s]
[6000/10000: border reached at t: 95, (i, j): (0, 41), h: 10.9658165; trajectory time: 5.14984130859375e-05 s]
[7000/10000: border reached at t: 1137, (i, j): (23, 0), h: 9.056301; trajectory time: 9.918212890625e-05 s]
[8000/10000: border reached at t: 126, (i, j): (0, 40), h: 15.55544; trajectory time: 5.125999450683594e-05 s]
[9000/10000: border reached at t: 844, (i, j): (0, 42), h: 7.0082917; trajectory time: 5.221366882324219e-05 s]
[10000/10000: border reached at t: 172, (i, j): (0, 38), h: 23.400461; trajectory time: 5.245208740234375e-05 s]
SFWF MC CPU NUMPY DONE. [h_mean: 8.036247, T_mean: 753.0823; time: 0.7150387763977051 s]
---
REPETITION: 4/10:
SFWF MC CPU NUMPY... [(i, j): (12, 36), n_samples: 1.0e+04, seed: 0, chunk_size: 1000]
[1000/10000: border reached at t: 935, (i, j): (26, 63), h: 1.5823361; trajectory time: 5.14984130859375e-05 s]
[2000/10000: border reached at t: 3090, (i, j): (63, 33), h: 13.57267; trajectory time: 0.0001976490020751953 s]
[3000/10000: border reached at t: 380, (i, j): (0, 30), h: 4.4068646; trajectory time: 5.245208740234375e-05 s]
[4000/10000: border reached at t: 346, (i, j): (25, 63), h: -0.4499053; trajectory time: 5.245208740234375e-05 s]
[5000/10000: border reached at t: 680, (i, j): (0, 22), h: -14.611212; trajectory time: 5.221366882324219e-05 s]
[6000/10000: border reached at t: 95, (i, j): (0, 41), h: 10.9658165; trajectory time: 5.173683166503906e-05 s]
[7000/10000: border reached at t: 1137, (i, j): (23, 0), h: 9.056301; trajectory time: 9.822845458984375e-05 s]
[8000/10000: border reached at t: 126, (i, j): (0, 40), h: 15.55544; trajectory time: 5.173683166503906e-05 s]
[9000/10000: border reached at t: 844, (i, j): (0, 42), h: 7.0082917; trajectory time: 5.173683166503906e-05 s]
[10000/10000: border reached at t: 172, (i, j): (0, 38), h: 23.400461; trajectory time: 5.221366882324219e-05 s]
SFWF MC CPU NUMPY DONE. [h_mean: 8.036247, T_mean: 753.0823; time: 0.7142469882965088 s]
---
REPETITION: 5/10:
SFWF MC CPU NUMPY... [(i, j): (12, 36), n_samples: 1.0e+04, seed: 0, chunk_size: 1000]
[1000/10000: border reached at t: 935, (i, j): (26, 63), h: 1.5823361; trajectory time: 5.173683166503906e-05 s]
[2000/10000: border reached at t: 3090, (i, j): (63, 33), h: 13.57267; trajectory time: 0.00019288063049316406 s]
[3000/10000: border reached at t: 380, (i, j): (0, 30), h: 4.4068646; trajectory time: 5.221366882324219e-05 s]
[4000/10000: border reached at t: 346, (i, j): (25, 63), h: -0.4499053; trajectory time: 5.221366882324219e-05 s]
[5000/10000: border reached at t: 680, (i, j): (0, 22), h: -14.611212; trajectory time: 5.221366882324219e-05 s]
[6000/10000: border reached at t: 95, (i, j): (0, 41), h: 10.9658165; trajectory time: 5.173683166503906e-05 s]
[7000/10000: border reached at t: 1137, (i, j): (23, 0), h: 9.056301; trajectory time: 9.894371032714844e-05 s]
[8000/10000: border reached at t: 126, (i, j): (0, 40), h: 15.55544; trajectory time: 5.245208740234375e-05 s]
[9000/10000: border reached at t: 844, (i, j): (0, 42), h: 7.0082917; trajectory time: 5.245208740234375e-05 s]
[10000/10000: border reached at t: 172, (i, j): (0, 38), h: 23.400461; trajectory time: 5.364418029785156e-05 s]
SFWF MC CPU NUMPY DONE. [h_mean: 8.036247, T_mean: 753.0823; time: 0.7152607440948486 s]
---
REPETITION: 6/10:
SFWF MC CPU NUMPY... [(i, j): (12, 36), n_samples: 1.0e+04, seed: 0, chunk_size: 1000]
[1000/10000: border reached at t: 935, (i, j): (26, 63), h: 1.5823361; trajectory time: 5.173683166503906e-05 s]
[2000/10000: border reached at t: 3090, (i, j): (63, 33), h: 13.57267; trajectory time: 0.0001957416534423828 s]
[3000/10000: border reached at t: 380, (i, j): (0, 30), h: 4.4068646; trajectory time: 5.1975250244140625e-05 s]
[4000/10000: border reached at t: 346, (i, j): (25, 63), h: -0.4499053; trajectory time: 5.245208740234375e-05 s]
[5000/10000: border reached at t: 680, (i, j): (0, 22), h: -14.611212; trajectory time: 5.269050598144531e-05 s]
[6000/10000: border reached at t: 95, (i, j): (0, 41), h: 10.9658165; trajectory time: 5.221366882324219e-05 s]
[7000/10000: border reached at t: 1137, (i, j): (23, 0), h: 9.056301; trajectory time: 9.799003601074219e-05 s]
[8000/10000: border reached at t: 126, (i, j): (0, 40), h: 15.55544; trajectory time: 5.173683166503906e-05 s]
[9000/10000: border reached at t: 844, (i, j): (0, 42), h: 7.0082917; trajectory time: 5.221366882324219e-05 s]
[10000/10000: border reached at t: 172, (i, j): (0, 38), h: 23.400461; trajectory time: 5.6743621826171875e-05 s]
SFWF MC CPU NUMPY DONE. [h_mean: 8.036247, T_mean: 753.0823; time: 0.7159099578857422 s]
---
REPETITION: 7/10:
SFWF MC CPU NUMPY... [(i, j): (12, 36), n_samples: 1.0e+04, seed: 0, chunk_size: 1000]
[1000/10000: border reached at t: 935, (i, j): (26, 63), h: 1.5823361; trajectory time: 5.1975250244140625e-05 s]
[2000/10000: border reached at t: 3090, (i, j): (63, 33), h: 13.57267; trajectory time: 0.0001926422119140625 s]
[3000/10000: border reached at t: 380, (i, j): (0, 30), h: 4.4068646; trajectory time: 5.1975250244140625e-05 s]
[4000/10000: border reached at t: 346, (i, j): (25, 63), h: -0.4499053; trajectory time: 5.1975250244140625e-05 s]
[5000/10000: border reached at t: 680, (i, j): (0, 22), h: -14.611212; trajectory time: 5.221366882324219e-05 s]
[6000/10000: border reached at t: 95, (i, j): (0, 41), h: 10.9658165; trajectory time: 5.221366882324219e-05 s]
[7000/10000: border reached at t: 1137, (i, j): (23, 0), h: 9.056301; trajectory time: 9.989738464355469e-05 s]
[8000/10000: border reached at t: 126, (i, j): (0, 40), h: 15.55544; trajectory time: 5.221366882324219e-05 s]
[9000/10000: border reached at t: 844, (i, j): (0, 42), h: 7.0082917; trajectory time: 5.221366882324219e-05 s]
[10000/10000: border reached at t: 172, (i, j): (0, 38), h: 23.400461; trajectory time: 5.5789947509765625e-05 s]
SFWF MC CPU NUMPY DONE. [h_mean: 8.036247, T_mean: 753.0823; time: 0.7169075012207031 s]
---
REPETITION: 8/10:
SFWF MC CPU NUMPY... [(i, j): (12, 36), n_samples: 1.0e+04, seed: 0, chunk_size: 1000]
[1000/10000: border reached at t: 935, (i, j): (26, 63), h: 1.5823361; trajectory time: 5.173683166503906e-05 s]
[2000/10000: border reached at t: 3090, (i, j): (63, 33), h: 13.57267; trajectory time: 0.0001926422119140625 s]
[3000/10000: border reached at t: 380, (i, j): (0, 30), h: 4.4068646; trajectory time: 5.14984130859375e-05 s]
[4000/10000: border reached at t: 346, (i, j): (25, 63), h: -0.4499053; trajectory time: 5.221366882324219e-05 s]
[5000/10000: border reached at t: 680, (i, j): (0, 22), h: -14.611212; trajectory time: 5.173683166503906e-05 s]
[6000/10000: border reached at t: 95, (i, j): (0, 41), h: 10.9658165; trajectory time: 5.173683166503906e-05 s]
[7000/10000: border reached at t: 1137, (i, j): (23, 0), h: 9.056301; trajectory time: 9.918212890625e-05 s]
[8000/10000: border reached at t: 126, (i, j): (0, 40), h: 15.55544; trajectory time: 5.125999450683594e-05 s]
[9000/10000: border reached at t: 844, (i, j): (0, 42), h: 7.0082917; trajectory time: 5.221366882324219e-05 s]
[10000/10000: border reached at t: 172, (i, j): (0, 38), h: 23.400461; trajectory time: 5.245208740234375e-05 s]
SFWF MC CPU NUMPY DONE. [h_mean: 8.036247, T_mean: 753.0823; time: 0.7155587673187256 s]
---
REPETITION: 9/10:
SFWF MC CPU NUMPY... [(i, j): (12, 36), n_samples: 1.0e+04, seed: 0, chunk_size: 1000]
[1000/10000: border reached at t: 935, (i, j): (26, 63), h: 1.5823361; trajectory time: 5.1975250244140625e-05 s]
[2000/10000: border reached at t: 3090, (i, j): (63, 33), h: 13.57267; trajectory time: 0.00023365020751953125 s]
[3000/10000: border reached at t: 380, (i, j): (0, 30), h: 4.4068646; trajectory time: 5.221366882324219e-05 s]
[4000/10000: border reached at t: 346, (i, j): (25, 63), h: -0.4499053; trajectory time: 5.14984130859375e-05 s]
[5000/10000: border reached at t: 680, (i, j): (0, 22), h: -14.611212; trajectory time: 5.221366882324219e-05 s]
[6000/10000: border reached at t: 95, (i, j): (0, 41), h: 10.9658165; trajectory time: 5.173683166503906e-05 s]
[7000/10000: border reached at t: 1137, (i, j): (23, 0), h: 9.056301; trajectory time: 9.846687316894531e-05 s]
[8000/10000: border reached at t: 126, (i, j): (0, 40), h: 15.55544; trajectory time: 5.173683166503906e-05 s]
[9000/10000: border reached at t: 844, (i, j): (0, 42), h: 7.0082917; trajectory time: 5.245208740234375e-05 s]
[10000/10000: border reached at t: 172, (i, j): (0, 38), h: 23.400461; trajectory time: 5.245208740234375e-05 s]
SFWF MC CPU NUMPY DONE. [h_mean: 8.036247, T_mean: 753.0823; time: 0.7160365581512451 s]
---
REPETITION: 10/10:
SFWF MC CPU NUMPY... [(i, j): (12, 36), n_samples: 1.0e+04, seed: 0, chunk_size: 1000]
[1000/10000: border reached at t: 935, (i, j): (26, 63), h: 1.5823361; trajectory time: 5.1975250244140625e-05 s]
[2000/10000: border reached at t: 3090, (i, j): (63, 33), h: 13.57267; trajectory time: 0.0001971721649169922 s]
[3000/10000: border reached at t: 380, (i, j): (0, 30), h: 4.4068646; trajectory time: 5.221366882324219e-05 s]
[4000/10000: border reached at t: 346, (i, j): (25, 63), h: -0.4499053; trajectory time: 5.221366882324219e-05 s]
[5000/10000: border reached at t: 680, (i, j): (0, 22), h: -14.611212; trajectory time: 5.245208740234375e-05 s]
[6000/10000: border reached at t: 95, (i, j): (0, 41), h: 10.9658165; trajectory time: 5.221366882324219e-05 s]
[7000/10000: border reached at t: 1137, (i, j): (23, 0), h: 9.056301; trajectory time: 9.918212890625e-05 s]
[8000/10000: border reached at t: 126, (i, j): (0, 40), h: 15.55544; trajectory time: 5.173683166503906e-05 s]
[9000/10000: border reached at t: 844, (i, j): (0, 42), h: 7.0082917; trajectory time: 5.221366882324219e-05 s]
[10000/10000: border reached at t: 172, (i, j): (0, 38), h: 23.400461; trajectory time: 5.245208740234375e-05 s]
SFWF MC CPU NUMPY DONE. [h_mean: 8.036247, T_mean: 753.0823; time: 0.7180893421173096 s]
***
SUMMARY:
COMPARISON OF SINGLE HEIGHT VS REF -> h_mean: 8.036247 VS contraction_ref_heights_out[i0, j0]: 8.203798, ABS DIFF: 1.6755104e-01]
TIME MEAN: 0.7159472942352295 s, STD: 0.0010203708938165915 s, STD_%: 0.1%
SPEEDUP VS REF: 1.0
====================================================================================================================================================================================================================================================
MONTE CARLO APPROACH 2: sfwf_mc_cuda...
---
REPETITION: 1/10:
SFWF MC CUDA... [(i, j): (12, 36), wanted n_samples: 1.0e+04, seed: 0, rpt: 10, tpb: 128]
[min_n_generators: 1000, bpg_walk: 8]
[initialization of random generators...]
[initialization of random generators done; count: 1024, memory: 0.016 MiB, time: 0.5612344741821289 s]
[random walks...; bpg_walk: 8, tpb: 128]
[random walks done; time: 0.014271259307861328 s]
[mean-reduction...; bpg: 1, tpb: 128]
[mean-reduction done; time: 0.00017189979553222656 s]
SFWF MC CUDA DONE. [h_mean: 8.197235, T_mean: 757.4837646484375, n_samples de facto: 1.0e+04; time: 0.5757617950439453 s, time without generators initalization: 0.014527320861816406 s]
---
REPETITION: 2/10:
SFWF MC CUDA... [(i, j): (12, 36), wanted n_samples: 1.0e+04, seed: 0, rpt: 10, tpb: 128]
[min_n_generators: 1000, bpg_walk: 8]
[initialization of random generators...]
[initialization of random generators done; count: 1024, memory: 0.016 MiB, time: 0.00031185150146484375 s]
[random walks...; bpg_walk: 8, tpb: 128]
[random walks done; time: 0.014287710189819336 s]
[mean-reduction...; bpg: 1, tpb: 128]
[mean-reduction done; time: 0.00014829635620117188 s]
SFWF MC CUDA DONE. [h_mean: 8.197235, T_mean: 757.4837646484375, n_samples de facto: 1.0e+04; time: 0.014831066131591797 s, time without generators initalization: 0.014519214630126953 s]
---
REPETITION: 3/10:
SFWF MC CUDA... [(i, j): (12, 36), wanted n_samples: 1.0e+04, seed: 0, rpt: 10, tpb: 128]
[min_n_generators: 1000, bpg_walk: 8]
[initialization of random generators...]
[initialization of random generators done; count: 1024, memory: 0.016 MiB, time: 0.00029969215393066406 s]
[random walks...; bpg_walk: 8, tpb: 128]
[random walks done; time: 0.014109134674072266 s]
[mean-reduction...; bpg: 1, tpb: 128]
[mean-reduction done; time: 0.0001323223114013672 s]
SFWF MC CUDA DONE. [h_mean: 8.197235, T_mean: 757.4837646484375, n_samples de facto: 1.0e+04; time: 0.01460123062133789 s, time without generators initalization: 0.014301538467407227 s]
---
REPETITION: 4/10:
SFWF MC CUDA... [(i, j): (12, 36), wanted n_samples: 1.0e+04, seed: 0, rpt: 10, tpb: 128]
[min_n_generators: 1000, bpg_walk: 8]
[initialization of random generators...]
[initialization of random generators done; count: 1024, memory: 0.016 MiB, time: 0.0002982616424560547 s]
[random walks...; bpg_walk: 8, tpb: 128]
[random walks done; time: 0.014311552047729492 s]
[mean-reduction...; bpg: 1, tpb: 128]
[mean-reduction done; time: 0.0001289844512939453 s]
SFWF MC CUDA DONE. [h_mean: 8.197235, T_mean: 757.4837646484375, n_samples de facto: 1.0e+04; time: 0.014795303344726562 s, time without generators initalization: 0.014497041702270508 s]
---
REPETITION: 5/10:
SFWF MC CUDA... [(i, j): (12, 36), wanted n_samples: 1.0e+04, seed: 0, rpt: 10, tpb: 128]
[min_n_generators: 1000, bpg_walk: 8]
[initialization of random generators...]
[initialization of random generators done; count: 1024, memory: 0.016 MiB, time: 0.00029587745666503906 s]
[random walks...; bpg_walk: 8, tpb: 128]
[random walks done; time: 0.014183998107910156 s]
[mean-reduction...; bpg: 1, tpb: 128]
[mean-reduction done; time: 0.00013518333435058594 s]
SFWF MC CUDA DONE. [h_mean: 8.197235, T_mean: 757.4837646484375, n_samples de facto: 1.0e+04; time: 0.014674186706542969 s, time without generators initalization: 0.01437830924987793 s]
---
REPETITION: 6/10:
SFWF MC CUDA... [(i, j): (12, 36), wanted n_samples: 1.0e+04, seed: 0, rpt: 10, tpb: 128]
[min_n_generators: 1000, bpg_walk: 8]
[initialization of random generators...]
[initialization of random generators done; count: 1024, memory: 0.016 MiB, time: 0.0002963542938232422 s]
[random walks...; bpg_walk: 8, tpb: 128]
[random walks done; time: 0.01433110237121582 s]
[mean-reduction...; bpg: 1, tpb: 128]
[mean-reduction done; time: 0.00012993812561035156 s]
SFWF MC CUDA DONE. [h_mean: 8.197235, T_mean: 757.4837646484375, n_samples de facto: 1.0e+04; time: 0.014819622039794922 s, time without generators initalization: 0.01452326774597168 s]
---
REPETITION: 7/10:
SFWF MC CUDA... [(i, j): (12, 36), wanted n_samples: 1.0e+04, seed: 0, rpt: 10, tpb: 128]
[min_n_generators: 1000, bpg_walk: 8]
[initialization of random generators...]
[initialization of random generators done; count: 1024, memory: 0.016 MiB, time: 0.00037407875061035156 s]
[random walks...; bpg_walk: 8, tpb: 128]
[random walks done; time: 0.014302730560302734 s]
[mean-reduction...; bpg: 1, tpb: 128]
[mean-reduction done; time: 0.00013685226440429688 s]
SFWF MC CUDA DONE. [h_mean: 8.197235, T_mean: 757.4837646484375, n_samples de facto: 1.0e+04; time: 0.014873981475830078 s, time without generators initalization: 0.014499902725219727 s]
---
REPETITION: 8/10:
SFWF MC CUDA... [(i, j): (12, 36), wanted n_samples: 1.0e+04, seed: 0, rpt: 10, tpb: 128]
[min_n_generators: 1000, bpg_walk: 8]
[initialization of random generators...]
[initialization of random generators done; count: 1024, memory: 0.016 MiB, time: 0.00029349327087402344 s]
[random walks...; bpg_walk: 8, tpb: 128]
[random walks done; time: 0.014127969741821289 s]
[mean-reduction...; bpg: 1, tpb: 128]
[mean-reduction done; time: 0.0001442432403564453 s]
SFWF MC CUDA DONE. [h_mean: 8.197235, T_mean: 757.4837646484375, n_samples de facto: 1.0e+04; time: 0.014623880386352539 s, time without generators initalization: 0.014330387115478516 s]
---
REPETITION: 9/10:
SFWF MC CUDA... [(i, j): (12, 36), wanted n_samples: 1.0e+04, seed: 0, rpt: 10, tpb: 128]
[min_n_generators: 1000, bpg_walk: 8]
[initialization of random generators...]
[initialization of random generators done; count: 1024, memory: 0.016 MiB, time: 0.0003044605255126953 s]
[random walks...; bpg_walk: 8, tpb: 128]
[random walks done; time: 0.014305830001831055 s]
[mean-reduction...; bpg: 1, tpb: 128]
[mean-reduction done; time: 0.0001347064971923828 s]
SFWF MC CUDA DONE. [h_mean: 8.197235, T_mean: 757.4837646484375, n_samples de facto: 1.0e+04; time: 0.014805078506469727 s, time without generators initalization: 0.014500617980957031 s]
---
REPETITION: 10/10:
SFWF MC CUDA... [(i, j): (12, 36), wanted n_samples: 1.0e+04, seed: 0, rpt: 10, tpb: 128]
[min_n_generators: 1000, bpg_walk: 8]
[initialization of random generators...]
[initialization of random generators done; count: 1024, memory: 0.016 MiB, time: 0.00029778480529785156 s]
[random walks...; bpg_walk: 8, tpb: 128]
[random walks done; time: 0.01415562629699707 s]
[mean-reduction...; bpg: 1, tpb: 128]
[mean-reduction done; time: 0.0001354217529296875 s]
SFWF MC CUDA DONE. [h_mean: 8.197235, T_mean: 757.4837646484375, n_samples de facto: 1.0e+04; time: 0.014647722244262695 s, time without generators initalization: 0.014349937438964844 s]
***
SUMMARY:
COMPARISON OF SINGLE HEIGHT VS REF -> h_mean: 8.197235 VS contraction_ref_heights_out[i0, j0]: 8.203798, ABS DIFF: 6.5631866e-03]
TIME MEAN: 0.014442753791809083 s, STD: 8.624256505595461e-05 s, STD_%: 0.6%
SPEEDUP VS REF: 49.571384000277334
====================================================================================================================================================================================================================================================
====================================================================================================================================================================================================================================================
FINAL SUMMARY:
CONTRACTION ITERATION APPROACH 1: sfwf_contraction_cpu_numpy OFF.
CONTRACTION ITERATION APPROACH 2: sfwf_contraction_cuda_small OFF.
CONTRACTION ITERATION APPROACH 3: sfwf_contraction_cuda_large_atomicmax (REFERENCE) -> MEAN ITERATIONS: 9400.0, MEAN D_INF: 9.5367431640625e-07, MEAN TIME: 0.5286863565444946 s, TIME STD: 0.006197667762074935 s, STD_%: 1.2%, SPEED-UP: 1.00
CONTRACTION ITERATION APPROACH 4: sfwf_contraction_cuda_large_atomicmaxglosten OFF.
CONTRACTION ITERATION APPROACH 5: sfwf_contraction_cuda_large_hreducemax OFF.
CONTRACTION ITERATION APPROACH 6: sfwf_contraction_cuda_large_hreducemaxgs OFF.
CONTRACTION ITERATION APPROACH 7: sfwf_contraction_cuda_large_gridsync OFF.
MONTE CARLO APPROACH 1: sfwf_mc_cpu_numpy (REFERENCE) -> MEAN TIME: 0.7159472942352295 s, TIME STD: 0.0010203708938165915 s,  STD_%: 0.1%, SPEED-UP: 1.00
MONTE CARLO APPROACH 2: sfwf_mc_cuda -> MEAN TIME: 0.014442753791809083 s, TIME STD: 8.624256505595461e-05 s,  STD_%: 0.6%, SPEED-UP: 49.57
SOAP FILM IN A WIRE FRAME DONE. [hash string: 1517867704_57251_325_[7;20;5.0;64;True;1.0e-06;False;0;1e+04;(12,36);False;3;FFTFFFF;TT], time: 13.16091012954712]
