SOAP FILM IN A WIRE FRAME...
HASH STRING: 1687987887_18992_901_[7;20;5.0;3163;True;1.0e-04;False;0;1e+03;(12,36);False;3;FFFTTTTF;FF]
====================================================================================================================================================================================================================================================
EXPERIMENT INFO:
{
  SEED: 7,
  WF_FOURIER_N: 20,
  WF_FOURIER_AMPLITUDE: 5.0,
  WF_BORDER_N: 3163,
  NUMPY_SINGLE_THREAD: True,
  CONTRACTION_EPS: 0.0001,
  CONTRACTION_PLOTS: False,
  MC_SEED: 0,
  MC_SAMPLES: 1000,
  MC_I0_J0: (12, 36),
  MC_EXAMPLE_PLOT: False,
  MC_EXAMPLE_PLOT_SAMPLES: 3,
  sfwf_contraction_cpu_numpy: (False, 'sfwf_contraction_cpu_numpy', 0, {}),
  sfwf_contraction_cpu_numba_parallel: (False, 'sfwf_contraction_cpu_numba_parallel', 0, {}),
  sfwf_contraction_cuda_small: (False, 'sfwf_contraction_cuda_small', 0, {}),
  sfwf_contraction_cuda_large_atomicmax: (True, 'sfwf_contraction_cuda_large_atomicmax', 10, {'lazy_stop_check': 1000, 'tpb_side': 16}),
  sfwf_contraction_cuda_large_atomicmaxglosten: (True, 'sfwf_contraction_cuda_large_atomicmaxglosten', 10, {'lazy_stop_check': 1000, 'tpb_side': 16}),
  sfwf_contraction_cuda_large_hreducemax: (True, 'sfwf_contraction_cuda_large_hreducemax', 10, {'lazy_stop_check': 1000, 'tpb_side': 16, 'tpb_reduce': 512}),
  sfwf_contraction_cuda_large_hreducemaxgs: (True, 'sfwf_contraction_cuda_large_hreducemaxgs', 10, {'lazy_stop_check': 1000, 'tpb_side': 16, 'tpb_reduce': 512, 'cores': 21760}),
  sfwf_contraction_cuda_large_gridsync: (False, 'sfwf_contraction_cuda_large_gridsync', 0, {}),
  sfwf_mc_cpu_numpy: (False, 'sfwf_mc_cpu_numpy', 0, {}),
  sfwf_mc_cuda: (False, 'sfwf_mc_cuda', 0, {})
}
====================================================================================================================================================================================================================================================
CPU AND SYSTEM:
{'cpu_name': 'AMD Ryzen 9 9950X 16-Core Processor',
 'os_machine': 'x86_64',
 'os_name': 'Linux 6.14.0-37-generic',
 'os_version': '#37~24.04.1-Ubuntu SMP PREEMPT_DYNAMIC Thu Nov 20 10:25:38 UTC '
               '2',
 'ram_size': '123.4 GB'}
GPU:
{'async_engine_count': 2,
 'can_map_host_memory': 1,
 'compute_capability': ComputeCapability(major=12, minor=0),
 'cores_per_SM': 128,
 'cores_total': 21760,
 'max_block_dim_x': 1024,
 'max_block_dim_y': 1024,
 'max_block_dim_z': 64,
 'max_grid_dim_x': 2147483647,
 'max_grid_dim_y': 65535,
 'max_grid_dim_z': 65535,
 'max_shared_memory_per_block': 49152,
 'max_threads_per_block': 1024,
 'multiprocessor_count': 170,
 'name': 'NVIDIA GeForce RTX 5090',
 'pci_bus_id': 1,
 'pci_device_id': 0,
 'unified_addressing': 1,
 'warp_size': 32}
====================================================================================================================================================================================================================================================
RANDOM WIRE FRAME WITH TOTAL OF POINTS (STATES): 10004569
HEIGHTS IN[:5, :5]:
[[25.365894 25.274918 25.1834   25.091347 24.998768]
 [25.456287  0.        0.        0.        0.      ]
 [25.546192  0.        0.        0.        0.      ]
 [25.635464  0.        0.        0.        0.      ]
 [25.724228  0.        0.        0.        0.      ]]
====================================================================================================================================================================================================================================================
CONTRACTION ITERATION APPROACH 4: sfwf_contraction_cuda_large_atomicmax...
---
REPETITION: 1/10:
SFWF CONTRACTION CUDA LARGE ATOMICMAX... [eps: 0.0001, lazy_stop_check: 1000, tpb_side: 16]
[bpg: (198, 198), tpb: (16, 16)]
SFWF CONTRACTION CUDA LARGE ATOMICMAX DONE. [d_inf: 9.918213e-05, iterations: 72000, time: 5.052023410797119 s]
---
REPETITION: 2/10:
SFWF CONTRACTION CUDA LARGE ATOMICMAX... [eps: 0.0001, lazy_stop_check: 1000, tpb_side: 16]
[bpg: (198, 198), tpb: (16, 16)]
SFWF CONTRACTION CUDA LARGE ATOMICMAX DONE. [d_inf: 9.918213e-05, iterations: 72000, time: 5.031901597976685 s]
---
REPETITION: 3/10:
SFWF CONTRACTION CUDA LARGE ATOMICMAX... [eps: 0.0001, lazy_stop_check: 1000, tpb_side: 16]
[bpg: (198, 198), tpb: (16, 16)]
SFWF CONTRACTION CUDA LARGE ATOMICMAX DONE. [d_inf: 9.918213e-05, iterations: 72000, time: 5.039591312408447 s]
---
REPETITION: 4/10:
SFWF CONTRACTION CUDA LARGE ATOMICMAX... [eps: 0.0001, lazy_stop_check: 1000, tpb_side: 16]
[bpg: (198, 198), tpb: (16, 16)]
SFWF CONTRACTION CUDA LARGE ATOMICMAX DONE. [d_inf: 9.918213e-05, iterations: 72000, time: 5.042459487915039 s]
---
REPETITION: 5/10:
SFWF CONTRACTION CUDA LARGE ATOMICMAX... [eps: 0.0001, lazy_stop_check: 1000, tpb_side: 16]
[bpg: (198, 198), tpb: (16, 16)]
SFWF CONTRACTION CUDA LARGE ATOMICMAX DONE. [d_inf: 9.918213e-05, iterations: 72000, time: 5.045352935791016 s]
---
REPETITION: 6/10:
SFWF CONTRACTION CUDA LARGE ATOMICMAX... [eps: 0.0001, lazy_stop_check: 1000, tpb_side: 16]
[bpg: (198, 198), tpb: (16, 16)]
SFWF CONTRACTION CUDA LARGE ATOMICMAX DONE. [d_inf: 9.918213e-05, iterations: 72000, time: 5.04889178276062 s]
---
REPETITION: 7/10:
SFWF CONTRACTION CUDA LARGE ATOMICMAX... [eps: 0.0001, lazy_stop_check: 1000, tpb_side: 16]
[bpg: (198, 198), tpb: (16, 16)]
SFWF CONTRACTION CUDA LARGE ATOMICMAX DONE. [d_inf: 9.918213e-05, iterations: 72000, time: 5.079663991928101 s]
---
REPETITION: 8/10:
SFWF CONTRACTION CUDA LARGE ATOMICMAX... [eps: 0.0001, lazy_stop_check: 1000, tpb_side: 16]
[bpg: (198, 198), tpb: (16, 16)]
SFWF CONTRACTION CUDA LARGE ATOMICMAX DONE. [d_inf: 9.918213e-05, iterations: 72000, time: 5.07390832901001 s]
---
REPETITION: 9/10:
SFWF CONTRACTION CUDA LARGE ATOMICMAX... [eps: 0.0001, lazy_stop_check: 1000, tpb_side: 16]
[bpg: (198, 198), tpb: (16, 16)]
SFWF CONTRACTION CUDA LARGE ATOMICMAX DONE. [d_inf: 9.918213e-05, iterations: 72000, time: 5.089644193649292 s]
---
REPETITION: 10/10:
SFWF CONTRACTION CUDA LARGE ATOMICMAX... [eps: 0.0001, lazy_stop_check: 1000, tpb_side: 16]
[bpg: (198, 198), tpb: (16, 16)]
SFWF CONTRACTION CUDA LARGE ATOMICMAX DONE. [d_inf: 9.918213e-05, iterations: 72000, time: 5.087269306182861 s]
***
SUMMARY:
HEIGHTS OUT[:5, :5]:
[[25.365894 25.274918 25.1834   25.091347 24.998768]
 [25.456287 25.361847 25.267406 25.172768 25.077839]
 [25.546192 25.448776 25.35161  25.254478 25.15725 ]
 [25.635464 25.535456 25.435783 25.336285 25.236834]
 [25.724228 25.621796 25.519787 25.418049 25.316465]]
D_INF OF HEIGHTS VS REF: 0.0
D_INF (AT STOP) MEAN: 9.918212890625e-05
ITERATIONS MEAN: 72000.0
TIME MEAN: 5.059070634841919 s, STD: 0.020270987939434267 s, STD_%: 0.4%
SPEEDUP VS REF: 1.0
====================================================================================================================================================================================================================================================
CONTRACTION ITERATION APPROACH 5: sfwf_contraction_cuda_large_atomicmaxglosten...
---
REPETITION: 1/10:
SFWF CONTRACTION CUDA LARGE ATOMICMAXGLOSTEN... [eps: 0.0001, lazy_stop_check: 1000, tpb_side: 16]
[bpg: (198, 198), tpb: (16, 16)]
SFWF CONTRACTION CUDA LARGE ATOMICMAXGLOSTEN DONE. [d_inf: 9.918213e-05, iterations: 72000, time: 4.123564004898071 s]
---
REPETITION: 2/10:
SFWF CONTRACTION CUDA LARGE ATOMICMAXGLOSTEN... [eps: 0.0001, lazy_stop_check: 1000, tpb_side: 16]
[bpg: (198, 198), tpb: (16, 16)]
SFWF CONTRACTION CUDA LARGE ATOMICMAXGLOSTEN DONE. [d_inf: 9.918213e-05, iterations: 72000, time: 4.105670690536499 s]
---
REPETITION: 3/10:
SFWF CONTRACTION CUDA LARGE ATOMICMAXGLOSTEN... [eps: 0.0001, lazy_stop_check: 1000, tpb_side: 16]
[bpg: (198, 198), tpb: (16, 16)]
SFWF CONTRACTION CUDA LARGE ATOMICMAXGLOSTEN DONE. [d_inf: 9.918213e-05, iterations: 72000, time: 4.113523960113525 s]
---
REPETITION: 4/10:
SFWF CONTRACTION CUDA LARGE ATOMICMAXGLOSTEN... [eps: 0.0001, lazy_stop_check: 1000, tpb_side: 16]
[bpg: (198, 198), tpb: (16, 16)]
SFWF CONTRACTION CUDA LARGE ATOMICMAXGLOSTEN DONE. [d_inf: 9.918213e-05, iterations: 72000, time: 4.128559827804565 s]
---
REPETITION: 5/10:
SFWF CONTRACTION CUDA LARGE ATOMICMAXGLOSTEN... [eps: 0.0001, lazy_stop_check: 1000, tpb_side: 16]
[bpg: (198, 198), tpb: (16, 16)]
SFWF CONTRACTION CUDA LARGE ATOMICMAXGLOSTEN DONE. [d_inf: 9.918213e-05, iterations: 72000, time: 4.120389938354492 s]
---
REPETITION: 6/10:
SFWF CONTRACTION CUDA LARGE ATOMICMAXGLOSTEN... [eps: 0.0001, lazy_stop_check: 1000, tpb_side: 16]
[bpg: (198, 198), tpb: (16, 16)]
SFWF CONTRACTION CUDA LARGE ATOMICMAXGLOSTEN DONE. [d_inf: 9.918213e-05, iterations: 72000, time: 4.117879390716553 s]
---
REPETITION: 7/10:
SFWF CONTRACTION CUDA LARGE ATOMICMAXGLOSTEN... [eps: 0.0001, lazy_stop_check: 1000, tpb_side: 16]
[bpg: (198, 198), tpb: (16, 16)]
SFWF CONTRACTION CUDA LARGE ATOMICMAXGLOSTEN DONE. [d_inf: 9.918213e-05, iterations: 72000, time: 4.121624708175659 s]
---
REPETITION: 8/10:
SFWF CONTRACTION CUDA LARGE ATOMICMAXGLOSTEN... [eps: 0.0001, lazy_stop_check: 1000, tpb_side: 16]
[bpg: (198, 198), tpb: (16, 16)]
SFWF CONTRACTION CUDA LARGE ATOMICMAXGLOSTEN DONE. [d_inf: 9.918213e-05, iterations: 72000, time: 4.135246515274048 s]
---
REPETITION: 9/10:
SFWF CONTRACTION CUDA LARGE ATOMICMAXGLOSTEN... [eps: 0.0001, lazy_stop_check: 1000, tpb_side: 16]
[bpg: (198, 198), tpb: (16, 16)]
SFWF CONTRACTION CUDA LARGE ATOMICMAXGLOSTEN DONE. [d_inf: 9.918213e-05, iterations: 72000, time: 4.130151748657227 s]
---
REPETITION: 10/10:
SFWF CONTRACTION CUDA LARGE ATOMICMAXGLOSTEN... [eps: 0.0001, lazy_stop_check: 1000, tpb_side: 16]
[bpg: (198, 198), tpb: (16, 16)]
SFWF CONTRACTION CUDA LARGE ATOMICMAXGLOSTEN DONE. [d_inf: 9.918213e-05, iterations: 72000, time: 4.122391939163208 s]
***
SUMMARY:
HEIGHTS OUT[:5, :5]:
[[25.365894 25.274918 25.1834   25.091347 24.998768]
 [25.456287 25.361847 25.267406 25.172768 25.077839]
 [25.546192 25.448776 25.35161  25.254478 25.15725 ]
 [25.635464 25.535456 25.435783 25.336285 25.236834]
 [25.724228 25.621796 25.519787 25.418049 25.316465]]
D_INF OF HEIGHTS VS REF: 0.0
D_INF (AT STOP) MEAN: 9.918212890625e-05
ITERATIONS MEAN: 72000.0
TIME MEAN: 4.121900272369385 s, STD: 0.0080352656991662 s, STD_%: 0.2%
SPEEDUP VS REF: 1.2273636673732093
====================================================================================================================================================================================================================================================
CONTRACTION ITERATION APPROACH 6: sfwf_contraction_cuda_large_hreducemax...
---
REPETITION: 1/10:
SFWF CONTRACTION CUDA LARGE HREDUCEMAX... [eps: 0.0001, lazy_stop_check: 1000, tpb_side: 16, tpb_reduce: 512]
[job bpg: (198, 198), tpb: (16, 16)]
[reduce bpg: 1, tpb: 512]
SFWF ITERATE CONTRACTION CUDA LARGE HREDUCEMAX DONE. [d_inf: 9.918213e-05 iterations: 72000, time: 4.864684343338013 s]
---
REPETITION: 2/10:
SFWF CONTRACTION CUDA LARGE HREDUCEMAX... [eps: 0.0001, lazy_stop_check: 1000, tpb_side: 16, tpb_reduce: 512]
[job bpg: (198, 198), tpb: (16, 16)]
[reduce bpg: 1, tpb: 512]
SFWF ITERATE CONTRACTION CUDA LARGE HREDUCEMAX DONE. [d_inf: 9.918213e-05 iterations: 72000, time: 4.871430158615112 s]
---
REPETITION: 3/10:
SFWF CONTRACTION CUDA LARGE HREDUCEMAX... [eps: 0.0001, lazy_stop_check: 1000, tpb_side: 16, tpb_reduce: 512]
[job bpg: (198, 198), tpb: (16, 16)]
[reduce bpg: 1, tpb: 512]
SFWF ITERATE CONTRACTION CUDA LARGE HREDUCEMAX DONE. [d_inf: 9.918213e-05 iterations: 72000, time: 4.864006280899048 s]
---
REPETITION: 4/10:
SFWF CONTRACTION CUDA LARGE HREDUCEMAX... [eps: 0.0001, lazy_stop_check: 1000, tpb_side: 16, tpb_reduce: 512]
[job bpg: (198, 198), tpb: (16, 16)]
[reduce bpg: 1, tpb: 512]
SFWF ITERATE CONTRACTION CUDA LARGE HREDUCEMAX DONE. [d_inf: 9.918213e-05 iterations: 72000, time: 4.863778114318848 s]
---
REPETITION: 5/10:
SFWF CONTRACTION CUDA LARGE HREDUCEMAX... [eps: 0.0001, lazy_stop_check: 1000, tpb_side: 16, tpb_reduce: 512]
[job bpg: (198, 198), tpb: (16, 16)]
[reduce bpg: 1, tpb: 512]
SFWF ITERATE CONTRACTION CUDA LARGE HREDUCEMAX DONE. [d_inf: 9.918213e-05 iterations: 72000, time: 4.865339517593384 s]
---
REPETITION: 6/10:
SFWF CONTRACTION CUDA LARGE HREDUCEMAX... [eps: 0.0001, lazy_stop_check: 1000, tpb_side: 16, tpb_reduce: 512]
[job bpg: (198, 198), tpb: (16, 16)]
[reduce bpg: 1, tpb: 512]
SFWF ITERATE CONTRACTION CUDA LARGE HREDUCEMAX DONE. [d_inf: 9.918213e-05 iterations: 72000, time: 4.865606784820557 s]
---
REPETITION: 7/10:
SFWF CONTRACTION CUDA LARGE HREDUCEMAX... [eps: 0.0001, lazy_stop_check: 1000, tpb_side: 16, tpb_reduce: 512]
[job bpg: (198, 198), tpb: (16, 16)]
[reduce bpg: 1, tpb: 512]
SFWF ITERATE CONTRACTION CUDA LARGE HREDUCEMAX DONE. [d_inf: 9.918213e-05 iterations: 72000, time: 4.865036964416504 s]
---
REPETITION: 8/10:
SFWF CONTRACTION CUDA LARGE HREDUCEMAX... [eps: 0.0001, lazy_stop_check: 1000, tpb_side: 16, tpb_reduce: 512]
[job bpg: (198, 198), tpb: (16, 16)]
[reduce bpg: 1, tpb: 512]
SFWF ITERATE CONTRACTION CUDA LARGE HREDUCEMAX DONE. [d_inf: 9.918213e-05 iterations: 72000, time: 4.871179819107056 s]
---
REPETITION: 9/10:
SFWF CONTRACTION CUDA LARGE HREDUCEMAX... [eps: 0.0001, lazy_stop_check: 1000, tpb_side: 16, tpb_reduce: 512]
[job bpg: (198, 198), tpb: (16, 16)]
[reduce bpg: 1, tpb: 512]
SFWF ITERATE CONTRACTION CUDA LARGE HREDUCEMAX DONE. [d_inf: 9.918213e-05 iterations: 72000, time: 4.8744423389434814 s]
---
REPETITION: 10/10:
SFWF CONTRACTION CUDA LARGE HREDUCEMAX... [eps: 0.0001, lazy_stop_check: 1000, tpb_side: 16, tpb_reduce: 512]
[job bpg: (198, 198), tpb: (16, 16)]
[reduce bpg: 1, tpb: 512]
SFWF ITERATE CONTRACTION CUDA LARGE HREDUCEMAX DONE. [d_inf: 9.918213e-05 iterations: 72000, time: 4.874438047409058 s]
***
SUMMARY:
HEIGHTS OUT[:5, :5]:
[[25.365894 25.274918 25.1834   25.091347 24.998768]
 [25.456287 25.361847 25.267406 25.172768 25.077839]
 [25.546192 25.448776 25.35161  25.254478 25.15725 ]
 [25.635464 25.535456 25.435783 25.336285 25.236834]
 [25.724228 25.621796 25.519787 25.418049 25.316465]]
D_INF OF HEIGHTS VS REF: 0.0
D_INF (AT STOP) MEAN: 9.918212890625e-05
ITERATIONS MEAN: 72000.0
TIME MEAN: 4.867994236946106 s, STD: 0.004137414730442202 s, STD_%: 0.1%
SPEEDUP VS REF: 1.03925156616777
====================================================================================================================================================================================================================================================
CONTRACTION ITERATION APPROACH 7: sfwf_contraction_cuda_large_hreducemaxgs...
---
REPETITION: 1/10:
SFWF CONTRACTION CUDA LARGE HREDUCEMAXGS... [eps: 0.0001, lazy_stop_check: 1000, tpb_side: 16, tpb_reduce: 512, cores: 21760]
[job bpg: (198, 198), tpb: (16, 16)]
[reduce1 (grid-stride) bpg: 170, tpb: 128]
[reduce2 bpg: 1, tpb: 512]
SFWF ITERATE CONTRACTION CUDA LARGE HREDUCEMAXGS DONE. [d_inf: 9.918213e-05 iterations: 72000, time: 4.870091676712036 s]
---
REPETITION: 2/10:
SFWF CONTRACTION CUDA LARGE HREDUCEMAXGS... [eps: 0.0001, lazy_stop_check: 1000, tpb_side: 16, tpb_reduce: 512, cores: 21760]
[job bpg: (198, 198), tpb: (16, 16)]
[reduce1 (grid-stride) bpg: 170, tpb: 128]
[reduce2 bpg: 1, tpb: 512]
SFWF ITERATE CONTRACTION CUDA LARGE HREDUCEMAXGS DONE. [d_inf: 9.918213e-05 iterations: 72000, time: 4.865524768829346 s]
---
REPETITION: 3/10:
SFWF CONTRACTION CUDA LARGE HREDUCEMAXGS... [eps: 0.0001, lazy_stop_check: 1000, tpb_side: 16, tpb_reduce: 512, cores: 21760]
[job bpg: (198, 198), tpb: (16, 16)]
[reduce1 (grid-stride) bpg: 170, tpb: 128]
[reduce2 bpg: 1, tpb: 512]
SFWF ITERATE CONTRACTION CUDA LARGE HREDUCEMAXGS DONE. [d_inf: 9.918213e-05 iterations: 72000, time: 4.866948843002319 s]
---
REPETITION: 4/10:
SFWF CONTRACTION CUDA LARGE HREDUCEMAXGS... [eps: 0.0001, lazy_stop_check: 1000, tpb_side: 16, tpb_reduce: 512, cores: 21760]
[job bpg: (198, 198), tpb: (16, 16)]
[reduce1 (grid-stride) bpg: 170, tpb: 128]
[reduce2 bpg: 1, tpb: 512]
SFWF ITERATE CONTRACTION CUDA LARGE HREDUCEMAXGS DONE. [d_inf: 9.918213e-05 iterations: 72000, time: 4.866657018661499 s]
---
REPETITION: 5/10:
SFWF CONTRACTION CUDA LARGE HREDUCEMAXGS... [eps: 0.0001, lazy_stop_check: 1000, tpb_side: 16, tpb_reduce: 512, cores: 21760]
[job bpg: (198, 198), tpb: (16, 16)]
[reduce1 (grid-stride) bpg: 170, tpb: 128]
[reduce2 bpg: 1, tpb: 512]
SFWF ITERATE CONTRACTION CUDA LARGE HREDUCEMAXGS DONE. [d_inf: 9.918213e-05 iterations: 72000, time: 4.8721022605896 s]
---
REPETITION: 6/10:
SFWF CONTRACTION CUDA LARGE HREDUCEMAXGS... [eps: 0.0001, lazy_stop_check: 1000, tpb_side: 16, tpb_reduce: 512, cores: 21760]
[job bpg: (198, 198), tpb: (16, 16)]
[reduce1 (grid-stride) bpg: 170, tpb: 128]
[reduce2 bpg: 1, tpb: 512]
SFWF ITERATE CONTRACTION CUDA LARGE HREDUCEMAXGS DONE. [d_inf: 9.918213e-05 iterations: 72000, time: 4.866740703582764 s]
---
REPETITION: 7/10:
SFWF CONTRACTION CUDA LARGE HREDUCEMAXGS... [eps: 0.0001, lazy_stop_check: 1000, tpb_side: 16, tpb_reduce: 512, cores: 21760]
[job bpg: (198, 198), tpb: (16, 16)]
[reduce1 (grid-stride) bpg: 170, tpb: 128]
[reduce2 bpg: 1, tpb: 512]
SFWF ITERATE CONTRACTION CUDA LARGE HREDUCEMAXGS DONE. [d_inf: 9.918213e-05 iterations: 72000, time: 4.874560594558716 s]
---
REPETITION: 8/10:
SFWF CONTRACTION CUDA LARGE HREDUCEMAXGS... [eps: 0.0001, lazy_stop_check: 1000, tpb_side: 16, tpb_reduce: 512, cores: 21760]
[job bpg: (198, 198), tpb: (16, 16)]
[reduce1 (grid-stride) bpg: 170, tpb: 128]
[reduce2 bpg: 1, tpb: 512]
SFWF ITERATE CONTRACTION CUDA LARGE HREDUCEMAXGS DONE. [d_inf: 9.918213e-05 iterations: 72000, time: 4.866986513137817 s]
---
REPETITION: 9/10:
SFWF CONTRACTION CUDA LARGE HREDUCEMAXGS... [eps: 0.0001, lazy_stop_check: 1000, tpb_side: 16, tpb_reduce: 512, cores: 21760]
[job bpg: (198, 198), tpb: (16, 16)]
[reduce1 (grid-stride) bpg: 170, tpb: 128]
[reduce2 bpg: 1, tpb: 512]
SFWF ITERATE CONTRACTION CUDA LARGE HREDUCEMAXGS DONE. [d_inf: 9.918213e-05 iterations: 72000, time: 4.8738625049591064 s]
---
REPETITION: 10/10:
SFWF CONTRACTION CUDA LARGE HREDUCEMAXGS... [eps: 0.0001, lazy_stop_check: 1000, tpb_side: 16, tpb_reduce: 512, cores: 21760]
[job bpg: (198, 198), tpb: (16, 16)]
[reduce1 (grid-stride) bpg: 170, tpb: 128]
[reduce2 bpg: 1, tpb: 512]
SFWF ITERATE CONTRACTION CUDA LARGE HREDUCEMAXGS DONE. [d_inf: 9.918213e-05 iterations: 72000, time: 4.86774754524231 s]
***
SUMMARY:
HEIGHTS OUT[:5, :5]:
[[25.365894 25.274918 25.1834   25.091347 24.998768]
 [25.456287 25.361847 25.267406 25.172768 25.077839]
 [25.546192 25.448776 25.35161  25.254478 25.15725 ]
 [25.635464 25.535456 25.435783 25.336285 25.236834]
 [25.724228 25.621796 25.519787 25.418049 25.316465]]
D_INF OF HEIGHTS VS REF: 0.0
D_INF (AT STOP) MEAN: 9.918212890625e-05
ITERATIONS MEAN: 72000.0
TIME MEAN: 4.869122242927551 s, STD: 0.003126207648831766 s, STD_%: 0.1%
SPEEDUP VS REF: 1.039010807787845
====================================================================================================================================================================================================================================================
====================================================================================================================================================================================================================================================
FINAL SUMMARY:
CONTRACTION ITERATION APPROACH 1: sfwf_contraction_cpu_numpy OFF.
CONTRACTION ITERATION APPROACH 2: sfwf_contraction_cpu_numba_parallel OFF.
CONTRACTION ITERATION APPROACH 3: sfwf_contraction_cuda_small OFF.
CONTRACTION ITERATION APPROACH 4: sfwf_contraction_cuda_large_atomicmax (REFERENCE) -> MEAN ITERATIONS: 72000.0, MEAN D_INF: 9.918212890625e-05, MEAN TIME: 5.059070634841919 s, TIME STD: 0.020270987939434267 s, STD_%: 0.4%, SPEED-UP: 1.00
CONTRACTION ITERATION APPROACH 5: sfwf_contraction_cuda_large_atomicmaxglosten -> MEAN ITERATIONS: 72000.0, MEAN D_INF: 9.918212890625e-05, MEAN TIME: 4.121900272369385 s, TIME STD: 0.0080352656991662 s, STD_%: 0.2%, SPEED-UP: 1.23
CONTRACTION ITERATION APPROACH 6: sfwf_contraction_cuda_large_hreducemax -> MEAN ITERATIONS: 72000.0, MEAN D_INF: 9.918212890625e-05, MEAN TIME: 4.867994236946106 s, TIME STD: 0.004137414730442202 s, STD_%: 0.1%, SPEED-UP: 1.04
CONTRACTION ITERATION APPROACH 7: sfwf_contraction_cuda_large_hreducemaxgs -> MEAN ITERATIONS: 72000.0, MEAN D_INF: 9.918212890625e-05, MEAN TIME: 4.869122242927551 s, TIME STD: 0.003126207648831766 s, STD_%: 0.1%, SPEED-UP: 1.04
CONTRACTION ITERATION APPROACH 8: sfwf_contraction_cuda_large_gridsync OFF.
MONTE CARLO APPROACH 1: sfwf_mc_cpu_numpy OFF.
MONTE CARLO APPROACH 2: sfwf_mc_cuda OFF.
SOAP FILM IN A WIRE FRAME DONE. [hash string: 1687987887_18992_901_[7;20;5.0;3163;True;1.0e-04;False;0;1e+03;(12,36);False;3;FFFTTTTF;FF], time: 189.3719823360443]
