SOAP FILM IN A WIRE FRAME...
HASH STRING: 1755046963_96244_901_[7;20;5.0;64;True;1.0e-06;False;False;3;FFTFFFF;TT]
====================================================================================================================================================================================================================================================
EXPERIMENT INFO:
{
  SEED: 7,
  WF_FOURIER_N: 20,
  WF_FOURIER_AMPLITUDE: 5.0,
  WF_BORDER_N: 64,
  NUMPY_SINGLE_THREAD: True,
  CONTRACTION_EPS: 1e-06,
  CONTRACTION_PLOTS: False,
  MC_EXAMPLE_PLOT: False,
  MC_EXAMPLE_PLOT_SAMPLES: 3,
  sfwf_contraction_cpu_numpy: (False, 'sfwf_contraction_cpu_numpy', 0, {}),
  sfwf_contraction_cuda_small: (False, 'sfwf_contraction_cuda_small', 0, {}),
  sfwf_contraction_cuda_large_atomicmax: (True, 'sfwf_contraction_cuda_large_atomicmax', 10, {'lazy_stop_check': 100, 'tpb_side': 16}),
  sfwf_contraction_cuda_large_atomicmaxglosten: (False, 'sfwf_contraction_cuda_large_atomicmaxglosten', 0, {}),
  sfwf_contraction_cuda_large_hreducemax: (False, 'sfwf_contraction_cuda_large_hreducemax', 0, {}),
  sfwf_contraction_cuda_large_hreducemaxgs: (False, 'sfwf_contraction_cuda_large_hreducemaxgs', 0, {}),
  sfwf_contraction_cuda_large_gridsync: (False, 'sfwf_contraction_cuda_large_gridsync', 0, {}),
  sfwf_mc_cpu_numpy: (True, 'sfwf_mc_cpu_numpy', 10, {'i': 12, 'j': 36, 'n_samples': 10000000, 'seed': 0, 'chunk_size': 1000}),
  sfwf_mc_cuda: (True, 'sfwf_mc_cuda', 10, {'i': 12, 'j': 36, 'n_samples': 10000000, 'seed': 0, 'rpt': 10, 'tpb': 128})
}
====================================================================================================================================================================================================================================================
CPU AND SYSTEM:
{'cpu_name': 'AMD Ryzen 9 9950X 16-Core Processor',
 'os_machine': 'x86_64',
 'os_name': 'Linux 6.14.0-37-generic',
 'os_version': '#37~24.04.1-Ubuntu SMP PREEMPT_DYNAMIC Thu Nov 20 10:25:38 UTC '
               '2',
 'ram_size': '123.4 GB'}
GPU:
{'async_engine_count': 2,
 'can_map_host_memory': 1,
 'compute_capability': ComputeCapability(major=12, minor=0),
 'cores_per_SM': 128,
 'cores_total': 21760,
 'max_block_dim_x': 1024,
 'max_block_dim_y': 1024,
 'max_block_dim_z': 64,
 'max_grid_dim_x': 2147483647,
 'max_grid_dim_y': 65535,
 'max_grid_dim_z': 65535,
 'max_shared_memory_per_block': 49152,
 'max_threads_per_block': 1024,
 'multiprocessor_count': 170,
 'name': 'NVIDIA GeForce RTX 5090',
 'pci_bus_id': 1,
 'pci_device_id': 0,
 'unified_addressing': 1,
 'warp_size': 32}
====================================================================================================================================================================================================================================================
RANDOM WIRE FRAME WITH TOTAL OF POINTS (STATES): 4096
HEIGHTS IN[:5, :5]:
[[25.365894  20.296429  14.925921  10.320204   7.3313727]
 [29.068245   0.         0.         0.         0.       ]
 [30.553246   0.         0.         0.         0.       ]
 [29.360521   0.         0.         0.         0.       ]
 [25.516117   0.         0.         0.         0.       ]]
====================================================================================================================================================================================================================================================
CONTRACTION ITERATION APPROACH 3: sfwf_contraction_cuda_large_atomicmax...
---
REPETITION: 1/10:
SFWF CONTRACTION CUDA LARGE ATOMICMAX... [eps: 1e-06, lazy_stop_check: 100, tpb_side: 16]
[bpg: (4, 4), tpb: (16, 16)]
SFWF CONTRACTION CUDA LARGE ATOMICMAX DONE. [d_inf: 9.536743e-07, iterations: 9400, time: 0.17557811737060547 s]
---
REPETITION: 2/10:
SFWF CONTRACTION CUDA LARGE ATOMICMAX... [eps: 1e-06, lazy_stop_check: 100, tpb_side: 16]
[bpg: (4, 4), tpb: (16, 16)]
SFWF CONTRACTION CUDA LARGE ATOMICMAX DONE. [d_inf: 9.536743e-07, iterations: 9400, time: 0.175828218460083 s]
---
REPETITION: 3/10:
SFWF CONTRACTION CUDA LARGE ATOMICMAX... [eps: 1e-06, lazy_stop_check: 100, tpb_side: 16]
[bpg: (4, 4), tpb: (16, 16)]
SFWF CONTRACTION CUDA LARGE ATOMICMAX DONE. [d_inf: 9.536743e-07, iterations: 9400, time: 0.175445556640625 s]
---
REPETITION: 4/10:
SFWF CONTRACTION CUDA LARGE ATOMICMAX... [eps: 1e-06, lazy_stop_check: 100, tpb_side: 16]
[bpg: (4, 4), tpb: (16, 16)]
SFWF CONTRACTION CUDA LARGE ATOMICMAX DONE. [d_inf: 9.536743e-07, iterations: 9400, time: 0.17575430870056152 s]
---
REPETITION: 5/10:
SFWF CONTRACTION CUDA LARGE ATOMICMAX... [eps: 1e-06, lazy_stop_check: 100, tpb_side: 16]
[bpg: (4, 4), tpb: (16, 16)]
SFWF CONTRACTION CUDA LARGE ATOMICMAX DONE. [d_inf: 9.536743e-07, iterations: 9400, time: 0.17673802375793457 s]
---
REPETITION: 6/10:
SFWF CONTRACTION CUDA LARGE ATOMICMAX... [eps: 1e-06, lazy_stop_check: 100, tpb_side: 16]
[bpg: (4, 4), tpb: (16, 16)]
SFWF CONTRACTION CUDA LARGE ATOMICMAX DONE. [d_inf: 9.536743e-07, iterations: 9400, time: 0.17728781700134277 s]
---
REPETITION: 7/10:
SFWF CONTRACTION CUDA LARGE ATOMICMAX... [eps: 1e-06, lazy_stop_check: 100, tpb_side: 16]
[bpg: (4, 4), tpb: (16, 16)]
SFWF CONTRACTION CUDA LARGE ATOMICMAX DONE. [d_inf: 9.536743e-07, iterations: 9400, time: 0.17638850212097168 s]
---
REPETITION: 8/10:
SFWF CONTRACTION CUDA LARGE ATOMICMAX... [eps: 1e-06, lazy_stop_check: 100, tpb_side: 16]
[bpg: (4, 4), tpb: (16, 16)]
SFWF CONTRACTION CUDA LARGE ATOMICMAX DONE. [d_inf: 9.536743e-07, iterations: 9400, time: 0.17551851272583008 s]
---
REPETITION: 9/10:
SFWF CONTRACTION CUDA LARGE ATOMICMAX... [eps: 1e-06, lazy_stop_check: 100, tpb_side: 16]
[bpg: (4, 4), tpb: (16, 16)]
SFWF CONTRACTION CUDA LARGE ATOMICMAX DONE. [d_inf: 9.536743e-07, iterations: 9400, time: 0.17633533477783203 s]
---
REPETITION: 10/10:
SFWF CONTRACTION CUDA LARGE ATOMICMAX... [eps: 1e-06, lazy_stop_check: 100, tpb_side: 16]
[bpg: (4, 4), tpb: (16, 16)]
SFWF CONTRACTION CUDA LARGE ATOMICMAX DONE. [d_inf: 9.536743e-07, iterations: 9400, time: 0.17661285400390625 s]
***
SUMMARY:
HEIGHTS OUT[:5, :5]:
[[25.365894  20.296429  14.925921  10.320204   7.3313727]
 [29.068245  22.564266  17.283945  13.20249   10.526932 ]
 [30.553246  23.60845   18.443102  14.678881  12.190558 ]
 [29.360521  22.873186  18.201136  14.8793745 12.6591   ]
 [25.516117  20.322641  16.608881  13.978384  12.193586 ]]
D_INF OF HEIGHTS VS REF: 0.0
D_INF (AT STOP) MEAN: 9.5367431640625e-07
ITERATIONS MEAN: 9400.0
TIME MEAN: 0.17614872455596925 s, STD: 0.0005854938600080654 s, STD_%: 0.3%
SPEEDUP VS REF: 1.0
====================================================================================================================================================================================================================================================
MONTE CARLO APPROACH 1: sfwf_mc_cpu_numpy...
---
REPETITION: 1/10:
SFWF MC CPU NUMPY... [(i, j): (12, 36), n_samples: 1.0e+07, seed: 0, chunk_size: 1000]
[1000000/10000000: border reached at t: 770, (i, j): (6, 0), h: 12.30428; trajectory time: 2.1219253540039062e-05 s]
[2000000/10000000: border reached at t: 525, (i, j): (8, 63), h: 11.246618; trajectory time: 2.1696090698242188e-05 s]
[3000000/10000000: border reached at t: 470, (i, j): (0, 20), h: -18.33845; trajectory time: 2.0742416381835938e-05 s]
[4000000/10000000: border reached at t: 146, (i, j): (0, 26), h: -3.8553483; trajectory time: 2.1219253540039062e-05 s]
[5000000/10000000: border reached at t: 504, (i, j): (35, 63), h: 12.219755; trajectory time: 2.09808349609375e-05 s]
[6000000/10000000: border reached at t: 367, (i, j): (0, 33), h: 16.288551; trajectory time: 2.1219253540039062e-05 s]
[7000000/10000000: border reached at t: 636, (i, j): (0, 30), h: 4.4068646; trajectory time: 2.1219253540039062e-05 s]
[8000000/10000000: border reached at t: 1311, (i, j): (18, 63), h: 1.5037136; trajectory time: 4.1484832763671875e-05 s]
[9000000/10000000: border reached at t: 153, (i, j): (14, 63), h: 12.83231; trajectory time: 2.0742416381835938e-05 s]
[10000000/10000000: border reached at t: 1362, (i, j): (5, 63), h: 16.556221; trajectory time: 4.172325134277344e-05 s]
SFWF MC CPU NUMPY DONE. [h_mean: 8.197744, T_mean: 751.2580017; time: 288.8750355243683 s]
---
REPETITION: 2/10:
SFWF MC CPU NUMPY... [(i, j): (12, 36), n_samples: 1.0e+07, seed: 0, chunk_size: 1000]
[1000000/10000000: border reached at t: 770, (i, j): (6, 0), h: 12.30428; trajectory time: 2.1219253540039062e-05 s]
[2000000/10000000: border reached at t: 525, (i, j): (8, 63), h: 11.246618; trajectory time: 2.1219253540039062e-05 s]
[3000000/10000000: border reached at t: 470, (i, j): (0, 20), h: -18.33845; trajectory time: 2.1696090698242188e-05 s]
[4000000/10000000: border reached at t: 146, (i, j): (0, 26), h: -3.8553483; trajectory time: 2.1457672119140625e-05 s]
[5000000/10000000: border reached at t: 504, (i, j): (35, 63), h: 12.219755; trajectory time: 2.09808349609375e-05 s]
[6000000/10000000: border reached at t: 367, (i, j): (0, 33), h: 16.288551; trajectory time: 2.1219253540039062e-05 s]
[7000000/10000000: border reached at t: 636, (i, j): (0, 30), h: 4.4068646; trajectory time: 2.1219253540039062e-05 s]
[8000000/10000000: border reached at t: 1311, (i, j): (18, 63), h: 1.5037136; trajectory time: 4.124641418457031e-05 s]
[9000000/10000000: border reached at t: 153, (i, j): (14, 63), h: 12.83231; trajectory time: 2.0742416381835938e-05 s]
[10000000/10000000: border reached at t: 1362, (i, j): (5, 63), h: 16.556221; trajectory time: 4.1484832763671875e-05 s]
SFWF MC CPU NUMPY DONE. [h_mean: 8.197744, T_mean: 751.2580017; time: 289.2265512943268 s]
---
REPETITION: 3/10:
SFWF MC CPU NUMPY... [(i, j): (12, 36), n_samples: 1.0e+07, seed: 0, chunk_size: 1000]
[1000000/10000000: border reached at t: 770, (i, j): (6, 0), h: 12.30428; trajectory time: 2.1457672119140625e-05 s]
[2000000/10000000: border reached at t: 525, (i, j): (8, 63), h: 11.246618; trajectory time: 2.1219253540039062e-05 s]
[3000000/10000000: border reached at t: 470, (i, j): (0, 20), h: -18.33845; trajectory time: 2.1219253540039062e-05 s]
[4000000/10000000: border reached at t: 146, (i, j): (0, 26), h: -3.8553483; trajectory time: 2.09808349609375e-05 s]
[5000000/10000000: border reached at t: 504, (i, j): (35, 63), h: 12.219755; trajectory time: 2.1219253540039062e-05 s]
[6000000/10000000: border reached at t: 367, (i, j): (0, 33), h: 16.288551; trajectory time: 2.1219253540039062e-05 s]
[7000000/10000000: border reached at t: 636, (i, j): (0, 30), h: 4.4068646; trajectory time: 2.2649765014648438e-05 s]
[8000000/10000000: border reached at t: 1311, (i, j): (18, 63), h: 1.5037136; trajectory time: 4.124641418457031e-05 s]
[9000000/10000000: border reached at t: 153, (i, j): (14, 63), h: 12.83231; trajectory time: 2.09808349609375e-05 s]
[10000000/10000000: border reached at t: 1362, (i, j): (5, 63), h: 16.556221; trajectory time: 4.1961669921875e-05 s]
SFWF MC CPU NUMPY DONE. [h_mean: 8.197744, T_mean: 751.2580017; time: 289.24868512153625 s]
---
REPETITION: 4/10:
SFWF MC CPU NUMPY... [(i, j): (12, 36), n_samples: 1.0e+07, seed: 0, chunk_size: 1000]
[1000000/10000000: border reached at t: 770, (i, j): (6, 0), h: 12.30428; trajectory time: 2.1219253540039062e-05 s]
[2000000/10000000: border reached at t: 525, (i, j): (8, 63), h: 11.246618; trajectory time: 2.1219253540039062e-05 s]
[3000000/10000000: border reached at t: 470, (i, j): (0, 20), h: -18.33845; trajectory time: 2.1457672119140625e-05 s]
[4000000/10000000: border reached at t: 146, (i, j): (0, 26), h: -3.8553483; trajectory time: 2.09808349609375e-05 s]
[5000000/10000000: border reached at t: 504, (i, j): (35, 63), h: 12.219755; trajectory time: 2.2649765014648438e-05 s]
[6000000/10000000: border reached at t: 367, (i, j): (0, 33), h: 16.288551; trajectory time: 2.1696090698242188e-05 s]
[7000000/10000000: border reached at t: 636, (i, j): (0, 30), h: 4.4068646; trajectory time: 2.1457672119140625e-05 s]
[8000000/10000000: border reached at t: 1311, (i, j): (18, 63), h: 1.5037136; trajectory time: 4.172325134277344e-05 s]
[9000000/10000000: border reached at t: 153, (i, j): (14, 63), h: 12.83231; trajectory time: 2.1219253540039062e-05 s]
[10000000/10000000: border reached at t: 1362, (i, j): (5, 63), h: 16.556221; trajectory time: 4.1961669921875e-05 s]
SFWF MC CPU NUMPY DONE. [h_mean: 8.197744, T_mean: 751.2580017; time: 290.17719864845276 s]
---
REPETITION: 5/10:
SFWF MC CPU NUMPY... [(i, j): (12, 36), n_samples: 1.0e+07, seed: 0, chunk_size: 1000]
[1000000/10000000: border reached at t: 770, (i, j): (6, 0), h: 12.30428; trajectory time: 2.1457672119140625e-05 s]
[2000000/10000000: border reached at t: 525, (i, j): (8, 63), h: 11.246618; trajectory time: 2.1219253540039062e-05 s]
[3000000/10000000: border reached at t: 470, (i, j): (0, 20), h: -18.33845; trajectory time: 2.1219253540039062e-05 s]
[4000000/10000000: border reached at t: 146, (i, j): (0, 26), h: -3.8553483; trajectory time: 2.1219253540039062e-05 s]
[5000000/10000000: border reached at t: 504, (i, j): (35, 63), h: 12.219755; trajectory time: 2.1219253540039062e-05 s]
[6000000/10000000: border reached at t: 367, (i, j): (0, 33), h: 16.288551; trajectory time: 2.1457672119140625e-05 s]
[7000000/10000000: border reached at t: 636, (i, j): (0, 30), h: 4.4068646; trajectory time: 2.1219253540039062e-05 s]
[8000000/10000000: border reached at t: 1311, (i, j): (18, 63), h: 1.5037136; trajectory time: 4.1484832763671875e-05 s]
[9000000/10000000: border reached at t: 153, (i, j): (14, 63), h: 12.83231; trajectory time: 2.1219253540039062e-05 s]
[10000000/10000000: border reached at t: 1362, (i, j): (5, 63), h: 16.556221; trajectory time: 4.1961669921875e-05 s]
SFWF MC CPU NUMPY DONE. [h_mean: 8.197744, T_mean: 751.2580017; time: 290.26267743110657 s]
---
REPETITION: 6/10:
SFWF MC CPU NUMPY... [(i, j): (12, 36), n_samples: 1.0e+07, seed: 0, chunk_size: 1000]
[1000000/10000000: border reached at t: 770, (i, j): (6, 0), h: 12.30428; trajectory time: 2.1457672119140625e-05 s]
[2000000/10000000: border reached at t: 525, (i, j): (8, 63), h: 11.246618; trajectory time: 2.1457672119140625e-05 s]
[3000000/10000000: border reached at t: 470, (i, j): (0, 20), h: -18.33845; trajectory time: 2.1219253540039062e-05 s]
[4000000/10000000: border reached at t: 146, (i, j): (0, 26), h: -3.8553483; trajectory time: 2.1219253540039062e-05 s]
[5000000/10000000: border reached at t: 504, (i, j): (35, 63), h: 12.219755; trajectory time: 2.1457672119140625e-05 s]
[6000000/10000000: border reached at t: 367, (i, j): (0, 33), h: 16.288551; trajectory time: 2.1696090698242188e-05 s]
[7000000/10000000: border reached at t: 636, (i, j): (0, 30), h: 4.4068646; trajectory time: 2.1219253540039062e-05 s]
[8000000/10000000: border reached at t: 1311, (i, j): (18, 63), h: 1.5037136; trajectory time: 4.100799560546875e-05 s]
[9000000/10000000: border reached at t: 153, (i, j): (14, 63), h: 12.83231; trajectory time: 2.1219253540039062e-05 s]
[10000000/10000000: border reached at t: 1362, (i, j): (5, 63), h: 16.556221; trajectory time: 4.172325134277344e-05 s]
SFWF MC CPU NUMPY DONE. [h_mean: 8.197744, T_mean: 751.2580017; time: 290.3910639286041 s]
---
REPETITION: 7/10:
SFWF MC CPU NUMPY... [(i, j): (12, 36), n_samples: 1.0e+07, seed: 0, chunk_size: 1000]
[1000000/10000000: border reached at t: 770, (i, j): (6, 0), h: 12.30428; trajectory time: 2.1457672119140625e-05 s]
[2000000/10000000: border reached at t: 525, (i, j): (8, 63), h: 11.246618; trajectory time: 2.09808349609375e-05 s]
[3000000/10000000: border reached at t: 470, (i, j): (0, 20), h: -18.33845; trajectory time: 2.1219253540039062e-05 s]
[4000000/10000000: border reached at t: 146, (i, j): (0, 26), h: -3.8553483; trajectory time: 2.09808349609375e-05 s]
[5000000/10000000: border reached at t: 504, (i, j): (35, 63), h: 12.219755; trajectory time: 2.1219253540039062e-05 s]
[6000000/10000000: border reached at t: 367, (i, j): (0, 33), h: 16.288551; trajectory time: 2.1457672119140625e-05 s]
[7000000/10000000: border reached at t: 636, (i, j): (0, 30), h: 4.4068646; trajectory time: 2.1696090698242188e-05 s]
[8000000/10000000: border reached at t: 1311, (i, j): (18, 63), h: 1.5037136; trajectory time: 4.124641418457031e-05 s]
[9000000/10000000: border reached at t: 153, (i, j): (14, 63), h: 12.83231; trajectory time: 2.1219253540039062e-05 s]
[10000000/10000000: border reached at t: 1362, (i, j): (5, 63), h: 16.556221; trajectory time: 4.172325134277344e-05 s]
SFWF MC CPU NUMPY DONE. [h_mean: 8.197744, T_mean: 751.2580017; time: 290.0472664833069 s]
---
REPETITION: 8/10:
SFWF MC CPU NUMPY... [(i, j): (12, 36), n_samples: 1.0e+07, seed: 0, chunk_size: 1000]
[1000000/10000000: border reached at t: 770, (i, j): (6, 0), h: 12.30428; trajectory time: 2.1219253540039062e-05 s]
[2000000/10000000: border reached at t: 525, (i, j): (8, 63), h: 11.246618; trajectory time: 2.1219253540039062e-05 s]
[3000000/10000000: border reached at t: 470, (i, j): (0, 20), h: -18.33845; trajectory time: 2.1219253540039062e-05 s]
[4000000/10000000: border reached at t: 146, (i, j): (0, 26), h: -3.8553483; trajectory time: 2.1219253540039062e-05 s]
[5000000/10000000: border reached at t: 504, (i, j): (35, 63), h: 12.219755; trajectory time: 2.1457672119140625e-05 s]
[6000000/10000000: border reached at t: 367, (i, j): (0, 33), h: 16.288551; trajectory time: 2.1219253540039062e-05 s]
[7000000/10000000: border reached at t: 636, (i, j): (0, 30), h: 4.4068646; trajectory time: 2.1219253540039062e-05 s]
[8000000/10000000: border reached at t: 1311, (i, j): (18, 63), h: 1.5037136; trajectory time: 4.124641418457031e-05 s]
[9000000/10000000: border reached at t: 153, (i, j): (14, 63), h: 12.83231; trajectory time: 2.2411346435546875e-05 s]
[10000000/10000000: border reached at t: 1362, (i, j): (5, 63), h: 16.556221; trajectory time: 4.172325134277344e-05 s]
SFWF MC CPU NUMPY DONE. [h_mean: 8.197744, T_mean: 751.2580017; time: 289.87059569358826 s]
---
REPETITION: 9/10:
SFWF MC CPU NUMPY... [(i, j): (12, 36), n_samples: 1.0e+07, seed: 0, chunk_size: 1000]
[1000000/10000000: border reached at t: 770, (i, j): (6, 0), h: 12.30428; trajectory time: 2.1219253540039062e-05 s]
[2000000/10000000: border reached at t: 525, (i, j): (8, 63), h: 11.246618; trajectory time: 2.1219253540039062e-05 s]
[3000000/10000000: border reached at t: 470, (i, j): (0, 20), h: -18.33845; trajectory time: 2.1219253540039062e-05 s]
[4000000/10000000: border reached at t: 146, (i, j): (0, 26), h: -3.8553483; trajectory time: 2.1219253540039062e-05 s]
[5000000/10000000: border reached at t: 504, (i, j): (35, 63), h: 12.219755; trajectory time: 2.1219253540039062e-05 s]
[6000000/10000000: border reached at t: 367, (i, j): (0, 33), h: 16.288551; trajectory time: 2.1696090698242188e-05 s]
[7000000/10000000: border reached at t: 636, (i, j): (0, 30), h: 4.4068646; trajectory time: 2.1219253540039062e-05 s]
[8000000/10000000: border reached at t: 1311, (i, j): (18, 63), h: 1.5037136; trajectory time: 4.100799560546875e-05 s]
[9000000/10000000: border reached at t: 153, (i, j): (14, 63), h: 12.83231; trajectory time: 2.1219253540039062e-05 s]
[10000000/10000000: border reached at t: 1362, (i, j): (5, 63), h: 16.556221; trajectory time: 4.172325134277344e-05 s]
SFWF MC CPU NUMPY DONE. [h_mean: 8.197744, T_mean: 751.2580017; time: 288.98169350624084 s]
---
REPETITION: 10/10:
SFWF MC CPU NUMPY... [(i, j): (12, 36), n_samples: 1.0e+07, seed: 0, chunk_size: 1000]
[1000000/10000000: border reached at t: 770, (i, j): (6, 0), h: 12.30428; trajectory time: 2.1457672119140625e-05 s]
[2000000/10000000: border reached at t: 525, (i, j): (8, 63), h: 11.246618; trajectory time: 2.1219253540039062e-05 s]
[3000000/10000000: border reached at t: 470, (i, j): (0, 20), h: -18.33845; trajectory time: 2.1457672119140625e-05 s]
[4000000/10000000: border reached at t: 146, (i, j): (0, 26), h: -3.8553483; trajectory time: 2.09808349609375e-05 s]
[5000000/10000000: border reached at t: 504, (i, j): (35, 63), h: 12.219755; trajectory time: 2.1457672119140625e-05 s]
[6000000/10000000: border reached at t: 367, (i, j): (0, 33), h: 16.288551; trajectory time: 2.288818359375e-05 s]
[7000000/10000000: border reached at t: 636, (i, j): (0, 30), h: 4.4068646; trajectory time: 2.1457672119140625e-05 s]
[8000000/10000000: border reached at t: 1311, (i, j): (18, 63), h: 1.5037136; trajectory time: 4.124641418457031e-05 s]
[9000000/10000000: border reached at t: 153, (i, j): (14, 63), h: 12.83231; trajectory time: 2.1219253540039062e-05 s]
[10000000/10000000: border reached at t: 1362, (i, j): (5, 63), h: 16.556221; trajectory time: 4.172325134277344e-05 s]
SFWF MC CPU NUMPY DONE. [h_mean: 8.197744, T_mean: 751.2580017; time: 290.64375352859497 s]
***
SUMMARY:
COMPARISON OF SINGLE HEIGHT VS REF -> h_mean: 8.197744 VS contraction_ref_heights_out[i0, j0]: 8.203798, ABS DIFF: 6.0539246e-03]
TIME MEAN: 289.7724521160126 s, STD: 0.6028380984248191 s, STD_%: 0.2%
SPEEDUP VS REF: 1.0
====================================================================================================================================================================================================================================================
MONTE CARLO APPROACH 2: sfwf_mc_cuda...
---
REPETITION: 1/10:
SFWF MC CUDA... [(i, j): (12, 36), wanted n_samples: 1.0e+07, seed: 0, rpt: 10, tpb: 128]
[min_n_generators: 1000000, bpg_walk: 7813]
[initialization of random generators...]
[initialization of random generators done; count: 1000064, memory: 15.260 MiB, time: 0.4565303325653076 s]
[random walks...; bpg_walk: 7813, tpb: 128]
[random walks done; time: 0.24914765357971191 s]
[mean-reduction...; bpg: 1, tpb: 128]
[mean-reduction done; time: 0.00012183189392089844 s]
SFWF MC CUDA DONE. [h_mean: 8.205237, T_mean: 750.9337158203125, n_samples de facto: 1.0e+07; time: 0.7058799266815186 s, time without generators initalization: 0.24934959411621094 s]
---
REPETITION: 2/10:
SFWF MC CUDA... [(i, j): (12, 36), wanted n_samples: 1.0e+07, seed: 0, rpt: 10, tpb: 128]
[min_n_generators: 1000000, bpg_walk: 7813]
[initialization of random generators...]
[initialization of random generators done; count: 1000064, memory: 15.260 MiB, time: 0.07689046859741211 s]
[random walks...; bpg_walk: 7813, tpb: 128]
[random walks done; time: 0.24859857559204102 s]
[mean-reduction...; bpg: 1, tpb: 128]
[mean-reduction done; time: 7.104873657226562e-05 s]
SFWF MC CUDA DONE. [h_mean: 8.205237, T_mean: 750.9337158203125, n_samples de facto: 1.0e+07; time: 0.32559633255004883 s, time without generators initalization: 0.24870586395263672 s]
---
REPETITION: 3/10:
SFWF MC CUDA... [(i, j): (12, 36), wanted n_samples: 1.0e+07, seed: 0, rpt: 10, tpb: 128]
[min_n_generators: 1000000, bpg_walk: 7813]
[initialization of random generators...]
[initialization of random generators done; count: 1000064, memory: 15.260 MiB, time: 0.07649636268615723 s]
[random walks...; bpg_walk: 7813, tpb: 128]
[random walks done; time: 0.2426598072052002 s]
[mean-reduction...; bpg: 1, tpb: 128]
[mean-reduction done; time: 6.961822509765625e-05 s]
SFWF MC CUDA DONE. [h_mean: 8.205237, T_mean: 750.9337158203125, n_samples de facto: 1.0e+07; time: 0.3192567825317383 s, time without generators initalization: 0.24276041984558105 s]
---
REPETITION: 4/10:
SFWF MC CUDA... [(i, j): (12, 36), wanted n_samples: 1.0e+07, seed: 0, rpt: 10, tpb: 128]
[min_n_generators: 1000000, bpg_walk: 7813]
[initialization of random generators...]
[initialization of random generators done; count: 1000064, memory: 15.260 MiB, time: 0.07646393775939941 s]
[random walks...; bpg_walk: 7813, tpb: 128]
[random walks done; time: 0.24785709381103516 s]
[mean-reduction...; bpg: 1, tpb: 128]
[mean-reduction done; time: 6.628036499023438e-05 s]
SFWF MC CUDA DONE. [h_mean: 8.205237, T_mean: 750.9337158203125, n_samples de facto: 1.0e+07; time: 0.3244197368621826 s, time without generators initalization: 0.2479557991027832 s]
---
REPETITION: 5/10:
SFWF MC CUDA... [(i, j): (12, 36), wanted n_samples: 1.0e+07, seed: 0, rpt: 10, tpb: 128]
[min_n_generators: 1000000, bpg_walk: 7813]
[initialization of random generators...]
[initialization of random generators done; count: 1000064, memory: 15.260 MiB, time: 0.07647991180419922 s]
[random walks...; bpg_walk: 7813, tpb: 128]
[random walks done; time: 0.24606585502624512 s]
[mean-reduction...; bpg: 1, tpb: 128]
[mean-reduction done; time: 7.271766662597656e-05 s]
SFWF MC CUDA DONE. [h_mean: 8.205237, T_mean: 750.9337158203125, n_samples de facto: 1.0e+07; time: 0.3226480484008789 s, time without generators initalization: 0.2461681365966797 s]
---
REPETITION: 6/10:
SFWF MC CUDA... [(i, j): (12, 36), wanted n_samples: 1.0e+07, seed: 0, rpt: 10, tpb: 128]
[min_n_generators: 1000000, bpg_walk: 7813]
[initialization of random generators...]
[initialization of random generators done; count: 1000064, memory: 15.260 MiB, time: 0.0764760971069336 s]
[random walks...; bpg_walk: 7813, tpb: 128]
[random walks done; time: 0.24987220764160156 s]
[mean-reduction...; bpg: 1, tpb: 128]
[mean-reduction done; time: 7.200241088867188e-05 s]
SFWF MC CUDA DONE. [h_mean: 8.205237, T_mean: 750.9337158203125, n_samples de facto: 1.0e+07; time: 0.326446533203125 s, time without generators initalization: 0.2499704360961914 s]
---
REPETITION: 7/10:
SFWF MC CUDA... [(i, j): (12, 36), wanted n_samples: 1.0e+07, seed: 0, rpt: 10, tpb: 128]
[min_n_generators: 1000000, bpg_walk: 7813]
[initialization of random generators...]
[initialization of random generators done; count: 1000064, memory: 15.260 MiB, time: 0.07648873329162598 s]
[random walks...; bpg_walk: 7813, tpb: 128]
[random walks done; time: 0.24699115753173828 s]
[mean-reduction...; bpg: 1, tpb: 128]
[mean-reduction done; time: 6.389617919921875e-05 s]
SFWF MC CUDA DONE. [h_mean: 8.205237, T_mean: 750.9337158203125, n_samples de facto: 1.0e+07; time: 0.32357311248779297 s, time without generators initalization: 0.247084379196167 s]
---
REPETITION: 8/10:
SFWF MC CUDA... [(i, j): (12, 36), wanted n_samples: 1.0e+07, seed: 0, rpt: 10, tpb: 128]
[min_n_generators: 1000000, bpg_walk: 7813]
[initialization of random generators...]
[initialization of random generators done; count: 1000064, memory: 15.260 MiB, time: 0.07643747329711914 s]
[random walks...; bpg_walk: 7813, tpb: 128]
[random walks done; time: 0.24288702011108398 s]
[mean-reduction...; bpg: 1, tpb: 128]
[mean-reduction done; time: 7.176399230957031e-05 s]
SFWF MC CUDA DONE. [h_mean: 8.205237, T_mean: 750.9337158203125, n_samples de facto: 1.0e+07; time: 0.31942272186279297 s, time without generators initalization: 0.24298524856567383 s]
---
REPETITION: 9/10:
SFWF MC CUDA... [(i, j): (12, 36), wanted n_samples: 1.0e+07, seed: 0, rpt: 10, tpb: 128]
[min_n_generators: 1000000, bpg_walk: 7813]
[initialization of random generators...]
[initialization of random generators done; count: 1000064, memory: 15.260 MiB, time: 0.07645416259765625 s]
[random walks...; bpg_walk: 7813, tpb: 128]
[random walks done; time: 0.24933695793151855 s]
[mean-reduction...; bpg: 1, tpb: 128]
[mean-reduction done; time: 6.556510925292969e-05 s]
SFWF MC CUDA DONE. [h_mean: 8.205237, T_mean: 750.9337158203125, n_samples de facto: 1.0e+07; time: 0.3258826732635498 s, time without generators initalization: 0.24942851066589355 s]
---
REPETITION: 10/10:
SFWF MC CUDA... [(i, j): (12, 36), wanted n_samples: 1.0e+07, seed: 0, rpt: 10, tpb: 128]
[min_n_generators: 1000000, bpg_walk: 7813]
[initialization of random generators...]
[initialization of random generators done; count: 1000064, memory: 15.260 MiB, time: 0.07646608352661133 s]
[random walks...; bpg_walk: 7813, tpb: 128]
[random walks done; time: 0.2500309944152832 s]
[mean-reduction...; bpg: 1, tpb: 128]
[mean-reduction done; time: 7.05718994140625e-05 s]
SFWF MC CUDA DONE. [h_mean: 8.205237, T_mean: 750.9337158203125, n_samples de facto: 1.0e+07; time: 0.32659316062927246 s, time without generators initalization: 0.25012707710266113 s]
***
SUMMARY:
COMPARISON OF SINGLE HEIGHT VS REF -> h_mean: 8.205237 VS contraction_ref_heights_out[i0, j0]: 8.203798, ABS DIFF: 1.4390945e-03]
TIME MEAN: 0.24745354652404786 s, STD: 0.002580275627981637 s, STD_%: 1.0%
SPEEDUP VS REF: 1171.0175755668633
====================================================================================================================================================================================================================================================
====================================================================================================================================================================================================================================================
FINAL SUMMARY:
CONTRACTION ITERATION APPROACH 1: sfwf_contraction_cpu_numpy OFF.
CONTRACTION ITERATION APPROACH 2: sfwf_contraction_cuda_small OFF.
CONTRACTION ITERATION APPROACH 3: sfwf_contraction_cuda_large_atomicmax (REFERENCE) -> MEAN ITERATIONS: 9400.0, MEAN D_INF: 9.5367431640625e-07, MEAN TIME: 0.17614872455596925 s, TIME STD: 0.0005854938600080654 s, STD_%: 0.3%, SPEED-UP: 1.00
CONTRACTION ITERATION APPROACH 4: sfwf_contraction_cuda_large_atomicmaxglosten OFF.
CONTRACTION ITERATION APPROACH 5: sfwf_contraction_cuda_large_hreducemax OFF.
CONTRACTION ITERATION APPROACH 6: sfwf_contraction_cuda_large_hreducemaxgs OFF.
CONTRACTION ITERATION APPROACH 7: sfwf_contraction_cuda_large_gridsync OFF.
MONTE CARLO APPROACH 1: sfwf_mc_cpu_numpy (REFERENCE) -> MEAN TIME: 289.7724521160126 s, TIME STD: 0.6028380984248191 s,  STD_%: 0.2%, SPEED-UP: 1.00
MONTE CARLO APPROACH 2: sfwf_mc_cuda -> MEAN TIME: 0.24745354652404786 s, TIME STD: 0.002580275627981637 s,  STD_%: 1.0%, SPEED-UP: 1171.02
SOAP FILM IN A WIRE FRAME DONE. [hash string: 1755046963_96244_901_[7;20;5.0;64;True;1.0e-06;False;False;3;FFTFFFF;TT], time: 2903.140510082245]
