SOAP FILM IN A WIRE FRAME...
HASH STRING: 1830778088_67433_901_[7;20;5.0;317;True;0.0001;0;0;100000;FF]
====================================================================================================================================================================================================
EXPERIMENT INFO:
{
  SEED: 7,
  WF_FOURIER_N: 20,
  WF_FOURIER_AMPLITUDE: 5.0,
  WF_BORDER_N: 317,
  NUMPY_SINGLE_THREAD: True,
  CONTRACTION_EPS: 0.0001,
  MC_SEED_CPU_NUMPY: 0,
  MC_SEED_CUDA: 0,
  MC_SAMPLES: 100000,
  CPU_NUMPY: (True, <function sfwf_contraction_cpu_numpy at 0x7b1cc2e60f40>, 3, {}),
  CUDA_SMALL: (True, <function sfwf_contraction_cuda_small at 0x7b1cc2e611c0>, 3, {'tpb': 512}),
  CUDA_LARGE_ATOMICMAX: (True, <function sfwf_contraction_cuda_large_atomicmax at 0x7b1cc2e61300>, 3, {'lazy_stop_check': 100, 'tpb_side': 16}),
  CUDA_LARGE_ATOMICMAX_GLOBALMEM: (True, <function sfwf_contraction_cuda_large_atomicmax_globalmem at 0x7b1ab4600540>, 3, {'lazy_stop_check': 100, 'tpb_side': 16}),
  CUDA_LARGE_GRIDREDUCEMAX: (True, <function sfwf_contraction_cuda_large_gridreducemax at 0x7b1ab4603c40>, 3, {'lazy_stop_check': 100, 'tpb_side': 16, 'tpb_reduce': 512}),
  CUDA_LARGE_GRIDSYNC: (True, <function sfwf_contraction_cuda_large_gridsync at 0x7b1ab4482a20>, 3, {'tpb_side': 16}),
  APPROACH_MC_CPU_NUMPY: False,
  APPROACH_MC_CUDA: False
}
====================================================================================================================================================================================================
CPU AND SYSTEM:
{'cpu_name': 'AMD Ryzen 9 9950X 16-Core Processor',
 'os_machine': 'x86_64',
 'os_name': 'Linux 6.14.0-37-generic',
 'os_version': '#37~24.04.1-Ubuntu SMP PREEMPT_DYNAMIC Thu Nov 20 10:25:38 UTC '
               '2',
 'ram_size': '123.4 GB'}
GPU:
{'async_engine_count': 2,
 'can_map_host_memory': 1,
 'compute_capability': ComputeCapability(major=12, minor=0),
 'cores_per_SM': 128,
 'cores_total': 21760,
 'max_block_dim_x': 1024,
 'max_block_dim_y': 1024,
 'max_block_dim_z': 64,
 'max_grid_dim_x': 2147483647,
 'max_grid_dim_y': 65535,
 'max_grid_dim_z': 65535,
 'max_shared_memory_per_block': 49152,
 'max_threads_per_block': 1024,
 'multiprocessor_count': 170,
 'name': 'NVIDIA GeForce RTX 5090',
 'pci_bus_id': 1,
 'pci_device_id': 0,
 'unified_addressing': 1,
 'warp_size': 32}
====================================================================================================================================================================================================
RANDOM WIRE FRAME WITH TOTAL OF POINTS (STATES): 100489
HEIGHTS IN[:5, :5]:
[[25.365894 24.432104 23.45143  22.432312 21.383413]
 [26.244633  0.        0.        0.        0.      ]
 [27.060524  0.        0.        0.        0.      ]
 [27.806177  0.        0.        0.        0.      ]
 [28.47468   0.        0.        0.        0.      ]]
====================================================================================================================================================================================================
CONTRACTION APPROACH 1: CPU_NUMPY...
---
REPETITION: 1/3:
SFWF CONTRACTION CPU NUMPY... [eps: 0.0001]
SFWF CONTRACTION CPU NUMPY DONE. [d_inf: 9.965896606445312e-05, iterations: 38235, time: 2.9322521686553955 s]
---
REPETITION: 2/3:
SFWF CONTRACTION CPU NUMPY... [eps: 0.0001]
SFWF CONTRACTION CPU NUMPY DONE. [d_inf: 9.965896606445312e-05, iterations: 38235, time: 2.986649513244629 s]
---
REPETITION: 3/3:
SFWF CONTRACTION CPU NUMPY... [eps: 0.0001]
SFWF CONTRACTION CPU NUMPY DONE. [d_inf: 9.965896606445312e-05, iterations: 38235, time: 2.9734349250793457 s]
***
SUMMARY:
TIME MEAN: 2.9641122023264566 s, STD: 0.02316538573296195 s
D_INF OF HEIGHTS VS REF: 0.0
SPEEDUP VS REF: 1.0
HEIGHTS OUT[:5, :5]:
[[25.365894 24.432104 23.45143  22.432312 21.383413]
 [26.244633 25.142448 24.054836 22.967161 21.876564]
 [27.060524 25.838211 24.658314 23.504927 22.37066 ]
 [27.806177 26.491562 25.235275 24.023575 22.847942]
 [28.47468  27.086586 25.767649 24.506157 23.29365 ]]
====================================================================================================================================================================================================
CONTRACTION APPROACH 2: CUDA_SMALL...
[skipping this approach (too large WF_BORDER_N)]
====================================================================================================================================================================================================
CONTRACTION APPROACH 3: CUDA_LARGE_ATOMICMAX...
---
REPETITION: 1/3:
SFWF CONTRACTION CUDA LARGE ATOMICMAX... [eps: 0.0001, lazy_stop_check: 100, tpb_side: 16]
[bpg: (20, 20)]
SFWF CONTRACTION CUDA LARGE ATOMICMAX DONE. [d_inf: 9.918212890625e-05, iterations: 38300, time: 0.7224462032318115 s]
---
REPETITION: 2/3:
SFWF CONTRACTION CUDA LARGE ATOMICMAX... [eps: 0.0001, lazy_stop_check: 100, tpb_side: 16]
[bpg: (20, 20)]
SFWF CONTRACTION CUDA LARGE ATOMICMAX DONE. [d_inf: 9.918212890625e-05, iterations: 38300, time: 0.727616548538208 s]
---
REPETITION: 3/3:
SFWF CONTRACTION CUDA LARGE ATOMICMAX... [eps: 0.0001, lazy_stop_check: 100, tpb_side: 16]
[bpg: (20, 20)]
SFWF CONTRACTION CUDA LARGE ATOMICMAX DONE. [d_inf: 9.918212890625e-05, iterations: 38300, time: 0.7297368049621582 s]
***
SUMMARY:
TIME MEAN: 0.7265998522440592 s, STD: 0.0030619679851946386 s
D_INF OF HEIGHTS VS REF: 0.006427764892578125
SPEEDUP VS REF: 4.07942857842866
HEIGHTS OUT[:5, :5]:
[[25.365894 24.432104 23.45143  22.432312 21.383413]
 [26.244633 25.142448 24.054838 22.967161 21.876564]
 [27.060524 25.838211 24.658314 23.504929 22.370663]
 [27.806177 26.491562 25.235275 24.023579 22.847946]
 [28.47468  27.086586 25.76765  24.50616  23.293657]]
====================================================================================================================================================================================================
CONTRACTION APPROACH 4: CUDA_LARGE_ATOMICMAX_GLOBALMEM...
---
REPETITION: 1/3:
SFWF CONTRACTION CUDA LARGE ATOMICMAX GLOBAL MEM... [eps: 0.0001, lazy_stop_check: 100, tpb_side: 16]
[bpg: (20, 20)]
SFWF CONTRACTION CUDA LARGE ATOMICMAX GLOBALMEM DONE. [d_inf: 9.918212890625e-05, iterations: 38300, time: 0.7252404689788818 s]
---
REPETITION: 2/3:
SFWF CONTRACTION CUDA LARGE ATOMICMAX GLOBAL MEM... [eps: 0.0001, lazy_stop_check: 100, tpb_side: 16]
[bpg: (20, 20)]
SFWF CONTRACTION CUDA LARGE ATOMICMAX GLOBALMEM DONE. [d_inf: 9.918212890625e-05, iterations: 38300, time: 0.7305374145507812 s]
---
REPETITION: 3/3:
SFWF CONTRACTION CUDA LARGE ATOMICMAX GLOBAL MEM... [eps: 0.0001, lazy_stop_check: 100, tpb_side: 16]
[bpg: (20, 20)]
SFWF CONTRACTION CUDA LARGE ATOMICMAX GLOBALMEM DONE. [d_inf: 9.918212890625e-05, iterations: 38300, time: 0.7316150665283203 s]
***
SUMMARY:
TIME MEAN: 0.7291309833526611 s, STD: 0.0027859660222396766 s
D_INF OF HEIGHTS VS REF: 0.006427764892578125
SPEEDUP VS REF: 4.065267105639913
HEIGHTS OUT[:5, :5]:
[[25.365894 24.432104 23.45143  22.432312 21.383413]
 [26.244633 25.142448 24.054838 22.967161 21.876564]
 [27.060524 25.838211 24.658314 23.504929 22.370663]
 [27.806177 26.491562 25.235275 24.023579 22.847946]
 [28.47468  27.086586 25.76765  24.50616  23.293657]]
====================================================================================================================================================================================================
CONTRACTION APPROACH 5: CUDA_LARGE_GRIDREDUCEMAX...
---
REPETITION: 1/3:
SFWF CONTRACTION CUDA LARGE GRIDREDUCEMAX... [eps: 0.0001, lazy_stop_check: 100, tpb_side: 16, tpb_reduce: 512]
[bpg: (20, 20)]
SFWF ITERATE CONTRACTION CUDA LARGE GRIDREDUCEMAX DONE. [d_inf: 9.918212890625e-05, iterations: 38300, time: 0.9967985153198242 s]
---
REPETITION: 2/3:
SFWF CONTRACTION CUDA LARGE GRIDREDUCEMAX... [eps: 0.0001, lazy_stop_check: 100, tpb_side: 16, tpb_reduce: 512]
[bpg: (20, 20)]
SFWF ITERATE CONTRACTION CUDA LARGE GRIDREDUCEMAX DONE. [d_inf: 9.918212890625e-05, iterations: 38300, time: 1.0077507495880127 s]
---
REPETITION: 3/3:
SFWF CONTRACTION CUDA LARGE GRIDREDUCEMAX... [eps: 0.0001, lazy_stop_check: 100, tpb_side: 16, tpb_reduce: 512]
[bpg: (20, 20)]
SFWF ITERATE CONTRACTION CUDA LARGE GRIDREDUCEMAX DONE. [d_inf: 9.918212890625e-05, iterations: 38300, time: 1.0096466541290283 s]
***
SUMMARY:
TIME MEAN: 1.0047319730122883 s, STD: 0.005662945448306936 s
D_INF OF HEIGHTS VS REF: 0.006427764892578125
SPEEDUP VS REF: 2.9501521619141347
HEIGHTS OUT[:5, :5]:
[[25.365894 24.432104 23.45143  22.432312 21.383413]
 [26.244633 25.142448 24.054838 22.967161 21.876564]
 [27.060524 25.838211 24.658314 23.504929 22.370663]
 [27.806177 26.491562 25.235275 24.023579 22.847946]
 [28.47468  27.086586 25.76765  24.50616  23.293657]]
====================================================================================================================================================================================================
CONTRACTION APPROACH 6: CUDA_LARGE_GRIDSYNC...
---
REPETITION: 1/3:
SFWF CONTRACTION CUDA LARGE GRIDSYNC... [eps: 0.0001, tpb_side: 16, assumed max_bpg_gridsync: None]
[wanted ideal bpg: (20, 20)]
[discovered max_bpg_gridsync: 340; time: 8.440017700195312e-05 s]
[bpg: (18, 18), ept: 4]
SFWF ITERATE CONTRACTION CUDA LARGE GRIDSYNC DONE. [d_inf: 9.965896606445312e-05, iterations: 38152, time: 0.6746983528137207 s]
---
REPETITION: 2/3:
SFWF CONTRACTION CUDA LARGE GRIDSYNC... [eps: 0.0001, tpb_side: 16, assumed max_bpg_gridsync: None]
[wanted ideal bpg: (20, 20)]
[discovered max_bpg_gridsync: 340; time: 4.172325134277344e-05 s]
[bpg: (18, 18), ept: 4]
SFWF ITERATE CONTRACTION CUDA LARGE GRIDSYNC DONE. [d_inf: 9.965896606445312e-05, iterations: 38237, time: 0.6527628898620605 s]
---
REPETITION: 3/3:
SFWF CONTRACTION CUDA LARGE GRIDSYNC... [eps: 0.0001, tpb_side: 16, assumed max_bpg_gridsync: None]
[wanted ideal bpg: (20, 20)]
[discovered max_bpg_gridsync: 340; time: 3.838539123535156e-05 s]
[bpg: (18, 18), ept: 4]
SFWF ITERATE CONTRACTION CUDA LARGE GRIDSYNC DONE. [d_inf: 9.965896606445312e-05, iterations: 38220, time: 0.6548707485198975 s]
***
SUMMARY:
TIME MEAN: 0.6607773303985596 s, STD: 0.009881191420839848 s
D_INF OF HEIGHTS VS REF: 0.0008697509765625
SPEEDUP VS REF: 4.485795843720304
HEIGHTS OUT[:5, :5]:
[[25.365894 24.432104 23.45143  22.432312 21.383413]
 [26.244633 25.142445 24.054834 22.96716  21.876562]
 [27.060524 25.83821  24.65831  23.504925 22.37066 ]
 [27.806177 26.491558 25.235271 24.023575 22.847942]
 [28.47468  27.086582 25.767647 24.506155 23.293648]]
SOAP FILM IN A WIRE FRAME DONE [time: 18.263076782226562].
