SOAP FILM IN A WIRE FRAME...
HASH STRING: 2218829809_79154_901_[7;20;5.0;64;True;1.0e-04;False;0;1.0e+05;False;3;TTTTTT;TT]
====================================================================================================================================================================================================
EXPERIMENT INFO:
{
  SEED: 7,
  WF_FOURIER_N: 20,
  WF_FOURIER_AMPLITUDE: 5.0,
  WF_BORDER_N: 64,
  NUMPY_SINGLE_THREAD: True,
  CONTRACTION_EPS: 0.0001,
  CONTRACTION_PLOTS: False,
  MC_SEED: 0,
  MC_SAMPLES: 100000,
  MC_EXAMPLE_PLOT: False,
  MC_EXAMPLE_PLOT_SAMPLES: 3,
  sfwf_contraction_cpu_numpy: (True, 'sfwf_contraction_cpu_numpy', 1, {}),
  sfwf_contraction_cuda_small: (True, 'sfwf_contraction_cuda_small', 3, {'tpb': 512}),
  sfwf_contraction_cuda_large_atomicmax: (True, 'sfwf_contraction_cuda_large_atomicmax', 3, {'lazy_stop_check': 100, 'tpb_side': 16}),
  sfwf_contraction_cuda_large_atomicmax_globalmem: (True, 'sfwf_contraction_cuda_large_atomicmax_globalmem', 3, {'lazy_stop_check': 100, 'tpb_side': 16}),
  sfwf_contraction_cuda_large_gridreducemax: (True, 'sfwf_contraction_cuda_large_gridreducemax', 3, {'lazy_stop_check': 100, 'tpb_side': 16, 'tpb_reduce': 512}),
  sfwf_contraction_cuda_large_gridsync: (True, 'sfwf_contraction_cuda_large_gridsync', 3, {'tpb_side': 16}),
  sfwf_mc_cpu_numpy: (True, 'sfwf_mc_cpu_numpy', 1, {'i': 12, 'j': 36, 'n_samples': 100000, 'seed': 0, 'chunk_size': 250}),
  sfwf_mc_cuda: (True, 'sfwf_mc_cuda', 3, {'i': 12, 'j': 36, 'n_samples': 100000, 'seed': 0, 'rpt': 10, 'tpb': 64})
}
====================================================================================================================================================================================================
CPU AND SYSTEM:
{'cpu_name': 'AMD Ryzen 9 9950X 16-Core Processor',
 'os_machine': 'x86_64',
 'os_name': 'Linux 6.14.0-37-generic',
 'os_version': '#37~24.04.1-Ubuntu SMP PREEMPT_DYNAMIC Thu Nov 20 10:25:38 UTC '
               '2',
 'ram_size': '123.4 GB'}
GPU:
{'async_engine_count': 2,
 'can_map_host_memory': 1,
 'compute_capability': ComputeCapability(major=12, minor=0),
 'cores_per_SM': 128,
 'cores_total': 21760,
 'max_block_dim_x': 1024,
 'max_block_dim_y': 1024,
 'max_block_dim_z': 64,
 'max_grid_dim_x': 2147483647,
 'max_grid_dim_y': 65535,
 'max_grid_dim_z': 65535,
 'max_shared_memory_per_block': 49152,
 'max_threads_per_block': 1024,
 'multiprocessor_count': 170,
 'name': 'NVIDIA GeForce RTX 5090',
 'pci_bus_id': 1,
 'pci_device_id': 0,
 'unified_addressing': 1,
 'warp_size': 32}
====================================================================================================================================================================================================
RANDOM WIRE FRAME WITH TOTAL OF POINTS (STATES): 4096
HEIGHTS IN[:5, :5]:
[[25.365894  20.296429  14.925921  10.320204   7.3313727]
 [29.068245   0.         0.         0.         0.       ]
 [30.553246   0.         0.         0.         0.       ]
 [29.360521   0.         0.         0.         0.       ]
 [25.516117   0.         0.         0.         0.       ]]
====================================================================================================================================================================================================
CONTRACTION ITERATION APPROACH 1: sfwf_contraction_cpu_numpy...
---
REPETITION: 1/1:
SFWF CONTRACTION CPU NUMPY... [eps: 0.0001]
SFWF CONTRACTION CPU NUMPY DONE. [d_inf: 9.918212890625e-05, iterations: 4113, time: 0.054303646087646484 s]
***
SUMMARY:
HEIGHTS OUT[:5, :5]:
[[25.365894  20.296429  14.925921  10.320204   7.3313727]
 [29.068245  22.564072  17.283554  13.201903  10.526151 ]
 [30.553246  23.608059  18.44232   14.677709  12.188996 ]
 [29.360521  22.8726    18.199963  14.877619  12.656763 ]
 [25.516117  20.32186   16.607319  13.9760475 12.190479 ]]
D_INF OF HEIGHTS VS REF: 0.0
TIME MEAN: 0.054303646087646484 s, STD: 0.0 s
SPEEDUP VS REF: 1.0
====================================================================================================================================================================================================
CONTRACTION ITERATION APPROACH 2: sfwf_contraction_cuda_small...
---
REPETITION: 1/3:
SFWF CONTRACTION CUDA SMALL... [eps: 0.0001, bpg: 1, tpb: 512]
SFWF CONTRACTION CUDA SMALL DONE. [d_inf: 9.918212890625e-05, iterations: 4113, time: 0.0341031551361084 s]
---
REPETITION: 2/3:
SFWF CONTRACTION CUDA SMALL... [eps: 0.0001, bpg: 1, tpb: 512]
SFWF CONTRACTION CUDA SMALL DONE. [d_inf: 9.918212890625e-05, iterations: 4113, time: 0.03347277641296387 s]
---
REPETITION: 3/3:
SFWF CONTRACTION CUDA SMALL... [eps: 0.0001, bpg: 1, tpb: 512]
SFWF CONTRACTION CUDA SMALL DONE. [d_inf: 9.918212890625e-05, iterations: 4113, time: 0.03343009948730469 s]
***
SUMMARY:
HEIGHTS OUT[:5, :5]:
[[25.365894  20.296429  14.925921  10.320204   7.3313727]
 [29.068245  22.564072  17.283554  13.201903  10.526151 ]
 [30.553246  23.608059  18.44232   14.677709  12.188996 ]
 [29.360521  22.8726    18.199963  14.877619  12.656763 ]
 [25.516117  20.32186   16.607319  13.9760475 12.190479 ]]
D_INF OF HEIGHTS VS REF: 0.0
TIME MEAN: 0.03366867701212565 s, STD: 0.00030771605977004783 s
SPEEDUP VS REF: 1.6128832762893899
====================================================================================================================================================================================================
CONTRACTION ITERATION APPROACH 3: sfwf_contraction_cuda_large_atomicmax...
---
REPETITION: 1/3:
SFWF CONTRACTION CUDA LARGE ATOMICMAX... [eps: 0.0001, lazy_stop_check: 100, tpb_side: 16]
[bpg: (4, 4), tpb: (16, 16)]
SFWF CONTRACTION CUDA LARGE ATOMICMAX DONE. [d_inf: 8.96453857421875e-05, iterations: 4200, time: 0.07902336120605469 s]
---
REPETITION: 2/3:
SFWF CONTRACTION CUDA LARGE ATOMICMAX... [eps: 0.0001, lazy_stop_check: 100, tpb_side: 16]
[bpg: (4, 4), tpb: (16, 16)]
SFWF CONTRACTION CUDA LARGE ATOMICMAX DONE. [d_inf: 8.96453857421875e-05, iterations: 4200, time: 0.0793924331665039 s]
---
REPETITION: 3/3:
SFWF CONTRACTION CUDA LARGE ATOMICMAX... [eps: 0.0001, lazy_stop_check: 100, tpb_side: 16]
[bpg: (4, 4), tpb: (16, 16)]
SFWF CONTRACTION CUDA LARGE ATOMICMAX DONE. [d_inf: 8.96453857421875e-05, iterations: 4200, time: 0.07990860939025879 s]
***
SUMMARY:
HEIGHTS OUT[:5, :5]:
[[25.365894  20.296429  14.925921  10.320204   7.3313727]
 [29.068245  22.56409   17.283594  13.201963  10.526232 ]
 [30.553246  23.608099  18.4424    14.67783   12.189158 ]
 [29.360521  22.87266   18.200085  14.877799  12.657004 ]
 [25.516117  20.321941  16.607481  13.976289  12.190799 ]]
D_INF OF HEIGHTS VS REF: 0.008157730102539062
TIME MEAN: 0.07944146792093913 s, STD: 0.0003630605020893502 s
SPEEDUP VS REF: 0.6835680093636987
====================================================================================================================================================================================================
CONTRACTION ITERATION APPROACH 4: sfwf_contraction_cuda_large_atomicmax_globalmem...
---
REPETITION: 1/3:
SFWF CONTRACTION CUDA LARGE ATOMICMAX GLOBAL MEM... [eps: 0.0001, lazy_stop_check: 100, tpb_side: 16]
[bpg: (4, 4), tpb: (16, 16)]
SFWF CONTRACTION CUDA LARGE ATOMICMAX GLOBALMEM DONE. [d_inf: 8.96453857421875e-05, iterations: 4200, time: 0.07962274551391602 s]
---
REPETITION: 2/3:
SFWF CONTRACTION CUDA LARGE ATOMICMAX GLOBAL MEM... [eps: 0.0001, lazy_stop_check: 100, tpb_side: 16]
[bpg: (4, 4), tpb: (16, 16)]
SFWF CONTRACTION CUDA LARGE ATOMICMAX GLOBALMEM DONE. [d_inf: 8.96453857421875e-05, iterations: 4200, time: 0.08054947853088379 s]
---
REPETITION: 3/3:
SFWF CONTRACTION CUDA LARGE ATOMICMAX GLOBAL MEM... [eps: 0.0001, lazy_stop_check: 100, tpb_side: 16]
[bpg: (4, 4), tpb: (16, 16)]
SFWF CONTRACTION CUDA LARGE ATOMICMAX GLOBALMEM DONE. [d_inf: 8.96453857421875e-05, iterations: 4200, time: 0.08015084266662598 s]
***
SUMMARY:
HEIGHTS OUT[:5, :5]:
[[25.365894  20.296429  14.925921  10.320204   7.3313727]
 [29.068245  22.56409   17.283594  13.201963  10.526232 ]
 [30.553246  23.608099  18.4424    14.67783   12.189158 ]
 [29.360521  22.87266   18.200085  14.877799  12.657004 ]
 [25.516117  20.321941  16.607481  13.976289  12.190799 ]]
D_INF OF HEIGHTS VS REF: 0.008157730102539062
TIME MEAN: 0.0801076889038086 s, STD: 0.00037956572256419755 s
SPEEDUP VS REF: 0.677883070036548
====================================================================================================================================================================================================
CONTRACTION ITERATION APPROACH 5: sfwf_contraction_cuda_large_gridreducemax...
---
REPETITION: 1/3:
SFWF CONTRACTION CUDA LARGE GRIDREDUCEMAX... [eps: 0.0001, lazy_stop_check: 100, tpb_side: 16, tpb_reduce: 512]
[job bpg: (4, 4), tpb: (16, 16)]
[reduce bpg: 1, tpb: 512]
SFWF ITERATE CONTRACTION CUDA LARGE GRIDREDUCEMAX DONE. [d_inf: 8.96453857421875e-05, iterations: 4200, time: 0.07980871200561523 s]
---
REPETITION: 2/3:
SFWF CONTRACTION CUDA LARGE GRIDREDUCEMAX... [eps: 0.0001, lazy_stop_check: 100, tpb_side: 16, tpb_reduce: 512]
[job bpg: (4, 4), tpb: (16, 16)]
[reduce bpg: 1, tpb: 512]
SFWF ITERATE CONTRACTION CUDA LARGE GRIDREDUCEMAX DONE. [d_inf: 8.96453857421875e-05, iterations: 4200, time: 0.08103466033935547 s]
---
REPETITION: 3/3:
SFWF CONTRACTION CUDA LARGE GRIDREDUCEMAX... [eps: 0.0001, lazy_stop_check: 100, tpb_side: 16, tpb_reduce: 512]
[job bpg: (4, 4), tpb: (16, 16)]
[reduce bpg: 1, tpb: 512]
SFWF ITERATE CONTRACTION CUDA LARGE GRIDREDUCEMAX DONE. [d_inf: 8.96453857421875e-05, iterations: 4200, time: 0.08011674880981445 s]
***
SUMMARY:
HEIGHTS OUT[:5, :5]:
[[25.365894  20.296429  14.925921  10.320204   7.3313727]
 [29.068245  22.56409   17.283594  13.201963  10.526232 ]
 [30.553246  23.608099  18.4424    14.67783   12.189158 ]
 [29.360521  22.87266   18.200085  14.877799  12.657004 ]
 [25.516117  20.321941  16.607481  13.976289  12.190799 ]]
D_INF OF HEIGHTS VS REF: 0.008157730102539062
TIME MEAN: 0.08032004038492839 s, STD: 0.0005207257292371496 s
SPEEDUP VS REF: 0.676090871311816
====================================================================================================================================================================================================
CONTRACTION ITERATION APPROACH 6: sfwf_contraction_cuda_large_gridsync...
---
REPETITION: 1/3:
SFWF CONTRACTION CUDA LARGE GRIDSYNC... [eps: 0.0001, tpb_side: 16, assumed max_bpg_gridsync: None]
[wanted ideal bpg: (4, 4)]
[discovered max_bpg_gridsync: 340; time: 0.00012302398681640625 s]
[bpg: (4, 4), tpb: (16, 16), ept: 1]
SFWF ITERATE CONTRACTION CUDA LARGE GRIDSYNC DONE. [d_inf: 9.918212890625e-05, iterations: 4113, time: 0.02074289321899414 s]
---
REPETITION: 2/3:
SFWF CONTRACTION CUDA LARGE GRIDSYNC... [eps: 0.0001, tpb_side: 16, assumed max_bpg_gridsync: None]
[wanted ideal bpg: (4, 4)]
[discovered max_bpg_gridsync: 340; time: 4.1484832763671875e-05 s]
[bpg: (4, 4), tpb: (16, 16), ept: 1]
SFWF ITERATE CONTRACTION CUDA LARGE GRIDSYNC DONE. [d_inf: 9.918212890625e-05, iterations: 4113, time: 0.020662307739257812 s]
---
REPETITION: 3/3:
SFWF CONTRACTION CUDA LARGE GRIDSYNC... [eps: 0.0001, tpb_side: 16, assumed max_bpg_gridsync: None]
[wanted ideal bpg: (4, 4)]
[discovered max_bpg_gridsync: 340; time: 3.337860107421875e-05 s]
[bpg: (4, 4), tpb: (16, 16), ept: 1]
SFWF ITERATE CONTRACTION CUDA LARGE GRIDSYNC DONE. [d_inf: 9.918212890625e-05, iterations: 4113, time: 0.019970178604125977 s]
***
SUMMARY:
HEIGHTS OUT[:5, :5]:
[[25.365894  20.296429  14.925921  10.320204   7.3313727]
 [29.068245  22.564072  17.283554  13.201903  10.526151 ]
 [30.553246  23.608059  18.44232   14.677709  12.188996 ]
 [29.360521  22.8726    18.199963  14.877619  12.656763 ]
 [25.516117  20.32186   16.607319  13.9760475 12.190479 ]]
D_INF OF HEIGHTS VS REF: 0.0
TIME MEAN: 0.020458459854125977 s, STD: 0.0003468308321667836 s
SPEEDUP VS REF: 2.654336957661784
====================================================================================================================================================================================================
MONTE CARLO APPROACH 1: sfwf_mc_cpu_numpy...
---
REPETITION: 1/1:
SFWF MC CPU NUMPY... [(i, j): (12, 36), n_samples: 1.0e+05, seed: 0, chunk_size: 250]
[10000/100000: border reached at t: 156, (i, j): (np.int64(0), np.int64(30)), h: 4.406864643096924; trajectory time: 1.1444091796875e-05 s]
[20000/100000: border reached at t: 816, (i, j): (np.int64(0), np.int64(24)), h: -8.625850677490234; trajectory time: 4.267692565917969e-05 s]
[30000/100000: border reached at t: 123, (i, j): (np.int64(0), np.int64(53)), h: 4.3414201736450195; trajectory time: 1.1682510375976562e-05 s]
[40000/100000: border reached at t: 282, (i, j): (np.int64(0), np.int64(48)), h: 12.505220413208008; trajectory time: 2.2172927856445312e-05 s]
[50000/100000: border reached at t: 1341, (i, j): (np.int64(17), np.int64(0)), h: 10.728841781616211; trajectory time: 6.389617919921875e-05 s]
[60000/100000: border reached at t: 2818, (i, j): (np.int64(0), np.int64(10)), h: 19.867311477661133; trajectory time: 0.00012826919555664062 s]
[70000/100000: border reached at t: 148, (i, j): (np.int64(0), np.int64(48)), h: 12.505220413208008; trajectory time: 1.1444091796875e-05 s]
[80000/100000: border reached at t: 2666, (i, j): (np.int64(34), np.int64(0)), h: 15.332928657531738; trajectory time: 0.00011682510375976562 s]
[90000/100000: border reached at t: 246, (i, j): (np.int64(0), np.int64(34)), h: 20.38030242919922; trajectory time: 1.1205673217773438e-05 s]
[100000/100000: border reached at t: 696, (i, j): (np.int64(0), np.int64(26)), h: -3.8553483486175537; trajectory time: 3.218650817871094e-05 s]
SFWF MC CPU NUMPY DONE. [h_mean: 8.172470092773438, T_mean: 751.65596; time: 3.817247152328491 s]
***
SUMMARY:
COMPARISON OF SINGLE HEIGHT VS REF: contraction_ref_heights_out[i0, j0]=np.float32(8.160212) vs h_mean=np.float32(8.17247), ABS DIFF: 1.2258530e-02]
TIME MEAN: 3.817247152328491 s, STD: 0.0 s
SPEEDUP VS REF: 1.0
====================================================================================================================================================================================================
MONTE CARLO APPROACH 2: sfwf_mc_cuda...
---
REPETITION: 1/3:
SFWF MC CUDA... [(i, j): (12, 36), wanted n_samples: 1.0e+05, seed: 0, rpt: 10, tpb: 64]
[min_n_generators: 10000, bpg_walk: 157]
[initialization of random generators...]
[initialization of random generators done; count: 10048, memory: 0.153 MiB, time: 0.36364102363586426 s]
[random walks...; bpg_walk: 157, tpb: 64]
[random walks done; time: 0.008536815643310547 s]
[mean-reduction...; bpg: 1, tpb: 64]
[mean-reduction done; time: 9.72747802734375e-05 s]
SFWF MC CUDA DONE. [h_mean: 8.165230751037598, T_mean: 749.8333129882812, n_samples de facto: 1.0e+05; time: 0.37234950065612793 s, time without generators initalization: 0.008708477020263672 s]
---
REPETITION: 2/3:
SFWF MC CUDA... [(i, j): (12, 36), wanted n_samples: 1.0e+05, seed: 0, rpt: 10, tpb: 64]
[min_n_generators: 10000, bpg_walk: 157]
[initialization of random generators...]
[initialization of random generators done; count: 10048, memory: 0.153 MiB, time: 0.0008723735809326172 s]
[random walks...; bpg_walk: 157, tpb: 64]
[random walks done; time: 0.008384943008422852 s]
[mean-reduction...; bpg: 1, tpb: 64]
[mean-reduction done; time: 5.5789947509765625e-05 s]
SFWF MC CUDA DONE. [h_mean: 8.165230751037598, T_mean: 749.8333129882812, n_samples de facto: 1.0e+05; time: 0.009341955184936523 s, time without generators initalization: 0.008469581604003906 s]
---
REPETITION: 3/3:
SFWF MC CUDA... [(i, j): (12, 36), wanted n_samples: 1.0e+05, seed: 0, rpt: 10, tpb: 64]
[min_n_generators: 10000, bpg_walk: 157]
[initialization of random generators...]
[initialization of random generators done; count: 10048, memory: 0.153 MiB, time: 0.0009479522705078125 s]
[random walks...; bpg_walk: 157, tpb: 64]
[random walks done; time: 0.008378744125366211 s]
[mean-reduction...; bpg: 1, tpb: 64]
[mean-reduction done; time: 5.3882598876953125e-05 s]
SFWF MC CUDA DONE. [h_mean: 8.165230751037598, T_mean: 749.8333129882812, n_samples de facto: 1.0e+05; time: 0.009407997131347656 s, time without generators initalization: 0.008460044860839844 s]
***
SUMMARY:
COMPARISON OF SINGLE HEIGHT VS REF: contraction_ref_heights_out[i0, j0]=np.float32(8.160212) vs h_mean=np.float32(8.165231), ABS DIFF: 5.0191879e-03]
TIME MEAN: 0.008546034495035807 s, STD: 0.00011493017552510855 s
SPEEDUP VS REF: 446.6688210240482
====================================================================================================================================================================================================
====================================================================================================================================================================================================
FINAL SUMMARY:
CONTRACTION ITERATION APPROACH 1: sfwf_contraction_cpu_numpy (REFERENCE) -> MEAN TIME: 0.054303646087646484, STD: 0.0, SPEED-UP: 1.00
CONTRACTION ITERATION APPROACH 2: sfwf_contraction_cuda_small -> MEAN TIME: 0.03366867701212565, STD: 0.00030771605977004783, SPEED-UP: 1.61
CONTRACTION ITERATION APPROACH 3: sfwf_contraction_cuda_large_atomicmax -> MEAN TIME: 0.07944146792093913, STD: 0.0003630605020893502, SPEED-UP: 0.68
CONTRACTION ITERATION APPROACH 4: sfwf_contraction_cuda_large_atomicmax_globalmem -> MEAN TIME: 0.0801076889038086, STD: 0.00037956572256419755, SPEED-UP: 0.68
CONTRACTION ITERATION APPROACH 5: sfwf_contraction_cuda_large_gridreducemax -> MEAN TIME: 0.08032004038492839, STD: 0.0005207257292371496, SPEED-UP: 0.68
CONTRACTION ITERATION APPROACH 6: sfwf_contraction_cuda_large_gridsync -> MEAN TIME: 0.020458459854125977, STD: 0.0003468308321667836, SPEED-UP: 2.65
MONTE CARLO APPROACH 1: sfwf_mc_cpu_numpy (REFERENCE) -> MEAN TIME: 3.817247152328491, STD: 0.0, SPEED-UP: 1.00
MONTE CARLO APPROACH 2: sfwf_mc_cuda -> MEAN TIME: 0.008546034495035807, STD: 0.00011493017552510855, SPEED-UP: 446.67
SOAP FILM IN A WIRE FRAME DONE [time: 5.14849591255188].
