SOAP FILM IN A WIRE FRAME...
HASH STRING: 2268201043_96372_901_[7;20;5.0;317;True;1.0e-04;False;0;1.0e+06;False;3;TTTTTT;FF]
====================================================================================================================================================================================================
EXPERIMENT INFO:
{
  SEED: 7,
  WF_FOURIER_N: 20,
  WF_FOURIER_AMPLITUDE: 5.0,
  WF_BORDER_N: 317,
  NUMPY_SINGLE_THREAD: True,
  CONTRACTION_EPS: 0.0001,
  CONTRACTION_PLOTS: False,
  MC_SEED: 0,
  MC_SAMPLES: 1000000,
  MC_EXAMPLE_PLOT: False,
  MC_EXAMPLE_PLOT_SAMPLES: 3,
  sfwf_contraction_cpu_numpy: (True, 'sfwf_contraction_cpu_numpy', 10, {}),
  sfwf_contraction_cuda_small: (True, 'sfwf_contraction_cuda_small', 10, {'tpb': 512}),
  sfwf_contraction_cuda_large_atomicmax: (True, 'sfwf_contraction_cuda_large_atomicmax', 10, {'lazy_stop_check': 100, 'tpb_side': 16}),
  sfwf_contraction_cuda_large_atomicmax_globalmem: (True, 'sfwf_contraction_cuda_large_atomicmax_globalmem', 10, {'lazy_stop_check': 100, 'tpb_side': 16}),
  sfwf_contraction_cuda_large_gridreducemax: (True, 'sfwf_contraction_cuda_large_gridreducemax', 10, {'lazy_stop_check': 100, 'tpb_side': 16, 'tpb_reduce': 512}),
  sfwf_contraction_cuda_large_gridsync: (True, 'sfwf_contraction_cuda_large_gridsync', 10, {'tpb_side': 16}),
  sfwf_mc_cpu_numpy: (False, 'sfwf_mc_cpu_numpy', 0, {}),
  sfwf_mc_cuda: (False, 'sfwf_mc_cuda', 0, {})
}
====================================================================================================================================================================================================
CPU AND SYSTEM:
{'cpu_name': 'AMD Ryzen 9 9950X 16-Core Processor',
 'os_machine': 'x86_64',
 'os_name': 'Linux 6.14.0-37-generic',
 'os_version': '#37~24.04.1-Ubuntu SMP PREEMPT_DYNAMIC Thu Nov 20 10:25:38 UTC '
               '2',
 'ram_size': '123.4 GB'}
GPU:
{'async_engine_count': 2,
 'can_map_host_memory': 1,
 'compute_capability': ComputeCapability(major=12, minor=0),
 'cores_per_SM': 128,
 'cores_total': 21760,
 'max_block_dim_x': 1024,
 'max_block_dim_y': 1024,
 'max_block_dim_z': 64,
 'max_grid_dim_x': 2147483647,
 'max_grid_dim_y': 65535,
 'max_grid_dim_z': 65535,
 'max_shared_memory_per_block': 49152,
 'max_threads_per_block': 1024,
 'multiprocessor_count': 170,
 'name': 'NVIDIA GeForce RTX 5090',
 'pci_bus_id': 1,
 'pci_device_id': 0,
 'unified_addressing': 1,
 'warp_size': 32}
====================================================================================================================================================================================================
RANDOM WIRE FRAME WITH TOTAL OF POINTS (STATES): 100489
HEIGHTS IN[:5, :5]:
[[25.365894 24.432104 23.45143  22.432312 21.383413]
 [26.244633  0.        0.        0.        0.      ]
 [27.060524  0.        0.        0.        0.      ]
 [27.806177  0.        0.        0.        0.      ]
 [28.47468   0.        0.        0.        0.      ]]
====================================================================================================================================================================================================
CONTRACTION ITERATION APPROACH 1: sfwf_contraction_cpu_numpy...
---
REPETITION: 1/10:
SFWF CONTRACTION CPU NUMPY... [eps: 0.0001]
SFWF CONTRACTION CPU NUMPY DONE. [d_inf: 9.9658966e-05, iterations: 38235, time: 2.867733955383301 s]
---
REPETITION: 2/10:
SFWF CONTRACTION CPU NUMPY... [eps: 0.0001]
SFWF CONTRACTION CPU NUMPY DONE. [d_inf: 9.9658966e-05, iterations: 38235, time: 2.9656105041503906 s]
---
REPETITION: 3/10:
SFWF CONTRACTION CPU NUMPY... [eps: 0.0001]
SFWF CONTRACTION CPU NUMPY DONE. [d_inf: 9.9658966e-05, iterations: 38235, time: 2.860015869140625 s]
---
REPETITION: 4/10:
SFWF CONTRACTION CPU NUMPY... [eps: 0.0001]
SFWF CONTRACTION CPU NUMPY DONE. [d_inf: 9.9658966e-05, iterations: 38235, time: 2.968411684036255 s]
---
REPETITION: 5/10:
SFWF CONTRACTION CPU NUMPY... [eps: 0.0001]
SFWF CONTRACTION CPU NUMPY DONE. [d_inf: 9.9658966e-05, iterations: 38235, time: 2.86136794090271 s]
---
REPETITION: 6/10:
SFWF CONTRACTION CPU NUMPY... [eps: 0.0001]
SFWF CONTRACTION CPU NUMPY DONE. [d_inf: 9.9658966e-05, iterations: 38235, time: 2.9673893451690674 s]
---
REPETITION: 7/10:
SFWF CONTRACTION CPU NUMPY... [eps: 0.0001]
SFWF CONTRACTION CPU NUMPY DONE. [d_inf: 9.9658966e-05, iterations: 38235, time: 2.861354112625122 s]
---
REPETITION: 8/10:
SFWF CONTRACTION CPU NUMPY... [eps: 0.0001]
SFWF CONTRACTION CPU NUMPY DONE. [d_inf: 9.9658966e-05, iterations: 38235, time: 2.97151780128479 s]
---
REPETITION: 9/10:
SFWF CONTRACTION CPU NUMPY... [eps: 0.0001]
SFWF CONTRACTION CPU NUMPY DONE. [d_inf: 9.9658966e-05, iterations: 38235, time: 2.8649044036865234 s]
---
REPETITION: 10/10:
SFWF CONTRACTION CPU NUMPY... [eps: 0.0001]
SFWF CONTRACTION CPU NUMPY DONE. [d_inf: 9.9658966e-05, iterations: 38235, time: 2.950068712234497 s]
***
SUMMARY:
HEIGHTS OUT[:5, :5]:
[[25.365894 24.432104 23.45143  22.432312 21.383413]
 [26.244633 25.142448 24.054836 22.967161 21.876564]
 [27.060524 25.838211 24.658314 23.504927 22.37066 ]
 [27.806177 26.491562 25.235275 24.023575 22.847942]
 [28.47468  27.086586 25.767649 24.506157 23.29365 ]]
D_INF OF HEIGHTS VS REF: 0.0
TIME MEAN: 2.913837432861328 s, STD: 0.051078974941601636 s
SPEEDUP VS REF: 1.0
====================================================================================================================================================================================================
CONTRACTION ITERATION APPROACH 2: sfwf_contraction_cuda_small...
[skipping this approach (too large WF_BORDER_N)]
====================================================================================================================================================================================================
CONTRACTION ITERATION APPROACH 3: sfwf_contraction_cuda_large_atomicmax...
---
REPETITION: 1/10:
SFWF CONTRACTION CUDA LARGE ATOMICMAX... [eps: 0.0001, lazy_stop_check: 100, tpb_side: 16]
[bpg: (20, 20), tpb: (16, 16)]
SFWF CONTRACTION CUDA LARGE ATOMICMAX DONE. [d_inf: 9.918213e-05, iterations: 38300, time: 0.7508454322814941 s]
---
REPETITION: 2/10:
SFWF CONTRACTION CUDA LARGE ATOMICMAX... [eps: 0.0001, lazy_stop_check: 100, tpb_side: 16]
[bpg: (20, 20), tpb: (16, 16)]
SFWF CONTRACTION CUDA LARGE ATOMICMAX DONE. [d_inf: 9.918213e-05, iterations: 38300, time: 0.7348947525024414 s]
---
REPETITION: 3/10:
SFWF CONTRACTION CUDA LARGE ATOMICMAX... [eps: 0.0001, lazy_stop_check: 100, tpb_side: 16]
[bpg: (20, 20), tpb: (16, 16)]
SFWF CONTRACTION CUDA LARGE ATOMICMAX DONE. [d_inf: 9.918213e-05, iterations: 38300, time: 0.7389578819274902 s]
---
REPETITION: 4/10:
SFWF CONTRACTION CUDA LARGE ATOMICMAX... [eps: 0.0001, lazy_stop_check: 100, tpb_side: 16]
[bpg: (20, 20), tpb: (16, 16)]
SFWF CONTRACTION CUDA LARGE ATOMICMAX DONE. [d_inf: 9.918213e-05, iterations: 38300, time: 0.7349123954772949 s]
---
REPETITION: 5/10:
SFWF CONTRACTION CUDA LARGE ATOMICMAX... [eps: 0.0001, lazy_stop_check: 100, tpb_side: 16]
[bpg: (20, 20), tpb: (16, 16)]
SFWF CONTRACTION CUDA LARGE ATOMICMAX DONE. [d_inf: 9.918213e-05, iterations: 38300, time: 0.7354958057403564 s]
---
REPETITION: 6/10:
SFWF CONTRACTION CUDA LARGE ATOMICMAX... [eps: 0.0001, lazy_stop_check: 100, tpb_side: 16]
[bpg: (20, 20), tpb: (16, 16)]
SFWF CONTRACTION CUDA LARGE ATOMICMAX DONE. [d_inf: 9.918213e-05, iterations: 38300, time: 0.7377724647521973 s]
---
REPETITION: 7/10:
SFWF CONTRACTION CUDA LARGE ATOMICMAX... [eps: 0.0001, lazy_stop_check: 100, tpb_side: 16]
[bpg: (20, 20), tpb: (16, 16)]
SFWF CONTRACTION CUDA LARGE ATOMICMAX DONE. [d_inf: 9.918213e-05, iterations: 38300, time: 0.7338025569915771 s]
---
REPETITION: 8/10:
SFWF CONTRACTION CUDA LARGE ATOMICMAX... [eps: 0.0001, lazy_stop_check: 100, tpb_side: 16]
[bpg: (20, 20), tpb: (16, 16)]
SFWF CONTRACTION CUDA LARGE ATOMICMAX DONE. [d_inf: 9.918213e-05, iterations: 38300, time: 0.73482346534729 s]
---
REPETITION: 9/10:
SFWF CONTRACTION CUDA LARGE ATOMICMAX... [eps: 0.0001, lazy_stop_check: 100, tpb_side: 16]
[bpg: (20, 20), tpb: (16, 16)]
SFWF CONTRACTION CUDA LARGE ATOMICMAX DONE. [d_inf: 9.918213e-05, iterations: 38300, time: 0.7388551235198975 s]
---
REPETITION: 10/10:
SFWF CONTRACTION CUDA LARGE ATOMICMAX... [eps: 0.0001, lazy_stop_check: 100, tpb_side: 16]
[bpg: (20, 20), tpb: (16, 16)]
SFWF CONTRACTION CUDA LARGE ATOMICMAX DONE. [d_inf: 9.918213e-05, iterations: 38300, time: 0.7381594181060791 s]
***
SUMMARY:
HEIGHTS OUT[:5, :5]:
[[25.365894 24.432104 23.45143  22.432312 21.383413]
 [26.244633 25.142448 24.054838 22.967161 21.876564]
 [27.060524 25.838211 24.658314 23.504929 22.370663]
 [27.806177 26.491562 25.235275 24.023579 22.847946]
 [28.47468  27.086586 25.76765  24.50616  23.293657]]
D_INF OF HEIGHTS VS REF: 0.006427765
TIME MEAN: 0.7378519296646118 s, STD: 0.004686870976543352 s
SPEEDUP VS REF: 3.949081537519057
====================================================================================================================================================================================================
CONTRACTION ITERATION APPROACH 4: sfwf_contraction_cuda_large_atomicmax_globalmem...
---
REPETITION: 1/10:
SFWF CONTRACTION CUDA LARGE ATOMICMAX GLOBAL MEM... [eps: 0.0001, lazy_stop_check: 100, tpb_side: 16]
[bpg: (20, 20), tpb: (16, 16)]
SFWF CONTRACTION CUDA LARGE ATOMICMAX GLOBALMEM DONE. [d_inf: 9.918213e-05, iterations: 38300, time: 0.7334671020507812 s]
---
REPETITION: 2/10:
SFWF CONTRACTION CUDA LARGE ATOMICMAX GLOBAL MEM... [eps: 0.0001, lazy_stop_check: 100, tpb_side: 16]
[bpg: (20, 20), tpb: (16, 16)]
SFWF CONTRACTION CUDA LARGE ATOMICMAX GLOBALMEM DONE. [d_inf: 9.918213e-05, iterations: 38300, time: 0.7402598857879639 s]
---
REPETITION: 3/10:
SFWF CONTRACTION CUDA LARGE ATOMICMAX GLOBAL MEM... [eps: 0.0001, lazy_stop_check: 100, tpb_side: 16]
[bpg: (20, 20), tpb: (16, 16)]
SFWF CONTRACTION CUDA LARGE ATOMICMAX GLOBALMEM DONE. [d_inf: 9.918213e-05, iterations: 38300, time: 0.7416274547576904 s]
---
REPETITION: 4/10:
SFWF CONTRACTION CUDA LARGE ATOMICMAX GLOBAL MEM... [eps: 0.0001, lazy_stop_check: 100, tpb_side: 16]
[bpg: (20, 20), tpb: (16, 16)]
SFWF CONTRACTION CUDA LARGE ATOMICMAX GLOBALMEM DONE. [d_inf: 9.918213e-05, iterations: 38300, time: 0.7419571876525879 s]
---
REPETITION: 5/10:
SFWF CONTRACTION CUDA LARGE ATOMICMAX GLOBAL MEM... [eps: 0.0001, lazy_stop_check: 100, tpb_side: 16]
[bpg: (20, 20), tpb: (16, 16)]
SFWF CONTRACTION CUDA LARGE ATOMICMAX GLOBALMEM DONE. [d_inf: 9.918213e-05, iterations: 38300, time: 0.7409272193908691 s]
---
REPETITION: 6/10:
SFWF CONTRACTION CUDA LARGE ATOMICMAX GLOBAL MEM... [eps: 0.0001, lazy_stop_check: 100, tpb_side: 16]
[bpg: (20, 20), tpb: (16, 16)]
SFWF CONTRACTION CUDA LARGE ATOMICMAX GLOBALMEM DONE. [d_inf: 9.918213e-05, iterations: 38300, time: 0.7352123260498047 s]
---
REPETITION: 7/10:
SFWF CONTRACTION CUDA LARGE ATOMICMAX GLOBAL MEM... [eps: 0.0001, lazy_stop_check: 100, tpb_side: 16]
[bpg: (20, 20), tpb: (16, 16)]
SFWF CONTRACTION CUDA LARGE ATOMICMAX GLOBALMEM DONE. [d_inf: 9.918213e-05, iterations: 38300, time: 0.7338457107543945 s]
---
REPETITION: 8/10:
SFWF CONTRACTION CUDA LARGE ATOMICMAX GLOBAL MEM... [eps: 0.0001, lazy_stop_check: 100, tpb_side: 16]
[bpg: (20, 20), tpb: (16, 16)]
SFWF CONTRACTION CUDA LARGE ATOMICMAX GLOBALMEM DONE. [d_inf: 9.918213e-05, iterations: 38300, time: 0.7416534423828125 s]
---
REPETITION: 9/10:
SFWF CONTRACTION CUDA LARGE ATOMICMAX GLOBAL MEM... [eps: 0.0001, lazy_stop_check: 100, tpb_side: 16]
[bpg: (20, 20), tpb: (16, 16)]
SFWF CONTRACTION CUDA LARGE ATOMICMAX GLOBALMEM DONE. [d_inf: 9.918213e-05, iterations: 38300, time: 0.738884449005127 s]
---
REPETITION: 10/10:
SFWF CONTRACTION CUDA LARGE ATOMICMAX GLOBAL MEM... [eps: 0.0001, lazy_stop_check: 100, tpb_side: 16]
[bpg: (20, 20), tpb: (16, 16)]
SFWF CONTRACTION CUDA LARGE ATOMICMAX GLOBALMEM DONE. [d_inf: 9.918213e-05, iterations: 38300, time: 0.73897385597229 s]
***
SUMMARY:
HEIGHTS OUT[:5, :5]:
[[25.365894 24.432104 23.45143  22.432312 21.383413]
 [26.244633 25.142448 24.054838 22.967161 21.876564]
 [27.060524 25.838211 24.658314 23.504929 22.370663]
 [27.806177 26.491562 25.235275 24.023579 22.847946]
 [28.47468  27.086586 25.76765  24.50616  23.293657]]
D_INF OF HEIGHTS VS REF: 0.006427765
TIME MEAN: 0.7386808633804322 s, STD: 0.003138668596625323 s
SPEEDUP VS REF: 3.9446499527911234
====================================================================================================================================================================================================
CONTRACTION ITERATION APPROACH 5: sfwf_contraction_cuda_large_gridreducemax...
---
REPETITION: 1/10:
SFWF CONTRACTION CUDA LARGE GRIDREDUCEMAX... [eps: 0.0001, lazy_stop_check: 100, tpb_side: 16, tpb_reduce: 512]
[job bpg: (20, 20), tpb: (16, 16)]
[reduce bpg: 1, tpb: 512]
SFWF ITERATE CONTRACTION CUDA LARGE GRIDREDUCEMAX DONE. [d_inf: 9.918213e-05 iterations: 38300, time: 0.734858512878418 s]
---
REPETITION: 2/10:
SFWF CONTRACTION CUDA LARGE GRIDREDUCEMAX... [eps: 0.0001, lazy_stop_check: 100, tpb_side: 16, tpb_reduce: 512]
[job bpg: (20, 20), tpb: (16, 16)]
[reduce bpg: 1, tpb: 512]
SFWF ITERATE CONTRACTION CUDA LARGE GRIDREDUCEMAX DONE. [d_inf: 9.918213e-05 iterations: 38300, time: 0.740776777267456 s]
---
REPETITION: 3/10:
SFWF CONTRACTION CUDA LARGE GRIDREDUCEMAX... [eps: 0.0001, lazy_stop_check: 100, tpb_side: 16, tpb_reduce: 512]
[job bpg: (20, 20), tpb: (16, 16)]
[reduce bpg: 1, tpb: 512]
SFWF ITERATE CONTRACTION CUDA LARGE GRIDREDUCEMAX DONE. [d_inf: 9.918213e-05 iterations: 38300, time: 0.7435750961303711 s]
---
REPETITION: 4/10:
SFWF CONTRACTION CUDA LARGE GRIDREDUCEMAX... [eps: 0.0001, lazy_stop_check: 100, tpb_side: 16, tpb_reduce: 512]
[job bpg: (20, 20), tpb: (16, 16)]
[reduce bpg: 1, tpb: 512]
SFWF ITERATE CONTRACTION CUDA LARGE GRIDREDUCEMAX DONE. [d_inf: 9.918213e-05 iterations: 38300, time: 0.7450041770935059 s]
---
REPETITION: 5/10:
SFWF CONTRACTION CUDA LARGE GRIDREDUCEMAX... [eps: 0.0001, lazy_stop_check: 100, tpb_side: 16, tpb_reduce: 512]
[job bpg: (20, 20), tpb: (16, 16)]
[reduce bpg: 1, tpb: 512]
SFWF ITERATE CONTRACTION CUDA LARGE GRIDREDUCEMAX DONE. [d_inf: 9.918213e-05 iterations: 38300, time: 0.7415382862091064 s]
---
REPETITION: 6/10:
SFWF CONTRACTION CUDA LARGE GRIDREDUCEMAX... [eps: 0.0001, lazy_stop_check: 100, tpb_side: 16, tpb_reduce: 512]
[job bpg: (20, 20), tpb: (16, 16)]
[reduce bpg: 1, tpb: 512]
SFWF ITERATE CONTRACTION CUDA LARGE GRIDREDUCEMAX DONE. [d_inf: 9.918213e-05 iterations: 38300, time: 0.7431840896606445 s]
---
REPETITION: 7/10:
SFWF CONTRACTION CUDA LARGE GRIDREDUCEMAX... [eps: 0.0001, lazy_stop_check: 100, tpb_side: 16, tpb_reduce: 512]
[job bpg: (20, 20), tpb: (16, 16)]
[reduce bpg: 1, tpb: 512]
SFWF ITERATE CONTRACTION CUDA LARGE GRIDREDUCEMAX DONE. [d_inf: 9.918213e-05 iterations: 38300, time: 0.7449605464935303 s]
---
REPETITION: 8/10:
SFWF CONTRACTION CUDA LARGE GRIDREDUCEMAX... [eps: 0.0001, lazy_stop_check: 100, tpb_side: 16, tpb_reduce: 512]
[job bpg: (20, 20), tpb: (16, 16)]
[reduce bpg: 1, tpb: 512]
SFWF ITERATE CONTRACTION CUDA LARGE GRIDREDUCEMAX DONE. [d_inf: 9.918213e-05 iterations: 38300, time: 0.7395472526550293 s]
---
REPETITION: 9/10:
SFWF CONTRACTION CUDA LARGE GRIDREDUCEMAX... [eps: 0.0001, lazy_stop_check: 100, tpb_side: 16, tpb_reduce: 512]
[job bpg: (20, 20), tpb: (16, 16)]
[reduce bpg: 1, tpb: 512]
SFWF ITERATE CONTRACTION CUDA LARGE GRIDREDUCEMAX DONE. [d_inf: 9.918213e-05 iterations: 38300, time: 0.7429759502410889 s]
---
REPETITION: 10/10:
SFWF CONTRACTION CUDA LARGE GRIDREDUCEMAX... [eps: 0.0001, lazy_stop_check: 100, tpb_side: 16, tpb_reduce: 512]
[job bpg: (20, 20), tpb: (16, 16)]
[reduce bpg: 1, tpb: 512]
SFWF ITERATE CONTRACTION CUDA LARGE GRIDREDUCEMAX DONE. [d_inf: 9.918213e-05 iterations: 38300, time: 0.7404327392578125 s]
***
SUMMARY:
HEIGHTS OUT[:5, :5]:
[[25.365894 24.432104 23.45143  22.432312 21.383413]
 [26.244633 25.142448 24.054838 22.967161 21.876564]
 [27.060524 25.838211 24.658314 23.504929 22.370663]
 [27.806177 26.491562 25.235275 24.023579 22.847946]
 [28.47468  27.086586 25.76765  24.50616  23.293657]]
D_INF OF HEIGHTS VS REF: 0.006427765
TIME MEAN: 0.7416853427886962 s, STD: 0.0028778093494667197 s
SPEEDUP VS REF: 3.9286706434098577
====================================================================================================================================================================================================
CONTRACTION ITERATION APPROACH 6: sfwf_contraction_cuda_large_gridsync...
---
REPETITION: 1/10:
SFWF CONTRACTION CUDA LARGE GRIDSYNC... [eps: 0.0001, tpb_side: 16, assumed max_bpg_gridsync: None]
[wanted ideal bpg: (20, 20)]
[discovered max_bpg_gridsync: 340; time: 0.00013375282287597656 s]
[bpg: (18, 18), tpb: (16, 16), ept: 4]
SFWF ITERATE CONTRACTION CUDA LARGE GRIDSYNC DONE. [d_inf: 9.9658966e-05, iterations: 38177, time: 0.6769120693206787 s]
---
REPETITION: 2/10:
SFWF CONTRACTION CUDA LARGE GRIDSYNC... [eps: 0.0001, tpb_side: 16, assumed max_bpg_gridsync: None]
[wanted ideal bpg: (20, 20)]
[discovered max_bpg_gridsync: 340; time: 4.0531158447265625e-05 s]
[bpg: (18, 18), tpb: (16, 16), ept: 4]
SFWF ITERATE CONTRACTION CUDA LARGE GRIDSYNC DONE. [d_inf: 9.9658966e-05, iterations: 38303, time: 0.6598672866821289 s]
---
REPETITION: 3/10:
SFWF CONTRACTION CUDA LARGE GRIDSYNC... [eps: 0.0001, tpb_side: 16, assumed max_bpg_gridsync: None]
[wanted ideal bpg: (20, 20)]
[discovered max_bpg_gridsync: 340; time: 3.719329833984375e-05 s]
[bpg: (18, 18), tpb: (16, 16), ept: 4]
SFWF ITERATE CONTRACTION CUDA LARGE GRIDSYNC DONE. [d_inf: 9.9658966e-05, iterations: 38263, time: 0.6623351573944092 s]
---
REPETITION: 4/10:
SFWF CONTRACTION CUDA LARGE GRIDSYNC... [eps: 0.0001, tpb_side: 16, assumed max_bpg_gridsync: None]
[wanted ideal bpg: (20, 20)]
[discovered max_bpg_gridsync: 340; time: 3.4809112548828125e-05 s]
[bpg: (18, 18), tpb: (16, 16), ept: 4]
SFWF ITERATE CONTRACTION CUDA LARGE GRIDSYNC DONE. [d_inf: 9.9658966e-05, iterations: 38241, time: 0.6633365154266357 s]
---
REPETITION: 5/10:
SFWF CONTRACTION CUDA LARGE GRIDSYNC... [eps: 0.0001, tpb_side: 16, assumed max_bpg_gridsync: None]
[wanted ideal bpg: (20, 20)]
[discovered max_bpg_gridsync: 340; time: 3.695487976074219e-05 s]
[bpg: (18, 18), tpb: (16, 16), ept: 4]
SFWF ITERATE CONTRACTION CUDA LARGE GRIDSYNC DONE. [d_inf: 9.9658966e-05, iterations: 38166, time: 0.6504583358764648 s]
---
REPETITION: 6/10:
SFWF CONTRACTION CUDA LARGE GRIDSYNC... [eps: 0.0001, tpb_side: 16, assumed max_bpg_gridsync: None]
[wanted ideal bpg: (20, 20)]
[discovered max_bpg_gridsync: 340; time: 3.4332275390625e-05 s]
[bpg: (18, 18), tpb: (16, 16), ept: 4]
SFWF ITERATE CONTRACTION CUDA LARGE GRIDSYNC DONE. [d_inf: 9.9658966e-05, iterations: 38152, time: 0.6473298072814941 s]
---
REPETITION: 7/10:
SFWF CONTRACTION CUDA LARGE GRIDSYNC... [eps: 0.0001, tpb_side: 16, assumed max_bpg_gridsync: None]
[wanted ideal bpg: (20, 20)]
[discovered max_bpg_gridsync: 340; time: 3.62396240234375e-05 s]
[bpg: (18, 18), tpb: (16, 16), ept: 4]
SFWF ITERATE CONTRACTION CUDA LARGE GRIDSYNC DONE. [d_inf: 9.9658966e-05, iterations: 38190, time: 0.6607732772827148 s]
---
REPETITION: 8/10:
SFWF CONTRACTION CUDA LARGE GRIDSYNC... [eps: 0.0001, tpb_side: 16, assumed max_bpg_gridsync: None]
[wanted ideal bpg: (20, 20)]
[discovered max_bpg_gridsync: 340; time: 3.4332275390625e-05 s]
[bpg: (18, 18), tpb: (16, 16), ept: 4]
SFWF ITERATE CONTRACTION CUDA LARGE GRIDSYNC DONE. [d_inf: 9.9658966e-05, iterations: 38268, time: 0.6638002395629883 s]
---
REPETITION: 9/10:
SFWF CONTRACTION CUDA LARGE GRIDSYNC... [eps: 0.0001, tpb_side: 16, assumed max_bpg_gridsync: None]
[wanted ideal bpg: (20, 20)]
[discovered max_bpg_gridsync: 340; time: 3.361701965332031e-05 s]
[bpg: (18, 18), tpb: (16, 16), ept: 4]
SFWF ITERATE CONTRACTION CUDA LARGE GRIDSYNC DONE. [d_inf: 9.9658966e-05, iterations: 38215, time: 0.6470694541931152 s]
---
REPETITION: 10/10:
SFWF CONTRACTION CUDA LARGE GRIDSYNC... [eps: 0.0001, tpb_side: 16, assumed max_bpg_gridsync: None]
[wanted ideal bpg: (20, 20)]
[discovered max_bpg_gridsync: 340; time: 3.457069396972656e-05 s]
[bpg: (18, 18), tpb: (16, 16), ept: 4]
SFWF ITERATE CONTRACTION CUDA LARGE GRIDSYNC DONE. [d_inf: 9.9658966e-05, iterations: 38164, time: 0.6501114368438721 s]
***
SUMMARY:
HEIGHTS OUT[:5, :5]:
[[25.365894 24.432104 23.45143  22.432312 21.383413]
 [26.244633 25.142445 24.054834 22.967155 21.87656 ]
 [27.060524 25.83821  24.658308 23.504921 22.370655]
 [27.806177 26.491558 25.23527  24.023567 22.847933]
 [28.47468  27.086582 25.767643 24.50615  23.293636]]
D_INF OF HEIGHTS VS REF: 0.005241871
TIME MEAN: 0.6581993579864502 s, STD: 0.008954314561096202 s
SPEEDUP VS REF: 4.426983097910151
====================================================================================================================================================================================================
====================================================================================================================================================================================================
FINAL SUMMARY:
CONTRACTION ITERATION APPROACH 1: sfwf_contraction_cpu_numpy (REFERENCE) -> MEAN TIME: 2.913837432861328 s, STD: 0.051078974941601636 s, SPEED-UP: 1.00
CONTRACTION ITERATION APPROACH 2: sfwf_contraction_cuda_small SKIPPED.
CONTRACTION ITERATION APPROACH 3: sfwf_contraction_cuda_large_atomicmax -> MEAN TIME: 0.7378519296646118 s, STD: 0.004686870976543352 s, SPEED-UP: 3.95
CONTRACTION ITERATION APPROACH 4: sfwf_contraction_cuda_large_atomicmax_globalmem -> MEAN TIME: 0.7386808633804322 s, STD: 0.003138668596625323 s, SPEED-UP: 3.94
CONTRACTION ITERATION APPROACH 5: sfwf_contraction_cuda_large_gridreducemax -> MEAN TIME: 0.7416853427886962 s, STD: 0.0028778093494667197 s, SPEED-UP: 3.93
CONTRACTION ITERATION APPROACH 6: sfwf_contraction_cuda_large_gridsync -> MEAN TIME: 0.6581993579864502 s, STD: 0.008954314561096202 s, SPEED-UP: 4.43
MONTE CARLO APPROACH 1: sfwf_mc_cpu_numpy OFF.
MONTE CARLO APPROACH 2: sfwf_mc_cuda OFF.
SOAP FILM IN A WIRE FRAME DONE [time: 57.911394357681274].
