SOAP FILM IN A WIRE FRAME...
HASH STRING: 2289825224_43667_325_[7;20;5.0;64;True;1.0e-06;False;0;1e+09;(12,36)False;3;FFTFFFF;FT]
====================================================================================================================================================================================================================================================
EXPERIMENT INFO:
{
  SEED: 7,
  WF_FOURIER_N: 20,
  WF_FOURIER_AMPLITUDE: 5.0,
  WF_BORDER_N: 64,
  NUMPY_SINGLE_THREAD: True,
  CONTRACTION_EPS: 1e-06,
  CONTRACTION_PLOTS: False,
  MC_SEED: 0,
  MC_SAMPLES: 1000000000,
  MC_I0_J0: (12, 36),
  MC_EXAMPLE_PLOT: False,
  MC_EXAMPLE_PLOT_SAMPLES: 3,
  sfwf_contraction_cpu_numpy: (False, 'sfwf_contraction_cpu_numpy', 0, {}),
  sfwf_contraction_cuda_small: (False, 'sfwf_contraction_cuda_small', 0, {}),
  sfwf_contraction_cuda_large_atomicmax: (True, 'sfwf_contraction_cuda_large_atomicmax', 10, {'lazy_stop_check': 100, 'tpb_side': 16}),
  sfwf_contraction_cuda_large_atomicmaxglosten: (False, 'sfwf_contraction_cuda_large_atomicmaxglosten', 0, {}),
  sfwf_contraction_cuda_large_hreducemax: (False, 'sfwf_contraction_cuda_large_hreducemax', 0, {}),
  sfwf_contraction_cuda_large_hreducemaxgs: (False, 'sfwf_contraction_cuda_large_hreducemaxgs', 0, {}),
  sfwf_contraction_cuda_large_gridsync: (False, 'sfwf_contraction_cuda_large_gridsync', 0, {}),
  sfwf_mc_cpu_numpy: (False, 'sfwf_mc_cpu_numpy', 0, {}),
  sfwf_mc_cuda: (True, 'sfwf_mc_cuda', 10, {'rpt': 10, 'tpb': 128})
}
====================================================================================================================================================================================================================================================
CPU AND SYSTEM:
{'cpu_name': 'Intel(R) Core(TM) i7-10700 CPU @ 2.90GHz',
 'os_machine': 'x86_64',
 'os_name': 'Linux 6.8.0-90-generic',
 'os_version': '#91-Ubuntu SMP PREEMPT_DYNAMIC Tue Nov 18 14:14:30 UTC 2025',
 'ram_size': '125.7 GB'}
GPU:
{'async_engine_count': 2,
 'can_map_host_memory': 1,
 'compute_capability': ComputeCapability(major=8, minor=6),
 'cores_per_SM': 128,
 'cores_total': 10496,
 'max_block_dim_x': 1024,
 'max_block_dim_y': 1024,
 'max_block_dim_z': 64,
 'max_grid_dim_x': 2147483647,
 'max_grid_dim_y': 65535,
 'max_grid_dim_z': 65535,
 'max_shared_memory_per_block': 49152,
 'max_threads_per_block': 1024,
 'multiprocessor_count': 82,
 'name': 'NVIDIA GeForce RTX 3090',
 'pci_bus_id': 1,
 'pci_device_id': 0,
 'unified_addressing': 1,
 'warp_size': 32}
====================================================================================================================================================================================================================================================
RANDOM WIRE FRAME WITH TOTAL OF POINTS (STATES): 4096
HEIGHTS IN[:5, :5]:
[[25.365894  20.296429  14.925921  10.320204   7.3313727]
 [29.068245   0.         0.         0.         0.       ]
 [30.553246   0.         0.         0.         0.       ]
 [29.360521   0.         0.         0.         0.       ]
 [25.516117   0.         0.         0.         0.       ]]
====================================================================================================================================================================================================================================================
CONTRACTION ITERATION APPROACH 3: sfwf_contraction_cuda_large_atomicmax...
---
REPETITION: 1/10:
SFWF CONTRACTION CUDA LARGE ATOMICMAX... [eps: 1e-06, lazy_stop_check: 100, tpb_side: 16]
[bpg: (4, 4), tpb: (16, 16)]
SFWF CONTRACTION CUDA LARGE ATOMICMAX DONE. [d_inf: 9.536743e-07, iterations: 9400, time: 0.5326454639434814 s]
---
REPETITION: 2/10:
SFWF CONTRACTION CUDA LARGE ATOMICMAX... [eps: 1e-06, lazy_stop_check: 100, tpb_side: 16]
[bpg: (4, 4), tpb: (16, 16)]
SFWF CONTRACTION CUDA LARGE ATOMICMAX DONE. [d_inf: 9.536743e-07, iterations: 9400, time: 0.5293269157409668 s]
---
REPETITION: 3/10:
SFWF CONTRACTION CUDA LARGE ATOMICMAX... [eps: 1e-06, lazy_stop_check: 100, tpb_side: 16]
[bpg: (4, 4), tpb: (16, 16)]
SFWF CONTRACTION CUDA LARGE ATOMICMAX DONE. [d_inf: 9.536743e-07, iterations: 9400, time: 0.5323278903961182 s]
---
REPETITION: 4/10:
SFWF CONTRACTION CUDA LARGE ATOMICMAX... [eps: 1e-06, lazy_stop_check: 100, tpb_side: 16]
[bpg: (4, 4), tpb: (16, 16)]
SFWF CONTRACTION CUDA LARGE ATOMICMAX DONE. [d_inf: 9.536743e-07, iterations: 9400, time: 0.529059648513794 s]
---
REPETITION: 5/10:
SFWF CONTRACTION CUDA LARGE ATOMICMAX... [eps: 1e-06, lazy_stop_check: 100, tpb_side: 16]
[bpg: (4, 4), tpb: (16, 16)]
SFWF CONTRACTION CUDA LARGE ATOMICMAX DONE. [d_inf: 9.536743e-07, iterations: 9400, time: 0.528327465057373 s]
---
REPETITION: 6/10:
SFWF CONTRACTION CUDA LARGE ATOMICMAX... [eps: 1e-06, lazy_stop_check: 100, tpb_side: 16]
[bpg: (4, 4), tpb: (16, 16)]
SFWF CONTRACTION CUDA LARGE ATOMICMAX DONE. [d_inf: 9.536743e-07, iterations: 9400, time: 0.5306591987609863 s]
---
REPETITION: 7/10:
SFWF CONTRACTION CUDA LARGE ATOMICMAX... [eps: 1e-06, lazy_stop_check: 100, tpb_side: 16]
[bpg: (4, 4), tpb: (16, 16)]
SFWF CONTRACTION CUDA LARGE ATOMICMAX DONE. [d_inf: 9.536743e-07, iterations: 9400, time: 0.5311152935028076 s]
---
REPETITION: 8/10:
SFWF CONTRACTION CUDA LARGE ATOMICMAX... [eps: 1e-06, lazy_stop_check: 100, tpb_side: 16]
[bpg: (4, 4), tpb: (16, 16)]
SFWF CONTRACTION CUDA LARGE ATOMICMAX DONE. [d_inf: 9.536743e-07, iterations: 9400, time: 0.5291447639465332 s]
---
REPETITION: 9/10:
SFWF CONTRACTION CUDA LARGE ATOMICMAX... [eps: 1e-06, lazy_stop_check: 100, tpb_side: 16]
[bpg: (4, 4), tpb: (16, 16)]
SFWF CONTRACTION CUDA LARGE ATOMICMAX DONE. [d_inf: 9.536743e-07, iterations: 9400, time: 0.5312557220458984 s]
---
REPETITION: 10/10:
SFWF CONTRACTION CUDA LARGE ATOMICMAX... [eps: 1e-06, lazy_stop_check: 100, tpb_side: 16]
[bpg: (4, 4), tpb: (16, 16)]
SFWF CONTRACTION CUDA LARGE ATOMICMAX DONE. [d_inf: 9.536743e-07, iterations: 9400, time: 0.5295145511627197 s]
***
SUMMARY:
HEIGHTS OUT[:5, :5]:
[[25.365894  20.296429  14.925921  10.320204   7.3313727]
 [29.068245  22.564266  17.283945  13.20249   10.526932 ]
 [30.553246  23.60845   18.443102  14.678881  12.190558 ]
 [29.360521  22.873186  18.201136  14.8793745 12.6591   ]
 [25.516117  20.322641  16.608881  13.978384  12.193586 ]]
D_INF OF HEIGHTS VS REF: 0.0
D_INF (AT STOP) MEAN: 9.5367431640625e-07
ITERATIONS MEAN: 9400.0
TIME MEAN: 0.5303376913070679 s, STD: 0.0014012217953199362 s, STD_%: 0.3%
SPEEDUP VS REF: 1.0
====================================================================================================================================================================================================================================================
MONTE CARLO APPROACH 2: sfwf_mc_cuda...
---
REPETITION: 1/10:
SFWF MC CUDA... [(i, j): (12, 36), wanted n_samples: 1.0e+09, seed: 0, rpt: 10, tpb: 128]
[min_n_generators: 100000000, bpg_walk: 781250]
[initialization of random generators...]
[initialization of random generators done; count: 100000000, memory: 1525.879 MiB, time: 13.318126916885376 s]
[random walks...; bpg_walk: 781250, tpb: 128]
[random walks done; time: 67.41487622261047 s]
[mean-reduction...; bpg: 1, tpb: 128]
[mean-reduction done; time: 0.003949642181396484 s]
SFWF MC CUDA DONE. [h_mean: 8.20357, T_mean: 750.7904052734375, n_samples de facto: 1.0e+09; time: 80.73709106445312 s, time without generators initalization: 67.41896414756775 s]
---
REPETITION: 2/10:
SFWF MC CUDA... [(i, j): (12, 36), wanted n_samples: 1.0e+09, seed: 0, rpt: 10, tpb: 128]
[min_n_generators: 100000000, bpg_walk: 781250]
[initialization of random generators...]
[initialization of random generators done; count: 100000000, memory: 1525.879 MiB, time: 12.77767038345337 s]
[random walks...; bpg_walk: 781250, tpb: 128]
[random walks done; time: 67.86922931671143 s]
[mean-reduction...; bpg: 1, tpb: 128]
[mean-reduction done; time: 0.003911495208740234 s]
SFWF MC CUDA DONE. [h_mean: 8.20357, T_mean: 750.7904052734375, n_samples de facto: 1.0e+09; time: 80.65095162391663 s, time without generators initalization: 67.87328124046326 s]
---
REPETITION: 3/10:
SFWF MC CUDA... [(i, j): (12, 36), wanted n_samples: 1.0e+09, seed: 0, rpt: 10, tpb: 128]
[min_n_generators: 100000000, bpg_walk: 781250]
[initialization of random generators...]
[initialization of random generators done; count: 100000000, memory: 1525.879 MiB, time: 12.732909917831421 s]
[random walks...; bpg_walk: 781250, tpb: 128]
[random walks done; time: 68.14074468612671 s]
[mean-reduction...; bpg: 1, tpb: 128]
[mean-reduction done; time: 0.003928422927856445 s]
SFWF MC CUDA DONE. [h_mean: 8.20357, T_mean: 750.7904052734375, n_samples de facto: 1.0e+09; time: 80.8777084350586 s, time without generators initalization: 68.14479851722717 s]
---
REPETITION: 4/10:
SFWF MC CUDA... [(i, j): (12, 36), wanted n_samples: 1.0e+09, seed: 0, rpt: 10, tpb: 128]
[min_n_generators: 100000000, bpg_walk: 781250]
[initialization of random generators...]
[initialization of random generators done; count: 100000000, memory: 1525.879 MiB, time: 12.753962993621826 s]
[random walks...; bpg_walk: 781250, tpb: 128]
[random walks done; time: 68.4187741279602 s]
[mean-reduction...; bpg: 1, tpb: 128]
[mean-reduction done; time: 0.003914356231689453 s]
SFWF MC CUDA DONE. [h_mean: 8.20357, T_mean: 750.7904052734375, n_samples de facto: 1.0e+09; time: 81.17677998542786 s, time without generators initalization: 68.42281699180603 s]
---
REPETITION: 5/10:
SFWF MC CUDA... [(i, j): (12, 36), wanted n_samples: 1.0e+09, seed: 0, rpt: 10, tpb: 128]
[min_n_generators: 100000000, bpg_walk: 781250]
[initialization of random generators...]
[initialization of random generators done; count: 100000000, memory: 1525.879 MiB, time: 12.757354497909546 s]
[random walks...; bpg_walk: 781250, tpb: 128]
[random walks done; time: 68.65413618087769 s]
[mean-reduction...; bpg: 1, tpb: 128]
[mean-reduction done; time: 0.003930568695068359 s]
SFWF MC CUDA DONE. [h_mean: 8.20357, T_mean: 750.7904052734375, n_samples de facto: 1.0e+09; time: 81.4155764579773 s, time without generators initalization: 68.65822196006775 s]
---
REPETITION: 6/10:
SFWF MC CUDA... [(i, j): (12, 36), wanted n_samples: 1.0e+09, seed: 0, rpt: 10, tpb: 128]
[min_n_generators: 100000000, bpg_walk: 781250]
[initialization of random generators...]
[initialization of random generators done; count: 100000000, memory: 1525.879 MiB, time: 12.751887321472168 s]
[random walks...; bpg_walk: 781250, tpb: 128]
[random walks done; time: 68.77705955505371 s]
[mean-reduction...; bpg: 1, tpb: 128]
[mean-reduction done; time: 0.003919363021850586 s]
SFWF MC CUDA DONE. [h_mean: 8.20357, T_mean: 750.7904052734375, n_samples de facto: 1.0e+09; time: 81.53299856185913 s, time without generators initalization: 68.78111124038696 s]
---
REPETITION: 7/10:
SFWF MC CUDA... [(i, j): (12, 36), wanted n_samples: 1.0e+09, seed: 0, rpt: 10, tpb: 128]
[min_n_generators: 100000000, bpg_walk: 781250]
[initialization of random generators...]
[initialization of random generators done; count: 100000000, memory: 1525.879 MiB, time: 12.75127124786377 s]
[random walks...; bpg_walk: 781250, tpb: 128]
[random walks done; time: 68.91653418540955 s]
[mean-reduction...; bpg: 1, tpb: 128]
[mean-reduction done; time: 0.003923654556274414 s]
SFWF MC CUDA DONE. [h_mean: 8.20357, T_mean: 750.7904052734375, n_samples de facto: 1.0e+09; time: 81.67186331748962 s, time without generators initalization: 68.92059206962585 s]
---
REPETITION: 8/10:
SFWF MC CUDA... [(i, j): (12, 36), wanted n_samples: 1.0e+09, seed: 0, rpt: 10, tpb: 128]
[min_n_generators: 100000000, bpg_walk: 781250]
[initialization of random generators...]
[initialization of random generators done; count: 100000000, memory: 1525.879 MiB, time: 12.759793281555176 s]
[random walks...; bpg_walk: 781250, tpb: 128]
[random walks done; time: 69.12987303733826 s]
[mean-reduction...; bpg: 1, tpb: 128]
[mean-reduction done; time: 0.003930091857910156 s]
SFWF MC CUDA DONE. [h_mean: 8.20357, T_mean: 750.7904052734375, n_samples de facto: 1.0e+09; time: 81.8937292098999 s, time without generators initalization: 69.13393592834473 s]
---
REPETITION: 9/10:
SFWF MC CUDA... [(i, j): (12, 36), wanted n_samples: 1.0e+09, seed: 0, rpt: 10, tpb: 128]
[min_n_generators: 100000000, bpg_walk: 781250]
[initialization of random generators...]
[initialization of random generators done; count: 100000000, memory: 1525.879 MiB, time: 12.75747561454773 s]
[random walks...; bpg_walk: 781250, tpb: 128]
[random walks done; time: 69.18720388412476 s]
[mean-reduction...; bpg: 1, tpb: 128]
[mean-reduction done; time: 0.0039141178131103516 s]
SFWF MC CUDA DONE. [h_mean: 8.20357, T_mean: 750.7904052734375, n_samples de facto: 1.0e+09; time: 81.94871664047241 s, time without generators initalization: 69.19124102592468 s]
---
REPETITION: 10/10:
SFWF MC CUDA... [(i, j): (12, 36), wanted n_samples: 1.0e+09, seed: 0, rpt: 10, tpb: 128]
[min_n_generators: 100000000, bpg_walk: 781250]
[initialization of random generators...]
[initialization of random generators done; count: 100000000, memory: 1525.879 MiB, time: 13.125818252563477 s]
[random walks...; bpg_walk: 781250, tpb: 128]
[random walks done; time: 69.23666787147522 s]
[mean-reduction...; bpg: 1, tpb: 128]
[mean-reduction done; time: 0.003942966461181641 s]
SFWF MC CUDA DONE. [h_mean: 8.20357, T_mean: 750.7904052734375, n_samples de facto: 1.0e+09; time: 82.36656308174133 s, time without generators initalization: 69.24074482917786 s]
***
SUMMARY:
COMPARISON OF SINGLE HEIGHT VS REF -> h_mean: 8.20357 VS contraction_ref_heights_out[i0, j0]: 8.203798, ABS DIFF: 2.2792816e-04]
TIME MEAN: 68.5785707950592 s, STD: 0.5780271408703829 s, STD_%: 0.8%
SPEEDUP VS REF: 1.0
====================================================================================================================================================================================================================================================
====================================================================================================================================================================================================================================================
FINAL SUMMARY:
CONTRACTION ITERATION APPROACH 1: sfwf_contraction_cpu_numpy OFF.
CONTRACTION ITERATION APPROACH 2: sfwf_contraction_cuda_small OFF.
CONTRACTION ITERATION APPROACH 3: sfwf_contraction_cuda_large_atomicmax (REFERENCE) -> MEAN ITERATIONS: 9400.0, MEAN D_INF: 9.5367431640625e-07, MEAN TIME: 0.5303376913070679 s, TIME STD: 0.0014012217953199362 s, STD_%: 0.3%, SPEED-UP: 1.00
CONTRACTION ITERATION APPROACH 4: sfwf_contraction_cuda_large_atomicmaxglosten OFF.
CONTRACTION ITERATION APPROACH 5: sfwf_contraction_cuda_large_hreducemax OFF.
CONTRACTION ITERATION APPROACH 6: sfwf_contraction_cuda_large_hreducemaxgs OFF.
CONTRACTION ITERATION APPROACH 7: sfwf_contraction_cuda_large_gridsync OFF.
MONTE CARLO APPROACH 1: sfwf_mc_cpu_numpy OFF.
MONTE CARLO APPROACH 2: sfwf_mc_cuda (REFERENCE) -> MEAN TIME: 68.5785707950592 s, TIME STD: 0.5780271408703829 s,  STD_%: 0.8%, SPEED-UP: 1.00
SOAP FILM IN A WIRE FRAME DONE. [hash string: 2289825224_43667_325_[7;20;5.0;64;True;1.0e-06;False;0;1e+09;(12,36)False;3;FFTFFFF;FT], time: 819.6146330833435]
