SOAP FILM IN A WIRE FRAME...
HASH STRING: 2426005656_48419_325_[7;20;5.0;64;True;1.0e-06;False;0;1e+03;(12,36)False;3;FFTFFFF;TT]
====================================================================================================================================================================================================================================================
EXPERIMENT INFO:
{
  SEED: 7,
  WF_FOURIER_N: 20,
  WF_FOURIER_AMPLITUDE: 5.0,
  WF_BORDER_N: 64,
  NUMPY_SINGLE_THREAD: True,
  CONTRACTION_EPS: 1e-06,
  CONTRACTION_PLOTS: False,
  MC_SEED: 0,
  MC_SAMPLES: 1000,
  MC_I0_J0: (12, 36),
  MC_EXAMPLE_PLOT: False,
  MC_EXAMPLE_PLOT_SAMPLES: 3,
  sfwf_contraction_cpu_numpy: (False, 'sfwf_contraction_cpu_numpy', 0, {}),
  sfwf_contraction_cuda_small: (False, 'sfwf_contraction_cuda_small', 0, {}),
  sfwf_contraction_cuda_large_atomicmax: (True, 'sfwf_contraction_cuda_large_atomicmax', 10, {'lazy_stop_check': 100, 'tpb_side': 16}),
  sfwf_contraction_cuda_large_atomicmaxglosten: (False, 'sfwf_contraction_cuda_large_atomicmaxglosten', 0, {}),
  sfwf_contraction_cuda_large_hreducemax: (False, 'sfwf_contraction_cuda_large_hreducemax', 0, {}),
  sfwf_contraction_cuda_large_hreducemaxgs: (False, 'sfwf_contraction_cuda_large_hreducemaxgs', 0, {}),
  sfwf_contraction_cuda_large_gridsync: (False, 'sfwf_contraction_cuda_large_gridsync', 0, {}),
  sfwf_mc_cpu_numpy: (True, 'sfwf_mc_cpu_numpy', 10, {'chunk_size': 1000}),
  sfwf_mc_cuda: (True, 'sfwf_mc_cuda', 10, {'rpt': 10, 'tpb': 128})
}
====================================================================================================================================================================================================================================================
CPU AND SYSTEM:
{'cpu_name': 'Intel(R) Core(TM) i7-10700 CPU @ 2.90GHz',
 'os_machine': 'x86_64',
 'os_name': 'Linux 6.8.0-90-generic',
 'os_version': '#91-Ubuntu SMP PREEMPT_DYNAMIC Tue Nov 18 14:14:30 UTC 2025',
 'ram_size': '125.7 GB'}
GPU:
{'async_engine_count': 2,
 'can_map_host_memory': 1,
 'compute_capability': ComputeCapability(major=8, minor=6),
 'cores_per_SM': 128,
 'cores_total': 10496,
 'max_block_dim_x': 1024,
 'max_block_dim_y': 1024,
 'max_block_dim_z': 64,
 'max_grid_dim_x': 2147483647,
 'max_grid_dim_y': 65535,
 'max_grid_dim_z': 65535,
 'max_shared_memory_per_block': 49152,
 'max_threads_per_block': 1024,
 'multiprocessor_count': 82,
 'name': 'NVIDIA GeForce RTX 3090',
 'pci_bus_id': 1,
 'pci_device_id': 0,
 'unified_addressing': 1,
 'warp_size': 32}
====================================================================================================================================================================================================================================================
RANDOM WIRE FRAME WITH TOTAL OF POINTS (STATES): 4096
HEIGHTS IN[:5, :5]:
[[25.365894  20.296429  14.925921  10.320204   7.3313727]
 [29.068245   0.         0.         0.         0.       ]
 [30.553246   0.         0.         0.         0.       ]
 [29.360521   0.         0.         0.         0.       ]
 [25.516117   0.         0.         0.         0.       ]]
====================================================================================================================================================================================================================================================
CONTRACTION ITERATION APPROACH 3: sfwf_contraction_cuda_large_atomicmax...
---
REPETITION: 1/10:
SFWF CONTRACTION CUDA LARGE ATOMICMAX... [eps: 1e-06, lazy_stop_check: 100, tpb_side: 16]
[bpg: (4, 4), tpb: (16, 16)]
SFWF CONTRACTION CUDA LARGE ATOMICMAX DONE. [d_inf: 9.536743e-07, iterations: 9400, time: 0.5161540508270264 s]
---
REPETITION: 2/10:
SFWF CONTRACTION CUDA LARGE ATOMICMAX... [eps: 1e-06, lazy_stop_check: 100, tpb_side: 16]
[bpg: (4, 4), tpb: (16, 16)]
SFWF CONTRACTION CUDA LARGE ATOMICMAX DONE. [d_inf: 9.536743e-07, iterations: 9400, time: 0.5201432704925537 s]
---
REPETITION: 3/10:
SFWF CONTRACTION CUDA LARGE ATOMICMAX... [eps: 1e-06, lazy_stop_check: 100, tpb_side: 16]
[bpg: (4, 4), tpb: (16, 16)]
SFWF CONTRACTION CUDA LARGE ATOMICMAX DONE. [d_inf: 9.536743e-07, iterations: 9400, time: 0.5195214748382568 s]
---
REPETITION: 4/10:
SFWF CONTRACTION CUDA LARGE ATOMICMAX... [eps: 1e-06, lazy_stop_check: 100, tpb_side: 16]
[bpg: (4, 4), tpb: (16, 16)]
SFWF CONTRACTION CUDA LARGE ATOMICMAX DONE. [d_inf: 9.536743e-07, iterations: 9400, time: 0.5145432949066162 s]
---
REPETITION: 5/10:
SFWF CONTRACTION CUDA LARGE ATOMICMAX... [eps: 1e-06, lazy_stop_check: 100, tpb_side: 16]
[bpg: (4, 4), tpb: (16, 16)]
SFWF CONTRACTION CUDA LARGE ATOMICMAX DONE. [d_inf: 9.536743e-07, iterations: 9400, time: 0.517380952835083 s]
---
REPETITION: 6/10:
SFWF CONTRACTION CUDA LARGE ATOMICMAX... [eps: 1e-06, lazy_stop_check: 100, tpb_side: 16]
[bpg: (4, 4), tpb: (16, 16)]
SFWF CONTRACTION CUDA LARGE ATOMICMAX DONE. [d_inf: 9.536743e-07, iterations: 9400, time: 0.5161294937133789 s]
---
REPETITION: 7/10:
SFWF CONTRACTION CUDA LARGE ATOMICMAX... [eps: 1e-06, lazy_stop_check: 100, tpb_side: 16]
[bpg: (4, 4), tpb: (16, 16)]
SFWF CONTRACTION CUDA LARGE ATOMICMAX DONE. [d_inf: 9.536743e-07, iterations: 9400, time: 0.518073320388794 s]
---
REPETITION: 8/10:
SFWF CONTRACTION CUDA LARGE ATOMICMAX... [eps: 1e-06, lazy_stop_check: 100, tpb_side: 16]
[bpg: (4, 4), tpb: (16, 16)]
SFWF CONTRACTION CUDA LARGE ATOMICMAX DONE. [d_inf: 9.536743e-07, iterations: 9400, time: 0.5158994197845459 s]
---
REPETITION: 9/10:
SFWF CONTRACTION CUDA LARGE ATOMICMAX... [eps: 1e-06, lazy_stop_check: 100, tpb_side: 16]
[bpg: (4, 4), tpb: (16, 16)]
SFWF CONTRACTION CUDA LARGE ATOMICMAX DONE. [d_inf: 9.536743e-07, iterations: 9400, time: 0.5170323848724365 s]
---
REPETITION: 10/10:
SFWF CONTRACTION CUDA LARGE ATOMICMAX... [eps: 1e-06, lazy_stop_check: 100, tpb_side: 16]
[bpg: (4, 4), tpb: (16, 16)]
SFWF CONTRACTION CUDA LARGE ATOMICMAX DONE. [d_inf: 9.536743e-07, iterations: 9400, time: 0.5159986019134521 s]
***
SUMMARY:
HEIGHTS OUT[:5, :5]:
[[25.365894  20.296429  14.925921  10.320204   7.3313727]
 [29.068245  22.564266  17.283945  13.20249   10.526932 ]
 [30.553246  23.60845   18.443102  14.678881  12.190558 ]
 [29.360521  22.873186  18.201136  14.8793745 12.6591   ]
 [25.516117  20.322641  16.608881  13.978384  12.193586 ]]
D_INF OF HEIGHTS VS REF: 0.0
D_INF (AT STOP) MEAN: 9.5367431640625e-07
ITERATIONS MEAN: 9400.0
TIME MEAN: 0.5170876264572144 s, STD: 0.001648704865685586 s, STD_%: 0.3%
SPEEDUP VS REF: 1.0
====================================================================================================================================================================================================================================================
MONTE CARLO APPROACH 1: sfwf_mc_cpu_numpy...
---
REPETITION: 1/10:
SFWF MC CPU NUMPY... [(i, j): (12, 36), n_samples: 1.0e+03, seed: 0, chunk_size: 1000]
[100/1000: border reached at t: 230, (i, j): (0, 28), h: -0.33135194; trajectory time: 5.1021575927734375e-05 s]
[200/1000: border reached at t: 584, (i, j): (23, 63), h: -4.441227; trajectory time: 8.797645568847656e-05 s]
[300/1000: border reached at t: 978, (i, j): (28, 0), h: 27.88532; trajectory time: 5.4836273193359375e-05 s]
[400/1000: border reached at t: 1537, (i, j): (0, 41), h: 10.9658165; trajectory time: 0.00010132789611816406 s]
[500/1000: border reached at t: 600, (i, j): (37, 63), h: 16.953314; trajectory time: 5.14984130859375e-05 s]
[600/1000: border reached at t: 2237, (i, j): (36, 63), h: 14.855178; trajectory time: 0.0001437664031982422 s]
[700/1000: border reached at t: 311, (i, j): (0, 41), h: 10.9658165; trajectory time: 5.4836273193359375e-05 s]
[800/1000: border reached at t: 1045, (i, j): (0, 55), h: -7.0011506; trajectory time: 9.846687316894531e-05 s]
[900/1000: border reached at t: 1015, (i, j): (63, 26), h: 4.984125; trajectory time: 9.751319885253906e-05 s]
[1000/1000: border reached at t: 935, (i, j): (26, 63), h: 1.5823361; trajectory time: 5.054473876953125e-05 s]
SFWF MC CPU NUMPY DONE. [h_mean: 8.167724, T_mean: 744.162; time: 0.07137346267700195 s]
---
REPETITION: 2/10:
SFWF MC CPU NUMPY... [(i, j): (12, 36), n_samples: 1.0e+03, seed: 0, chunk_size: 1000]
[100/1000: border reached at t: 230, (i, j): (0, 28), h: -0.33135194; trajectory time: 5.125999450683594e-05 s]
[200/1000: border reached at t: 584, (i, j): (23, 63), h: -4.441227; trajectory time: 5.125999450683594e-05 s]
[300/1000: border reached at t: 978, (i, j): (28, 0), h: 27.88532; trajectory time: 5.125999450683594e-05 s]
[400/1000: border reached at t: 1537, (i, j): (0, 41), h: 10.9658165; trajectory time: 9.775161743164062e-05 s]
[500/1000: border reached at t: 600, (i, j): (37, 63), h: 16.953314; trajectory time: 5.125999450683594e-05 s]
[600/1000: border reached at t: 2237, (i, j): (36, 63), h: 14.855178; trajectory time: 0.00014925003051757812 s]
[700/1000: border reached at t: 311, (i, j): (0, 41), h: 10.9658165; trajectory time: 5.054473876953125e-05 s]
[800/1000: border reached at t: 1045, (i, j): (0, 55), h: -7.0011506; trajectory time: 0.00010204315185546875 s]
[900/1000: border reached at t: 1015, (i, j): (63, 26), h: 4.984125; trajectory time: 0.00012803077697753906 s]
[1000/1000: border reached at t: 935, (i, j): (26, 63), h: 1.5823361; trajectory time: 5.054473876953125e-05 s]
SFWF MC CPU NUMPY DONE. [h_mean: 8.167724, T_mean: 744.162; time: 0.07130169868469238 s]
---
REPETITION: 3/10:
SFWF MC CPU NUMPY... [(i, j): (12, 36), n_samples: 1.0e+03, seed: 0, chunk_size: 1000]
[100/1000: border reached at t: 230, (i, j): (0, 28), h: -0.33135194; trajectory time: 5.1021575927734375e-05 s]
[200/1000: border reached at t: 584, (i, j): (23, 63), h: -4.441227; trajectory time: 5.078315734863281e-05 s]
[300/1000: border reached at t: 978, (i, j): (28, 0), h: 27.88532; trajectory time: 5.245208740234375e-05 s]
[400/1000: border reached at t: 1537, (i, j): (0, 41), h: 10.9658165; trajectory time: 9.846687316894531e-05 s]
[500/1000: border reached at t: 600, (i, j): (37, 63), h: 16.953314; trajectory time: 5.125999450683594e-05 s]
[600/1000: border reached at t: 2237, (i, j): (36, 63), h: 14.855178; trajectory time: 0.00014352798461914062 s]
[700/1000: border reached at t: 311, (i, j): (0, 41), h: 10.9658165; trajectory time: 5.078315734863281e-05 s]
[800/1000: border reached at t: 1045, (i, j): (0, 55), h: -7.0011506; trajectory time: 9.72747802734375e-05 s]
[900/1000: border reached at t: 1015, (i, j): (63, 26), h: 4.984125; trajectory time: 0.0001010894775390625 s]
[1000/1000: border reached at t: 935, (i, j): (26, 63), h: 1.5823361; trajectory time: 5.53131103515625e-05 s]
SFWF MC CPU NUMPY DONE. [h_mean: 8.167724, T_mean: 744.162; time: 0.07103085517883301 s]
---
REPETITION: 4/10:
SFWF MC CPU NUMPY... [(i, j): (12, 36), n_samples: 1.0e+03, seed: 0, chunk_size: 1000]
[100/1000: border reached at t: 230, (i, j): (0, 28), h: -0.33135194; trajectory time: 5.125999450683594e-05 s]
[200/1000: border reached at t: 584, (i, j): (23, 63), h: -4.441227; trajectory time: 5.054473876953125e-05 s]
[300/1000: border reached at t: 978, (i, j): (28, 0), h: 27.88532; trajectory time: 0.0001239776611328125 s]
[400/1000: border reached at t: 1537, (i, j): (0, 41), h: 10.9658165; trajectory time: 9.942054748535156e-05 s]
[500/1000: border reached at t: 600, (i, j): (37, 63), h: 16.953314; trajectory time: 5.14984130859375e-05 s]
[600/1000: border reached at t: 2237, (i, j): (36, 63), h: 14.855178; trajectory time: 0.00014781951904296875 s]
[700/1000: border reached at t: 311, (i, j): (0, 41), h: 10.9658165; trajectory time: 5.14984130859375e-05 s]
[800/1000: border reached at t: 1045, (i, j): (0, 55), h: -7.0011506; trajectory time: 9.799003601074219e-05 s]
[900/1000: border reached at t: 1015, (i, j): (63, 26), h: 4.984125; trajectory time: 9.703636169433594e-05 s]
[1000/1000: border reached at t: 935, (i, j): (26, 63), h: 1.5823361; trajectory time: 5.1021575927734375e-05 s]
SFWF MC CPU NUMPY DONE. [h_mean: 8.167724, T_mean: 744.162; time: 0.07061052322387695 s]
---
REPETITION: 5/10:
SFWF MC CPU NUMPY... [(i, j): (12, 36), n_samples: 1.0e+03, seed: 0, chunk_size: 1000]
[100/1000: border reached at t: 230, (i, j): (0, 28), h: -0.33135194; trajectory time: 5.14984130859375e-05 s]
[200/1000: border reached at t: 584, (i, j): (23, 63), h: -4.441227; trajectory time: 5.078315734863281e-05 s]
[300/1000: border reached at t: 978, (i, j): (28, 0), h: 27.88532; trajectory time: 5.125999450683594e-05 s]
[400/1000: border reached at t: 1537, (i, j): (0, 41), h: 10.9658165; trajectory time: 9.799003601074219e-05 s]
[500/1000: border reached at t: 600, (i, j): (37, 63), h: 16.953314; trajectory time: 5.173683166503906e-05 s]
[600/1000: border reached at t: 2237, (i, j): (36, 63), h: 14.855178; trajectory time: 0.00014448165893554688 s]
[700/1000: border reached at t: 311, (i, j): (0, 41), h: 10.9658165; trajectory time: 5.14984130859375e-05 s]
[800/1000: border reached at t: 1045, (i, j): (0, 55), h: -7.0011506; trajectory time: 9.894371032714844e-05 s]
[900/1000: border reached at t: 1015, (i, j): (63, 26), h: 4.984125; trajectory time: 0.00010275840759277344 s]
[1000/1000: border reached at t: 935, (i, j): (26, 63), h: 1.5823361; trajectory time: 5.4836273193359375e-05 s]
SFWF MC CPU NUMPY DONE. [h_mean: 8.167724, T_mean: 744.162; time: 0.07132291793823242 s]
---
REPETITION: 6/10:
SFWF MC CPU NUMPY... [(i, j): (12, 36), n_samples: 1.0e+03, seed: 0, chunk_size: 1000]
[100/1000: border reached at t: 230, (i, j): (0, 28), h: -0.33135194; trajectory time: 5.125999450683594e-05 s]
[200/1000: border reached at t: 584, (i, j): (23, 63), h: -4.441227; trajectory time: 5.1021575927734375e-05 s]
[300/1000: border reached at t: 978, (i, j): (28, 0), h: 27.88532; trajectory time: 5.14984130859375e-05 s]
[400/1000: border reached at t: 1537, (i, j): (0, 41), h: 10.9658165; trajectory time: 9.72747802734375e-05 s]
[500/1000: border reached at t: 600, (i, j): (37, 63), h: 16.953314; trajectory time: 5.054473876953125e-05 s]
[600/1000: border reached at t: 2237, (i, j): (36, 63), h: 14.855178; trajectory time: 0.00014925003051757812 s]
[700/1000: border reached at t: 311, (i, j): (0, 41), h: 10.9658165; trajectory time: 5.054473876953125e-05 s]
[800/1000: border reached at t: 1045, (i, j): (0, 55), h: -7.0011506; trajectory time: 0.00010538101196289062 s]
[900/1000: border reached at t: 1015, (i, j): (63, 26), h: 4.984125; trajectory time: 9.822845458984375e-05 s]
[1000/1000: border reached at t: 935, (i, j): (26, 63), h: 1.5823361; trajectory time: 5.125999450683594e-05 s]
SFWF MC CPU NUMPY DONE. [h_mean: 8.167724, T_mean: 744.162; time: 0.0707402229309082 s]
---
REPETITION: 7/10:
SFWF MC CPU NUMPY... [(i, j): (12, 36), n_samples: 1.0e+03, seed: 0, chunk_size: 1000]
[100/1000: border reached at t: 230, (i, j): (0, 28), h: -0.33135194; trajectory time: 5.173683166503906e-05 s]
[200/1000: border reached at t: 584, (i, j): (23, 63), h: -4.441227; trajectory time: 5.078315734863281e-05 s]
[300/1000: border reached at t: 978, (i, j): (28, 0), h: 27.88532; trajectory time: 5.4836273193359375e-05 s]
[400/1000: border reached at t: 1537, (i, j): (0, 41), h: 10.9658165; trajectory time: 0.00010251998901367188 s]
[500/1000: border reached at t: 600, (i, j): (37, 63), h: 16.953314; trajectory time: 5.1975250244140625e-05 s]
[600/1000: border reached at t: 2237, (i, j): (36, 63), h: 14.855178; trajectory time: 0.00014448165893554688 s]
[700/1000: border reached at t: 311, (i, j): (0, 41), h: 10.9658165; trajectory time: 5.054473876953125e-05 s]
[800/1000: border reached at t: 1045, (i, j): (0, 55), h: -7.0011506; trajectory time: 9.822845458984375e-05 s]
[900/1000: border reached at t: 1015, (i, j): (63, 26), h: 4.984125; trajectory time: 9.751319885253906e-05 s]
[1000/1000: border reached at t: 935, (i, j): (26, 63), h: 1.5823361; trajectory time: 5.078315734863281e-05 s]
SFWF MC CPU NUMPY DONE. [h_mean: 8.167724, T_mean: 744.162; time: 0.07062268257141113 s]
---
REPETITION: 8/10:
SFWF MC CPU NUMPY... [(i, j): (12, 36), n_samples: 1.0e+03, seed: 0, chunk_size: 1000]
[100/1000: border reached at t: 230, (i, j): (0, 28), h: -0.33135194; trajectory time: 5.173683166503906e-05 s]
[200/1000: border reached at t: 584, (i, j): (23, 63), h: -4.441227; trajectory time: 5.125999450683594e-05 s]
[300/1000: border reached at t: 978, (i, j): (28, 0), h: 27.88532; trajectory time: 5.1975250244140625e-05 s]
[400/1000: border reached at t: 1537, (i, j): (0, 41), h: 10.9658165; trajectory time: 9.775161743164062e-05 s]
[500/1000: border reached at t: 600, (i, j): (37, 63), h: 16.953314; trajectory time: 5.1021575927734375e-05 s]
[600/1000: border reached at t: 2237, (i, j): (36, 63), h: 14.855178; trajectory time: 0.00014448165893554688 s]
[700/1000: border reached at t: 311, (i, j): (0, 41), h: 10.9658165; trajectory time: 5.125999450683594e-05 s]
[800/1000: border reached at t: 1045, (i, j): (0, 55), h: -7.0011506; trajectory time: 9.775161743164062e-05 s]
[900/1000: border reached at t: 1015, (i, j): (63, 26), h: 4.984125; trajectory time: 9.751319885253906e-05 s]
[1000/1000: border reached at t: 935, (i, j): (26, 63), h: 1.5823361; trajectory time: 5.1021575927734375e-05 s]
SFWF MC CPU NUMPY DONE. [h_mean: 8.167724, T_mean: 744.162; time: 0.07058382034301758 s]
---
REPETITION: 9/10:
SFWF MC CPU NUMPY... [(i, j): (12, 36), n_samples: 1.0e+03, seed: 0, chunk_size: 1000]
[100/1000: border reached at t: 230, (i, j): (0, 28), h: -0.33135194; trajectory time: 5.221366882324219e-05 s]
[200/1000: border reached at t: 584, (i, j): (23, 63), h: -4.441227; trajectory time: 5.078315734863281e-05 s]
[300/1000: border reached at t: 978, (i, j): (28, 0), h: 27.88532; trajectory time: 5.173683166503906e-05 s]
[400/1000: border reached at t: 1537, (i, j): (0, 41), h: 10.9658165; trajectory time: 9.799003601074219e-05 s]
[500/1000: border reached at t: 600, (i, j): (37, 63), h: 16.953314; trajectory time: 5.1021575927734375e-05 s]
[600/1000: border reached at t: 2237, (i, j): (36, 63), h: 14.855178; trajectory time: 0.0001437664031982422 s]
[700/1000: border reached at t: 311, (i, j): (0, 41), h: 10.9658165; trajectory time: 5.1021575927734375e-05 s]
[800/1000: border reached at t: 1045, (i, j): (0, 55), h: -7.0011506; trajectory time: 9.72747802734375e-05 s]
[900/1000: border reached at t: 1015, (i, j): (63, 26), h: 4.984125; trajectory time: 9.846687316894531e-05 s]
[1000/1000: border reached at t: 935, (i, j): (26, 63), h: 1.5823361; trajectory time: 5.1021575927734375e-05 s]
SFWF MC CPU NUMPY DONE. [h_mean: 8.167724, T_mean: 744.162; time: 0.07099437713623047 s]
---
REPETITION: 10/10:
SFWF MC CPU NUMPY... [(i, j): (12, 36), n_samples: 1.0e+03, seed: 0, chunk_size: 1000]
[100/1000: border reached at t: 230, (i, j): (0, 28), h: -0.33135194; trajectory time: 5.14984130859375e-05 s]
[200/1000: border reached at t: 584, (i, j): (23, 63), h: -4.441227; trajectory time: 5.078315734863281e-05 s]
[300/1000: border reached at t: 978, (i, j): (28, 0), h: 27.88532; trajectory time: 5.1021575927734375e-05 s]
[400/1000: border reached at t: 1537, (i, j): (0, 41), h: 10.9658165; trajectory time: 9.799003601074219e-05 s]
[500/1000: border reached at t: 600, (i, j): (37, 63), h: 16.953314; trajectory time: 5.14984130859375e-05 s]
[600/1000: border reached at t: 2237, (i, j): (36, 63), h: 14.855178; trajectory time: 0.00014925003051757812 s]
[700/1000: border reached at t: 311, (i, j): (0, 41), h: 10.9658165; trajectory time: 5.078315734863281e-05 s]
[800/1000: border reached at t: 1045, (i, j): (0, 55), h: -7.0011506; trajectory time: 9.822845458984375e-05 s]
[900/1000: border reached at t: 1015, (i, j): (63, 26), h: 4.984125; trajectory time: 9.679794311523438e-05 s]
[1000/1000: border reached at t: 935, (i, j): (26, 63), h: 1.5823361; trajectory time: 5.14984130859375e-05 s]
SFWF MC CPU NUMPY DONE. [h_mean: 8.167724, T_mean: 744.162; time: 0.0704963207244873 s]
***
SUMMARY:
COMPARISON OF SINGLE HEIGHT VS REF -> h_mean: 8.167724 VS contraction_ref_heights_out[i0, j0]: 8.203798, ABS DIFF: 3.6074638e-02]
TIME MEAN: 0.07090768814086915 s, STD: 0.0003223328053015593 s, STD_%: 0.5%
SPEEDUP VS REF: 1.0
====================================================================================================================================================================================================================================================
MONTE CARLO APPROACH 2: sfwf_mc_cuda...
---
REPETITION: 1/10:
SFWF MC CUDA... [(i, j): (12, 36), wanted n_samples: 1.0e+03, seed: 0, rpt: 10, tpb: 128]
[min_n_generators: 100, bpg_walk: 1]
[initialization of random generators...]
[initialization of random generators done; count: 128, memory: 0.002 MiB, time: 0.5588631629943848 s]
[random walks...; bpg_walk: 1, tpb: 128]
[random walks done; time: 0.013929367065429688 s]
[mean-reduction...; bpg: 1, tpb: 128]
[mean-reduction done; time: 0.00017452239990234375 s]
SFWF MC CUDA DONE. [h_mean: 8.239985, T_mean: 770.9562377929688, n_samples de facto: 1.3e+03; time: 0.5730507373809814 s, time without generators initalization: 0.01418757438659668 s]
---
REPETITION: 2/10:
SFWF MC CUDA... [(i, j): (12, 36), wanted n_samples: 1.0e+03, seed: 0, rpt: 10, tpb: 128]
[min_n_generators: 100, bpg_walk: 1]
[initialization of random generators...]
[initialization of random generators done; count: 128, memory: 0.002 MiB, time: 0.00019073486328125 s]
[random walks...; bpg_walk: 1, tpb: 128]
[random walks done; time: 0.013949871063232422 s]
[mean-reduction...; bpg: 1, tpb: 128]
[mean-reduction done; time: 0.00013566017150878906 s]
SFWF MC CUDA DONE. [h_mean: 8.239985, T_mean: 770.9562377929688, n_samples de facto: 1.3e+03; time: 0.01433420181274414 s, time without generators initalization: 0.01414346694946289 s]
---
REPETITION: 3/10:
SFWF MC CUDA... [(i, j): (12, 36), wanted n_samples: 1.0e+03, seed: 0, rpt: 10, tpb: 128]
[min_n_generators: 100, bpg_walk: 1]
[initialization of random generators...]
[initialization of random generators done; count: 128, memory: 0.002 MiB, time: 0.0001811981201171875 s]
[random walks...; bpg_walk: 1, tpb: 128]
[random walks done; time: 0.013782739639282227 s]
[mean-reduction...; bpg: 1, tpb: 128]
[mean-reduction done; time: 0.00012993812561035156 s]
SFWF MC CUDA DONE. [h_mean: 8.239985, T_mean: 770.9562377929688, n_samples de facto: 1.3e+03; time: 0.014150381088256836 s, time without generators initalization: 0.013969182968139648 s]
---
REPETITION: 4/10:
SFWF MC CUDA... [(i, j): (12, 36), wanted n_samples: 1.0e+03, seed: 0, rpt: 10, tpb: 128]
[min_n_generators: 100, bpg_walk: 1]
[initialization of random generators...]
[initialization of random generators done; count: 128, memory: 0.002 MiB, time: 0.0001811981201171875 s]
[random walks...; bpg_walk: 1, tpb: 128]
[random walks done; time: 0.013951778411865234 s]
[mean-reduction...; bpg: 1, tpb: 128]
[mean-reduction done; time: 0.0001361370086669922 s]
SFWF MC CUDA DONE. [h_mean: 8.239985, T_mean: 770.9562377929688, n_samples de facto: 1.3e+03; time: 0.014325380325317383 s, time without generators initalization: 0.014144182205200195 s]
---
REPETITION: 5/10:
SFWF MC CUDA... [(i, j): (12, 36), wanted n_samples: 1.0e+03, seed: 0, rpt: 10, tpb: 128]
[min_n_generators: 100, bpg_walk: 1]
[initialization of random generators...]
[initialization of random generators done; count: 128, memory: 0.002 MiB, time: 0.00018215179443359375 s]
[random walks...; bpg_walk: 1, tpb: 128]
[random walks done; time: 0.013687372207641602 s]
[mean-reduction...; bpg: 1, tpb: 128]
[mean-reduction done; time: 0.00015592575073242188 s]
SFWF MC CUDA DONE. [h_mean: 8.239985, T_mean: 770.9562377929688, n_samples de facto: 1.3e+03; time: 0.014087438583374023 s, time without generators initalization: 0.01390528678894043 s]
---
REPETITION: 6/10:
SFWF MC CUDA... [(i, j): (12, 36), wanted n_samples: 1.0e+03, seed: 0, rpt: 10, tpb: 128]
[min_n_generators: 100, bpg_walk: 1]
[initialization of random generators...]
[initialization of random generators done; count: 128, memory: 0.002 MiB, time: 0.00025391578674316406 s]
[random walks...; bpg_walk: 1, tpb: 128]
[random walks done; time: 0.013829708099365234 s]
[mean-reduction...; bpg: 1, tpb: 128]
[mean-reduction done; time: 0.00012874603271484375 s]
SFWF MC CUDA DONE. [h_mean: 8.239985, T_mean: 770.9562377929688, n_samples de facto: 1.3e+03; time: 0.014268636703491211 s, time without generators initalization: 0.014014720916748047 s]
---
REPETITION: 7/10:
SFWF MC CUDA... [(i, j): (12, 36), wanted n_samples: 1.0e+03, seed: 0, rpt: 10, tpb: 128]
[min_n_generators: 100, bpg_walk: 1]
[initialization of random generators...]
[initialization of random generators done; count: 128, memory: 0.002 MiB, time: 0.00026416778564453125 s]
[random walks...; bpg_walk: 1, tpb: 128]
[random walks done; time: 0.013946056365966797 s]
[mean-reduction...; bpg: 1, tpb: 128]
[mean-reduction done; time: 0.0001342296600341797 s]
SFWF MC CUDA DONE. [h_mean: 8.239985, T_mean: 770.9562377929688, n_samples de facto: 1.3e+03; time: 0.014414787292480469 s, time without generators initalization: 0.014150619506835938 s]
---
REPETITION: 8/10:
SFWF MC CUDA... [(i, j): (12, 36), wanted n_samples: 1.0e+03, seed: 0, rpt: 10, tpb: 128]
[min_n_generators: 100, bpg_walk: 1]
[initialization of random generators...]
[initialization of random generators done; count: 128, memory: 0.002 MiB, time: 0.00017952919006347656 s]
[random walks...; bpg_walk: 1, tpb: 128]
[random walks done; time: 0.013673543930053711 s]
[mean-reduction...; bpg: 1, tpb: 128]
[mean-reduction done; time: 0.00012803077697753906 s]
SFWF MC CUDA DONE. [h_mean: 8.239985, T_mean: 770.9562377929688, n_samples de facto: 1.3e+03; time: 0.014035463333129883 s, time without generators initalization: 0.013855934143066406 s]
---
REPETITION: 9/10:
SFWF MC CUDA... [(i, j): (12, 36), wanted n_samples: 1.0e+03, seed: 0, rpt: 10, tpb: 128]
[min_n_generators: 100, bpg_walk: 1]
[initialization of random generators...]
[initialization of random generators done; count: 128, memory: 0.002 MiB, time: 0.000179290771484375 s]
[random walks...; bpg_walk: 1, tpb: 128]
[random walks done; time: 0.013854742050170898 s]
[mean-reduction...; bpg: 1, tpb: 128]
[mean-reduction done; time: 0.00012803077697753906 s]
SFWF MC CUDA DONE. [h_mean: 8.239985, T_mean: 770.9562377929688, n_samples de facto: 1.3e+03; time: 0.014216899871826172 s, time without generators initalization: 0.014037609100341797 s]
---
REPETITION: 10/10:
SFWF MC CUDA... [(i, j): (12, 36), wanted n_samples: 1.0e+03, seed: 0, rpt: 10, tpb: 128]
[min_n_generators: 100, bpg_walk: 1]
[initialization of random generators...]
[initialization of random generators done; count: 128, memory: 0.002 MiB, time: 0.0001773834228515625 s]
[random walks...; bpg_walk: 1, tpb: 128]
[random walks done; time: 0.01369166374206543 s]
[mean-reduction...; bpg: 1, tpb: 128]
[mean-reduction done; time: 0.0001308917999267578 s]
SFWF MC CUDA DONE. [h_mean: 8.239985, T_mean: 770.9562377929688, n_samples de facto: 1.3e+03; time: 0.014054298400878906 s, time without generators initalization: 0.013876914978027344 s]
***
SUMMARY:
COMPARISON OF SINGLE HEIGHT VS REF -> h_mean: 8.239985 VS contraction_ref_heights_out[i0, j0]: 8.203798, ABS DIFF: 3.6187172e-02]
TIME MEAN: 0.014028549194335938 s, STD: 0.00011770616833761438 s, STD_%: 0.8%
SPEEDUP VS REF: 5.054527532290959
====================================================================================================================================================================================================================================================
====================================================================================================================================================================================================================================================
FINAL SUMMARY:
CONTRACTION ITERATION APPROACH 1: sfwf_contraction_cpu_numpy OFF.
CONTRACTION ITERATION APPROACH 2: sfwf_contraction_cuda_small OFF.
CONTRACTION ITERATION APPROACH 3: sfwf_contraction_cuda_large_atomicmax (REFERENCE) -> MEAN ITERATIONS: 9400.0, MEAN D_INF: 9.5367431640625e-07, MEAN TIME: 0.5170876264572144 s, TIME STD: 0.001648704865685586 s, STD_%: 0.3%, SPEED-UP: 1.00
CONTRACTION ITERATION APPROACH 4: sfwf_contraction_cuda_large_atomicmaxglosten OFF.
CONTRACTION ITERATION APPROACH 5: sfwf_contraction_cuda_large_hreducemax OFF.
CONTRACTION ITERATION APPROACH 6: sfwf_contraction_cuda_large_hreducemaxgs OFF.
CONTRACTION ITERATION APPROACH 7: sfwf_contraction_cuda_large_gridsync OFF.
MONTE CARLO APPROACH 1: sfwf_mc_cpu_numpy (REFERENCE) -> MEAN TIME: 0.07090768814086915 s, TIME STD: 0.0003223328053015593 s,  STD_%: 0.5%, SPEED-UP: 1.00
MONTE CARLO APPROACH 2: sfwf_mc_cuda -> MEAN TIME: 0.014028549194335938 s, TIME STD: 0.00011770616833761438 s,  STD_%: 0.8%, SPEED-UP: 5.05
SOAP FILM IN A WIRE FRAME DONE. [hash string: 2426005656_48419_325_[7;20;5.0;64;True;1.0e-06;False;0;1e+03;(12,36)False;3;FFTFFFF;TT], time: 6.587358236312866]
