SOAP FILM IN A WIRE FRAME...
HASH STRING: 2449868380_54045_901_[7;20;5.0;317;True;0.0001;0;0;100000;FF]
====================================================================================================================================================================================================
EXPERIMENT INFO:
{
  SEED: 7,
  WF_FOURIER_N: 20,
  WF_FOURIER_AMPLITUDE: 5.0,
  WF_BORDER_N: 317,
  NUMPY_SINGLE_THREAD: True,
  CONTRACTION_EPS: 0.0001,
  MC_SEED_CPU_NUMPY: 0,
  MC_SEED_CUDA: 0,
  MC_SAMPLES: 100000,
  CPU_NUMPY: (True, <function sfwf_contraction_cpu_numpy at 0x7fb432e64f40>, 3, {}),
  CUDA_SMALL: (True, <function sfwf_contraction_cuda_small at 0x7fb432e651c0>, 3, {'tpb': 512}),
  CUDA_LARGE_ATOMICMAX: (True, <function sfwf_contraction_cuda_large_atomicmax at 0x7fb432e65300>, 3, {'lazy_stop_check': 100, 'tpb_side': 16}),
  CUDA_LARGE_ATOMICMAX_GLOBALMEM: (True, <function sfwf_contraction_cuda_large_atomicmax_globalmem at 0x7fb2243c0540>, 3, {'lazy_stop_check': 100, 'tpb_side': 16}),
  CUDA_LARGE_GRIDREDUCEMAX: (True, <function sfwf_contraction_cuda_large_gridreducemax at 0x7fb2243c3c40>, 3, {'lazy_stop_check': 100, 'tpb_side': 16, 'tpb_reduce': 512}),
  CUDA_LARGE_GRIDSYNC: (True, <function sfwf_contraction_cuda_large_gridsync at 0x7fb22443ea20>, 3, {'tpb_side': 16}),
  APPROACH_MC_CPU_NUMPY: False,
  APPROACH_MC_CUDA: False
}
====================================================================================================================================================================================================
CPU AND SYSTEM:
{'cpu_name': 'AMD Ryzen 9 9950X 16-Core Processor',
 'os_machine': 'x86_64',
 'os_name': 'Linux 6.14.0-37-generic',
 'os_version': '#37~24.04.1-Ubuntu SMP PREEMPT_DYNAMIC Thu Nov 20 10:25:38 UTC '
               '2',
 'ram_size': '123.4 GB'}
GPU:
{'async_engine_count': 2,
 'can_map_host_memory': 1,
 'compute_capability': ComputeCapability(major=12, minor=0),
 'cores_per_SM': 128,
 'cores_total': 21760,
 'max_block_dim_x': 1024,
 'max_block_dim_y': 1024,
 'max_block_dim_z': 64,
 'max_grid_dim_x': 2147483647,
 'max_grid_dim_y': 65535,
 'max_grid_dim_z': 65535,
 'max_shared_memory_per_block': 49152,
 'max_threads_per_block': 1024,
 'multiprocessor_count': 170,
 'name': 'NVIDIA GeForce RTX 5090',
 'pci_bus_id': 1,
 'pci_device_id': 0,
 'unified_addressing': 1,
 'warp_size': 32}
====================================================================================================================================================================================================
RANDOM WIRE FRAME WITH TOTAL OF POINTS (STATES): 100489
HEIGHTS IN[:5, :5]:
[[25.365894 24.432104 23.45143  22.432312 21.383413]
 [26.244633  0.        0.        0.        0.      ]
 [27.060524  0.        0.        0.        0.      ]
 [27.806177  0.        0.        0.        0.      ]
 [28.47468   0.        0.        0.        0.      ]]
====================================================================================================================================================================================================
CONTRACTION APPROACH 1: CPU_NUMPY...
---
REPETITION: 1/3:
SFWF CONTRACTION CPU NUMPY... [eps: 0.0001]
SFWF CONTRACTION CPU NUMPY DONE. [d_inf: 9.965896606445312e-05, iterations: 38235, time: 2.9381632804870605 s]
---
REPETITION: 2/3:
SFWF CONTRACTION CPU NUMPY... [eps: 0.0001]
SFWF CONTRACTION CPU NUMPY DONE. [d_inf: 9.965896606445312e-05, iterations: 38235, time: 2.924656391143799 s]
---
REPETITION: 3/3:
SFWF CONTRACTION CPU NUMPY... [eps: 0.0001]
SFWF CONTRACTION CPU NUMPY DONE. [d_inf: 9.965896606445312e-05, iterations: 38235, time: 2.948789596557617 s]
***
SUMMARY:
TIME MEAN: 2.9372030893961587 s, STD: 0.009875706762376492 s
D_INF OF HEIGHTS VS REF: 0.0
SPEEDUP VS REF: 1.0
HEIGHTS OUT[:5, :5]:
[[25.365894 24.432104 23.45143  22.432312 21.383413]
 [26.244633 25.142448 24.054836 22.967161 21.876564]
 [27.060524 25.838211 24.658314 23.504927 22.37066 ]
 [27.806177 26.491562 25.235275 24.023575 22.847942]
 [28.47468  27.086586 25.767649 24.506157 23.29365 ]]
====================================================================================================================================================================================================
CONTRACTION APPROACH 2: CUDA_SMALL...
[skipping this approach (too large WF_BORDER_N)]
====================================================================================================================================================================================================
CONTRACTION APPROACH 3: CUDA_LARGE_ATOMICMAX...
---
REPETITION: 1/3:
SFWF CONTRACTION CUDA LARGE ATOMICMAX... [eps: 0.0001, lazy_stop_check: 100, tpb_side: 16]
[bpg: (20, 20)]
SFWF CONTRACTION CUDA LARGE ATOMICMAX DONE. [d_inf: 9.918212890625e-05, iterations: 38300, time: 0.726309061050415 s]
---
REPETITION: 2/3:
SFWF CONTRACTION CUDA LARGE ATOMICMAX... [eps: 0.0001, lazy_stop_check: 100, tpb_side: 16]
[bpg: (20, 20)]
SFWF CONTRACTION CUDA LARGE ATOMICMAX DONE. [d_inf: 9.918212890625e-05, iterations: 38300, time: 0.724259614944458 s]
---
REPETITION: 3/3:
SFWF CONTRACTION CUDA LARGE ATOMICMAX... [eps: 0.0001, lazy_stop_check: 100, tpb_side: 16]
[bpg: (20, 20)]
SFWF CONTRACTION CUDA LARGE ATOMICMAX DONE. [d_inf: 9.918212890625e-05, iterations: 38300, time: 0.7240839004516602 s]
***
SUMMARY:
TIME MEAN: 0.7248841921488444 s, STD: 0.0010100849587178756 s
D_INF OF HEIGHTS VS REF: 0.006427764892578125
SPEEDUP VS REF: 4.051961846055883
HEIGHTS OUT[:5, :5]:
[[25.365894 24.432104 23.45143  22.432312 21.383413]
 [26.244633 25.142448 24.054838 22.967161 21.876564]
 [27.060524 25.838211 24.658314 23.504929 22.370663]
 [27.806177 26.491562 25.235275 24.023579 22.847946]
 [28.47468  27.086586 25.76765  24.50616  23.293657]]
====================================================================================================================================================================================================
CONTRACTION APPROACH 4: CUDA_LARGE_ATOMICMAX_GLOBALMEM...
---
REPETITION: 1/3:
SFWF CONTRACTION CUDA LARGE ATOMICMAX GLOBAL MEM... [eps: 0.0001, lazy_stop_check: 100, tpb_side: 16]
[bpg: (20, 20)]
SFWF CONTRACTION CUDA LARGE ATOMICMAX GLOBALMEM DONE. [d_inf: 9.918212890625e-05, iterations: 38300, time: 0.7237842082977295 s]
---
REPETITION: 2/3:
SFWF CONTRACTION CUDA LARGE ATOMICMAX GLOBAL MEM... [eps: 0.0001, lazy_stop_check: 100, tpb_side: 16]
[bpg: (20, 20)]
SFWF CONTRACTION CUDA LARGE ATOMICMAX GLOBALMEM DONE. [d_inf: 9.918212890625e-05, iterations: 38300, time: 0.72987961769104 s]
---
REPETITION: 3/3:
SFWF CONTRACTION CUDA LARGE ATOMICMAX GLOBAL MEM... [eps: 0.0001, lazy_stop_check: 100, tpb_side: 16]
[bpg: (20, 20)]
SFWF CONTRACTION CUDA LARGE ATOMICMAX GLOBALMEM DONE. [d_inf: 9.918212890625e-05, iterations: 38300, time: 0.7285199165344238 s]
***
SUMMARY:
TIME MEAN: 0.7273945808410645 s, STD: 0.0026125707945847875 s
D_INF OF HEIGHTS VS REF: 0.006427764892578125
SPEEDUP VS REF: 4.037977690182898
HEIGHTS OUT[:5, :5]:
[[25.365894 24.432104 23.45143  22.432312 21.383413]
 [26.244633 25.142448 24.054838 22.967161 21.876564]
 [27.060524 25.838211 24.658314 23.504929 22.370663]
 [27.806177 26.491562 25.235275 24.023579 22.847946]
 [28.47468  27.086586 25.76765  24.50616  23.293657]]
====================================================================================================================================================================================================
CONTRACTION APPROACH 5: CUDA_LARGE_GRIDREDUCEMAX...
---
REPETITION: 1/3:
SFWF CONTRACTION CUDA LARGE GRIDREDUCEMAX... [eps: 0.0001, lazy_stop_check: 100, tpb_side: 16, tpb_reduce: 512]
[bpg: (20, 20)]
SFWF ITERATE CONTRACTION CUDA LARGE GRIDREDUCEMAX DONE. [d_inf: 9.918212890625e-05, iterations: 38300, time: 1.0056557655334473 s]
---
REPETITION: 2/3:
SFWF CONTRACTION CUDA LARGE GRIDREDUCEMAX... [eps: 0.0001, lazy_stop_check: 100, tpb_side: 16, tpb_reduce: 512]
[bpg: (20, 20)]
SFWF ITERATE CONTRACTION CUDA LARGE GRIDREDUCEMAX DONE. [d_inf: 9.918212890625e-05, iterations: 38300, time: 1.00016450881958 s]
---
REPETITION: 3/3:
SFWF CONTRACTION CUDA LARGE GRIDREDUCEMAX... [eps: 0.0001, lazy_stop_check: 100, tpb_side: 16, tpb_reduce: 512]
[bpg: (20, 20)]
SFWF ITERATE CONTRACTION CUDA LARGE GRIDREDUCEMAX DONE. [d_inf: 9.918212890625e-05, iterations: 38300, time: 1.0049619674682617 s]
***
SUMMARY:
TIME MEAN: 1.0035940806070964 s, STD: 0.0024415583716292746 s
D_INF OF HEIGHTS VS REF: 0.006427764892578125
SPEEDUP VS REF: 2.926684349930979
HEIGHTS OUT[:5, :5]:
[[25.365894 24.432104 23.45143  22.432312 21.383413]
 [26.244633 25.142448 24.054838 22.967161 21.876564]
 [27.060524 25.838211 24.658314 23.504929 22.370663]
 [27.806177 26.491562 25.235275 24.023579 22.847946]
 [28.47468  27.086586 25.76765  24.50616  23.293657]]
====================================================================================================================================================================================================
CONTRACTION APPROACH 6: CUDA_LARGE_GRIDSYNC...
---
REPETITION: 1/3:
SFWF CONTRACTION CUDA LARGE GRIDSYNC... [eps: 0.0001, tpb_side: 16, assumed max_bpg_gridsync: None]
[wanted ideal bpg: (20, 20)]
[discovered max_bpg_gridsync: 340; time: 9.131431579589844e-05 s]
[bpg: (18, 18), ept: 4]
SFWF ITERATE CONTRACTION CUDA LARGE GRIDSYNC DONE. [d_inf: 9.965896606445312e-05, iterations: 38164, time: 0.6837465763092041 s]
---
REPETITION: 2/3:
SFWF CONTRACTION CUDA LARGE GRIDSYNC... [eps: 0.0001, tpb_side: 16, assumed max_bpg_gridsync: None]
[wanted ideal bpg: (20, 20)]
[discovered max_bpg_gridsync: 340; time: 4.363059997558594e-05 s]
[bpg: (18, 18), ept: 4]
SFWF ITERATE CONTRACTION CUDA LARGE GRIDSYNC DONE. [d_inf: 9.965896606445312e-05, iterations: 38292, time: 0.6541848182678223 s]
---
REPETITION: 3/3:
SFWF CONTRACTION CUDA LARGE GRIDSYNC... [eps: 0.0001, tpb_side: 16, assumed max_bpg_gridsync: None]
[wanted ideal bpg: (20, 20)]
[discovered max_bpg_gridsync: 340; time: 3.743171691894531e-05 s]
[bpg: (18, 18), ept: 4]
SFWF ITERATE CONTRACTION CUDA LARGE GRIDSYNC DONE. [d_inf: 9.965896606445312e-05, iterations: 38279, time: 0.655829906463623 s]
***
SUMMARY:
TIME MEAN: 0.6645871003468832 s, STD: 0.013564431875461571 s
D_INF OF HEIGHTS VS REF: 0.006219387054443359
SPEEDUP VS REF: 4.419590882614298
HEIGHTS OUT[:5, :5]:
[[25.365894 24.432104 23.45143  22.432312 21.383413]
 [26.244633 25.142448 24.054838 22.967161 21.876564]
 [27.060524 25.838211 24.658314 23.504929 22.370663]
 [27.806177 26.491562 25.235275 24.023577 22.847944]
 [28.47468  27.086586 25.767649 24.506157 23.293652]]
SOAP FILM IN A WIRE FRAME DONE [time: 18.17999029159546].
