SOAP FILM IN A WIRE FRAME...
HASH STRING: 2731929222_21319_901_[7;20;5.0;100;True;1.0e-04;False;0;1e+03;(12,36);False;3;TTTTTTTT;FF]
====================================================================================================================================================================================================================================================
EXPERIMENT INFO:
{
  SEED: 7,
  WF_FOURIER_N: 20,
  WF_FOURIER_AMPLITUDE: 5.0,
  WF_BORDER_N: 100,
  NUMPY_SINGLE_THREAD: True,
  CONTRACTION_EPS: 0.0001,
  CONTRACTION_PLOTS: False,
  MC_SEED: 0,
  MC_SAMPLES: 1000,
  MC_I0_J0: (12, 36),
  MC_EXAMPLE_PLOT: False,
  MC_EXAMPLE_PLOT_SAMPLES: 3,
  sfwf_contraction_cpu_numpy: (True, 'sfwf_contraction_cpu_numpy', 5, {}),
  sfwf_contraction_cpu_numba_parallel: (True, 'sfwf_contraction_cpu_numba_parallel', 5, {}),
  sfwf_contraction_cuda_small: (True, 'sfwf_contraction_cuda_small', 5, {'tpb': 512}),
  sfwf_contraction_cuda_large_atomicmax: (True, 'sfwf_contraction_cuda_large_atomicmax', 5, {'lazy_stop_check': 100, 'tpb_side': 16}),
  sfwf_contraction_cuda_large_atomicmaxglosten: (True, 'sfwf_contraction_cuda_large_atomicmaxglosten', 5, {'lazy_stop_check': 100, 'tpb_side': 16}),
  sfwf_contraction_cuda_large_hreducemax: (True, 'sfwf_contraction_cuda_large_hreducemax', 5, {'lazy_stop_check': 100, 'tpb_side': 16, 'tpb_reduce': 512}),
  sfwf_contraction_cuda_large_hreducemaxgs: (True, 'sfwf_contraction_cuda_large_hreducemaxgs', 5, {'lazy_stop_check': 100, 'tpb_side': 16, 'tpb_reduce': 512, 'cores': 21760}),
  sfwf_contraction_cuda_large_gridsync: (True, 'sfwf_contraction_cuda_large_gridsync', 5, {'tpb_side': 16}),
  sfwf_mc_cpu_numpy: (False, 'sfwf_mc_cpu_numpy', 0, {}),
  sfwf_mc_cuda: (False, 'sfwf_mc_cuda', 0, {})
}
====================================================================================================================================================================================================================================================
CPU AND SYSTEM:
{'cpu_name': 'AMD Ryzen 9 9950X 16-Core Processor',
 'os_machine': 'x86_64',
 'os_name': 'Linux 6.14.0-37-generic',
 'os_version': '#37~24.04.1-Ubuntu SMP PREEMPT_DYNAMIC Thu Nov 20 10:25:38 UTC '
               '2',
 'ram_size': '123.4 GB'}
GPU:
{'async_engine_count': 2,
 'can_map_host_memory': 1,
 'compute_capability': ComputeCapability(major=12, minor=0),
 'cores_per_SM': 128,
 'cores_total': 21760,
 'max_block_dim_x': 1024,
 'max_block_dim_y': 1024,
 'max_block_dim_z': 64,
 'max_grid_dim_x': 2147483647,
 'max_grid_dim_y': 65535,
 'max_grid_dim_z': 65535,
 'max_shared_memory_per_block': 49152,
 'max_threads_per_block': 1024,
 'multiprocessor_count': 170,
 'name': 'NVIDIA GeForce RTX 5090',
 'pci_bus_id': 1,
 'pci_device_id': 0,
 'unified_addressing': 1,
 'warp_size': 32}
====================================================================================================================================================================================================================================================
RANDOM WIRE FRAME WITH TOTAL OF POINTS (STATES): 10000
HEIGHTS IN[:5, :5]:
[[25.365894 22.23305  18.8149   15.397629 12.257225]
 [27.940697  0.        0.        0.        0.      ]
 [29.720734  0.        0.        0.        0.      ]
 [30.52531   0.        0.        0.        0.      ]
 [30.24473   0.        0.        0.        0.      ]]
====================================================================================================================================================================================================================================================
CONTRACTION ITERATION APPROACH 1: sfwf_contraction_cpu_numpy...
---
REPETITION: 1/5:
SFWF CONTRACTION CPU NUMPY... [eps: 0.0001]
SFWF CONTRACTION CPU NUMPY DONE. [d_inf: 9.918213e-05, iterations: 8365, time: 0.09754467010498047 s]
---
REPETITION: 2/5:
SFWF CONTRACTION CPU NUMPY... [eps: 0.0001]
SFWF CONTRACTION CPU NUMPY DONE. [d_inf: 9.918213e-05, iterations: 8365, time: 0.09669327735900879 s]
---
REPETITION: 3/5:
SFWF CONTRACTION CPU NUMPY... [eps: 0.0001]
SFWF CONTRACTION CPU NUMPY DONE. [d_inf: 9.918213e-05, iterations: 8365, time: 0.0961143970489502 s]
---
REPETITION: 4/5:
SFWF CONTRACTION CPU NUMPY... [eps: 0.0001]
SFWF CONTRACTION CPU NUMPY DONE. [d_inf: 9.918213e-05, iterations: 8365, time: 0.09665870666503906 s]
---
REPETITION: 5/5:
SFWF CONTRACTION CPU NUMPY... [eps: 0.0001]
SFWF CONTRACTION CPU NUMPY DONE. [d_inf: 9.918213e-05, iterations: 8365, time: 0.09596872329711914 s]
***
SUMMARY:
HEIGHTS OUT[:5, :5]:
[[25.365894  22.23305   18.8149    15.397629  12.257225 ]
 [27.940697  23.916712  20.2746    16.968445  14.0749855]
 [29.720734  25.218504  21.39834   18.126572  15.371559 ]
 [30.52531   25.838228  21.973686  18.767944  16.134872 ]
 [30.24473   25.635416  21.890236  18.836649  16.364376 ]]
D_INF OF HEIGHTS VS REF: 0.0
D_INF (AT STOP) MEAN: 9.918212890625e-05
ITERATIONS MEAN: 8365.0
TIME MEAN: 0.09659595489501953 s, STD: 0.0005547589445451719 s, STD_%: 0.6%
SPEEDUP VS REF: 1.0
====================================================================================================================================================================================================================================================
CONTRACTION ITERATION APPROACH 2: sfwf_contraction_cpu_numba_parallel...
---
REPETITION: 1/5:
SFWF CONTRACTION CPU NUMBA PARALLEL... [eps: 0.0001]
SFWF CONTRACTION CPU NUMBA PARALLEL. [d_inf: 9.918213e-05, iterations: 8365, time: 0.13567852973937988 s]
---
REPETITION: 2/5:
SFWF CONTRACTION CPU NUMBA PARALLEL... [eps: 0.0001]
SFWF CONTRACTION CPU NUMBA PARALLEL. [d_inf: 9.918213e-05, iterations: 8365, time: 0.10819792747497559 s]
---
REPETITION: 3/5:
SFWF CONTRACTION CPU NUMBA PARALLEL... [eps: 0.0001]
SFWF CONTRACTION CPU NUMBA PARALLEL. [d_inf: 9.918213e-05, iterations: 8365, time: 0.10870885848999023 s]
---
REPETITION: 4/5:
SFWF CONTRACTION CPU NUMBA PARALLEL... [eps: 0.0001]
SFWF CONTRACTION CPU NUMBA PARALLEL. [d_inf: 9.918213e-05, iterations: 8365, time: 0.10797357559204102 s]
---
REPETITION: 5/5:
SFWF CONTRACTION CPU NUMBA PARALLEL... [eps: 0.0001]
SFWF CONTRACTION CPU NUMBA PARALLEL. [d_inf: 9.918213e-05, iterations: 8365, time: 0.10909485816955566 s]
***
SUMMARY:
HEIGHTS OUT[:5, :5]:
[[25.365894  22.23305   18.8149    15.397629  12.257225 ]
 [27.940697  23.916712  20.2746    16.968445  14.0749855]
 [29.720734  25.218504  21.39834   18.126572  15.371559 ]
 [30.52531   25.838228  21.973686  18.767944  16.134872 ]
 [30.24473   25.635416  21.890236  18.836649  16.364376 ]]
D_INF OF HEIGHTS VS REF: 0.0
D_INF (AT STOP) MEAN: 9.918212890625e-05
ITERATIONS MEAN: 8365.0
TIME MEAN: 0.11393074989318848 s, STD: 0.010880929237532254 s, STD_%: 9.6%
SPEEDUP VS REF: 0.8478479689248026
====================================================================================================================================================================================================================================================
CONTRACTION ITERATION APPROACH 3: sfwf_contraction_cuda_small...
[skipping this approach (too large WF_BORDER_N)]
====================================================================================================================================================================================================================================================
CONTRACTION ITERATION APPROACH 4: sfwf_contraction_cuda_large_atomicmax...
---
REPETITION: 1/5:
SFWF CONTRACTION CUDA LARGE ATOMICMAX... [eps: 0.0001, lazy_stop_check: 100, tpb_side: 16]
[bpg: (7, 7), tpb: (16, 16)]
SFWF CONTRACTION CUDA LARGE ATOMICMAX DONE. [d_inf: 9.918213e-05, iterations: 8400, time: 0.15726184844970703 s]
---
REPETITION: 2/5:
SFWF CONTRACTION CUDA LARGE ATOMICMAX... [eps: 0.0001, lazy_stop_check: 100, tpb_side: 16]
[bpg: (7, 7), tpb: (16, 16)]
SFWF CONTRACTION CUDA LARGE ATOMICMAX DONE. [d_inf: 9.918213e-05, iterations: 8400, time: 0.15773606300354004 s]
---
REPETITION: 3/5:
SFWF CONTRACTION CUDA LARGE ATOMICMAX... [eps: 0.0001, lazy_stop_check: 100, tpb_side: 16]
[bpg: (7, 7), tpb: (16, 16)]
SFWF CONTRACTION CUDA LARGE ATOMICMAX DONE. [d_inf: 9.918213e-05, iterations: 8400, time: 0.1593639850616455 s]
---
REPETITION: 4/5:
SFWF CONTRACTION CUDA LARGE ATOMICMAX... [eps: 0.0001, lazy_stop_check: 100, tpb_side: 16]
[bpg: (7, 7), tpb: (16, 16)]
SFWF CONTRACTION CUDA LARGE ATOMICMAX DONE. [d_inf: 9.918213e-05, iterations: 8400, time: 0.15925168991088867 s]
---
REPETITION: 5/5:
SFWF CONTRACTION CUDA LARGE ATOMICMAX... [eps: 0.0001, lazy_stop_check: 100, tpb_side: 16]
[bpg: (7, 7), tpb: (16, 16)]
SFWF CONTRACTION CUDA LARGE ATOMICMAX DONE. [d_inf: 9.918213e-05, iterations: 8400, time: 0.1588432788848877 s]
***
SUMMARY:
HEIGHTS OUT[:5, :5]:
[[25.365894 22.23305  18.8149   15.397629 12.257225]
 [27.940697 23.916716 20.274605 16.968456 14.075   ]
 [29.720734 25.21851  21.398354 18.126593 15.371587]
 [30.52531  25.838238 21.973707 18.767975 16.134912]
 [30.24473  25.63543  21.890263 18.836689 16.364433]]
D_INF OF HEIGHTS VS REF: 0.0034322739
D_INF (AT STOP) MEAN: 9.918212890625e-05
ITERATIONS MEAN: 8400.0
TIME MEAN: 0.1584913730621338 s, STD: 0.0008420920587983908 s, STD_%: 0.5%
SPEEDUP VS REF: 0.6094713739223571
====================================================================================================================================================================================================================================================
CONTRACTION ITERATION APPROACH 5: sfwf_contraction_cuda_large_atomicmaxglosten...
---
REPETITION: 1/5:
SFWF CONTRACTION CUDA LARGE ATOMICMAXGLOSTEN... [eps: 0.0001, lazy_stop_check: 100, tpb_side: 16]
[bpg: (7, 7), tpb: (16, 16)]
SFWF CONTRACTION CUDA LARGE ATOMICMAXGLOSTEN DONE. [d_inf: 9.918213e-05, iterations: 8400, time: 0.15769076347351074 s]
---
REPETITION: 2/5:
SFWF CONTRACTION CUDA LARGE ATOMICMAXGLOSTEN... [eps: 0.0001, lazy_stop_check: 100, tpb_side: 16]
[bpg: (7, 7), tpb: (16, 16)]
SFWF CONTRACTION CUDA LARGE ATOMICMAXGLOSTEN DONE. [d_inf: 9.918213e-05, iterations: 8400, time: 0.15790843963623047 s]
---
REPETITION: 3/5:
SFWF CONTRACTION CUDA LARGE ATOMICMAXGLOSTEN... [eps: 0.0001, lazy_stop_check: 100, tpb_side: 16]
[bpg: (7, 7), tpb: (16, 16)]
SFWF CONTRACTION CUDA LARGE ATOMICMAXGLOSTEN DONE. [d_inf: 9.918213e-05, iterations: 8400, time: 0.15819144248962402 s]
---
REPETITION: 4/5:
SFWF CONTRACTION CUDA LARGE ATOMICMAXGLOSTEN... [eps: 0.0001, lazy_stop_check: 100, tpb_side: 16]
[bpg: (7, 7), tpb: (16, 16)]
SFWF CONTRACTION CUDA LARGE ATOMICMAXGLOSTEN DONE. [d_inf: 9.918213e-05, iterations: 8400, time: 0.15784597396850586 s]
---
REPETITION: 5/5:
SFWF CONTRACTION CUDA LARGE ATOMICMAXGLOSTEN... [eps: 0.0001, lazy_stop_check: 100, tpb_side: 16]
[bpg: (7, 7), tpb: (16, 16)]
SFWF CONTRACTION CUDA LARGE ATOMICMAXGLOSTEN DONE. [d_inf: 9.918213e-05, iterations: 8400, time: 0.15914416313171387 s]
***
SUMMARY:
HEIGHTS OUT[:5, :5]:
[[25.365894 22.23305  18.8149   15.397629 12.257225]
 [27.940697 23.916716 20.274605 16.968456 14.075   ]
 [29.720734 25.21851  21.398354 18.126593 15.371587]
 [30.52531  25.838238 21.973707 18.767975 16.134912]
 [30.24473  25.63543  21.890263 18.836689 16.364433]]
D_INF OF HEIGHTS VS REF: 0.0034322739
D_INF (AT STOP) MEAN: 9.918212890625e-05
ITERATIONS MEAN: 8400.0
TIME MEAN: 0.158156156539917 s, STD: 0.0005199172476306353 s, STD_%: 0.3%
SPEEDUP VS REF: 0.6107631660272403
====================================================================================================================================================================================================================================================
CONTRACTION ITERATION APPROACH 6: sfwf_contraction_cuda_large_hreducemax...
---
REPETITION: 1/5:
SFWF CONTRACTION CUDA LARGE HREDUCEMAX... [eps: 0.0001, lazy_stop_check: 100, tpb_side: 16, tpb_reduce: 512]
[job bpg: (7, 7), tpb: (16, 16)]
[reduce bpg: 1, tpb: 512]
SFWF ITERATE CONTRACTION CUDA LARGE HREDUCEMAX DONE. [d_inf: 9.918213e-05 iterations: 8400, time: 0.09970474243164062 s]
---
REPETITION: 2/5:
SFWF CONTRACTION CUDA LARGE HREDUCEMAX... [eps: 0.0001, lazy_stop_check: 100, tpb_side: 16, tpb_reduce: 512]
[job bpg: (7, 7), tpb: (16, 16)]
[reduce bpg: 1, tpb: 512]
SFWF ITERATE CONTRACTION CUDA LARGE HREDUCEMAX DONE. [d_inf: 9.918213e-05 iterations: 8400, time: 0.10013604164123535 s]
---
REPETITION: 3/5:
SFWF CONTRACTION CUDA LARGE HREDUCEMAX... [eps: 0.0001, lazy_stop_check: 100, tpb_side: 16, tpb_reduce: 512]
[job bpg: (7, 7), tpb: (16, 16)]
[reduce bpg: 1, tpb: 512]
SFWF ITERATE CONTRACTION CUDA LARGE HREDUCEMAX DONE. [d_inf: 9.918213e-05 iterations: 8400, time: 0.10029816627502441 s]
---
REPETITION: 4/5:
SFWF CONTRACTION CUDA LARGE HREDUCEMAX... [eps: 0.0001, lazy_stop_check: 100, tpb_side: 16, tpb_reduce: 512]
[job bpg: (7, 7), tpb: (16, 16)]
[reduce bpg: 1, tpb: 512]
SFWF ITERATE CONTRACTION CUDA LARGE HREDUCEMAX DONE. [d_inf: 9.918213e-05 iterations: 8400, time: 0.09996438026428223 s]
---
REPETITION: 5/5:
SFWF CONTRACTION CUDA LARGE HREDUCEMAX... [eps: 0.0001, lazy_stop_check: 100, tpb_side: 16, tpb_reduce: 512]
[job bpg: (7, 7), tpb: (16, 16)]
[reduce bpg: 1, tpb: 512]
SFWF ITERATE CONTRACTION CUDA LARGE HREDUCEMAX DONE. [d_inf: 9.918213e-05 iterations: 8400, time: 0.1001436710357666 s]
***
SUMMARY:
HEIGHTS OUT[:5, :5]:
[[25.365894 22.23305  18.8149   15.397629 12.257225]
 [27.940697 23.916716 20.274605 16.968456 14.075   ]
 [29.720734 25.21851  21.398354 18.126593 15.371587]
 [30.52531  25.838238 21.973707 18.767975 16.134912]
 [30.24473  25.63543  21.890263 18.836689 16.364433]]
D_INF OF HEIGHTS VS REF: 0.0034322739
D_INF (AT STOP) MEAN: 9.918212890625e-05
ITERATIONS MEAN: 8400.0
TIME MEAN: 0.10004940032958984 s, STD: 0.0002021364176284718 s, STD_%: 0.2%
SPEEDUP VS REF: 0.9654825973649644
====================================================================================================================================================================================================================================================
CONTRACTION ITERATION APPROACH 7: sfwf_contraction_cuda_large_hreducemaxgs...
---
REPETITION: 1/5:
SFWF CONTRACTION CUDA LARGE HREDUCEMAXGS... [eps: 0.0001, lazy_stop_check: 100, tpb_side: 16, tpb_reduce: 512, cores: 21760]
[job bpg: (7, 7), tpb: (16, 16)]
[reduce1 (grid-stride) bpg: 170, tpb: 128]
[reduce2 bpg: 1, tpb: 512]
SFWF ITERATE CONTRACTION CUDA LARGE HREDUCEMAXGS DONE. [d_inf: 9.918213e-05 iterations: 8400, time: 0.10111117362976074 s]
---
REPETITION: 2/5:
SFWF CONTRACTION CUDA LARGE HREDUCEMAXGS... [eps: 0.0001, lazy_stop_check: 100, tpb_side: 16, tpb_reduce: 512, cores: 21760]
[job bpg: (7, 7), tpb: (16, 16)]
[reduce1 (grid-stride) bpg: 170, tpb: 128]
[reduce2 bpg: 1, tpb: 512]
SFWF ITERATE CONTRACTION CUDA LARGE HREDUCEMAXGS DONE. [d_inf: 9.918213e-05 iterations: 8400, time: 0.10117459297180176 s]
---
REPETITION: 3/5:
SFWF CONTRACTION CUDA LARGE HREDUCEMAXGS... [eps: 0.0001, lazy_stop_check: 100, tpb_side: 16, tpb_reduce: 512, cores: 21760]
[job bpg: (7, 7), tpb: (16, 16)]
[reduce1 (grid-stride) bpg: 170, tpb: 128]
[reduce2 bpg: 1, tpb: 512]
SFWF ITERATE CONTRACTION CUDA LARGE HREDUCEMAXGS DONE. [d_inf: 9.918213e-05 iterations: 8400, time: 0.10114645957946777 s]
---
REPETITION: 4/5:
SFWF CONTRACTION CUDA LARGE HREDUCEMAXGS... [eps: 0.0001, lazy_stop_check: 100, tpb_side: 16, tpb_reduce: 512, cores: 21760]
[job bpg: (7, 7), tpb: (16, 16)]
[reduce1 (grid-stride) bpg: 170, tpb: 128]
[reduce2 bpg: 1, tpb: 512]
SFWF ITERATE CONTRACTION CUDA LARGE HREDUCEMAXGS DONE. [d_inf: 9.918213e-05 iterations: 8400, time: 0.10114741325378418 s]
---
REPETITION: 5/5:
SFWF CONTRACTION CUDA LARGE HREDUCEMAXGS... [eps: 0.0001, lazy_stop_check: 100, tpb_side: 16, tpb_reduce: 512, cores: 21760]
[job bpg: (7, 7), tpb: (16, 16)]
[reduce1 (grid-stride) bpg: 170, tpb: 128]
[reduce2 bpg: 1, tpb: 512]
SFWF ITERATE CONTRACTION CUDA LARGE HREDUCEMAXGS DONE. [d_inf: 9.918213e-05 iterations: 8400, time: 0.10112500190734863 s]
***
SUMMARY:
HEIGHTS OUT[:5, :5]:
[[25.365894 22.23305  18.8149   15.397629 12.257225]
 [27.940697 23.916716 20.274605 16.968456 14.075   ]
 [29.720734 25.21851  21.398354 18.126593 15.371587]
 [30.52531  25.838238 21.973707 18.767975 16.134912]
 [30.24473  25.63543  21.890263 18.836689 16.364433]]
D_INF OF HEIGHTS VS REF: 0.0034322739
D_INF (AT STOP) MEAN: 9.918212890625e-05
ITERATIONS MEAN: 8400.0
TIME MEAN: 0.10114092826843261 s, STD: 2.1656177823342427e-05 s, STD_%: 0.0%
SPEEDUP VS REF: 0.955062965594398
====================================================================================================================================================================================================================================================
CONTRACTION ITERATION APPROACH 8: sfwf_contraction_cuda_large_gridsync...
---
REPETITION: 1/5:
SFWF CONTRACTION CUDA LARGE GRIDSYNC... [eps: 0.0001, tpb_side: 16, assumed max_bpg_gridsync: None]
[wanted ideal bpg: (7, 7)]
[discovered max_bpg_gridsync: 340; time: 0.00010418891906738281 s]
[bpg: (7, 7), tpb: (16, 16), ept: 1]
SFWF ITERATE CONTRACTION CUDA LARGE GRIDSYNC DONE. [d_inf: 9.918213e-05, iterations: 8365, time: 0.041300296783447266 s]
---
REPETITION: 2/5:
SFWF CONTRACTION CUDA LARGE GRIDSYNC... [eps: 0.0001, tpb_side: 16, assumed max_bpg_gridsync: None]
[wanted ideal bpg: (7, 7)]
[discovered max_bpg_gridsync: 340; time: 3.933906555175781e-05 s]
[bpg: (7, 7), tpb: (16, 16), ept: 1]
SFWF ITERATE CONTRACTION CUDA LARGE GRIDSYNC DONE. [d_inf: 9.918213e-05, iterations: 8365, time: 0.04132866859436035 s]
---
REPETITION: 3/5:
SFWF CONTRACTION CUDA LARGE GRIDSYNC... [eps: 0.0001, tpb_side: 16, assumed max_bpg_gridsync: None]
[wanted ideal bpg: (7, 7)]
[discovered max_bpg_gridsync: 340; time: 3.337860107421875e-05 s]
[bpg: (7, 7), tpb: (16, 16), ept: 1]
SFWF ITERATE CONTRACTION CUDA LARGE GRIDSYNC DONE. [d_inf: 9.918213e-05, iterations: 8365, time: 0.04053997993469238 s]
---
REPETITION: 4/5:
SFWF CONTRACTION CUDA LARGE GRIDSYNC... [eps: 0.0001, tpb_side: 16, assumed max_bpg_gridsync: None]
[wanted ideal bpg: (7, 7)]
[discovered max_bpg_gridsync: 340; time: 3.1948089599609375e-05 s]
[bpg: (7, 7), tpb: (16, 16), ept: 1]
SFWF ITERATE CONTRACTION CUDA LARGE GRIDSYNC DONE. [d_inf: 9.918213e-05, iterations: 8365, time: 0.040169477462768555 s]
---
REPETITION: 5/5:
SFWF CONTRACTION CUDA LARGE GRIDSYNC... [eps: 0.0001, tpb_side: 16, assumed max_bpg_gridsync: None]
[wanted ideal bpg: (7, 7)]
[discovered max_bpg_gridsync: 340; time: 3.1948089599609375e-05 s]
[bpg: (7, 7), tpb: (16, 16), ept: 1]
SFWF ITERATE CONTRACTION CUDA LARGE GRIDSYNC DONE. [d_inf: 9.918213e-05, iterations: 8365, time: 0.041709184646606445 s]
***
SUMMARY:
HEIGHTS OUT[:5, :5]:
[[25.365894  22.23305   18.8149    15.397629  12.257225 ]
 [27.940697  23.916712  20.2746    16.968445  14.0749855]
 [29.720734  25.218504  21.39834   18.126572  15.371559 ]
 [30.52531   25.838228  21.973686  18.767944  16.134872 ]
 [30.24473   25.635416  21.890236  18.836649  16.364376 ]]
D_INF OF HEIGHTS VS REF: 0.0
D_INF (AT STOP) MEAN: 9.918212890625e-05
ITERATIONS MEAN: 8365.0
TIME MEAN: 0.041009521484375 s, STD: 0.0005660524565906162 s, STD_%: 1.4%
SPEEDUP VS REF: 2.3554518901622266
====================================================================================================================================================================================================================================================
====================================================================================================================================================================================================================================================
FINAL SUMMARY:
CONTRACTION ITERATION APPROACH 1: sfwf_contraction_cpu_numpy (REFERENCE) -> MEAN ITERATIONS: 8365.0, MEAN D_INF: 9.918212890625e-05, MEAN TIME: 0.09659595489501953 s, TIME STD: 0.0005547589445451719 s, STD_%: 0.6%, SPEED-UP: 1.00
CONTRACTION ITERATION APPROACH 2: sfwf_contraction_cpu_numba_parallel -> MEAN ITERATIONS: 8365.0, MEAN D_INF: 9.918212890625e-05, MEAN TIME: 0.11393074989318848 s, TIME STD: 0.010880929237532254 s, STD_%: 9.6%, SPEED-UP: 0.85
CONTRACTION ITERATION APPROACH 3: sfwf_contraction_cuda_small SKIPPED.
CONTRACTION ITERATION APPROACH 4: sfwf_contraction_cuda_large_atomicmax -> MEAN ITERATIONS: 8400.0, MEAN D_INF: 9.918212890625e-05, MEAN TIME: 0.1584913730621338 s, TIME STD: 0.0008420920587983908 s, STD_%: 0.5%, SPEED-UP: 0.61
CONTRACTION ITERATION APPROACH 5: sfwf_contraction_cuda_large_atomicmaxglosten -> MEAN ITERATIONS: 8400.0, MEAN D_INF: 9.918212890625e-05, MEAN TIME: 0.158156156539917 s, TIME STD: 0.0005199172476306353 s, STD_%: 0.3%, SPEED-UP: 0.61
CONTRACTION ITERATION APPROACH 6: sfwf_contraction_cuda_large_hreducemax -> MEAN ITERATIONS: 8400.0, MEAN D_INF: 9.918212890625e-05, MEAN TIME: 0.10004940032958984 s, TIME STD: 0.0002021364176284718 s, STD_%: 0.2%, SPEED-UP: 0.97
CONTRACTION ITERATION APPROACH 7: sfwf_contraction_cuda_large_hreducemaxgs -> MEAN ITERATIONS: 8400.0, MEAN D_INF: 9.918212890625e-05, MEAN TIME: 0.10114092826843261 s, TIME STD: 2.1656177823342427e-05 s, STD_%: 0.0%, SPEED-UP: 0.96
CONTRACTION ITERATION APPROACH 8: sfwf_contraction_cuda_large_gridsync -> MEAN ITERATIONS: 8365.0, MEAN D_INF: 9.918212890625e-05, MEAN TIME: 0.041009521484375 s, TIME STD: 0.0005660524565906162 s, STD_%: 1.4%, SPEED-UP: 2.36
MONTE CARLO APPROACH 1: sfwf_mc_cpu_numpy OFF.
MONTE CARLO APPROACH 2: sfwf_mc_cuda OFF.
SOAP FILM IN A WIRE FRAME DONE. [hash string: 2731929222_21319_901_[7;20;5.0;100;True;1.0e-04;False;0;1e+03;(12,36);False;3;TTTTTTTT;FF], time: 3.853022813796997]
