SOAP FILM IN A WIRE FRAME...
HASH STRING: 2799976048_30690_692_[7;20;5.0;64;True;1.0e-04;False;0;1.0e+04;False;3;TTTTTT;TT]
====================================================================================================================================================================================================
EXPERIMENT INFO:
{
  SEED: 7,
  WF_FOURIER_N: 20,
  WF_FOURIER_AMPLITUDE: 5.0,
  WF_BORDER_N: 64,
  NUMPY_SINGLE_THREAD: True,
  CONTRACTION_EPS: 0.0001,
  CONTRACTION_PLOTS: False,
  MC_SEED: 0,
  MC_SAMPLES: 10000,
  MC_EXAMPLE_PLOT: False,
  MC_EXAMPLE_PLOT_SAMPLES: 3,
  sfwf_contraction_cpu_numpy: (True, 'sfwf_contraction_cpu_numpy', 1, {}),
  sfwf_contraction_cuda_small: (False, 'sfwf_contraction_cuda_small', 0, {}),
  sfwf_contraction_cuda_large_atomicmax: (True, 'sfwf_contraction_cuda_large_atomicmax', 3, {'lazy_stop_check': 100, 'tpb_side': 16}),
  sfwf_contraction_cuda_large_atomicmax_globalmem: (False, 'sfwf_contraction_cuda_large_atomicmax_globalmem', 0, {}),
  sfwf_contraction_cuda_large_gridreducemax: (False, 'sfwf_contraction_cuda_large_gridreducemax', 0, {}),
  sfwf_contraction_cuda_large_gridsync: (False, 'sfwf_contraction_cuda_large_gridsync', 0, {}),
  sfwf_mc_cpu_numpy: (True, 'sfwf_mc_cpu_numpy', 1, {'i': 12, 'j': 36, 'n_samples': 10000, 'seed': 0, 'chunk_size': 250}),
  sfwf_mc_cuda: (True, 'sfwf_mc_cuda', 3, {'i': 12, 'j': 36, 'n_samples': 10000, 'seed': 0, 'rpt': 10, 'tpb': 64})
}
====================================================================================================================================================================================================
CPU AND SYSTEM:
{'cpu_name': 'Intel(R) Xeon(R) CPU E3-1505M v5 @ 2.80GHz',
 'os_machine': 'AMD64',
 'os_name': 'Windows 10',
 'os_version': '10.0.19045',
 'ram_size': '63.9 GB'}
GPU:
{'async_engine_count': 5,
 'can_map_host_memory': 1,
 'compute_capability': (5, 2),
 'cores_per_SM': 128,
 'cores_total': 1280,
 'max_block_dim_x': 1024,
 'max_block_dim_y': 1024,
 'max_block_dim_z': 64,
 'max_grid_dim_x': 2147483647,
 'max_grid_dim_y': 65535,
 'max_grid_dim_z': 65535,
 'max_shared_memory_per_block': 49152,
 'max_threads_per_block': 1024,
 'multiprocessor_count': 10,
 'name': 'Quadro M4000M',
 'pci_bus_id': 1,
 'pci_device_id': 0,
 'unified_addressing': 1,
 'warp_size': 32}
====================================================================================================================================================================================================
RANDOM WIRE FRAME WITH TOTAL OF POINTS (STATES): 4096
HEIGHTS IN[:5, :5]:
[[25.365894  20.296429  14.925921  10.320204   7.3313727]
 [29.068245   0.         0.         0.         0.       ]
 [30.553246   0.         0.         0.         0.       ]
 [29.360521   0.         0.         0.         0.       ]
 [25.516117   0.         0.         0.         0.       ]]
====================================================================================================================================================================================================
CONTRACTION ITERATION APPROACH 1: sfwf_contraction_cpu_numpy...
---
REPETITION: 1/1:
SFWF CONTRACTION CPU NUMPY... [eps: 0.0001]
SFWF CONTRACTION CPU NUMPY DONE. [d_inf: 9.918212890625e-05, iterations: 4113, time: 0.582495927810669 s]
***
SUMMARY:
HEIGHTS OUT[:5, :5]:
[[25.365894  20.296429  14.925921  10.320204   7.3313727]
 [29.068245  22.564072  17.283554  13.201903  10.526151 ]
 [30.553246  23.608059  18.44232   14.677709  12.188996 ]
 [29.360521  22.8726    18.199963  14.877619  12.656763 ]
 [25.516117  20.32186   16.607319  13.9760475 12.190479 ]]
D_INF OF HEIGHTS VS REF: 0.0
TIME MEAN: 0.582495927810669 s, STD: 0.0 s
SPEEDUP VS REF: 1.0
====================================================================================================================================================================================================
CONTRACTION ITERATION APPROACH 3: sfwf_contraction_cuda_large_atomicmax...
---
REPETITION: 1/3:
SFWF CONTRACTION CUDA LARGE ATOMICMAX... [eps: 0.0001, lazy_stop_check: 100, tpb_side: 16]
[bpg: (4, 4), tpb: (16, 16)]
SFWF CONTRACTION CUDA LARGE ATOMICMAX DONE. [d_inf: 8.96453857421875e-05, iterations: 4200, time: 0.566533088684082 s]
---
REPETITION: 2/3:
SFWF CONTRACTION CUDA LARGE ATOMICMAX... [eps: 0.0001, lazy_stop_check: 100, tpb_side: 16]
[bpg: (4, 4), tpb: (16, 16)]
SFWF CONTRACTION CUDA LARGE ATOMICMAX DONE. [d_inf: 8.96453857421875e-05, iterations: 4200, time: 0.5757956504821777 s]
---
REPETITION: 3/3:
SFWF CONTRACTION CUDA LARGE ATOMICMAX... [eps: 0.0001, lazy_stop_check: 100, tpb_side: 16]
[bpg: (4, 4), tpb: (16, 16)]
SFWF CONTRACTION CUDA LARGE ATOMICMAX DONE. [d_inf: 8.96453857421875e-05, iterations: 4200, time: 0.5844261646270752 s]
***
SUMMARY:
HEIGHTS OUT[:5, :5]:
[[25.365894  20.296429  14.925921  10.320204   7.3313727]
 [29.068245  22.56409   17.283594  13.201963  10.526232 ]
 [30.553246  23.608099  18.4424    14.67783   12.189158 ]
 [29.360521  22.87266   18.200085  14.877799  12.657004 ]
 [25.516117  20.321941  16.607481  13.976289  12.190799 ]]
D_INF OF HEIGHTS VS REF: 0.008157730102539062
TIME MEAN: 0.5755849679311117 s, STD: 0.0073063366118469595 s
SPEEDUP VS REF: 1.0120068456693685
====================================================================================================================================================================================================
MONTE CARLO APPROACH 1: sfwf_mc_cpu_numpy...
---
REPETITION: 1/1:
SFWF MC CPU NUMPY... [(i, j): (12, 36), n_samples: 1.0e+04, seed: 0, chunk_size: 250]
Gs[0]: -3.862499859781446e+29
Gs[0]: -3.8625e+29
heights[0, 0]: 25.365894317626953
heights[0, 0]: 25.365894
[1000/10000: border reached at t: 1143, (i, j): (18, 63), h: 1.503713607788086; trajectory time: 0.0 s]
[1000/10000: border reached at t: 1143, (i, j): (18, 63), h: 1.503713607788086; trajectory time: 0.0 s]
[2000/10000: border reached at t: 278, (i, j): (0, 56), h: -11.297013282775879; trajectory time: 0.0 s]
[2000/10000: border reached at t: 278, (i, j): (0, 56), h: -11.297013282775879; trajectory time: 0.0 s]
[3000/10000: border reached at t: 529, (i, j): (0, 43), h: 4.368560791015625; trajectory time: 0.0 s]
[3000/10000: border reached at t: 529, (i, j): (0, 43), h: 4.368560791015625; trajectory time: 0.0 s]
[4000/10000: border reached at t: 940, (i, j): (0, 20), h: -18.338449478149414; trajectory time: 0.0 s]
[4000/10000: border reached at t: 940, (i, j): (0, 20), h: -18.338449478149414; trajectory time: 0.0 s]
[5000/10000: border reached at t: 173, (i, j): (0, 43), h: 4.368560791015625; trajectory time: 0.0 s]
[5000/10000: border reached at t: 173, (i, j): (0, 43), h: 4.368560791015625; trajectory time: 0.0 s]
[6000/10000: border reached at t: 2172, (i, j): (0, 36), h: 25.331642150878906; trajectory time: 0.0 s]
[6000/10000: border reached at t: 2172, (i, j): (0, 36), h: 25.331642150878906; trajectory time: 0.0 s]
[7000/10000: border reached at t: 379, (i, j): (28, 63), h: 4.164595127105713; trajectory time: 0.0 s]
[7000/10000: border reached at t: 379, (i, j): (28, 63), h: 4.164595127105713; trajectory time: 0.0 s]
[8000/10000: border reached at t: 107, (i, j): (0, 37), h: 25.287673950195312; trajectory time: 0.0 s]
[8000/10000: border reached at t: 107, (i, j): (0, 37), h: 25.287673950195312; trajectory time: 0.0 s]
[9000/10000: border reached at t: 819, (i, j): (63, 36), h: 19.259029388427734; trajectory time: 0.0009970664978027344 s]
[9000/10000: border reached at t: 819, (i, j): (63, 36), h: 19.259029388427734; trajectory time: 0.0009970664978027344 s]
[10000/10000: border reached at t: 156, (i, j): (0, 30), h: 4.406864643096924; trajectory time: 0.0 s]
[10000/10000: border reached at t: 156, (i, j): (0, 30), h: 4.406864643096924; trajectory time: 0.0 s]
SFWF MC CPU NUMPY DONE. [h_mean: 8.06701374053955, T_mean: 748.5256; time: 1.7194218635559082 s]
***
SUMMARY:
COMPARISON OF SINGLE HEIGHT VS REF: contraction_ref_heights_out[i0, j0]=8.160212 vs h_mean=8.067014, ABS DIFF: 9.3197823e-02]
TIME MEAN: 1.7194218635559082 s, STD: 0.0 s
SPEEDUP VS REF: 1.0
====================================================================================================================================================================================================
MONTE CARLO APPROACH 2: sfwf_mc_cuda...
---
REPETITION: 1/3:
SFWF MC CUDA... [(i, j): (12, 36), wanted n_samples: 1.0e+04, seed: 0, rpt: 10, tpb: 64]
[min_n_generators: 1000, bpg_walk: 16]
[initialization of random generators...]
[initialization of random generators done; count: 1024, memory: 0.016 MiB, time: 1.1628923416137695 s]
[random walks...; bpg_walk: 16, tpb: 64]
[random walks done; time: 0.03091597557067871 s]
[mean-reduction...; bpg: 1, tpb: 64]
[mean-reduction done; time: 0.0009965896606445312 s]
SFWF MC CUDA DONE. [h_mean: 8.197234153747559, T_mean: 757.4837646484375, n_samples de facto: 1.0e+04; time: 1.1958026885986328 s, time without generators initalization: 0.03291034698486328 s]
---
REPETITION: 2/3:
SFWF MC CUDA... [(i, j): (12, 36), wanted n_samples: 1.0e+04, seed: 0, rpt: 10, tpb: 64]
[min_n_generators: 1000, bpg_walk: 16]
[initialization of random generators...]
[initialization of random generators done; count: 1024, memory: 0.016 MiB, time: 0.0 s]
[random walks...; bpg_walk: 16, tpb: 64]
[random walks done; time: 0.03193783760070801 s]
[mean-reduction...; bpg: 1, tpb: 64]
[mean-reduction done; time: 0.0009737014770507812 s]
SFWF MC CUDA DONE. [h_mean: 8.197234153747559, T_mean: 757.4837646484375, n_samples de facto: 1.0e+04; time: 0.03291153907775879 s, time without generators initalization: 0.03291153907775879 s]
---
REPETITION: 3/3:
SFWF MC CUDA... [(i, j): (12, 36), wanted n_samples: 1.0e+04, seed: 0, rpt: 10, tpb: 64]
[min_n_generators: 1000, bpg_walk: 16]
[initialization of random generators...]
[initialization of random generators done; count: 1024, memory: 0.016 MiB, time: 0.0009982585906982422 s]
[random walks...; bpg_walk: 16, tpb: 64]
[random walks done; time: 0.030915498733520508 s]
[mean-reduction...; bpg: 1, tpb: 64]
[mean-reduction done; time: 0.0 s]
SFWF MC CUDA DONE. [h_mean: 8.197234153747559, T_mean: 757.4837646484375, n_samples de facto: 1.0e+04; time: 0.03390979766845703 s, time without generators initalization: 0.03291153907775879 s]
***
SUMMARY:
COMPARISON OF SINGLE HEIGHT VS REF: contraction_ref_heights_out[i0, j0]=8.160212 vs h_mean=8.197234, ABS DIFF: 3.7022591e-02]
TIME MEAN: 0.03291114171346029 s, STD: 5.619579801452537e-07 s
SPEEDUP VS REF: 52.244369962184685
====================================================================================================================================================================================================
====================================================================================================================================================================================================
FINAL SUMMARY:
CONTRACTION ITERATION APPROACH 1: sfwf_contraction_cpu_numpy (REFERENCE) -> MEAN TIME: 0.582495927810669, STD: 0.0, SPEED-UP: 1.00
CONTRACTION ITERATION APPROACH 2: sfwf_contraction_cuda_small OFF.
CONTRACTION ITERATION APPROACH 3: sfwf_contraction_cuda_large_atomicmax -> MEAN TIME: 0.5755849679311117, STD: 0.0073063366118469595, SPEED-UP: 1.01
CONTRACTION ITERATION APPROACH 4: sfwf_contraction_cuda_large_atomicmax_globalmem OFF.
CONTRACTION ITERATION APPROACH 5: sfwf_contraction_cuda_large_gridreducemax OFF.
CONTRACTION ITERATION APPROACH 6: sfwf_contraction_cuda_large_gridsync OFF.
MONTE CARLO APPROACH 1: sfwf_mc_cpu_numpy (REFERENCE) -> MEAN TIME: 1.7194218635559082, STD: 0.0, SPEED-UP: 1.00
MONTE CARLO APPROACH 2: sfwf_mc_cuda -> MEAN TIME: 0.03291114171346029, STD: 5.619579801452537e-07, SPEED-UP: 52.24
SOAP FILM IN A WIRE FRAME DONE [time: 5.302281379699707].
