SOAP FILM IN A WIRE FRAME...
HASH STRING: 2805426126_19503_901_[7;20;5.0;64;True;1.0e-04;False;0;1e+03;(12,36);False;3;FFTFFFF;TT]
====================================================================================================================================================================================================================================================
EXPERIMENT INFO:
{
  SEED: 7,
  WF_FOURIER_N: 20,
  WF_FOURIER_AMPLITUDE: 5.0,
  WF_BORDER_N: 64,
  NUMPY_SINGLE_THREAD: True,
  CONTRACTION_EPS: 0.0001,
  CONTRACTION_PLOTS: False,
  MC_SEED: 0,
  MC_SAMPLES: 1000,
  MC_I0_J0: (12, 36),
  MC_EXAMPLE_PLOT: False,
  MC_EXAMPLE_PLOT_SAMPLES: 3,
  sfwf_contraction_cpu_numpy: (False, 'sfwf_contraction_cpu_numpy', 0, {}),
  sfwf_contraction_cuda_small: (False, 'sfwf_contraction_cuda_small', 0, {}),
  sfwf_contraction_cuda_large_atomicmax: (True, 'sfwf_contraction_cuda_large_atomicmax', 10, {'lazy_stop_check': 100, 'tpb_side': 16}),
  sfwf_contraction_cuda_large_atomicmaxglosten: (False, 'sfwf_contraction_cuda_large_atomicmaxglosten', 0, {}),
  sfwf_contraction_cuda_large_hreducemax: (False, 'sfwf_contraction_cuda_large_hreducemax', 0, {}),
  sfwf_contraction_cuda_large_hreducemaxgs: (False, 'sfwf_contraction_cuda_large_hreducemaxgs', 0, {}),
  sfwf_contraction_cuda_large_gridsync: (False, 'sfwf_contraction_cuda_large_gridsync', 0, {}),
  sfwf_mc_cpu_numpy: (True, 'sfwf_mc_cpu_numpy', 10, {'chunk_size': 1000}),
  sfwf_mc_cuda: (True, 'sfwf_mc_cuda', 10, {'rpt': 10, 'tpb': 128})
}
====================================================================================================================================================================================================================================================
CPU AND SYSTEM:
{'cpu_name': 'AMD Ryzen 9 9950X 16-Core Processor',
 'os_machine': 'x86_64',
 'os_name': 'Linux 6.14.0-37-generic',
 'os_version': '#37~24.04.1-Ubuntu SMP PREEMPT_DYNAMIC Thu Nov 20 10:25:38 UTC '
               '2',
 'ram_size': '123.4 GB'}
GPU:
{'async_engine_count': 2,
 'can_map_host_memory': 1,
 'compute_capability': ComputeCapability(major=12, minor=0),
 'cores_per_SM': 128,
 'cores_total': 21760,
 'max_block_dim_x': 1024,
 'max_block_dim_y': 1024,
 'max_block_dim_z': 64,
 'max_grid_dim_x': 2147483647,
 'max_grid_dim_y': 65535,
 'max_grid_dim_z': 65535,
 'max_shared_memory_per_block': 49152,
 'max_threads_per_block': 1024,
 'multiprocessor_count': 170,
 'name': 'NVIDIA GeForce RTX 5090',
 'pci_bus_id': 1,
 'pci_device_id': 0,
 'unified_addressing': 1,
 'warp_size': 32}
====================================================================================================================================================================================================================================================
RANDOM WIRE FRAME WITH TOTAL OF POINTS (STATES): 4096
HEIGHTS IN[:5, :5]:
[[25.365894  20.296429  14.925921  10.320204   7.3313727]
 [29.068245   0.         0.         0.         0.       ]
 [30.553246   0.         0.         0.         0.       ]
 [29.360521   0.         0.         0.         0.       ]
 [25.516117   0.         0.         0.         0.       ]]
====================================================================================================================================================================================================================================================
CONTRACTION ITERATION APPROACH 3: sfwf_contraction_cuda_large_atomicmax...
---
REPETITION: 1/10:
SFWF CONTRACTION CUDA LARGE ATOMICMAX... [eps: 0.0001, lazy_stop_check: 100, tpb_side: 16]
[bpg: (4, 4), tpb: (16, 16)]
SFWF CONTRACTION CUDA LARGE ATOMICMAX DONE. [d_inf: 8.9645386e-05, iterations: 4200, time: 0.07874298095703125 s]
---
REPETITION: 2/10:
SFWF CONTRACTION CUDA LARGE ATOMICMAX... [eps: 0.0001, lazy_stop_check: 100, tpb_side: 16]
[bpg: (4, 4), tpb: (16, 16)]
SFWF CONTRACTION CUDA LARGE ATOMICMAX DONE. [d_inf: 8.9645386e-05, iterations: 4200, time: 0.07930231094360352 s]
---
REPETITION: 3/10:
SFWF CONTRACTION CUDA LARGE ATOMICMAX... [eps: 0.0001, lazy_stop_check: 100, tpb_side: 16]
[bpg: (4, 4), tpb: (16, 16)]
SFWF CONTRACTION CUDA LARGE ATOMICMAX DONE. [d_inf: 8.9645386e-05, iterations: 4200, time: 0.07910895347595215 s]
---
REPETITION: 4/10:
SFWF CONTRACTION CUDA LARGE ATOMICMAX... [eps: 0.0001, lazy_stop_check: 100, tpb_side: 16]
[bpg: (4, 4), tpb: (16, 16)]
SFWF CONTRACTION CUDA LARGE ATOMICMAX DONE. [d_inf: 8.9645386e-05, iterations: 4200, time: 0.0795600414276123 s]
---
REPETITION: 5/10:
SFWF CONTRACTION CUDA LARGE ATOMICMAX... [eps: 0.0001, lazy_stop_check: 100, tpb_side: 16]
[bpg: (4, 4), tpb: (16, 16)]
SFWF CONTRACTION CUDA LARGE ATOMICMAX DONE. [d_inf: 8.9645386e-05, iterations: 4200, time: 0.08001065254211426 s]
---
REPETITION: 6/10:
SFWF CONTRACTION CUDA LARGE ATOMICMAX... [eps: 0.0001, lazy_stop_check: 100, tpb_side: 16]
[bpg: (4, 4), tpb: (16, 16)]
SFWF CONTRACTION CUDA LARGE ATOMICMAX DONE. [d_inf: 8.9645386e-05, iterations: 4200, time: 0.07938051223754883 s]
---
REPETITION: 7/10:
SFWF CONTRACTION CUDA LARGE ATOMICMAX... [eps: 0.0001, lazy_stop_check: 100, tpb_side: 16]
[bpg: (4, 4), tpb: (16, 16)]
SFWF CONTRACTION CUDA LARGE ATOMICMAX DONE. [d_inf: 8.9645386e-05, iterations: 4200, time: 0.07968473434448242 s]
---
REPETITION: 8/10:
SFWF CONTRACTION CUDA LARGE ATOMICMAX... [eps: 0.0001, lazy_stop_check: 100, tpb_side: 16]
[bpg: (4, 4), tpb: (16, 16)]
SFWF CONTRACTION CUDA LARGE ATOMICMAX DONE. [d_inf: 8.9645386e-05, iterations: 4200, time: 0.07952237129211426 s]
---
REPETITION: 9/10:
SFWF CONTRACTION CUDA LARGE ATOMICMAX... [eps: 0.0001, lazy_stop_check: 100, tpb_side: 16]
[bpg: (4, 4), tpb: (16, 16)]
SFWF CONTRACTION CUDA LARGE ATOMICMAX DONE. [d_inf: 8.9645386e-05, iterations: 4200, time: 0.08005762100219727 s]
---
REPETITION: 10/10:
SFWF CONTRACTION CUDA LARGE ATOMICMAX... [eps: 0.0001, lazy_stop_check: 100, tpb_side: 16]
[bpg: (4, 4), tpb: (16, 16)]
SFWF CONTRACTION CUDA LARGE ATOMICMAX DONE. [d_inf: 8.9645386e-05, iterations: 4200, time: 0.07917022705078125 s]
***
SUMMARY:
HEIGHTS OUT[:5, :5]:
[[25.365894  20.296429  14.925921  10.320204   7.3313727]
 [29.068245  22.56409   17.283594  13.201963  10.526232 ]
 [30.553246  23.608099  18.4424    14.67783   12.189158 ]
 [29.360521  22.87266   18.200085  14.877799  12.657004 ]
 [25.516117  20.321941  16.607481  13.976289  12.190799 ]]
D_INF OF HEIGHTS VS REF: 0.0
D_INF (AT STOP) MEAN: 8.96453857421875e-05
ITERATIONS MEAN: 4200.0
TIME MEAN: 0.07945404052734376 s, STD: 0.0003843072204865461 s, STD_%: 0.5%
SPEEDUP VS REF: 1.0
====================================================================================================================================================================================================================================================
MONTE CARLO APPROACH 1: sfwf_mc_cpu_numpy...
---
REPETITION: 1/10:
SFWF MC CPU NUMPY... [(i, j): (12, 36), n_samples: 1.0e+03, seed: 0, chunk_size: 1000]
[100/1000: border reached at t: 230, (i, j): (0, 28), h: -0.33135194; trajectory time: 2.1457672119140625e-05 s]
[200/1000: border reached at t: 584, (i, j): (23, 63), h: -4.441227; trajectory time: 2.09808349609375e-05 s]
[300/1000: border reached at t: 978, (i, j): (28, 0), h: 27.88532; trajectory time: 2.1457672119140625e-05 s]
[400/1000: border reached at t: 1537, (i, j): (0, 41), h: 10.9658165; trajectory time: 4.267692565917969e-05 s]
[500/1000: border reached at t: 600, (i, j): (37, 63), h: 16.953314; trajectory time: 2.1219253540039062e-05 s]
[600/1000: border reached at t: 2237, (i, j): (36, 63), h: 14.855178; trajectory time: 6.151199340820312e-05 s]
[700/1000: border reached at t: 311, (i, j): (0, 41), h: 10.9658165; trajectory time: 2.09808349609375e-05 s]
[800/1000: border reached at t: 1045, (i, j): (0, 55), h: -7.0011506; trajectory time: 4.1484832763671875e-05 s]
[900/1000: border reached at t: 1015, (i, j): (63, 26), h: 4.984125; trajectory time: 4.172325134277344e-05 s]
[1000/1000: border reached at t: 935, (i, j): (26, 63), h: 1.5823361; trajectory time: 2.09808349609375e-05 s]
SFWF MC CPU NUMPY DONE. [h_mean: 8.167724, T_mean: 744.162; time: 0.02926802635192871 s]
---
REPETITION: 2/10:
SFWF MC CPU NUMPY... [(i, j): (12, 36), n_samples: 1.0e+03, seed: 0, chunk_size: 1000]
[100/1000: border reached at t: 230, (i, j): (0, 28), h: -0.33135194; trajectory time: 2.1696090698242188e-05 s]
[200/1000: border reached at t: 584, (i, j): (23, 63), h: -4.441227; trajectory time: 2.09808349609375e-05 s]
[300/1000: border reached at t: 978, (i, j): (28, 0), h: 27.88532; trajectory time: 2.1219253540039062e-05 s]
[400/1000: border reached at t: 1537, (i, j): (0, 41), h: 10.9658165; trajectory time: 4.124641418457031e-05 s]
[500/1000: border reached at t: 600, (i, j): (37, 63), h: 16.953314; trajectory time: 2.1219253540039062e-05 s]
[600/1000: border reached at t: 2237, (i, j): (36, 63), h: 14.855178; trajectory time: 6.365776062011719e-05 s]
[700/1000: border reached at t: 311, (i, j): (0, 41), h: 10.9658165; trajectory time: 2.1219253540039062e-05 s]
[800/1000: border reached at t: 1045, (i, j): (0, 55), h: -7.0011506; trajectory time: 4.172325134277344e-05 s]
[900/1000: border reached at t: 1015, (i, j): (63, 26), h: 4.984125; trajectory time: 4.1484832763671875e-05 s]
[1000/1000: border reached at t: 935, (i, j): (26, 63), h: 1.5823361; trajectory time: 2.1219253540039062e-05 s]
SFWF MC CPU NUMPY DONE. [h_mean: 8.167724, T_mean: 744.162; time: 0.029301881790161133 s]
---
REPETITION: 3/10:
SFWF MC CPU NUMPY... [(i, j): (12, 36), n_samples: 1.0e+03, seed: 0, chunk_size: 1000]
[100/1000: border reached at t: 230, (i, j): (0, 28), h: -0.33135194; trajectory time: 2.1696090698242188e-05 s]
[200/1000: border reached at t: 584, (i, j): (23, 63), h: -4.441227; trajectory time: 2.1219253540039062e-05 s]
[300/1000: border reached at t: 978, (i, j): (28, 0), h: 27.88532; trajectory time: 2.1219253540039062e-05 s]
[400/1000: border reached at t: 1537, (i, j): (0, 41), h: 10.9658165; trajectory time: 4.1484832763671875e-05 s]
[500/1000: border reached at t: 600, (i, j): (37, 63), h: 16.953314; trajectory time: 2.1457672119140625e-05 s]
[600/1000: border reached at t: 2237, (i, j): (36, 63), h: 14.855178; trajectory time: 6.175041198730469e-05 s]
[700/1000: border reached at t: 311, (i, j): (0, 41), h: 10.9658165; trajectory time: 2.09808349609375e-05 s]
[800/1000: border reached at t: 1045, (i, j): (0, 55), h: -7.0011506; trajectory time: 4.3392181396484375e-05 s]
[900/1000: border reached at t: 1015, (i, j): (63, 26), h: 4.984125; trajectory time: 4.1484832763671875e-05 s]
[1000/1000: border reached at t: 935, (i, j): (26, 63), h: 1.5823361; trajectory time: 2.1219253540039062e-05 s]
SFWF MC CPU NUMPY DONE. [h_mean: 8.167724, T_mean: 744.162; time: 0.029210567474365234 s]
---
REPETITION: 4/10:
SFWF MC CPU NUMPY... [(i, j): (12, 36), n_samples: 1.0e+03, seed: 0, chunk_size: 1000]
[100/1000: border reached at t: 230, (i, j): (0, 28), h: -0.33135194; trajectory time: 2.1457672119140625e-05 s]
[200/1000: border reached at t: 584, (i, j): (23, 63), h: -4.441227; trajectory time: 2.1219253540039062e-05 s]
[300/1000: border reached at t: 978, (i, j): (28, 0), h: 27.88532; trajectory time: 2.1457672119140625e-05 s]
[400/1000: border reached at t: 1537, (i, j): (0, 41), h: 10.9658165; trajectory time: 4.1484832763671875e-05 s]
[500/1000: border reached at t: 600, (i, j): (37, 63), h: 16.953314; trajectory time: 2.09808349609375e-05 s]
[600/1000: border reached at t: 2237, (i, j): (36, 63), h: 14.855178; trajectory time: 6.198883056640625e-05 s]
[700/1000: border reached at t: 311, (i, j): (0, 41), h: 10.9658165; trajectory time: 2.1219253540039062e-05 s]
[800/1000: border reached at t: 1045, (i, j): (0, 55), h: -7.0011506; trajectory time: 4.1961669921875e-05 s]
[900/1000: border reached at t: 1015, (i, j): (63, 26), h: 4.984125; trajectory time: 4.124641418457031e-05 s]
[1000/1000: border reached at t: 935, (i, j): (26, 63), h: 1.5823361; trajectory time: 2.09808349609375e-05 s]
SFWF MC CPU NUMPY DONE. [h_mean: 8.167724, T_mean: 744.162; time: 0.02923274040222168 s]
---
REPETITION: 5/10:
SFWF MC CPU NUMPY... [(i, j): (12, 36), n_samples: 1.0e+03, seed: 0, chunk_size: 1000]
[100/1000: border reached at t: 230, (i, j): (0, 28), h: -0.33135194; trajectory time: 2.1696090698242188e-05 s]
[200/1000: border reached at t: 584, (i, j): (23, 63), h: -4.441227; trajectory time: 2.1219253540039062e-05 s]
[300/1000: border reached at t: 978, (i, j): (28, 0), h: 27.88532; trajectory time: 2.1457672119140625e-05 s]
[400/1000: border reached at t: 1537, (i, j): (0, 41), h: 10.9658165; trajectory time: 4.291534423828125e-05 s]
[500/1000: border reached at t: 600, (i, j): (37, 63), h: 16.953314; trajectory time: 2.1219253540039062e-05 s]
[600/1000: border reached at t: 2237, (i, j): (36, 63), h: 14.855178; trajectory time: 6.198883056640625e-05 s]
[700/1000: border reached at t: 311, (i, j): (0, 41), h: 10.9658165; trajectory time: 2.09808349609375e-05 s]
[800/1000: border reached at t: 1045, (i, j): (0, 55), h: -7.0011506; trajectory time: 4.172325134277344e-05 s]
[900/1000: border reached at t: 1015, (i, j): (63, 26), h: 4.984125; trajectory time: 4.1484832763671875e-05 s]
[1000/1000: border reached at t: 935, (i, j): (26, 63), h: 1.5823361; trajectory time: 2.1219253540039062e-05 s]
SFWF MC CPU NUMPY DONE. [h_mean: 8.167724, T_mean: 744.162; time: 0.029187917709350586 s]
---
REPETITION: 6/10:
SFWF MC CPU NUMPY... [(i, j): (12, 36), n_samples: 1.0e+03, seed: 0, chunk_size: 1000]
[100/1000: border reached at t: 230, (i, j): (0, 28), h: -0.33135194; trajectory time: 2.1696090698242188e-05 s]
[200/1000: border reached at t: 584, (i, j): (23, 63), h: -4.441227; trajectory time: 2.09808349609375e-05 s]
[300/1000: border reached at t: 978, (i, j): (28, 0), h: 27.88532; trajectory time: 2.1457672119140625e-05 s]
[400/1000: border reached at t: 1537, (i, j): (0, 41), h: 10.9658165; trajectory time: 4.172325134277344e-05 s]
[500/1000: border reached at t: 600, (i, j): (37, 63), h: 16.953314; trajectory time: 2.1696090698242188e-05 s]
[600/1000: border reached at t: 2237, (i, j): (36, 63), h: 14.855178; trajectory time: 6.341934204101562e-05 s]
[700/1000: border reached at t: 311, (i, j): (0, 41), h: 10.9658165; trajectory time: 2.1219253540039062e-05 s]
[800/1000: border reached at t: 1045, (i, j): (0, 55), h: -7.0011506; trajectory time: 4.172325134277344e-05 s]
[900/1000: border reached at t: 1015, (i, j): (63, 26), h: 4.984125; trajectory time: 4.220008850097656e-05 s]
[1000/1000: border reached at t: 935, (i, j): (26, 63), h: 1.5823361; trajectory time: 2.09808349609375e-05 s]
SFWF MC CPU NUMPY DONE. [h_mean: 8.167724, T_mean: 744.162; time: 0.02927398681640625 s]
---
REPETITION: 7/10:
SFWF MC CPU NUMPY... [(i, j): (12, 36), n_samples: 1.0e+03, seed: 0, chunk_size: 1000]
[100/1000: border reached at t: 230, (i, j): (0, 28), h: -0.33135194; trajectory time: 2.193450927734375e-05 s]
[200/1000: border reached at t: 584, (i, j): (23, 63), h: -4.441227; trajectory time: 2.1219253540039062e-05 s]
[300/1000: border reached at t: 978, (i, j): (28, 0), h: 27.88532; trajectory time: 2.1219253540039062e-05 s]
[400/1000: border reached at t: 1537, (i, j): (0, 41), h: 10.9658165; trajectory time: 4.1484832763671875e-05 s]
[500/1000: border reached at t: 600, (i, j): (37, 63), h: 16.953314; trajectory time: 2.1219253540039062e-05 s]
[600/1000: border reached at t: 2237, (i, j): (36, 63), h: 14.855178; trajectory time: 6.198883056640625e-05 s]
[700/1000: border reached at t: 311, (i, j): (0, 41), h: 10.9658165; trajectory time: 2.09808349609375e-05 s]
[800/1000: border reached at t: 1045, (i, j): (0, 55), h: -7.0011506; trajectory time: 4.172325134277344e-05 s]
[900/1000: border reached at t: 1015, (i, j): (63, 26), h: 4.984125; trajectory time: 4.1484832763671875e-05 s]
[1000/1000: border reached at t: 935, (i, j): (26, 63), h: 1.5823361; trajectory time: 2.09808349609375e-05 s]
SFWF MC CPU NUMPY DONE. [h_mean: 8.167724, T_mean: 744.162; time: 0.02927088737487793 s]
---
REPETITION: 8/10:
SFWF MC CPU NUMPY... [(i, j): (12, 36), n_samples: 1.0e+03, seed: 0, chunk_size: 1000]
[100/1000: border reached at t: 230, (i, j): (0, 28), h: -0.33135194; trajectory time: 2.1696090698242188e-05 s]
[200/1000: border reached at t: 584, (i, j): (23, 63), h: -4.441227; trajectory time: 2.1219253540039062e-05 s]
[300/1000: border reached at t: 978, (i, j): (28, 0), h: 27.88532; trajectory time: 2.1696090698242188e-05 s]
[400/1000: border reached at t: 1537, (i, j): (0, 41), h: 10.9658165; trajectory time: 4.172325134277344e-05 s]
[500/1000: border reached at t: 600, (i, j): (37, 63), h: 16.953314; trajectory time: 2.1219253540039062e-05 s]
[600/1000: border reached at t: 2237, (i, j): (36, 63), h: 14.855178; trajectory time: 6.222724914550781e-05 s]
[700/1000: border reached at t: 311, (i, j): (0, 41), h: 10.9658165; trajectory time: 2.1219253540039062e-05 s]
[800/1000: border reached at t: 1045, (i, j): (0, 55), h: -7.0011506; trajectory time: 4.172325134277344e-05 s]
[900/1000: border reached at t: 1015, (i, j): (63, 26), h: 4.984125; trajectory time: 4.172325134277344e-05 s]
[1000/1000: border reached at t: 935, (i, j): (26, 63), h: 1.5823361; trajectory time: 2.09808349609375e-05 s]
SFWF MC CPU NUMPY DONE. [h_mean: 8.167724, T_mean: 744.162; time: 0.02926492691040039 s]
---
REPETITION: 9/10:
SFWF MC CPU NUMPY... [(i, j): (12, 36), n_samples: 1.0e+03, seed: 0, chunk_size: 1000]
[100/1000: border reached at t: 230, (i, j): (0, 28), h: -0.33135194; trajectory time: 2.1457672119140625e-05 s]
[200/1000: border reached at t: 584, (i, j): (23, 63), h: -4.441227; trajectory time: 2.1219253540039062e-05 s]
[300/1000: border reached at t: 978, (i, j): (28, 0), h: 27.88532; trajectory time: 2.1457672119140625e-05 s]
[400/1000: border reached at t: 1537, (i, j): (0, 41), h: 10.9658165; trajectory time: 4.124641418457031e-05 s]
[500/1000: border reached at t: 600, (i, j): (37, 63), h: 16.953314; trajectory time: 2.2172927856445312e-05 s]
[600/1000: border reached at t: 2237, (i, j): (36, 63), h: 14.855178; trajectory time: 6.222724914550781e-05 s]
[700/1000: border reached at t: 311, (i, j): (0, 41), h: 10.9658165; trajectory time: 2.1219253540039062e-05 s]
[800/1000: border reached at t: 1045, (i, j): (0, 55), h: -7.0011506; trajectory time: 4.220008850097656e-05 s]
[900/1000: border reached at t: 1015, (i, j): (63, 26), h: 4.984125; trajectory time: 4.172325134277344e-05 s]
[1000/1000: border reached at t: 935, (i, j): (26, 63), h: 1.5823361; trajectory time: 2.1457672119140625e-05 s]
SFWF MC CPU NUMPY DONE. [h_mean: 8.167724, T_mean: 744.162; time: 0.02923727035522461 s]
---
REPETITION: 10/10:
SFWF MC CPU NUMPY... [(i, j): (12, 36), n_samples: 1.0e+03, seed: 0, chunk_size: 1000]
[100/1000: border reached at t: 230, (i, j): (0, 28), h: -0.33135194; trajectory time: 2.1219253540039062e-05 s]
[200/1000: border reached at t: 584, (i, j): (23, 63), h: -4.441227; trajectory time: 2.1219253540039062e-05 s]
[300/1000: border reached at t: 978, (i, j): (28, 0), h: 27.88532; trajectory time: 2.1219253540039062e-05 s]
[400/1000: border reached at t: 1537, (i, j): (0, 41), h: 10.9658165; trajectory time: 4.172325134277344e-05 s]
[500/1000: border reached at t: 600, (i, j): (37, 63), h: 16.953314; trajectory time: 2.1457672119140625e-05 s]
[600/1000: border reached at t: 2237, (i, j): (36, 63), h: 14.855178; trajectory time: 6.222724914550781e-05 s]
[700/1000: border reached at t: 311, (i, j): (0, 41), h: 10.9658165; trajectory time: 2.1457672119140625e-05 s]
[800/1000: border reached at t: 1045, (i, j): (0, 55), h: -7.0011506; trajectory time: 4.220008850097656e-05 s]
[900/1000: border reached at t: 1015, (i, j): (63, 26), h: 4.984125; trajectory time: 4.124641418457031e-05 s]
[1000/1000: border reached at t: 935, (i, j): (26, 63), h: 1.5823361; trajectory time: 2.09808349609375e-05 s]
SFWF MC CPU NUMPY DONE. [h_mean: 8.167724, T_mean: 744.162; time: 0.0292356014251709 s]
***
SUMMARY:
COMPARISON OF SINGLE HEIGHT VS REF -> h_mean: 8.167724 VS contraction_ref_heights_out[i0, j0]: 8.164693, ABS DIFF: 3.0307770e-03]
TIME MEAN: 0.029248380661010744 s, STD: 3.2095639563904776e-05 s, STD_%: 0.1%
SPEEDUP VS REF: 1.0
====================================================================================================================================================================================================================================================
MONTE CARLO APPROACH 2: sfwf_mc_cuda...
---
REPETITION: 1/10:
SFWF MC CUDA... [(i, j): (12, 36), wanted n_samples: 1.0e+03, seed: 0, rpt: 10, tpb: 128]
[min_n_generators: 100, bpg_walk: 1]
[initialization of random generators...]
[initialization of random generators done; count: 128, memory: 0.002 MiB, time: 0.37046384811401367 s]
[random walks...; bpg_walk: 1, tpb: 128]
[random walks done; time: 0.00796055793762207 s]
[mean-reduction...; bpg: 1, tpb: 128]
[mean-reduction done; time: 9.894371032714844e-05 s]
SFWF MC CUDA DONE. [h_mean: 8.239985, T_mean: 770.9562377929688, n_samples de facto: 1.3e+03; time: 0.3785991668701172 s, time without generators initalization: 0.008135318756103516 s]
---
REPETITION: 2/10:
SFWF MC CUDA... [(i, j): (12, 36), wanted n_samples: 1.0e+03, seed: 0, rpt: 10, tpb: 128]
[min_n_generators: 100, bpg_walk: 1]
[initialization of random generators...]
[initialization of random generators done; count: 128, memory: 0.002 MiB, time: 0.00010585784912109375 s]
[random walks...; bpg_walk: 1, tpb: 128]
[random walks done; time: 0.007818222045898438 s]
[mean-reduction...; bpg: 1, tpb: 128]
[mean-reduction done; time: 6.103515625e-05 s]
SFWF MC CUDA DONE. [h_mean: 8.239985, T_mean: 770.9562377929688, n_samples de facto: 1.3e+03; time: 0.008017778396606445 s, time without generators initalization: 0.007911920547485352 s]
---
REPETITION: 3/10:
SFWF MC CUDA... [(i, j): (12, 36), wanted n_samples: 1.0e+03, seed: 0, rpt: 10, tpb: 128]
[min_n_generators: 100, bpg_walk: 1]
[initialization of random generators...]
[initialization of random generators done; count: 128, memory: 0.002 MiB, time: 8.368492126464844e-05 s]
[random walks...; bpg_walk: 1, tpb: 128]
[random walks done; time: 0.0078008174896240234 s]
[mean-reduction...; bpg: 1, tpb: 128]
[mean-reduction done; time: 5.173683166503906e-05 s]
SFWF MC CUDA DONE. [h_mean: 8.239985, T_mean: 770.9562377929688, n_samples de facto: 1.3e+03; time: 0.007959365844726562 s, time without generators initalization: 0.007875680923461914 s]
---
REPETITION: 4/10:
SFWF MC CUDA... [(i, j): (12, 36), wanted n_samples: 1.0e+03, seed: 0, rpt: 10, tpb: 128]
[min_n_generators: 100, bpg_walk: 1]
[initialization of random generators...]
[initialization of random generators done; count: 128, memory: 0.002 MiB, time: 7.915496826171875e-05 s]
[random walks...; bpg_walk: 1, tpb: 128]
[random walks done; time: 0.007799625396728516 s]
[mean-reduction...; bpg: 1, tpb: 128]
[mean-reduction done; time: 4.863739013671875e-05 s]
SFWF MC CUDA DONE. [h_mean: 8.239985, T_mean: 770.9562377929688, n_samples de facto: 1.3e+03; time: 0.007950782775878906 s, time without generators initalization: 0.007871627807617188 s]
---
REPETITION: 5/10:
SFWF MC CUDA... [(i, j): (12, 36), wanted n_samples: 1.0e+03, seed: 0, rpt: 10, tpb: 128]
[min_n_generators: 100, bpg_walk: 1]
[initialization of random generators...]
[initialization of random generators done; count: 128, memory: 0.002 MiB, time: 7.557868957519531e-05 s]
[random walks...; bpg_walk: 1, tpb: 128]
[random walks done; time: 0.007794380187988281 s]
[mean-reduction...; bpg: 1, tpb: 128]
[mean-reduction done; time: 4.9114227294921875e-05 s]
SFWF MC CUDA DONE. [h_mean: 8.239985, T_mean: 770.9562377929688, n_samples de facto: 1.3e+03; time: 0.00794219970703125 s, time without generators initalization: 0.007866621017456055 s]
---
REPETITION: 6/10:
SFWF MC CUDA... [(i, j): (12, 36), wanted n_samples: 1.0e+03, seed: 0, rpt: 10, tpb: 128]
[min_n_generators: 100, bpg_walk: 1]
[initialization of random generators...]
[initialization of random generators done; count: 128, memory: 0.002 MiB, time: 7.319450378417969e-05 s]
[random walks...; bpg_walk: 1, tpb: 128]
[random walks done; time: 0.00779271125793457 s]
[mean-reduction...; bpg: 1, tpb: 128]
[mean-reduction done; time: 4.863739013671875e-05 s]
SFWF MC CUDA DONE. [h_mean: 8.239985, T_mean: 770.9562377929688, n_samples de facto: 1.3e+03; time: 0.007936477661132812 s, time without generators initalization: 0.007863283157348633 s]
---
REPETITION: 7/10:
SFWF MC CUDA... [(i, j): (12, 36), wanted n_samples: 1.0e+03, seed: 0, rpt: 10, tpb: 128]
[min_n_generators: 100, bpg_walk: 1]
[initialization of random generators...]
[initialization of random generators done; count: 128, memory: 0.002 MiB, time: 0.0001766681671142578 s]
[random walks...; bpg_walk: 1, tpb: 128]
[random walks done; time: 0.0078067779541015625 s]
[mean-reduction...; bpg: 1, tpb: 128]
[mean-reduction done; time: 5.245208740234375e-05 s]
SFWF MC CUDA DONE. [h_mean: 8.239985, T_mean: 770.9562377929688, n_samples de facto: 1.3e+03; time: 0.008061408996582031 s, time without generators initalization: 0.007884740829467773 s]
---
REPETITION: 8/10:
SFWF MC CUDA... [(i, j): (12, 36), wanted n_samples: 1.0e+03, seed: 0, rpt: 10, tpb: 128]
[min_n_generators: 100, bpg_walk: 1]
[initialization of random generators...]
[initialization of random generators done; count: 128, memory: 0.002 MiB, time: 7.653236389160156e-05 s]
[random walks...; bpg_walk: 1, tpb: 128]
[random walks done; time: 0.007794380187988281 s]
[mean-reduction...; bpg: 1, tpb: 128]
[mean-reduction done; time: 4.8160552978515625e-05 s]
SFWF MC CUDA DONE. [h_mean: 8.239985, T_mean: 770.9562377929688, n_samples de facto: 1.3e+03; time: 0.007941961288452148 s, time without generators initalization: 0.007865428924560547 s]
---
REPETITION: 9/10:
SFWF MC CUDA... [(i, j): (12, 36), wanted n_samples: 1.0e+03, seed: 0, rpt: 10, tpb: 128]
[min_n_generators: 100, bpg_walk: 1]
[initialization of random generators...]
[initialization of random generators done; count: 128, memory: 0.002 MiB, time: 7.462501525878906e-05 s]
[random walks...; bpg_walk: 1, tpb: 128]
[random walks done; time: 0.007790327072143555 s]
[mean-reduction...; bpg: 1, tpb: 128]
[mean-reduction done; time: 5.173683166503906e-05 s]
SFWF MC CUDA DONE. [h_mean: 8.239985, T_mean: 770.9562377929688, n_samples de facto: 1.3e+03; time: 0.007939338684082031 s, time without generators initalization: 0.007864713668823242 s]
---
REPETITION: 10/10:
SFWF MC CUDA... [(i, j): (12, 36), wanted n_samples: 1.0e+03, seed: 0, rpt: 10, tpb: 128]
[min_n_generators: 100, bpg_walk: 1]
[initialization of random generators...]
[initialization of random generators done; count: 128, memory: 0.002 MiB, time: 7.748603820800781e-05 s]
[random walks...; bpg_walk: 1, tpb: 128]
[random walks done; time: 0.0077974796295166016 s]
[mean-reduction...; bpg: 1, tpb: 128]
[mean-reduction done; time: 4.76837158203125e-05 s]
SFWF MC CUDA DONE. [h_mean: 8.239985, T_mean: 770.9562377929688, n_samples de facto: 1.3e+03; time: 0.007944107055664062 s, time without generators initalization: 0.007866621017456055 s]
***
SUMMARY:
COMPARISON OF SINGLE HEIGHT VS REF -> h_mean: 8.239985 VS contraction_ref_heights_out[i0, j0]: 8.164693, ABS DIFF: 7.5292587e-02]
TIME MEAN: 0.007900595664978027 s, STD: 7.947290937104262e-05 s, STD_%: 1.0%
SPEEDUP VS REF: 3.7020475292342514
====================================================================================================================================================================================================================================================
====================================================================================================================================================================================================================================================
FINAL SUMMARY:
CONTRACTION ITERATION APPROACH 1: sfwf_contraction_cpu_numpy OFF.
CONTRACTION ITERATION APPROACH 2: sfwf_contraction_cuda_small OFF.
CONTRACTION ITERATION APPROACH 3: sfwf_contraction_cuda_large_atomicmax (REFERENCE) -> MEAN ITERATIONS: 4200.0, MEAN D_INF: 8.96453857421875e-05, MEAN TIME: 0.07945404052734376 s, TIME STD: 0.0003843072204865461 s, STD_%: 0.5%, SPEED-UP: 1.00
CONTRACTION ITERATION APPROACH 4: sfwf_contraction_cuda_large_atomicmaxglosten OFF.
CONTRACTION ITERATION APPROACH 5: sfwf_contraction_cuda_large_hreducemax OFF.
CONTRACTION ITERATION APPROACH 6: sfwf_contraction_cuda_large_hreducemaxgs OFF.
CONTRACTION ITERATION APPROACH 7: sfwf_contraction_cuda_large_gridsync OFF.
MONTE CARLO APPROACH 1: sfwf_mc_cpu_numpy (REFERENCE) -> MEAN TIME: 0.029248380661010744 s, TIME STD: 3.2095639563904776e-05 s,  STD_%: 0.1%, SPEED-UP: 1.00
MONTE CARLO APPROACH 2: sfwf_mc_cuda -> MEAN TIME: 0.007900595664978027 s, TIME STD: 7.947290937104262e-05 s,  STD_%: 1.0%, SPEED-UP: 3.70
SOAP FILM IN A WIRE FRAME DONE. [hash string: 2805426126_19503_901_[7;20;5.0;64;True;1.0e-04;False;0;1e+03;(12,36);False;3;FFTFFFF;TT], time: 1.5407218933105469]
