SOAP FILM IN A WIRE FRAME...
HASH STRING: 2885134412_43213_901_[7;20;5.0;100;True;1.0e-04;False;0;1e+03;(12,36);False;3;TTTTTTT;FF]
====================================================================================================================================================================================================================================================
EXPERIMENT INFO:
{
  SEED: 7,
  WF_FOURIER_N: 20,
  WF_FOURIER_AMPLITUDE: 5.0,
  WF_BORDER_N: 100,
  NUMPY_SINGLE_THREAD: True,
  CONTRACTION_EPS: 0.0001,
  CONTRACTION_PLOTS: False,
  MC_SEED: 0,
  MC_SAMPLES: 1000,
  MC_I0_J0: (12, 36),
  MC_EXAMPLE_PLOT: False,
  MC_EXAMPLE_PLOT_SAMPLES: 3,
  sfwf_contraction_cpu_numpy: (True, 'sfwf_contraction_cpu_numpy', 10, {}),
  sfwf_contraction_cuda_small: (True, 'sfwf_contraction_cuda_small', 10, {'tpb': 512}),
  sfwf_contraction_cuda_large_atomicmax: (True, 'sfwf_contraction_cuda_large_atomicmax', 10, {'lazy_stop_check': 100, 'tpb_side': 16}),
  sfwf_contraction_cuda_large_atomicmaxglosten: (True, 'sfwf_contraction_cuda_large_atomicmaxglosten', 10, {'lazy_stop_check': 100, 'tpb_side': 16}),
  sfwf_contraction_cuda_large_hreducemax: (True, 'sfwf_contraction_cuda_large_hreducemax', 10, {'lazy_stop_check': 100, 'tpb_side': 16, 'tpb_reduce': 512}),
  sfwf_contraction_cuda_large_hreducemaxgs: (True, 'sfwf_contraction_cuda_large_hreducemaxgs', 10, {'lazy_stop_check': 100, 'tpb_side': 16, 'tpb_reduce': 512, 'cores': 21760}),
  sfwf_contraction_cuda_large_gridsync: (True, 'sfwf_contraction_cuda_large_gridsync', 10, {'tpb_side': 16}),
  sfwf_mc_cpu_numpy: (False, 'sfwf_mc_cpu_numpy', 0, {}),
  sfwf_mc_cuda: (False, 'sfwf_mc_cuda', 0, {})
}
====================================================================================================================================================================================================================================================
CPU AND SYSTEM:
{'cpu_name': 'AMD Ryzen 9 9950X 16-Core Processor',
 'os_machine': 'x86_64',
 'os_name': 'Linux 6.14.0-37-generic',
 'os_version': '#37~24.04.1-Ubuntu SMP PREEMPT_DYNAMIC Thu Nov 20 10:25:38 UTC '
               '2',
 'ram_size': '123.4 GB'}
GPU:
{'async_engine_count': 2,
 'can_map_host_memory': 1,
 'compute_capability': ComputeCapability(major=12, minor=0),
 'cores_per_SM': 128,
 'cores_total': 21760,
 'max_block_dim_x': 1024,
 'max_block_dim_y': 1024,
 'max_block_dim_z': 64,
 'max_grid_dim_x': 2147483647,
 'max_grid_dim_y': 65535,
 'max_grid_dim_z': 65535,
 'max_shared_memory_per_block': 49152,
 'max_threads_per_block': 1024,
 'multiprocessor_count': 170,
 'name': 'NVIDIA GeForce RTX 5090',
 'pci_bus_id': 1,
 'pci_device_id': 0,
 'unified_addressing': 1,
 'warp_size': 32}
====================================================================================================================================================================================================================================================
RANDOM WIRE FRAME WITH TOTAL OF POINTS (STATES): 10000
HEIGHTS IN[:5, :5]:
[[25.365894 22.23305  18.8149   15.397629 12.257225]
 [27.940697  0.        0.        0.        0.      ]
 [29.720734  0.        0.        0.        0.      ]
 [30.52531   0.        0.        0.        0.      ]
 [30.24473   0.        0.        0.        0.      ]]
====================================================================================================================================================================================================================================================
CONTRACTION ITERATION APPROACH 1: sfwf_contraction_cpu_numpy...
---
REPETITION: 1/10:
SFWF CONTRACTION CPU NUMPY... [eps: 0.0001]
SFWF CONTRACTION CPU NUMPY DONE. [d_inf: 9.918213e-05, iterations: 8365, time: 0.13747882843017578 s]
---
REPETITION: 2/10:
SFWF CONTRACTION CPU NUMPY... [eps: 0.0001]
SFWF CONTRACTION CPU NUMPY DONE. [d_inf: 9.918213e-05, iterations: 8365, time: 0.13591837882995605 s]
---
REPETITION: 3/10:
SFWF CONTRACTION CPU NUMPY... [eps: 0.0001]
SFWF CONTRACTION CPU NUMPY DONE. [d_inf: 9.918213e-05, iterations: 8365, time: 0.13808655738830566 s]
---
REPETITION: 4/10:
SFWF CONTRACTION CPU NUMPY... [eps: 0.0001]
SFWF CONTRACTION CPU NUMPY DONE. [d_inf: 9.918213e-05, iterations: 8365, time: 0.1352243423461914 s]
---
REPETITION: 5/10:
SFWF CONTRACTION CPU NUMPY... [eps: 0.0001]
SFWF CONTRACTION CPU NUMPY DONE. [d_inf: 9.918213e-05, iterations: 8365, time: 0.1374061107635498 s]
---
REPETITION: 6/10:
SFWF CONTRACTION CPU NUMPY... [eps: 0.0001]
SFWF CONTRACTION CPU NUMPY DONE. [d_inf: 9.918213e-05, iterations: 8365, time: 0.13399815559387207 s]
---
REPETITION: 7/10:
SFWF CONTRACTION CPU NUMPY... [eps: 0.0001]
SFWF CONTRACTION CPU NUMPY DONE. [d_inf: 9.918213e-05, iterations: 8365, time: 0.13679933547973633 s]
---
REPETITION: 8/10:
SFWF CONTRACTION CPU NUMPY... [eps: 0.0001]
SFWF CONTRACTION CPU NUMPY DONE. [d_inf: 9.918213e-05, iterations: 8365, time: 0.13405394554138184 s]
---
REPETITION: 9/10:
SFWF CONTRACTION CPU NUMPY... [eps: 0.0001]
SFWF CONTRACTION CPU NUMPY DONE. [d_inf: 9.918213e-05, iterations: 8365, time: 0.13692331314086914 s]
---
REPETITION: 10/10:
SFWF CONTRACTION CPU NUMPY... [eps: 0.0001]
SFWF CONTRACTION CPU NUMPY DONE. [d_inf: 9.918213e-05, iterations: 8365, time: 0.134230375289917 s]
***
SUMMARY:
HEIGHTS OUT[:5, :5]:
[[25.365894  22.23305   18.8149    15.397629  12.257225 ]
 [27.940697  23.916712  20.2746    16.968445  14.0749855]
 [29.720734  25.218504  21.39834   18.126572  15.371559 ]
 [30.52531   25.838228  21.973686  18.767944  16.134872 ]
 [30.24473   25.635416  21.890236  18.836649  16.364376 ]]
D_INF OF HEIGHTS VS REF: 0.0
D_INF (AT STOP) MEAN: 9.918212890625e-05
ITERATIONS MEAN: 8365.0
TIME MEAN: 0.1360119342803955 s, STD: 0.0014677264814277207 s, STD_%: 1.1%
SPEEDUP VS REF: 1.0
====================================================================================================================================================================================================================================================
CONTRACTION ITERATION APPROACH 2: sfwf_contraction_cuda_small...
[skipping this approach (too large WF_BORDER_N)]
====================================================================================================================================================================================================================================================
CONTRACTION ITERATION APPROACH 3: sfwf_contraction_cuda_large_atomicmax...
---
REPETITION: 1/10:
SFWF CONTRACTION CUDA LARGE ATOMICMAX... [eps: 0.0001, lazy_stop_check: 100, tpb_side: 16]
[bpg: (7, 7), tpb: (16, 16)]
SFWF CONTRACTION CUDA LARGE ATOMICMAX DONE. [d_inf: 9.918213e-05, iterations: 8400, time: 0.15938878059387207 s]
---
REPETITION: 2/10:
SFWF CONTRACTION CUDA LARGE ATOMICMAX... [eps: 0.0001, lazy_stop_check: 100, tpb_side: 16]
[bpg: (7, 7), tpb: (16, 16)]
SFWF CONTRACTION CUDA LARGE ATOMICMAX DONE. [d_inf: 9.918213e-05, iterations: 8400, time: 0.15899348258972168 s]
---
REPETITION: 3/10:
SFWF CONTRACTION CUDA LARGE ATOMICMAX... [eps: 0.0001, lazy_stop_check: 100, tpb_side: 16]
[bpg: (7, 7), tpb: (16, 16)]
SFWF CONTRACTION CUDA LARGE ATOMICMAX DONE. [d_inf: 9.918213e-05, iterations: 8400, time: 0.15943336486816406 s]
---
REPETITION: 4/10:
SFWF CONTRACTION CUDA LARGE ATOMICMAX... [eps: 0.0001, lazy_stop_check: 100, tpb_side: 16]
[bpg: (7, 7), tpb: (16, 16)]
SFWF CONTRACTION CUDA LARGE ATOMICMAX DONE. [d_inf: 9.918213e-05, iterations: 8400, time: 0.15941286087036133 s]
---
REPETITION: 5/10:
SFWF CONTRACTION CUDA LARGE ATOMICMAX... [eps: 0.0001, lazy_stop_check: 100, tpb_side: 16]
[bpg: (7, 7), tpb: (16, 16)]
SFWF CONTRACTION CUDA LARGE ATOMICMAX DONE. [d_inf: 9.918213e-05, iterations: 8400, time: 0.16024088859558105 s]
---
REPETITION: 6/10:
SFWF CONTRACTION CUDA LARGE ATOMICMAX... [eps: 0.0001, lazy_stop_check: 100, tpb_side: 16]
[bpg: (7, 7), tpb: (16, 16)]
SFWF CONTRACTION CUDA LARGE ATOMICMAX DONE. [d_inf: 9.918213e-05, iterations: 8400, time: 0.1598813533782959 s]
---
REPETITION: 7/10:
SFWF CONTRACTION CUDA LARGE ATOMICMAX... [eps: 0.0001, lazy_stop_check: 100, tpb_side: 16]
[bpg: (7, 7), tpb: (16, 16)]
SFWF CONTRACTION CUDA LARGE ATOMICMAX DONE. [d_inf: 9.918213e-05, iterations: 8400, time: 0.15986132621765137 s]
---
REPETITION: 8/10:
SFWF CONTRACTION CUDA LARGE ATOMICMAX... [eps: 0.0001, lazy_stop_check: 100, tpb_side: 16]
[bpg: (7, 7), tpb: (16, 16)]
SFWF CONTRACTION CUDA LARGE ATOMICMAX DONE. [d_inf: 9.918213e-05, iterations: 8400, time: 0.16005516052246094 s]
---
REPETITION: 9/10:
SFWF CONTRACTION CUDA LARGE ATOMICMAX... [eps: 0.0001, lazy_stop_check: 100, tpb_side: 16]
[bpg: (7, 7), tpb: (16, 16)]
SFWF CONTRACTION CUDA LARGE ATOMICMAX DONE. [d_inf: 9.918213e-05, iterations: 8400, time: 0.1601274013519287 s]
---
REPETITION: 10/10:
SFWF CONTRACTION CUDA LARGE ATOMICMAX... [eps: 0.0001, lazy_stop_check: 100, tpb_side: 16]
[bpg: (7, 7), tpb: (16, 16)]
SFWF CONTRACTION CUDA LARGE ATOMICMAX DONE. [d_inf: 9.918213e-05, iterations: 8400, time: 0.15912437438964844 s]
***
SUMMARY:
HEIGHTS OUT[:5, :5]:
[[25.365894 22.23305  18.8149   15.397629 12.257225]
 [27.940697 23.916716 20.274605 16.968456 14.075   ]
 [29.720734 25.21851  21.398354 18.126593 15.371587]
 [30.52531  25.838238 21.973707 18.767975 16.134912]
 [30.24473  25.63543  21.890263 18.836689 16.364433]]
D_INF OF HEIGHTS VS REF: 0.0034322739
D_INF (AT STOP) MEAN: 9.918212890625e-05
ITERATIONS MEAN: 8400.0
TIME MEAN: 0.15965189933776855 s, STD: 0.00041449514240739823 s, STD_%: 0.3%
SPEEDUP VS REF: 0.8519280687832032
====================================================================================================================================================================================================================================================
CONTRACTION ITERATION APPROACH 4: sfwf_contraction_cuda_large_atomicmaxglosten...
---
REPETITION: 1/10:
SFWF CONTRACTION CUDA LARGE ATOMICMAXGLOSTEN... [eps: 0.0001, lazy_stop_check: 100, tpb_side: 16]
[bpg: (7, 7), tpb: (16, 16)]
SFWF CONTRACTION CUDA LARGE ATOMICMAXGLOSTEN DONE. [d_inf: 9.918213e-05, iterations: 8400, time: 0.1601085662841797 s]
---
REPETITION: 2/10:
SFWF CONTRACTION CUDA LARGE ATOMICMAXGLOSTEN... [eps: 0.0001, lazy_stop_check: 100, tpb_side: 16]
[bpg: (7, 7), tpb: (16, 16)]
SFWF CONTRACTION CUDA LARGE ATOMICMAXGLOSTEN DONE. [d_inf: 9.918213e-05, iterations: 8400, time: 0.1613616943359375 s]
---
REPETITION: 3/10:
SFWF CONTRACTION CUDA LARGE ATOMICMAXGLOSTEN... [eps: 0.0001, lazy_stop_check: 100, tpb_side: 16]
[bpg: (7, 7), tpb: (16, 16)]
SFWF CONTRACTION CUDA LARGE ATOMICMAXGLOSTEN DONE. [d_inf: 9.918213e-05, iterations: 8400, time: 0.16117095947265625 s]
---
REPETITION: 4/10:
SFWF CONTRACTION CUDA LARGE ATOMICMAXGLOSTEN... [eps: 0.0001, lazy_stop_check: 100, tpb_side: 16]
[bpg: (7, 7), tpb: (16, 16)]
SFWF CONTRACTION CUDA LARGE ATOMICMAXGLOSTEN DONE. [d_inf: 9.918213e-05, iterations: 8400, time: 0.16035246849060059 s]
---
REPETITION: 5/10:
SFWF CONTRACTION CUDA LARGE ATOMICMAXGLOSTEN... [eps: 0.0001, lazy_stop_check: 100, tpb_side: 16]
[bpg: (7, 7), tpb: (16, 16)]
SFWF CONTRACTION CUDA LARGE ATOMICMAXGLOSTEN DONE. [d_inf: 9.918213e-05, iterations: 8400, time: 0.16142606735229492 s]
---
REPETITION: 6/10:
SFWF CONTRACTION CUDA LARGE ATOMICMAXGLOSTEN... [eps: 0.0001, lazy_stop_check: 100, tpb_side: 16]
[bpg: (7, 7), tpb: (16, 16)]
SFWF CONTRACTION CUDA LARGE ATOMICMAXGLOSTEN DONE. [d_inf: 9.918213e-05, iterations: 8400, time: 0.161207914352417 s]
---
REPETITION: 7/10:
SFWF CONTRACTION CUDA LARGE ATOMICMAXGLOSTEN... [eps: 0.0001, lazy_stop_check: 100, tpb_side: 16]
[bpg: (7, 7), tpb: (16, 16)]
SFWF CONTRACTION CUDA LARGE ATOMICMAXGLOSTEN DONE. [d_inf: 9.918213e-05, iterations: 8400, time: 0.1621239185333252 s]
---
REPETITION: 8/10:
SFWF CONTRACTION CUDA LARGE ATOMICMAXGLOSTEN... [eps: 0.0001, lazy_stop_check: 100, tpb_side: 16]
[bpg: (7, 7), tpb: (16, 16)]
SFWF CONTRACTION CUDA LARGE ATOMICMAXGLOSTEN DONE. [d_inf: 9.918213e-05, iterations: 8400, time: 0.16199207305908203 s]
---
REPETITION: 9/10:
SFWF CONTRACTION CUDA LARGE ATOMICMAXGLOSTEN... [eps: 0.0001, lazy_stop_check: 100, tpb_side: 16]
[bpg: (7, 7), tpb: (16, 16)]
SFWF CONTRACTION CUDA LARGE ATOMICMAXGLOSTEN DONE. [d_inf: 9.918213e-05, iterations: 8400, time: 0.16166400909423828 s]
---
REPETITION: 10/10:
SFWF CONTRACTION CUDA LARGE ATOMICMAXGLOSTEN... [eps: 0.0001, lazy_stop_check: 100, tpb_side: 16]
[bpg: (7, 7), tpb: (16, 16)]
SFWF CONTRACTION CUDA LARGE ATOMICMAXGLOSTEN DONE. [d_inf: 9.918213e-05, iterations: 8400, time: 0.1613755226135254 s]
***
SUMMARY:
HEIGHTS OUT[:5, :5]:
[[25.365894 22.23305  18.8149   15.397629 12.257225]
 [27.940697 23.916716 20.274605 16.968456 14.075   ]
 [29.720734 25.21851  21.398354 18.126593 15.371587]
 [30.52531  25.838238 21.973707 18.767975 16.134912]
 [30.24473  25.63543  21.890263 18.836689 16.364433]]
D_INF OF HEIGHTS VS REF: 0.0034322739
D_INF (AT STOP) MEAN: 9.918212890625e-05
ITERATIONS MEAN: 8400.0
TIME MEAN: 0.1612783193588257 s, STD: 0.0006044396831426583 s, STD_%: 0.4%
SPEEDUP VS REF: 0.8433367536388113
====================================================================================================================================================================================================================================================
CONTRACTION ITERATION APPROACH 5: sfwf_contraction_cuda_large_hreducemax...
---
REPETITION: 1/10:
SFWF CONTRACTION CUDA LARGE HREDUCEMAX... [eps: 0.0001, lazy_stop_check: 100, tpb_side: 16, tpb_reduce: 512]
[job bpg: (7, 7), tpb: (16, 16)]
[reduce bpg: 1, tpb: 512]
SFWF ITERATE CONTRACTION CUDA LARGE HREDUCEMAX DONE. [d_inf: 9.918213e-05 iterations: 8400, time: 0.1005094051361084 s]
---
REPETITION: 2/10:
SFWF CONTRACTION CUDA LARGE HREDUCEMAX... [eps: 0.0001, lazy_stop_check: 100, tpb_side: 16, tpb_reduce: 512]
[job bpg: (7, 7), tpb: (16, 16)]
[reduce bpg: 1, tpb: 512]
SFWF ITERATE CONTRACTION CUDA LARGE HREDUCEMAX DONE. [d_inf: 9.918213e-05 iterations: 8400, time: 0.1004486083984375 s]
---
REPETITION: 3/10:
SFWF CONTRACTION CUDA LARGE HREDUCEMAX... [eps: 0.0001, lazy_stop_check: 100, tpb_side: 16, tpb_reduce: 512]
[job bpg: (7, 7), tpb: (16, 16)]
[reduce bpg: 1, tpb: 512]
SFWF ITERATE CONTRACTION CUDA LARGE HREDUCEMAX DONE. [d_inf: 9.918213e-05 iterations: 8400, time: 0.1005551815032959 s]
---
REPETITION: 4/10:
SFWF CONTRACTION CUDA LARGE HREDUCEMAX... [eps: 0.0001, lazy_stop_check: 100, tpb_side: 16, tpb_reduce: 512]
[job bpg: (7, 7), tpb: (16, 16)]
[reduce bpg: 1, tpb: 512]
SFWF ITERATE CONTRACTION CUDA LARGE HREDUCEMAX DONE. [d_inf: 9.918213e-05 iterations: 8400, time: 0.10051560401916504 s]
---
REPETITION: 5/10:
SFWF CONTRACTION CUDA LARGE HREDUCEMAX... [eps: 0.0001, lazy_stop_check: 100, tpb_side: 16, tpb_reduce: 512]
[job bpg: (7, 7), tpb: (16, 16)]
[reduce bpg: 1, tpb: 512]
SFWF ITERATE CONTRACTION CUDA LARGE HREDUCEMAX DONE. [d_inf: 9.918213e-05 iterations: 8400, time: 0.10061097145080566 s]
---
REPETITION: 6/10:
SFWF CONTRACTION CUDA LARGE HREDUCEMAX... [eps: 0.0001, lazy_stop_check: 100, tpb_side: 16, tpb_reduce: 512]
[job bpg: (7, 7), tpb: (16, 16)]
[reduce bpg: 1, tpb: 512]
SFWF ITERATE CONTRACTION CUDA LARGE HREDUCEMAX DONE. [d_inf: 9.918213e-05 iterations: 8400, time: 0.10048198699951172 s]
---
REPETITION: 7/10:
SFWF CONTRACTION CUDA LARGE HREDUCEMAX... [eps: 0.0001, lazy_stop_check: 100, tpb_side: 16, tpb_reduce: 512]
[job bpg: (7, 7), tpb: (16, 16)]
[reduce bpg: 1, tpb: 512]
SFWF ITERATE CONTRACTION CUDA LARGE HREDUCEMAX DONE. [d_inf: 9.918213e-05 iterations: 8400, time: 0.10048985481262207 s]
---
REPETITION: 8/10:
SFWF CONTRACTION CUDA LARGE HREDUCEMAX... [eps: 0.0001, lazy_stop_check: 100, tpb_side: 16, tpb_reduce: 512]
[job bpg: (7, 7), tpb: (16, 16)]
[reduce bpg: 1, tpb: 512]
SFWF ITERATE CONTRACTION CUDA LARGE HREDUCEMAX DONE. [d_inf: 9.918213e-05 iterations: 8400, time: 0.10050153732299805 s]
---
REPETITION: 9/10:
SFWF CONTRACTION CUDA LARGE HREDUCEMAX... [eps: 0.0001, lazy_stop_check: 100, tpb_side: 16, tpb_reduce: 512]
[job bpg: (7, 7), tpb: (16, 16)]
[reduce bpg: 1, tpb: 512]
SFWF ITERATE CONTRACTION CUDA LARGE HREDUCEMAX DONE. [d_inf: 9.918213e-05 iterations: 8400, time: 0.10044503211975098 s]
---
REPETITION: 10/10:
SFWF CONTRACTION CUDA LARGE HREDUCEMAX... [eps: 0.0001, lazy_stop_check: 100, tpb_side: 16, tpb_reduce: 512]
[job bpg: (7, 7), tpb: (16, 16)]
[reduce bpg: 1, tpb: 512]
SFWF ITERATE CONTRACTION CUDA LARGE HREDUCEMAX DONE. [d_inf: 9.918213e-05 iterations: 8400, time: 0.1004788875579834 s]
***
SUMMARY:
HEIGHTS OUT[:5, :5]:
[[25.365894 22.23305  18.8149   15.397629 12.257225]
 [27.940697 23.916716 20.274605 16.968456 14.075   ]
 [29.720734 25.21851  21.398354 18.126593 15.371587]
 [30.52531  25.838238 21.973707 18.767975 16.134912]
 [30.24473  25.63543  21.890263 18.836689 16.364433]]
D_INF OF HEIGHTS VS REF: 0.0034322739
D_INF (AT STOP) MEAN: 9.918212890625e-05
ITERATIONS MEAN: 8400.0
TIME MEAN: 0.10050370693206787 s, STD: 4.700238919388036e-05 s, STD_%: 0.0%
SPEEDUP VS REF: 1.3533026634761667
====================================================================================================================================================================================================================================================
CONTRACTION ITERATION APPROACH 6: sfwf_contraction_cuda_large_hreducemaxgs...
---
REPETITION: 1/10:
SFWF CONTRACTION CUDA LARGE HREDUCEMAXGS... [eps: 0.0001, lazy_stop_check: 100, tpb_side: 16, tpb_reduce: 512, cores: 21760]
[job bpg: (7, 7), tpb: (16, 16)]
[reduce1 (grid-stride) bpg: 170, tpb: 128]
[reduce2 bpg: 1, tpb: 512]
SFWF ITERATE CONTRACTION CUDA LARGE HREDUCEMAXGS DONE. [d_inf: 9.918213e-05 iterations: 8400, time: 0.1015317440032959 s]
---
REPETITION: 2/10:
SFWF CONTRACTION CUDA LARGE HREDUCEMAXGS... [eps: 0.0001, lazy_stop_check: 100, tpb_side: 16, tpb_reduce: 512, cores: 21760]
[job bpg: (7, 7), tpb: (16, 16)]
[reduce1 (grid-stride) bpg: 170, tpb: 128]
[reduce2 bpg: 1, tpb: 512]
SFWF ITERATE CONTRACTION CUDA LARGE HREDUCEMAXGS DONE. [d_inf: 9.918213e-05 iterations: 8400, time: 0.10165882110595703 s]
---
REPETITION: 3/10:
SFWF CONTRACTION CUDA LARGE HREDUCEMAXGS... [eps: 0.0001, lazy_stop_check: 100, tpb_side: 16, tpb_reduce: 512, cores: 21760]
[job bpg: (7, 7), tpb: (16, 16)]
[reduce1 (grid-stride) bpg: 170, tpb: 128]
[reduce2 bpg: 1, tpb: 512]
SFWF ITERATE CONTRACTION CUDA LARGE HREDUCEMAXGS DONE. [d_inf: 9.918213e-05 iterations: 8400, time: 0.10165643692016602 s]
---
REPETITION: 4/10:
SFWF CONTRACTION CUDA LARGE HREDUCEMAXGS... [eps: 0.0001, lazy_stop_check: 100, tpb_side: 16, tpb_reduce: 512, cores: 21760]
[job bpg: (7, 7), tpb: (16, 16)]
[reduce1 (grid-stride) bpg: 170, tpb: 128]
[reduce2 bpg: 1, tpb: 512]
SFWF ITERATE CONTRACTION CUDA LARGE HREDUCEMAXGS DONE. [d_inf: 9.918213e-05 iterations: 8400, time: 0.10150861740112305 s]
---
REPETITION: 5/10:
SFWF CONTRACTION CUDA LARGE HREDUCEMAXGS... [eps: 0.0001, lazy_stop_check: 100, tpb_side: 16, tpb_reduce: 512, cores: 21760]
[job bpg: (7, 7), tpb: (16, 16)]
[reduce1 (grid-stride) bpg: 170, tpb: 128]
[reduce2 bpg: 1, tpb: 512]
SFWF ITERATE CONTRACTION CUDA LARGE HREDUCEMAXGS DONE. [d_inf: 9.918213e-05 iterations: 8400, time: 0.10163211822509766 s]
---
REPETITION: 6/10:
SFWF CONTRACTION CUDA LARGE HREDUCEMAXGS... [eps: 0.0001, lazy_stop_check: 100, tpb_side: 16, tpb_reduce: 512, cores: 21760]
[job bpg: (7, 7), tpb: (16, 16)]
[reduce1 (grid-stride) bpg: 170, tpb: 128]
[reduce2 bpg: 1, tpb: 512]
SFWF ITERATE CONTRACTION CUDA LARGE HREDUCEMAXGS DONE. [d_inf: 9.918213e-05 iterations: 8400, time: 0.10163116455078125 s]
---
REPETITION: 7/10:
SFWF CONTRACTION CUDA LARGE HREDUCEMAXGS... [eps: 0.0001, lazy_stop_check: 100, tpb_side: 16, tpb_reduce: 512, cores: 21760]
[job bpg: (7, 7), tpb: (16, 16)]
[reduce1 (grid-stride) bpg: 170, tpb: 128]
[reduce2 bpg: 1, tpb: 512]
SFWF ITERATE CONTRACTION CUDA LARGE HREDUCEMAXGS DONE. [d_inf: 9.918213e-05 iterations: 8400, time: 0.10148930549621582 s]
---
REPETITION: 8/10:
SFWF CONTRACTION CUDA LARGE HREDUCEMAXGS... [eps: 0.0001, lazy_stop_check: 100, tpb_side: 16, tpb_reduce: 512, cores: 21760]
[job bpg: (7, 7), tpb: (16, 16)]
[reduce1 (grid-stride) bpg: 170, tpb: 128]
[reduce2 bpg: 1, tpb: 512]
SFWF ITERATE CONTRACTION CUDA LARGE HREDUCEMAXGS DONE. [d_inf: 9.918213e-05 iterations: 8400, time: 0.10164165496826172 s]
---
REPETITION: 9/10:
SFWF CONTRACTION CUDA LARGE HREDUCEMAXGS... [eps: 0.0001, lazy_stop_check: 100, tpb_side: 16, tpb_reduce: 512, cores: 21760]
[job bpg: (7, 7), tpb: (16, 16)]
[reduce1 (grid-stride) bpg: 170, tpb: 128]
[reduce2 bpg: 1, tpb: 512]
SFWF ITERATE CONTRACTION CUDA LARGE HREDUCEMAXGS DONE. [d_inf: 9.918213e-05 iterations: 8400, time: 0.10196232795715332 s]
---
REPETITION: 10/10:
SFWF CONTRACTION CUDA LARGE HREDUCEMAXGS... [eps: 0.0001, lazy_stop_check: 100, tpb_side: 16, tpb_reduce: 512, cores: 21760]
[job bpg: (7, 7), tpb: (16, 16)]
[reduce1 (grid-stride) bpg: 170, tpb: 128]
[reduce2 bpg: 1, tpb: 512]
SFWF ITERATE CONTRACTION CUDA LARGE HREDUCEMAXGS DONE. [d_inf: 9.918213e-05 iterations: 8400, time: 0.1018056869506836 s]
***
SUMMARY:
HEIGHTS OUT[:5, :5]:
[[25.365894 22.23305  18.8149   15.397629 12.257225]
 [27.940697 23.916716 20.274605 16.968456 14.075   ]
 [29.720734 25.21851  21.398354 18.126593 15.371587]
 [30.52531  25.838238 21.973707 18.767975 16.134912]
 [30.24473  25.63543  21.890263 18.836689 16.364433]]
D_INF OF HEIGHTS VS REF: 0.0034322739
D_INF (AT STOP) MEAN: 9.918212890625e-05
ITERATIONS MEAN: 8400.0
TIME MEAN: 0.10165178775787354 s, STD: 0.00013506105273019154 s, STD_%: 0.1%
SPEEDUP VS REF: 1.3380181232460477
====================================================================================================================================================================================================================================================
CONTRACTION ITERATION APPROACH 7: sfwf_contraction_cuda_large_gridsync...
---
REPETITION: 1/10:
SFWF CONTRACTION CUDA LARGE GRIDSYNC... [eps: 0.0001, tpb_side: 16, assumed max_bpg_gridsync: None]
[wanted ideal bpg: (7, 7)]
[discovered max_bpg_gridsync: 340; time: 0.0001437664031982422 s]
[bpg: (7, 7), tpb: (16, 16), ept: 1]
SFWF ITERATE CONTRACTION CUDA LARGE GRIDSYNC DONE. [d_inf: 9.918213e-05, iterations: 8365, time: 0.04378938674926758 s]
---
REPETITION: 2/10:
SFWF CONTRACTION CUDA LARGE GRIDSYNC... [eps: 0.0001, tpb_side: 16, assumed max_bpg_gridsync: None]
[wanted ideal bpg: (7, 7)]
[discovered max_bpg_gridsync: 340; time: 3.9577484130859375e-05 s]
[bpg: (7, 7), tpb: (16, 16), ept: 1]
SFWF ITERATE CONTRACTION CUDA LARGE GRIDSYNC DONE. [d_inf: 9.918213e-05, iterations: 8365, time: 0.042305707931518555 s]
---
REPETITION: 3/10:
SFWF CONTRACTION CUDA LARGE GRIDSYNC... [eps: 0.0001, tpb_side: 16, assumed max_bpg_gridsync: None]
[wanted ideal bpg: (7, 7)]
[discovered max_bpg_gridsync: 340; time: 3.457069396972656e-05 s]
[bpg: (7, 7), tpb: (16, 16), ept: 1]
SFWF ITERATE CONTRACTION CUDA LARGE GRIDSYNC DONE. [d_inf: 9.918213e-05, iterations: 8365, time: 0.043520450592041016 s]
---
REPETITION: 4/10:
SFWF CONTRACTION CUDA LARGE GRIDSYNC... [eps: 0.0001, tpb_side: 16, assumed max_bpg_gridsync: None]
[wanted ideal bpg: (7, 7)]
[discovered max_bpg_gridsync: 340; time: 3.266334533691406e-05 s]
[bpg: (7, 7), tpb: (16, 16), ept: 1]
SFWF ITERATE CONTRACTION CUDA LARGE GRIDSYNC DONE. [d_inf: 9.918213e-05, iterations: 8365, time: 0.04230475425720215 s]
---
REPETITION: 5/10:
SFWF CONTRACTION CUDA LARGE GRIDSYNC... [eps: 0.0001, tpb_side: 16, assumed max_bpg_gridsync: None]
[wanted ideal bpg: (7, 7)]
[discovered max_bpg_gridsync: 340; time: 3.2901763916015625e-05 s]
[bpg: (7, 7), tpb: (16, 16), ept: 1]
SFWF ITERATE CONTRACTION CUDA LARGE GRIDSYNC DONE. [d_inf: 9.918213e-05, iterations: 8365, time: 0.043317556381225586 s]
---
REPETITION: 6/10:
SFWF CONTRACTION CUDA LARGE GRIDSYNC... [eps: 0.0001, tpb_side: 16, assumed max_bpg_gridsync: None]
[wanted ideal bpg: (7, 7)]
[discovered max_bpg_gridsync: 340; time: 3.123283386230469e-05 s]
[bpg: (7, 7), tpb: (16, 16), ept: 1]
SFWF ITERATE CONTRACTION CUDA LARGE GRIDSYNC DONE. [d_inf: 9.918213e-05, iterations: 8365, time: 0.04066133499145508 s]
---
REPETITION: 7/10:
SFWF CONTRACTION CUDA LARGE GRIDSYNC... [eps: 0.0001, tpb_side: 16, assumed max_bpg_gridsync: None]
[wanted ideal bpg: (7, 7)]
[discovered max_bpg_gridsync: 340; time: 3.266334533691406e-05 s]
[bpg: (7, 7), tpb: (16, 16), ept: 1]
SFWF ITERATE CONTRACTION CUDA LARGE GRIDSYNC DONE. [d_inf: 9.918213e-05, iterations: 8365, time: 0.04180502891540527 s]
---
REPETITION: 8/10:
SFWF CONTRACTION CUDA LARGE GRIDSYNC... [eps: 0.0001, tpb_side: 16, assumed max_bpg_gridsync: None]
[wanted ideal bpg: (7, 7)]
[discovered max_bpg_gridsync: 340; time: 3.528594970703125e-05 s]
[bpg: (7, 7), tpb: (16, 16), ept: 1]
SFWF ITERATE CONTRACTION CUDA LARGE GRIDSYNC DONE. [d_inf: 9.918213e-05, iterations: 8365, time: 0.0407564640045166 s]
---
REPETITION: 9/10:
SFWF CONTRACTION CUDA LARGE GRIDSYNC... [eps: 0.0001, tpb_side: 16, assumed max_bpg_gridsync: None]
[wanted ideal bpg: (7, 7)]
[discovered max_bpg_gridsync: 340; time: 3.147125244140625e-05 s]
[bpg: (7, 7), tpb: (16, 16), ept: 1]
SFWF ITERATE CONTRACTION CUDA LARGE GRIDSYNC DONE. [d_inf: 9.918213e-05, iterations: 8365, time: 0.041817426681518555 s]
---
REPETITION: 10/10:
SFWF CONTRACTION CUDA LARGE GRIDSYNC... [eps: 0.0001, tpb_side: 16, assumed max_bpg_gridsync: None]
[wanted ideal bpg: (7, 7)]
[discovered max_bpg_gridsync: 340; time: 3.147125244140625e-05 s]
[bpg: (7, 7), tpb: (16, 16), ept: 1]
SFWF ITERATE CONTRACTION CUDA LARGE GRIDSYNC DONE. [d_inf: 9.918213e-05, iterations: 8365, time: 0.04079866409301758 s]
***
SUMMARY:
HEIGHTS OUT[:5, :5]:
[[25.365894  22.23305   18.8149    15.397629  12.257225 ]
 [27.940697  23.916712  20.2746    16.968445  14.0749855]
 [29.720734  25.218504  21.39834   18.126572  15.371559 ]
 [30.52531   25.838228  21.973686  18.767944  16.134872 ]
 [30.24473   25.635416  21.890236  18.836649  16.364376 ]]
D_INF OF HEIGHTS VS REF: 0.0
D_INF (AT STOP) MEAN: 9.918212890625e-05
ITERATIONS MEAN: 8365.0
TIME MEAN: 0.042107677459716795 s, STD: 0.0011033122124487792 s, STD_%: 2.6%
SPEEDUP VS REF: 3.2300982263986
====================================================================================================================================================================================================================================================
====================================================================================================================================================================================================================================================
FINAL SUMMARY:
CONTRACTION ITERATION APPROACH 1: sfwf_contraction_cpu_numpy (REFERENCE) -> MEAN ITERATIONS: 8365.0, MEAN D_INF: 9.918212890625e-05, MEAN TIME: 0.1360119342803955 s, TIME STD: 0.0014677264814277207 s, STD_%: 1.1%, SPEED-UP: 1.00
CONTRACTION ITERATION APPROACH 2: sfwf_contraction_cuda_small SKIPPED.
CONTRACTION ITERATION APPROACH 3: sfwf_contraction_cuda_large_atomicmax -> MEAN ITERATIONS: 8400.0, MEAN D_INF: 9.918212890625e-05, MEAN TIME: 0.15965189933776855 s, TIME STD: 0.00041449514240739823 s, STD_%: 0.3%, SPEED-UP: 0.85
CONTRACTION ITERATION APPROACH 4: sfwf_contraction_cuda_large_atomicmaxglosten -> MEAN ITERATIONS: 8400.0, MEAN D_INF: 9.918212890625e-05, MEAN TIME: 0.1612783193588257 s, TIME STD: 0.0006044396831426583 s, STD_%: 0.4%, SPEED-UP: 0.84
CONTRACTION ITERATION APPROACH 5: sfwf_contraction_cuda_large_hreducemax -> MEAN ITERATIONS: 8400.0, MEAN D_INF: 9.918212890625e-05, MEAN TIME: 0.10050370693206787 s, TIME STD: 4.700238919388036e-05 s, STD_%: 0.0%, SPEED-UP: 1.35
CONTRACTION ITERATION APPROACH 6: sfwf_contraction_cuda_large_hreducemaxgs -> MEAN ITERATIONS: 8400.0, MEAN D_INF: 9.918212890625e-05, MEAN TIME: 0.10165178775787354 s, TIME STD: 0.00013506105273019154 s, STD_%: 0.1%, SPEED-UP: 1.34
CONTRACTION ITERATION APPROACH 7: sfwf_contraction_cuda_large_gridsync -> MEAN ITERATIONS: 8365.0, MEAN D_INF: 9.918212890625e-05, MEAN TIME: 0.042107677459716795 s, TIME STD: 0.0011033122124487792 s, STD_%: 2.6%, SPEED-UP: 3.23
MONTE CARLO APPROACH 1: sfwf_mc_cpu_numpy OFF.
MONTE CARLO APPROACH 2: sfwf_mc_cuda OFF.
SOAP FILM IN A WIRE FRAME DONE. [hash string: 2885134412_43213_901_[7;20;5.0;100;True;1.0e-04;False;0;1e+03;(12,36);False;3;TTTTTTT;FF], time: 7.018086671829224]
