SOAP FILM IN A WIRE FRAME...
HASH STRING: 2980275379_76788_901_[7;20;5.0;64;True;1.0e-06;False;False;3;FFTFFFF;TT]
====================================================================================================================================================================================================================================================
EXPERIMENT INFO:
{
  SEED: 7,
  WF_FOURIER_N: 20,
  WF_FOURIER_AMPLITUDE: 5.0,
  WF_BORDER_N: 64,
  NUMPY_SINGLE_THREAD: True,
  CONTRACTION_EPS: 1e-06,
  CONTRACTION_PLOTS: False,
  MC_EXAMPLE_PLOT: False,
  MC_EXAMPLE_PLOT_SAMPLES: 3,
  sfwf_contraction_cpu_numpy: (False, 'sfwf_contraction_cpu_numpy', 0, {}),
  sfwf_contraction_cuda_small: (False, 'sfwf_contraction_cuda_small', 0, {}),
  sfwf_contraction_cuda_large_atomicmax: (True, 'sfwf_contraction_cuda_large_atomicmax', 10, {'lazy_stop_check': 100, 'tpb_side': 16}),
  sfwf_contraction_cuda_large_atomicmaxglosten: (False, 'sfwf_contraction_cuda_large_atomicmaxglosten', 0, {}),
  sfwf_contraction_cuda_large_hreducemax: (False, 'sfwf_contraction_cuda_large_hreducemax', 0, {}),
  sfwf_contraction_cuda_large_hreducemaxgs: (False, 'sfwf_contraction_cuda_large_hreducemaxgs', 0, {}),
  sfwf_contraction_cuda_large_gridsync: (False, 'sfwf_contraction_cuda_large_gridsync', 0, {}),
  sfwf_mc_cpu_numpy: (True, 'sfwf_mc_cpu_numpy', 10, {'i': 12, 'j': 36, 'n_samples': 1000, 'seed': 0, 'chunk_size': 1000}),
  sfwf_mc_cuda: (True, 'sfwf_mc_cuda', 10, {'i': 12, 'j': 36, 'n_samples': 1000, 'seed': 0, 'rpt': 10, 'tpb': 128})
}
====================================================================================================================================================================================================================================================
CPU AND SYSTEM:
{'cpu_name': 'AMD Ryzen 9 9950X 16-Core Processor',
 'os_machine': 'x86_64',
 'os_name': 'Linux 6.14.0-37-generic',
 'os_version': '#37~24.04.1-Ubuntu SMP PREEMPT_DYNAMIC Thu Nov 20 10:25:38 UTC '
               '2',
 'ram_size': '123.4 GB'}
GPU:
{'async_engine_count': 2,
 'can_map_host_memory': 1,
 'compute_capability': ComputeCapability(major=12, minor=0),
 'cores_per_SM': 128,
 'cores_total': 21760,
 'max_block_dim_x': 1024,
 'max_block_dim_y': 1024,
 'max_block_dim_z': 64,
 'max_grid_dim_x': 2147483647,
 'max_grid_dim_y': 65535,
 'max_grid_dim_z': 65535,
 'max_shared_memory_per_block': 49152,
 'max_threads_per_block': 1024,
 'multiprocessor_count': 170,
 'name': 'NVIDIA GeForce RTX 5090',
 'pci_bus_id': 1,
 'pci_device_id': 0,
 'unified_addressing': 1,
 'warp_size': 32}
====================================================================================================================================================================================================================================================
RANDOM WIRE FRAME WITH TOTAL OF POINTS (STATES): 4096
HEIGHTS IN[:5, :5]:
[[25.365894  20.296429  14.925921  10.320204   7.3313727]
 [29.068245   0.         0.         0.         0.       ]
 [30.553246   0.         0.         0.         0.       ]
 [29.360521   0.         0.         0.         0.       ]
 [25.516117   0.         0.         0.         0.       ]]
====================================================================================================================================================================================================================================================
CONTRACTION ITERATION APPROACH 3: sfwf_contraction_cuda_large_atomicmax...
---
REPETITION: 1/10:
SFWF CONTRACTION CUDA LARGE ATOMICMAX... [eps: 1e-06, lazy_stop_check: 100, tpb_side: 16]
[bpg: (4, 4), tpb: (16, 16)]
SFWF CONTRACTION CUDA LARGE ATOMICMAX DONE. [d_inf: 9.536743e-07, iterations: 9400, time: 0.17787456512451172 s]
---
REPETITION: 2/10:
SFWF CONTRACTION CUDA LARGE ATOMICMAX... [eps: 1e-06, lazy_stop_check: 100, tpb_side: 16]
[bpg: (4, 4), tpb: (16, 16)]
SFWF CONTRACTION CUDA LARGE ATOMICMAX DONE. [d_inf: 9.536743e-07, iterations: 9400, time: 0.17694473266601562 s]
---
REPETITION: 3/10:
SFWF CONTRACTION CUDA LARGE ATOMICMAX... [eps: 1e-06, lazy_stop_check: 100, tpb_side: 16]
[bpg: (4, 4), tpb: (16, 16)]
SFWF CONTRACTION CUDA LARGE ATOMICMAX DONE. [d_inf: 9.536743e-07, iterations: 9400, time: 0.17701148986816406 s]
---
REPETITION: 4/10:
SFWF CONTRACTION CUDA LARGE ATOMICMAX... [eps: 1e-06, lazy_stop_check: 100, tpb_side: 16]
[bpg: (4, 4), tpb: (16, 16)]
SFWF CONTRACTION CUDA LARGE ATOMICMAX DONE. [d_inf: 9.536743e-07, iterations: 9400, time: 0.17720341682434082 s]
---
REPETITION: 5/10:
SFWF CONTRACTION CUDA LARGE ATOMICMAX... [eps: 1e-06, lazy_stop_check: 100, tpb_side: 16]
[bpg: (4, 4), tpb: (16, 16)]
SFWF CONTRACTION CUDA LARGE ATOMICMAX DONE. [d_inf: 9.536743e-07, iterations: 9400, time: 0.177581787109375 s]
---
REPETITION: 6/10:
SFWF CONTRACTION CUDA LARGE ATOMICMAX... [eps: 1e-06, lazy_stop_check: 100, tpb_side: 16]
[bpg: (4, 4), tpb: (16, 16)]
SFWF CONTRACTION CUDA LARGE ATOMICMAX DONE. [d_inf: 9.536743e-07, iterations: 9400, time: 0.17604899406433105 s]
---
REPETITION: 7/10:
SFWF CONTRACTION CUDA LARGE ATOMICMAX... [eps: 1e-06, lazy_stop_check: 100, tpb_side: 16]
[bpg: (4, 4), tpb: (16, 16)]
SFWF CONTRACTION CUDA LARGE ATOMICMAX DONE. [d_inf: 9.536743e-07, iterations: 9400, time: 0.17579412460327148 s]
---
REPETITION: 8/10:
SFWF CONTRACTION CUDA LARGE ATOMICMAX... [eps: 1e-06, lazy_stop_check: 100, tpb_side: 16]
[bpg: (4, 4), tpb: (16, 16)]
SFWF CONTRACTION CUDA LARGE ATOMICMAX DONE. [d_inf: 9.536743e-07, iterations: 9400, time: 0.17581892013549805 s]
---
REPETITION: 9/10:
SFWF CONTRACTION CUDA LARGE ATOMICMAX... [eps: 1e-06, lazy_stop_check: 100, tpb_side: 16]
[bpg: (4, 4), tpb: (16, 16)]
SFWF CONTRACTION CUDA LARGE ATOMICMAX DONE. [d_inf: 9.536743e-07, iterations: 9400, time: 0.17527127265930176 s]
---
REPETITION: 10/10:
SFWF CONTRACTION CUDA LARGE ATOMICMAX... [eps: 1e-06, lazy_stop_check: 100, tpb_side: 16]
[bpg: (4, 4), tpb: (16, 16)]
SFWF CONTRACTION CUDA LARGE ATOMICMAX DONE. [d_inf: 9.536743e-07, iterations: 9400, time: 0.17542719841003418 s]
***
SUMMARY:
HEIGHTS OUT[:5, :5]:
[[25.365894  20.296429  14.925921  10.320204   7.3313727]
 [29.068245  22.564266  17.283945  13.20249   10.526932 ]
 [30.553246  23.60845   18.443102  14.678881  12.190558 ]
 [29.360521  22.873186  18.201136  14.8793745 12.6591   ]
 [25.516117  20.322641  16.608881  13.978384  12.193586 ]]
D_INF OF HEIGHTS VS REF: 0.0
D_INF (AT STOP) MEAN: 9.5367431640625e-07
ITERATIONS MEAN: 9400.0
TIME MEAN: 0.17649765014648439 s, STD: 0.0008854406819430532 s, STD_%: 0.5%
SPEEDUP VS REF: 1.0
====================================================================================================================================================================================================================================================
MONTE CARLO APPROACH 1: sfwf_mc_cpu_numpy...
---
REPETITION: 1/10:
SFWF MC CPU NUMPY... [(i, j): (12, 36), n_samples: 1.0e+03, seed: 0, chunk_size: 1000]
[100/1000: border reached at t: 230, (i, j): (0, 28), h: -0.33135194; trajectory time: 2.1457672119140625e-05 s]
[200/1000: border reached at t: 584, (i, j): (23, 63), h: -4.441227; trajectory time: 2.09808349609375e-05 s]
[300/1000: border reached at t: 978, (i, j): (28, 0), h: 27.88532; trajectory time: 2.1219253540039062e-05 s]
[400/1000: border reached at t: 1537, (i, j): (0, 41), h: 10.9658165; trajectory time: 4.124641418457031e-05 s]
[500/1000: border reached at t: 600, (i, j): (37, 63), h: 16.953314; trajectory time: 2.1457672119140625e-05 s]
[600/1000: border reached at t: 2237, (i, j): (36, 63), h: 14.855178; trajectory time: 6.198883056640625e-05 s]
[700/1000: border reached at t: 311, (i, j): (0, 41), h: 10.9658165; trajectory time: 2.1457672119140625e-05 s]
[800/1000: border reached at t: 1045, (i, j): (0, 55), h: -7.0011506; trajectory time: 4.1484832763671875e-05 s]
[900/1000: border reached at t: 1015, (i, j): (63, 26), h: 4.984125; trajectory time: 4.124641418457031e-05 s]
[1000/1000: border reached at t: 935, (i, j): (26, 63), h: 1.5823361; trajectory time: 2.09808349609375e-05 s]
SFWF MC CPU NUMPY DONE. [h_mean: 8.167724, T_mean: 744.162; time: 0.02930927276611328 s]
---
REPETITION: 2/10:
SFWF MC CPU NUMPY... [(i, j): (12, 36), n_samples: 1.0e+03, seed: 0, chunk_size: 1000]
[100/1000: border reached at t: 230, (i, j): (0, 28), h: -0.33135194; trajectory time: 2.1696090698242188e-05 s]
[200/1000: border reached at t: 584, (i, j): (23, 63), h: -4.441227; trajectory time: 2.09808349609375e-05 s]
[300/1000: border reached at t: 978, (i, j): (28, 0), h: 27.88532; trajectory time: 2.1696090698242188e-05 s]
[400/1000: border reached at t: 1537, (i, j): (0, 41), h: 10.9658165; trajectory time: 4.1484832763671875e-05 s]
[500/1000: border reached at t: 600, (i, j): (37, 63), h: 16.953314; trajectory time: 2.1457672119140625e-05 s]
[600/1000: border reached at t: 2237, (i, j): (36, 63), h: 14.855178; trajectory time: 6.198883056640625e-05 s]
[700/1000: border reached at t: 311, (i, j): (0, 41), h: 10.9658165; trajectory time: 2.1219253540039062e-05 s]
[800/1000: border reached at t: 1045, (i, j): (0, 55), h: -7.0011506; trajectory time: 4.172325134277344e-05 s]
[900/1000: border reached at t: 1015, (i, j): (63, 26), h: 4.984125; trajectory time: 4.1484832763671875e-05 s]
[1000/1000: border reached at t: 935, (i, j): (26, 63), h: 1.5823361; trajectory time: 2.09808349609375e-05 s]
SFWF MC CPU NUMPY DONE. [h_mean: 8.167724, T_mean: 744.162; time: 0.02912592887878418 s]
---
REPETITION: 3/10:
SFWF MC CPU NUMPY... [(i, j): (12, 36), n_samples: 1.0e+03, seed: 0, chunk_size: 1000]
[100/1000: border reached at t: 230, (i, j): (0, 28), h: -0.33135194; trajectory time: 2.193450927734375e-05 s]
[200/1000: border reached at t: 584, (i, j): (23, 63), h: -4.441227; trajectory time: 2.193450927734375e-05 s]
[300/1000: border reached at t: 978, (i, j): (28, 0), h: 27.88532; trajectory time: 2.1219253540039062e-05 s]
[400/1000: border reached at t: 1537, (i, j): (0, 41), h: 10.9658165; trajectory time: 4.124641418457031e-05 s]
[500/1000: border reached at t: 600, (i, j): (37, 63), h: 16.953314; trajectory time: 2.1219253540039062e-05 s]
[600/1000: border reached at t: 2237, (i, j): (36, 63), h: 14.855178; trajectory time: 6.151199340820312e-05 s]
[700/1000: border reached at t: 311, (i, j): (0, 41), h: 10.9658165; trajectory time: 2.09808349609375e-05 s]
[800/1000: border reached at t: 1045, (i, j): (0, 55), h: -7.0011506; trajectory time: 4.1484832763671875e-05 s]
[900/1000: border reached at t: 1015, (i, j): (63, 26), h: 4.984125; trajectory time: 4.124641418457031e-05 s]
[1000/1000: border reached at t: 935, (i, j): (26, 63), h: 1.5823361; trajectory time: 2.09808349609375e-05 s]
SFWF MC CPU NUMPY DONE. [h_mean: 8.167724, T_mean: 744.162; time: 0.029051542282104492 s]
---
REPETITION: 4/10:
SFWF MC CPU NUMPY... [(i, j): (12, 36), n_samples: 1.0e+03, seed: 0, chunk_size: 1000]
[100/1000: border reached at t: 230, (i, j): (0, 28), h: -0.33135194; trajectory time: 2.1457672119140625e-05 s]
[200/1000: border reached at t: 584, (i, j): (23, 63), h: -4.441227; trajectory time: 2.09808349609375e-05 s]
[300/1000: border reached at t: 978, (i, j): (28, 0), h: 27.88532; trajectory time: 2.1219253540039062e-05 s]
[400/1000: border reached at t: 1537, (i, j): (0, 41), h: 10.9658165; trajectory time: 4.1484832763671875e-05 s]
[500/1000: border reached at t: 600, (i, j): (37, 63), h: 16.953314; trajectory time: 2.1219253540039062e-05 s]
[600/1000: border reached at t: 2237, (i, j): (36, 63), h: 14.855178; trajectory time: 6.175041198730469e-05 s]
[700/1000: border reached at t: 311, (i, j): (0, 41), h: 10.9658165; trajectory time: 2.1457672119140625e-05 s]
[800/1000: border reached at t: 1045, (i, j): (0, 55), h: -7.0011506; trajectory time: 4.172325134277344e-05 s]
[900/1000: border reached at t: 1015, (i, j): (63, 26), h: 4.984125; trajectory time: 4.315376281738281e-05 s]
[1000/1000: border reached at t: 935, (i, j): (26, 63), h: 1.5823361; trajectory time: 2.09808349609375e-05 s]
SFWF MC CPU NUMPY DONE. [h_mean: 8.167724, T_mean: 744.162; time: 0.029102802276611328 s]
---
REPETITION: 5/10:
SFWF MC CPU NUMPY... [(i, j): (12, 36), n_samples: 1.0e+03, seed: 0, chunk_size: 1000]
[100/1000: border reached at t: 230, (i, j): (0, 28), h: -0.33135194; trajectory time: 2.1219253540039062e-05 s]
[200/1000: border reached at t: 584, (i, j): (23, 63), h: -4.441227; trajectory time: 2.09808349609375e-05 s]
[300/1000: border reached at t: 978, (i, j): (28, 0), h: 27.88532; trajectory time: 2.3126602172851562e-05 s]
[400/1000: border reached at t: 1537, (i, j): (0, 41), h: 10.9658165; trajectory time: 4.124641418457031e-05 s]
[500/1000: border reached at t: 600, (i, j): (37, 63), h: 16.953314; trajectory time: 2.09808349609375e-05 s]
[600/1000: border reached at t: 2237, (i, j): (36, 63), h: 14.855178; trajectory time: 6.198883056640625e-05 s]
[700/1000: border reached at t: 311, (i, j): (0, 41), h: 10.9658165; trajectory time: 2.1219253540039062e-05 s]
[800/1000: border reached at t: 1045, (i, j): (0, 55), h: -7.0011506; trajectory time: 4.1484832763671875e-05 s]
[900/1000: border reached at t: 1015, (i, j): (63, 26), h: 4.984125; trajectory time: 4.124641418457031e-05 s]
[1000/1000: border reached at t: 935, (i, j): (26, 63), h: 1.5823361; trajectory time: 2.09808349609375e-05 s]
SFWF MC CPU NUMPY DONE. [h_mean: 8.167724, T_mean: 744.162; time: 0.029059648513793945 s]
---
REPETITION: 6/10:
SFWF MC CPU NUMPY... [(i, j): (12, 36), n_samples: 1.0e+03, seed: 0, chunk_size: 1000]
[100/1000: border reached at t: 230, (i, j): (0, 28), h: -0.33135194; trajectory time: 2.1457672119140625e-05 s]
[200/1000: border reached at t: 584, (i, j): (23, 63), h: -4.441227; trajectory time: 2.09808349609375e-05 s]
[300/1000: border reached at t: 978, (i, j): (28, 0), h: 27.88532; trajectory time: 2.1219253540039062e-05 s]
[400/1000: border reached at t: 1537, (i, j): (0, 41), h: 10.9658165; trajectory time: 4.1484832763671875e-05 s]
[500/1000: border reached at t: 600, (i, j): (37, 63), h: 16.953314; trajectory time: 2.1457672119140625e-05 s]
[600/1000: border reached at t: 2237, (i, j): (36, 63), h: 14.855178; trajectory time: 6.175041198730469e-05 s]
[700/1000: border reached at t: 311, (i, j): (0, 41), h: 10.9658165; trajectory time: 2.09808349609375e-05 s]
[800/1000: border reached at t: 1045, (i, j): (0, 55), h: -7.0011506; trajectory time: 4.1484832763671875e-05 s]
[900/1000: border reached at t: 1015, (i, j): (63, 26), h: 4.984125; trajectory time: 4.124641418457031e-05 s]
[1000/1000: border reached at t: 935, (i, j): (26, 63), h: 1.5823361; trajectory time: 2.1219253540039062e-05 s]
SFWF MC CPU NUMPY DONE. [h_mean: 8.167724, T_mean: 744.162; time: 0.02904200553894043 s]
---
REPETITION: 7/10:
SFWF MC CPU NUMPY... [(i, j): (12, 36), n_samples: 1.0e+03, seed: 0, chunk_size: 1000]
[100/1000: border reached at t: 230, (i, j): (0, 28), h: -0.33135194; trajectory time: 2.1219253540039062e-05 s]
[200/1000: border reached at t: 584, (i, j): (23, 63), h: -4.441227; trajectory time: 2.0742416381835938e-05 s]
[300/1000: border reached at t: 978, (i, j): (28, 0), h: 27.88532; trajectory time: 2.1219253540039062e-05 s]
[400/1000: border reached at t: 1537, (i, j): (0, 41), h: 10.9658165; trajectory time: 4.291534423828125e-05 s]
[500/1000: border reached at t: 600, (i, j): (37, 63), h: 16.953314; trajectory time: 2.1219253540039062e-05 s]
[600/1000: border reached at t: 2237, (i, j): (36, 63), h: 14.855178; trajectory time: 6.198883056640625e-05 s]
[700/1000: border reached at t: 311, (i, j): (0, 41), h: 10.9658165; trajectory time: 2.09808349609375e-05 s]
[800/1000: border reached at t: 1045, (i, j): (0, 55), h: -7.0011506; trajectory time: 4.1484832763671875e-05 s]
[900/1000: border reached at t: 1015, (i, j): (63, 26), h: 4.984125; trajectory time: 4.124641418457031e-05 s]
[1000/1000: border reached at t: 935, (i, j): (26, 63), h: 1.5823361; trajectory time: 2.09808349609375e-05 s]
SFWF MC CPU NUMPY DONE. [h_mean: 8.167724, T_mean: 744.162; time: 0.029037952423095703 s]
---
REPETITION: 8/10:
SFWF MC CPU NUMPY... [(i, j): (12, 36), n_samples: 1.0e+03, seed: 0, chunk_size: 1000]
[100/1000: border reached at t: 230, (i, j): (0, 28), h: -0.33135194; trajectory time: 2.1457672119140625e-05 s]
[200/1000: border reached at t: 584, (i, j): (23, 63), h: -4.441227; trajectory time: 2.09808349609375e-05 s]
[300/1000: border reached at t: 978, (i, j): (28, 0), h: 27.88532; trajectory time: 2.1219253540039062e-05 s]
[400/1000: border reached at t: 1537, (i, j): (0, 41), h: 10.9658165; trajectory time: 4.124641418457031e-05 s]
[500/1000: border reached at t: 600, (i, j): (37, 63), h: 16.953314; trajectory time: 2.2649765014648438e-05 s]
[600/1000: border reached at t: 2237, (i, j): (36, 63), h: 14.855178; trajectory time: 6.175041198730469e-05 s]
[700/1000: border reached at t: 311, (i, j): (0, 41), h: 10.9658165; trajectory time: 2.1219253540039062e-05 s]
[800/1000: border reached at t: 1045, (i, j): (0, 55), h: -7.0011506; trajectory time: 4.172325134277344e-05 s]
[900/1000: border reached at t: 1015, (i, j): (63, 26), h: 4.984125; trajectory time: 4.124641418457031e-05 s]
[1000/1000: border reached at t: 935, (i, j): (26, 63), h: 1.5823361; trajectory time: 2.09808349609375e-05 s]
SFWF MC CPU NUMPY DONE. [h_mean: 8.167724, T_mean: 744.162; time: 0.029071331024169922 s]
---
REPETITION: 9/10:
SFWF MC CPU NUMPY... [(i, j): (12, 36), n_samples: 1.0e+03, seed: 0, chunk_size: 1000]
[100/1000: border reached at t: 230, (i, j): (0, 28), h: -0.33135194; trajectory time: 2.1457672119140625e-05 s]
[200/1000: border reached at t: 584, (i, j): (23, 63), h: -4.441227; trajectory time: 2.09808349609375e-05 s]
[300/1000: border reached at t: 978, (i, j): (28, 0), h: 27.88532; trajectory time: 2.09808349609375e-05 s]
[400/1000: border reached at t: 1537, (i, j): (0, 41), h: 10.9658165; trajectory time: 4.1484832763671875e-05 s]
[500/1000: border reached at t: 600, (i, j): (37, 63), h: 16.953314; trajectory time: 2.09808349609375e-05 s]
[600/1000: border reached at t: 2237, (i, j): (36, 63), h: 14.855178; trajectory time: 6.151199340820312e-05 s]
[700/1000: border reached at t: 311, (i, j): (0, 41), h: 10.9658165; trajectory time: 2.09808349609375e-05 s]
[800/1000: border reached at t: 1045, (i, j): (0, 55), h: -7.0011506; trajectory time: 4.1484832763671875e-05 s]
[900/1000: border reached at t: 1015, (i, j): (63, 26), h: 4.984125; trajectory time: 4.124641418457031e-05 s]
[1000/1000: border reached at t: 935, (i, j): (26, 63), h: 1.5823361; trajectory time: 2.1219253540039062e-05 s]
SFWF MC CPU NUMPY DONE. [h_mean: 8.167724, T_mean: 744.162; time: 0.029074430465698242 s]
---
REPETITION: 10/10:
SFWF MC CPU NUMPY... [(i, j): (12, 36), n_samples: 1.0e+03, seed: 0, chunk_size: 1000]
[100/1000: border reached at t: 230, (i, j): (0, 28), h: -0.33135194; trajectory time: 2.1457672119140625e-05 s]
[200/1000: border reached at t: 584, (i, j): (23, 63), h: -4.441227; trajectory time: 2.09808349609375e-05 s]
[300/1000: border reached at t: 978, (i, j): (28, 0), h: 27.88532; trajectory time: 2.1457672119140625e-05 s]
[400/1000: border reached at t: 1537, (i, j): (0, 41), h: 10.9658165; trajectory time: 4.124641418457031e-05 s]
[500/1000: border reached at t: 600, (i, j): (37, 63), h: 16.953314; trajectory time: 2.09808349609375e-05 s]
[600/1000: border reached at t: 2237, (i, j): (36, 63), h: 14.855178; trajectory time: 6.365776062011719e-05 s]
[700/1000: border reached at t: 311, (i, j): (0, 41), h: 10.9658165; trajectory time: 2.1219253540039062e-05 s]
[800/1000: border reached at t: 1045, (i, j): (0, 55), h: -7.0011506; trajectory time: 4.172325134277344e-05 s]
[900/1000: border reached at t: 1015, (i, j): (63, 26), h: 4.984125; trajectory time: 4.124641418457031e-05 s]
[1000/1000: border reached at t: 935, (i, j): (26, 63), h: 1.5823361; trajectory time: 2.09808349609375e-05 s]
SFWF MC CPU NUMPY DONE. [h_mean: 8.167724, T_mean: 744.162; time: 0.029071807861328125 s]
***
SUMMARY:
COMPARISON OF SINGLE HEIGHT VS REF -> h_mean: 8.167724 VS contraction_ref_heights_out[i0, j0]: 8.203798, ABS DIFF: 3.6074638e-02]
TIME MEAN: 0.029094672203063963 s, STD: 7.592862178547048e-05 s, STD_%: 0.3%
SPEEDUP VS REF: 1.0
====================================================================================================================================================================================================================================================
MONTE CARLO APPROACH 2: sfwf_mc_cuda...
---
REPETITION: 1/10:
SFWF MC CUDA... [(i, j): (12, 36), wanted n_samples: 1.0e+03, seed: 0, rpt: 10, tpb: 128]
[min_n_generators: 100, bpg_walk: 1]
[initialization of random generators...]
[initialization of random generators done; count: 128, memory: 0.002 MiB, time: 0.36607861518859863 s]
[random walks...; bpg_walk: 1, tpb: 128]
[random walks done; time: 0.007968902587890625 s]
[mean-reduction...; bpg: 1, tpb: 128]
[mean-reduction done; time: 9.632110595703125e-05 s]
SFWF MC CUDA DONE. [h_mean: 8.239985, T_mean: 770.9562377929688, n_samples de facto: 1.3e+03; time: 0.3742208480834961 s, time without generators initalization: 0.008142232894897461 s]
---
REPETITION: 2/10:
SFWF MC CUDA... [(i, j): (12, 36), wanted n_samples: 1.0e+03, seed: 0, rpt: 10, tpb: 128]
[min_n_generators: 100, bpg_walk: 1]
[initialization of random generators...]
[initialization of random generators done; count: 128, memory: 0.002 MiB, time: 0.00010204315185546875 s]
[random walks...; bpg_walk: 1, tpb: 128]
[random walks done; time: 0.007818460464477539 s]
[mean-reduction...; bpg: 1, tpb: 128]
[mean-reduction done; time: 5.626678466796875e-05 s]
SFWF MC CUDA DONE. [h_mean: 8.239985, T_mean: 770.9562377929688, n_samples de facto: 1.3e+03; time: 0.008005857467651367 s, time without generators initalization: 0.007903814315795898 s]
---
REPETITION: 3/10:
SFWF MC CUDA... [(i, j): (12, 36), wanted n_samples: 1.0e+03, seed: 0, rpt: 10, tpb: 128]
[min_n_generators: 100, bpg_walk: 1]
[initialization of random generators...]
[initialization of random generators done; count: 128, memory: 0.002 MiB, time: 8.106231689453125e-05 s]
[random walks...; bpg_walk: 1, tpb: 128]
[random walks done; time: 0.007811546325683594 s]
[mean-reduction...; bpg: 1, tpb: 128]
[mean-reduction done; time: 5.0067901611328125e-05 s]
SFWF MC CUDA DONE. [h_mean: 8.239985, T_mean: 770.9562377929688, n_samples de facto: 1.3e+03; time: 0.007972002029418945 s, time without generators initalization: 0.007890939712524414 s]
---
REPETITION: 4/10:
SFWF MC CUDA... [(i, j): (12, 36), wanted n_samples: 1.0e+03, seed: 0, rpt: 10, tpb: 128]
[min_n_generators: 100, bpg_walk: 1]
[initialization of random generators...]
[initialization of random generators done; count: 128, memory: 0.002 MiB, time: 7.653236389160156e-05 s]
[random walks...; bpg_walk: 1, tpb: 128]
[random walks done; time: 0.007800579071044922 s]
[mean-reduction...; bpg: 1, tpb: 128]
[mean-reduction done; time: 4.76837158203125e-05 s]
SFWF MC CUDA DONE. [h_mean: 8.239985, T_mean: 770.9562377929688, n_samples de facto: 1.3e+03; time: 0.007946968078613281 s, time without generators initalization: 0.00787043571472168 s]
---
REPETITION: 5/10:
SFWF MC CUDA... [(i, j): (12, 36), wanted n_samples: 1.0e+03, seed: 0, rpt: 10, tpb: 128]
[min_n_generators: 100, bpg_walk: 1]
[initialization of random generators...]
[initialization of random generators done; count: 128, memory: 0.002 MiB, time: 7.390975952148438e-05 s]
[random walks...; bpg_walk: 1, tpb: 128]
[random walks done; time: 0.007802248001098633 s]
[mean-reduction...; bpg: 1, tpb: 128]
[mean-reduction done; time: 4.76837158203125e-05 s]
SFWF MC CUDA DONE. [h_mean: 8.239985, T_mean: 770.9562377929688, n_samples de facto: 1.3e+03; time: 0.007945775985717773 s, time without generators initalization: 0.007871866226196289 s]
---
REPETITION: 6/10:
SFWF MC CUDA... [(i, j): (12, 36), wanted n_samples: 1.0e+03, seed: 0, rpt: 10, tpb: 128]
[min_n_generators: 100, bpg_walk: 1]
[initialization of random generators...]
[initialization of random generators done; count: 128, memory: 0.002 MiB, time: 7.748603820800781e-05 s]
[random walks...; bpg_walk: 1, tpb: 128]
[random walks done; time: 0.007800579071044922 s]
[mean-reduction...; bpg: 1, tpb: 128]
[mean-reduction done; time: 5.221366882324219e-05 s]
SFWF MC CUDA DONE. [h_mean: 8.239985, T_mean: 770.9562377929688, n_samples de facto: 1.3e+03; time: 0.007955789566040039 s, time without generators initalization: 0.007878303527832031 s]
---
REPETITION: 7/10:
SFWF MC CUDA... [(i, j): (12, 36), wanted n_samples: 1.0e+03, seed: 0, rpt: 10, tpb: 128]
[min_n_generators: 100, bpg_walk: 1]
[initialization of random generators...]
[initialization of random generators done; count: 128, memory: 0.002 MiB, time: 0.00018310546875 s]
[random walks...; bpg_walk: 1, tpb: 128]
[random walks done; time: 0.0078067779541015625 s]
[mean-reduction...; bpg: 1, tpb: 128]
[mean-reduction done; time: 5.459785461425781e-05 s]
SFWF MC CUDA DONE. [h_mean: 8.239985, T_mean: 770.9562377929688, n_samples de facto: 1.3e+03; time: 0.008072376251220703 s, time without generators initalization: 0.007889270782470703 s]
---
REPETITION: 8/10:
SFWF MC CUDA... [(i, j): (12, 36), wanted n_samples: 1.0e+03, seed: 0, rpt: 10, tpb: 128]
[min_n_generators: 100, bpg_walk: 1]
[initialization of random generators...]
[initialization of random generators done; count: 128, memory: 0.002 MiB, time: 7.724761962890625e-05 s]
[random walks...; bpg_walk: 1, tpb: 128]
[random walks done; time: 0.0078089237213134766 s]
[mean-reduction...; bpg: 1, tpb: 128]
[mean-reduction done; time: 5.507469177246094e-05 s]
SFWF MC CUDA DONE. [h_mean: 8.239985, T_mean: 770.9562377929688, n_samples de facto: 1.3e+03; time: 0.007967233657836914 s, time without generators initalization: 0.007889986038208008 s]
---
REPETITION: 9/10:
SFWF MC CUDA... [(i, j): (12, 36), wanted n_samples: 1.0e+03, seed: 0, rpt: 10, tpb: 128]
[min_n_generators: 100, bpg_walk: 1]
[initialization of random generators...]
[initialization of random generators done; count: 128, memory: 0.002 MiB, time: 7.796287536621094e-05 s]
[random walks...; bpg_walk: 1, tpb: 128]
[random walks done; time: 0.007803916931152344 s]
[mean-reduction...; bpg: 1, tpb: 128]
[mean-reduction done; time: 5.626678466796875e-05 s]
SFWF MC CUDA DONE. [h_mean: 8.239985, T_mean: 770.9562377929688, n_samples de facto: 1.3e+03; time: 0.007968664169311523 s, time without generators initalization: 0.007890701293945312 s]
---
REPETITION: 10/10:
SFWF MC CUDA... [(i, j): (12, 36), wanted n_samples: 1.0e+03, seed: 0, rpt: 10, tpb: 128]
[min_n_generators: 100, bpg_walk: 1]
[initialization of random generators...]
[initialization of random generators done; count: 128, memory: 0.002 MiB, time: 7.605552673339844e-05 s]
[random walks...; bpg_walk: 1, tpb: 128]
[random walks done; time: 0.007799863815307617 s]
[mean-reduction...; bpg: 1, tpb: 128]
[mean-reduction done; time: 5.269050598144531e-05 s]
SFWF MC CUDA DONE. [h_mean: 8.239985, T_mean: 770.9562377929688, n_samples de facto: 1.3e+03; time: 0.007953882217407227 s, time without generators initalization: 0.007877826690673828 s]
***
SUMMARY:
COMPARISON OF SINGLE HEIGHT VS REF -> h_mean: 8.239985 VS contraction_ref_heights_out[i0, j0]: 8.203798, ABS DIFF: 3.6187172e-02]
TIME MEAN: 0.007910537719726562 s, STD: 7.784136948403425e-05 s, STD_%: 1.0%
SPEEDUP VS REF: 3.6779639050971693
====================================================================================================================================================================================================================================================
====================================================================================================================================================================================================================================================
FINAL SUMMARY:
CONTRACTION ITERATION APPROACH 1: sfwf_contraction_cpu_numpy OFF.
CONTRACTION ITERATION APPROACH 2: sfwf_contraction_cuda_small OFF.
CONTRACTION ITERATION APPROACH 3: sfwf_contraction_cuda_large_atomicmax (REFERENCE) -> MEAN ITERATIONS: 9400.0, MEAN D_INF: 9.5367431640625e-07, MEAN TIME: 0.17649765014648439 s, TIME STD: 0.0008854406819430532 s, STD_%: 0.5%, SPEED-UP: 1.00
CONTRACTION ITERATION APPROACH 4: sfwf_contraction_cuda_large_atomicmaxglosten OFF.
CONTRACTION ITERATION APPROACH 5: sfwf_contraction_cuda_large_hreducemax OFF.
CONTRACTION ITERATION APPROACH 6: sfwf_contraction_cuda_large_hreducemaxgs OFF.
CONTRACTION ITERATION APPROACH 7: sfwf_contraction_cuda_large_gridsync OFF.
MONTE CARLO APPROACH 1: sfwf_mc_cpu_numpy (REFERENCE) -> MEAN TIME: 0.029094672203063963 s, TIME STD: 7.592862178547048e-05 s,  STD_%: 0.3%, SPEED-UP: 1.00
MONTE CARLO APPROACH 2: sfwf_mc_cuda -> MEAN TIME: 0.007910537719726562 s, TIME STD: 7.784136948403425e-05 s,  STD_%: 1.0%, SPEED-UP: 3.68
SOAP FILM IN A WIRE FRAME DONE. [hash string: 2980275379_76788_901_[7;20;5.0;64;True;1.0e-06;False;False;3;FFTFFFF;TT], time: 2.505326747894287]
