SOAP FILM IN A WIRE FRAME...
HASH STRING: 2997988866_68185_565_[7;20;5.0;64;True;1.0e-06;False;0;1e+08;(12,36);False;3;FFFTFFFF;TT]
====================================================================================================================================================================================================================================================
EXPERIMENT INFO:
{
  SEED: 7,
  WF_FOURIER_N: 20,
  WF_FOURIER_AMPLITUDE: 5.0,
  WF_BORDER_N: 64,
  NUMPY_SINGLE_THREAD: True,
  CONTRACTION_EPS: 1e-06,
  CONTRACTION_PLOTS: False,
  MC_SEED: 0,
  MC_SAMPLES: 100000000,
  MC_I0_J0: (12, 36),
  MC_EXAMPLE_PLOT: False,
  MC_EXAMPLE_PLOT_SAMPLES: 3,
  sfwf_contraction_cpu_numpy: (False, 'sfwf_contraction_cpu_numpy', 0, {}),
  sfwf_contraction_cpu_numba_parallel: (False, 'sfwf_contraction_cpu_numba_parallel', 0, {}),
  sfwf_contraction_cuda_small: (False, 'sfwf_contraction_cuda_small', 0, {}),
  sfwf_contraction_cuda_large_atomicmax: (True, 'sfwf_contraction_cuda_large_atomicmax', 10, {'lazy_stop_check': 100, 'tpb_side': 16}),
  sfwf_contraction_cuda_large_atomicmaxglosten: (False, 'sfwf_contraction_cuda_large_atomicmaxglosten', 0, {}),
  sfwf_contraction_cuda_large_hreducemax: (False, 'sfwf_contraction_cuda_large_hreducemax', 0, {}),
  sfwf_contraction_cuda_large_hreducemaxgs: (False, 'sfwf_contraction_cuda_large_hreducemaxgs', 0, {}),
  sfwf_contraction_cuda_large_gridsync: (False, 'sfwf_contraction_cuda_large_gridsync', 0, {}),
  sfwf_mc_cpu_numpy: (True, 'sfwf_mc_cpu_numpy', 10, {'chunk_size': 1000}),
  sfwf_mc_cuda: (True, 'sfwf_mc_cuda', 10, {'rpt': 10, 'tpb': 128})
}
====================================================================================================================================================================================================================================================
CPU AND SYSTEM:
{'cpu_name': 'Intel(R) Core(TM) i7-10700 CPU @ 2.90GHz',
 'os_machine': 'x86_64',
 'os_name': 'Linux 6.8.0-106-generic',
 'os_version': '#106-Ubuntu SMP PREEMPT_DYNAMIC Fri Mar  6 07:58:08 UTC 2026',
 'ram_size': '125.7 GB'}
GPU:
{'async_engine_count': 2,
 'can_map_host_memory': 1,
 'compute_capability': ComputeCapability(major=8, minor=6),
 'cores_per_SM': 128,
 'cores_total': 10496,
 'max_block_dim_x': 1024,
 'max_block_dim_y': 1024,
 'max_block_dim_z': 64,
 'max_grid_dim_x': 2147483647,
 'max_grid_dim_y': 65535,
 'max_grid_dim_z': 65535,
 'max_shared_memory_per_block': 49152,
 'max_threads_per_block': 1024,
 'multiprocessor_count': 82,
 'name': 'NVIDIA GeForce RTX 3090',
 'pci_bus_id': 1,
 'pci_device_id': 0,
 'unified_addressing': 1,
 'warp_size': 32}
====================================================================================================================================================================================================================================================
RANDOM WIRE FRAME WITH TOTAL OF POINTS (STATES): 4096
HEIGHTS IN[:5, :5]:
[[25.365894  20.296429  14.925921  10.320204   7.3313727]
 [29.068245   0.         0.         0.         0.       ]
 [30.553246   0.         0.         0.         0.       ]
 [29.360521   0.         0.         0.         0.       ]
 [25.516117   0.         0.         0.         0.       ]]
====================================================================================================================================================================================================================================================
CONTRACTION ITERATION APPROACH 4: sfwf_contraction_cuda_large_atomicmax...
---
REPETITION: 1/10:
SFWF CONTRACTION CUDA LARGE ATOMICMAX... [eps: 1e-06, lazy_stop_check: 100, tpb_side: 16]
[bpg: (4, 4), tpb: (16, 16)]
SFWF CONTRACTION CUDA LARGE ATOMICMAX DONE. [d_inf: 9.536743e-07, iterations: 9400, time: 0.5001482963562012 s]
---
REPETITION: 2/10:
SFWF CONTRACTION CUDA LARGE ATOMICMAX... [eps: 1e-06, lazy_stop_check: 100, tpb_side: 16]
[bpg: (4, 4), tpb: (16, 16)]
SFWF CONTRACTION CUDA LARGE ATOMICMAX DONE. [d_inf: 9.536743e-07, iterations: 9400, time: 0.4998791217803955 s]
---
REPETITION: 3/10:
SFWF CONTRACTION CUDA LARGE ATOMICMAX... [eps: 1e-06, lazy_stop_check: 100, tpb_side: 16]
[bpg: (4, 4), tpb: (16, 16)]
SFWF CONTRACTION CUDA LARGE ATOMICMAX DONE. [d_inf: 9.536743e-07, iterations: 9400, time: 0.499103307723999 s]
---
REPETITION: 4/10:
SFWF CONTRACTION CUDA LARGE ATOMICMAX... [eps: 1e-06, lazy_stop_check: 100, tpb_side: 16]
[bpg: (4, 4), tpb: (16, 16)]
SFWF CONTRACTION CUDA LARGE ATOMICMAX DONE. [d_inf: 9.536743e-07, iterations: 9400, time: 0.5002999305725098 s]
---
REPETITION: 5/10:
SFWF CONTRACTION CUDA LARGE ATOMICMAX... [eps: 1e-06, lazy_stop_check: 100, tpb_side: 16]
[bpg: (4, 4), tpb: (16, 16)]
SFWF CONTRACTION CUDA LARGE ATOMICMAX DONE. [d_inf: 9.536743e-07, iterations: 9400, time: 0.5009007453918457 s]
---
REPETITION: 6/10:
SFWF CONTRACTION CUDA LARGE ATOMICMAX... [eps: 1e-06, lazy_stop_check: 100, tpb_side: 16]
[bpg: (4, 4), tpb: (16, 16)]
SFWF CONTRACTION CUDA LARGE ATOMICMAX DONE. [d_inf: 9.536743e-07, iterations: 9400, time: 0.49920010566711426 s]
---
REPETITION: 7/10:
SFWF CONTRACTION CUDA LARGE ATOMICMAX... [eps: 1e-06, lazy_stop_check: 100, tpb_side: 16]
[bpg: (4, 4), tpb: (16, 16)]
SFWF CONTRACTION CUDA LARGE ATOMICMAX DONE. [d_inf: 9.536743e-07, iterations: 9400, time: 0.5023152828216553 s]
---
REPETITION: 8/10:
SFWF CONTRACTION CUDA LARGE ATOMICMAX... [eps: 1e-06, lazy_stop_check: 100, tpb_side: 16]
[bpg: (4, 4), tpb: (16, 16)]
SFWF CONTRACTION CUDA LARGE ATOMICMAX DONE. [d_inf: 9.536743e-07, iterations: 9400, time: 0.4996755123138428 s]
---
REPETITION: 9/10:
SFWF CONTRACTION CUDA LARGE ATOMICMAX... [eps: 1e-06, lazy_stop_check: 100, tpb_side: 16]
[bpg: (4, 4), tpb: (16, 16)]
SFWF CONTRACTION CUDA LARGE ATOMICMAX DONE. [d_inf: 9.536743e-07, iterations: 9400, time: 0.5011053085327148 s]
---
REPETITION: 10/10:
SFWF CONTRACTION CUDA LARGE ATOMICMAX... [eps: 1e-06, lazy_stop_check: 100, tpb_side: 16]
[bpg: (4, 4), tpb: (16, 16)]
SFWF CONTRACTION CUDA LARGE ATOMICMAX DONE. [d_inf: 9.536743e-07, iterations: 9400, time: 0.5095300674438477 s]
***
SUMMARY:
HEIGHTS OUT[:5, :5]:
[[25.365894  20.296429  14.925921  10.320204   7.3313727]
 [29.068245  22.564266  17.283945  13.20249   10.526932 ]
 [30.553246  23.60845   18.443102  14.678881  12.190558 ]
 [29.360521  22.873186  18.201136  14.8793745 12.6591   ]
 [25.516117  20.322641  16.608881  13.978384  12.193586 ]]
D_INF OF HEIGHTS VS REF: 0.0
D_INF (AT STOP) MEAN: 9.5367431640625e-07
ITERATIONS MEAN: 9400.0
TIME MEAN: 0.5012157678604126 s, STD: 0.0029173720414011617 s, STD_%: 0.6%
SPEEDUP VS REF: 1.0
====================================================================================================================================================================================================================================================
MONTE CARLO APPROACH 1: sfwf_mc_cpu_numpy...
---
REPETITION: 1/10:
SFWF MC CPU NUMPY... [(i, j): (12, 36), n_samples: 1.0e+08, seed: 0, chunk_size: 1000]
[10000000/100000000: border reached at t: 1362, (i, j): (5, 63), h: 16.556221; trajectory time: 9.942054748535156e-05 s]
[20000000/100000000: border reached at t: 79, (i, j): (0, 35), h: 23.579378; trajectory time: 5.221366882324219e-05 s]
[30000000/100000000: border reached at t: 90, (i, j): (5, 63), h: 16.556221; trajectory time: 5.14984130859375e-05 s]
[40000000/100000000: border reached at t: 1379, (i, j): (43, 0), h: -3.4824622; trajectory time: 9.799003601074219e-05 s]
[50000000/100000000: border reached at t: 256, (i, j): (0, 40), h: 15.55544; trajectory time: 5.14984130859375e-05 s]
[60000000/100000000: border reached at t: 302, (i, j): (0, 40), h: 15.55544; trajectory time: 5.173683166503906e-05 s]
[70000000/100000000: border reached at t: 255, (i, j): (0, 59), h: -10.914342; trajectory time: 5.14984130859375e-05 s]
[80000000/100000000: border reached at t: 188, (i, j): (0, 36), h: 25.331642; trajectory time: 5.555152893066406e-05 s]
[90000000/100000000: border reached at t: 199, (i, j): (12, 63), h: 13.063783; trajectory time: 5.221366882324219e-05 s]
[100000000/100000000: border reached at t: 56, (i, j): (0, 36), h: 25.331642; trajectory time: 5.173683166503906e-05 s]
SFWF MC CPU NUMPY DONE. [h_mean: 8.203896, T_mean: 750.90256171; time: 7067.167320728302 s]
---
REPETITION: 2/10:
SFWF MC CPU NUMPY... [(i, j): (12, 36), n_samples: 1.0e+08, seed: 0, chunk_size: 1000]
[10000000/100000000: border reached at t: 1362, (i, j): (5, 63), h: 16.556221; trajectory time: 9.918212890625e-05 s]
[20000000/100000000: border reached at t: 79, (i, j): (0, 35), h: 23.579378; trajectory time: 5.269050598144531e-05 s]
[30000000/100000000: border reached at t: 90, (i, j): (5, 63), h: 16.556221; trajectory time: 5.221366882324219e-05 s]
[40000000/100000000: border reached at t: 1379, (i, j): (43, 0), h: -3.4824622; trajectory time: 9.822845458984375e-05 s]
[50000000/100000000: border reached at t: 256, (i, j): (0, 40), h: 15.55544; trajectory time: 5.14984130859375e-05 s]
[60000000/100000000: border reached at t: 302, (i, j): (0, 40), h: 15.55544; trajectory time: 5.1975250244140625e-05 s]
[70000000/100000000: border reached at t: 255, (i, j): (0, 59), h: -10.914342; trajectory time: 5.221366882324219e-05 s]
[80000000/100000000: border reached at t: 188, (i, j): (0, 36), h: 25.331642; trajectory time: 5.1975250244140625e-05 s]
[90000000/100000000: border reached at t: 199, (i, j): (12, 63), h: 13.063783; trajectory time: 5.650520324707031e-05 s]
[100000000/100000000: border reached at t: 56, (i, j): (0, 36), h: 25.331642; trajectory time: 5.221366882324219e-05 s]
SFWF MC CPU NUMPY DONE. [h_mean: 8.203896, T_mean: 750.90256171; time: 7077.91752076149 s]
---
REPETITION: 3/10:
SFWF MC CPU NUMPY... [(i, j): (12, 36), n_samples: 1.0e+08, seed: 0, chunk_size: 1000]
[10000000/100000000: border reached at t: 1362, (i, j): (5, 63), h: 16.556221; trajectory time: 9.894371032714844e-05 s]
[20000000/100000000: border reached at t: 79, (i, j): (0, 35), h: 23.579378; trajectory time: 5.245208740234375e-05 s]
[30000000/100000000: border reached at t: 90, (i, j): (5, 63), h: 16.556221; trajectory time: 5.1975250244140625e-05 s]
[40000000/100000000: border reached at t: 1379, (i, j): (43, 0), h: -3.4824622; trajectory time: 9.870529174804688e-05 s]
[50000000/100000000: border reached at t: 256, (i, j): (0, 40), h: 15.55544; trajectory time: 5.1021575927734375e-05 s]
[60000000/100000000: border reached at t: 302, (i, j): (0, 40), h: 15.55544; trajectory time: 5.14984130859375e-05 s]
[70000000/100000000: border reached at t: 255, (i, j): (0, 59), h: -10.914342; trajectory time: 5.173683166503906e-05 s]
[80000000/100000000: border reached at t: 188, (i, j): (0, 36), h: 25.331642; trajectory time: 5.1975250244140625e-05 s]
[90000000/100000000: border reached at t: 199, (i, j): (12, 63), h: 13.063783; trajectory time: 5.221366882324219e-05 s]
[100000000/100000000: border reached at t: 56, (i, j): (0, 36), h: 25.331642; trajectory time: 5.221366882324219e-05 s]
SFWF MC CPU NUMPY DONE. [h_mean: 8.203896, T_mean: 750.90256171; time: 7080.626113891602 s]
---
REPETITION: 4/10:
SFWF MC CPU NUMPY... [(i, j): (12, 36), n_samples: 1.0e+08, seed: 0, chunk_size: 1000]
[10000000/100000000: border reached at t: 1362, (i, j): (5, 63), h: 16.556221; trajectory time: 9.918212890625e-05 s]
[20000000/100000000: border reached at t: 79, (i, j): (0, 35), h: 23.579378; trajectory time: 5.245208740234375e-05 s]
[30000000/100000000: border reached at t: 90, (i, j): (5, 63), h: 16.556221; trajectory time: 5.14984130859375e-05 s]
[40000000/100000000: border reached at t: 1379, (i, j): (43, 0), h: -3.4824622; trajectory time: 9.846687316894531e-05 s]
[50000000/100000000: border reached at t: 256, (i, j): (0, 40), h: 15.55544; trajectory time: 5.14984130859375e-05 s]
[60000000/100000000: border reached at t: 302, (i, j): (0, 40), h: 15.55544; trajectory time: 5.245208740234375e-05 s]
[70000000/100000000: border reached at t: 255, (i, j): (0, 59), h: -10.914342; trajectory time: 5.14984130859375e-05 s]
[80000000/100000000: border reached at t: 188, (i, j): (0, 36), h: 25.331642; trajectory time: 5.125999450683594e-05 s]
[90000000/100000000: border reached at t: 199, (i, j): (12, 63), h: 13.063783; trajectory time: 5.221366882324219e-05 s]
[100000000/100000000: border reached at t: 56, (i, j): (0, 36), h: 25.331642; trajectory time: 5.269050598144531e-05 s]
SFWF MC CPU NUMPY DONE. [h_mean: 8.203896, T_mean: 750.90256171; time: 7082.058144569397 s]
---
REPETITION: 5/10:
SFWF MC CPU NUMPY... [(i, j): (12, 36), n_samples: 1.0e+08, seed: 0, chunk_size: 1000]
[10000000/100000000: border reached at t: 1362, (i, j): (5, 63), h: 16.556221; trajectory time: 9.870529174804688e-05 s]
[20000000/100000000: border reached at t: 79, (i, j): (0, 35), h: 23.579378; trajectory time: 5.602836608886719e-05 s]
[30000000/100000000: border reached at t: 90, (i, j): (5, 63), h: 16.556221; trajectory time: 5.1975250244140625e-05 s]
[40000000/100000000: border reached at t: 1379, (i, j): (43, 0), h: -3.4824622; trajectory time: 9.846687316894531e-05 s]
[50000000/100000000: border reached at t: 256, (i, j): (0, 40), h: 15.55544; trajectory time: 5.14984130859375e-05 s]
[60000000/100000000: border reached at t: 302, (i, j): (0, 40), h: 15.55544; trajectory time: 5.1975250244140625e-05 s]
[70000000/100000000: border reached at t: 255, (i, j): (0, 59), h: -10.914342; trajectory time: 5.173683166503906e-05 s]
[80000000/100000000: border reached at t: 188, (i, j): (0, 36), h: 25.331642; trajectory time: 5.125999450683594e-05 s]
[90000000/100000000: border reached at t: 199, (i, j): (12, 63), h: 13.063783; trajectory time: 5.221366882324219e-05 s]
[100000000/100000000: border reached at t: 56, (i, j): (0, 36), h: 25.331642; trajectory time: 5.173683166503906e-05 s]
SFWF MC CPU NUMPY DONE. [h_mean: 8.203896, T_mean: 750.90256171; time: 7081.772447824478 s]
---
REPETITION: 6/10:
SFWF MC CPU NUMPY... [(i, j): (12, 36), n_samples: 1.0e+08, seed: 0, chunk_size: 1000]
[10000000/100000000: border reached at t: 1362, (i, j): (5, 63), h: 16.556221; trajectory time: 9.965896606445312e-05 s]
[20000000/100000000: border reached at t: 79, (i, j): (0, 35), h: 23.579378; trajectory time: 5.221366882324219e-05 s]
[30000000/100000000: border reached at t: 90, (i, j): (5, 63), h: 16.556221; trajectory time: 5.173683166503906e-05 s]
[40000000/100000000: border reached at t: 1379, (i, j): (43, 0), h: -3.4824622; trajectory time: 9.846687316894531e-05 s]
[50000000/100000000: border reached at t: 256, (i, j): (0, 40), h: 15.55544; trajectory time: 5.14984130859375e-05 s]
[60000000/100000000: border reached at t: 302, (i, j): (0, 40), h: 15.55544; trajectory time: 5.173683166503906e-05 s]
[70000000/100000000: border reached at t: 255, (i, j): (0, 59), h: -10.914342; trajectory time: 5.14984130859375e-05 s]
[80000000/100000000: border reached at t: 188, (i, j): (0, 36), h: 25.331642; trajectory time: 5.173683166503906e-05 s]
[90000000/100000000: border reached at t: 199, (i, j): (12, 63), h: 13.063783; trajectory time: 5.316734313964844e-05 s]
[100000000/100000000: border reached at t: 56, (i, j): (0, 36), h: 25.331642; trajectory time: 5.173683166503906e-05 s]
SFWF MC CPU NUMPY DONE. [h_mean: 8.203896, T_mean: 750.90256171; time: 7077.4724061489105 s]
---
REPETITION: 7/10:
SFWF MC CPU NUMPY... [(i, j): (12, 36), n_samples: 1.0e+08, seed: 0, chunk_size: 1000]
[10000000/100000000: border reached at t: 1362, (i, j): (5, 63), h: 16.556221; trajectory time: 9.846687316894531e-05 s]
[20000000/100000000: border reached at t: 79, (i, j): (0, 35), h: 23.579378; trajectory time: 5.1975250244140625e-05 s]
[30000000/100000000: border reached at t: 90, (i, j): (5, 63), h: 16.556221; trajectory time: 5.1975250244140625e-05 s]
[40000000/100000000: border reached at t: 1379, (i, j): (43, 0), h: -3.4824622; trajectory time: 9.846687316894531e-05 s]
[50000000/100000000: border reached at t: 256, (i, j): (0, 40), h: 15.55544; trajectory time: 5.125999450683594e-05 s]
[60000000/100000000: border reached at t: 302, (i, j): (0, 40), h: 15.55544; trajectory time: 5.1975250244140625e-05 s]
[70000000/100000000: border reached at t: 255, (i, j): (0, 59), h: -10.914342; trajectory time: 5.125999450683594e-05 s]
[80000000/100000000: border reached at t: 188, (i, j): (0, 36), h: 25.331642; trajectory time: 5.53131103515625e-05 s]
[90000000/100000000: border reached at t: 199, (i, j): (12, 63), h: 13.063783; trajectory time: 5.245208740234375e-05 s]
[100000000/100000000: border reached at t: 56, (i, j): (0, 36), h: 25.331642; trajectory time: 5.1975250244140625e-05 s]
SFWF MC CPU NUMPY DONE. [h_mean: 8.203896, T_mean: 750.90256171; time: 7083.814526081085 s]
---
REPETITION: 8/10:
SFWF MC CPU NUMPY... [(i, j): (12, 36), n_samples: 1.0e+08, seed: 0, chunk_size: 1000]
[10000000/100000000: border reached at t: 1362, (i, j): (5, 63), h: 16.556221; trajectory time: 0.00010013580322265625 s]
[20000000/100000000: border reached at t: 79, (i, j): (0, 35), h: 23.579378; trajectory time: 5.221366882324219e-05 s]
[30000000/100000000: border reached at t: 90, (i, j): (5, 63), h: 16.556221; trajectory time: 5.14984130859375e-05 s]
[40000000/100000000: border reached at t: 1379, (i, j): (43, 0), h: -3.4824622; trajectory time: 9.870529174804688e-05 s]
[50000000/100000000: border reached at t: 256, (i, j): (0, 40), h: 15.55544; trajectory time: 5.173683166503906e-05 s]
[60000000/100000000: border reached at t: 302, (i, j): (0, 40), h: 15.55544; trajectory time: 5.173683166503906e-05 s]
[70000000/100000000: border reached at t: 255, (i, j): (0, 59), h: -10.914342; trajectory time: 5.1975250244140625e-05 s]
[80000000/100000000: border reached at t: 188, (i, j): (0, 36), h: 25.331642; trajectory time: 5.173683166503906e-05 s]
[90000000/100000000: border reached at t: 199, (i, j): (12, 63), h: 13.063783; trajectory time: 5.269050598144531e-05 s]
[100000000/100000000: border reached at t: 56, (i, j): (0, 36), h: 25.331642; trajectory time: 5.221366882324219e-05 s]
SFWF MC CPU NUMPY DONE. [h_mean: 8.203896, T_mean: 750.90256171; time: 7077.752980232239 s]
---
REPETITION: 9/10:
SFWF MC CPU NUMPY... [(i, j): (12, 36), n_samples: 1.0e+08, seed: 0, chunk_size: 1000]
[10000000/100000000: border reached at t: 1362, (i, j): (5, 63), h: 16.556221; trajectory time: 9.822845458984375e-05 s]
[20000000/100000000: border reached at t: 79, (i, j): (0, 35), h: 23.579378; trajectory time: 5.245208740234375e-05 s]
[30000000/100000000: border reached at t: 90, (i, j): (5, 63), h: 16.556221; trajectory time: 5.173683166503906e-05 s]
[40000000/100000000: border reached at t: 1379, (i, j): (43, 0), h: -3.4824622; trajectory time: 0.00010061264038085938 s]
[50000000/100000000: border reached at t: 256, (i, j): (0, 40), h: 15.55544; trajectory time: 5.245208740234375e-05 s]
[60000000/100000000: border reached at t: 302, (i, j): (0, 40), h: 15.55544; trajectory time: 5.245208740234375e-05 s]
[70000000/100000000: border reached at t: 255, (i, j): (0, 59), h: -10.914342; trajectory time: 5.245208740234375e-05 s]
[80000000/100000000: border reached at t: 188, (i, j): (0, 36), h: 25.331642; trajectory time: 5.245208740234375e-05 s]
[90000000/100000000: border reached at t: 199, (i, j): (12, 63), h: 13.063783; trajectory time: 5.316734313964844e-05 s]
[100000000/100000000: border reached at t: 56, (i, j): (0, 36), h: 25.331642; trajectory time: 5.650520324707031e-05 s]
SFWF MC CPU NUMPY DONE. [h_mean: 8.203896, T_mean: 750.90256171; time: 7140.521493673325 s]
---
REPETITION: 10/10:
SFWF MC CPU NUMPY... [(i, j): (12, 36), n_samples: 1.0e+08, seed: 0, chunk_size: 1000]
[10000000/100000000: border reached at t: 1362, (i, j): (5, 63), h: 16.556221; trajectory time: 0.00010085105895996094 s]
[20000000/100000000: border reached at t: 79, (i, j): (0, 35), h: 23.579378; trajectory time: 5.340576171875e-05 s]
[30000000/100000000: border reached at t: 90, (i, j): (5, 63), h: 16.556221; trajectory time: 5.221366882324219e-05 s]
[40000000/100000000: border reached at t: 1379, (i, j): (43, 0), h: -3.4824622; trajectory time: 9.989738464355469e-05 s]
[50000000/100000000: border reached at t: 256, (i, j): (0, 40), h: 15.55544; trajectory time: 5.316734313964844e-05 s]
[60000000/100000000: border reached at t: 302, (i, j): (0, 40), h: 15.55544; trajectory time: 5.698204040527344e-05 s]
[70000000/100000000: border reached at t: 255, (i, j): (0, 59), h: -10.914342; trajectory time: 5.316734313964844e-05 s]
[80000000/100000000: border reached at t: 188, (i, j): (0, 36), h: 25.331642; trajectory time: 5.2928924560546875e-05 s]
[90000000/100000000: border reached at t: 199, (i, j): (12, 63), h: 13.063783; trajectory time: 5.340576171875e-05 s]
[100000000/100000000: border reached at t: 56, (i, j): (0, 36), h: 25.331642; trajectory time: 5.340576171875e-05 s]
SFWF MC CPU NUMPY DONE. [h_mean: 8.203896, T_mean: 750.90256171; time: 7189.271634817123 s]
***
SUMMARY:
COMPARISON OF SINGLE HEIGHT VS REF -> h_mean: 8.203896 VS contraction_ref_heights_out[i0, j0]: 8.203798, ABS DIFF: 9.7274780e-05]
TIME MEAN: 7095.837458872795 s, STD: 36.46596042935346 s, STD_%: 0.5%
SPEEDUP VS REF: 1.0
====================================================================================================================================================================================================================================================
MONTE CARLO APPROACH 2: sfwf_mc_cuda...
---
REPETITION: 1/10:
SFWF MC CUDA... [(i, j): (12, 36), wanted n_samples: 1.0e+08, seed: 0, rpt: 10, tpb: 128]
[min_n_generators: 10000000, bpg_walk: 78125]
[initialization of random generators...]
[initialization of random generators done; count: 10000000, memory: 152.588 MiB, time: 1.698193073272705 s]
[random walks...; bpg_walk: 78125, tpb: 128]
[random walks done; time: 6.79194450378418 s]
[mean-reduction...; bpg: 1, tpb: 128]
[mean-reduction done; time: 0.0005908012390136719 s]
SFWF MC CUDA DONE. [h_mean: 8.2023945, T_mean: 750.7923583984375, n_samples de facto: 1.0e+08; time: 8.490842580795288 s, time without generators initalization: 6.792649507522583 s]
---
REPETITION: 2/10:
SFWF MC CUDA... [(i, j): (12, 36), wanted n_samples: 1.0e+08, seed: 0, rpt: 10, tpb: 128]
[min_n_generators: 10000000, bpg_walk: 78125]
[initialization of random generators...]
[initialization of random generators done; count: 10000000, memory: 152.588 MiB, time: 1.2714333534240723 s]
[random walks...; bpg_walk: 78125, tpb: 128]
[random walks done; time: 6.795232534408569 s]
[mean-reduction...; bpg: 1, tpb: 128]
[mean-reduction done; time: 0.0005662441253662109 s]
SFWF MC CUDA DONE. [h_mean: 8.2023945, T_mean: 750.7923583984375, n_samples de facto: 1.0e+08; time: 8.06734561920166 s, time without generators initalization: 6.795912265777588 s]
---
REPETITION: 3/10:
SFWF MC CUDA... [(i, j): (12, 36), wanted n_samples: 1.0e+08, seed: 0, rpt: 10, tpb: 128]
[min_n_generators: 10000000, bpg_walk: 78125]
[initialization of random generators...]
[initialization of random generators done; count: 10000000, memory: 152.588 MiB, time: 1.2727348804473877 s]
[random walks...; bpg_walk: 78125, tpb: 128]
[random walks done; time: 6.796923875808716 s]
[mean-reduction...; bpg: 1, tpb: 128]
[mean-reduction done; time: 0.0005667209625244141 s]
SFWF MC CUDA DONE. [h_mean: 8.2023945, T_mean: 750.7923583984375, n_samples de facto: 1.0e+08; time: 8.070332765579224 s, time without generators initalization: 6.797597885131836 s]
---
REPETITION: 4/10:
SFWF MC CUDA... [(i, j): (12, 36), wanted n_samples: 1.0e+08, seed: 0, rpt: 10, tpb: 128]
[min_n_generators: 10000000, bpg_walk: 78125]
[initialization of random generators...]
[initialization of random generators done; count: 10000000, memory: 152.588 MiB, time: 1.2712607383728027 s]
[random walks...; bpg_walk: 78125, tpb: 128]
[random walks done; time: 6.808736801147461 s]
[mean-reduction...; bpg: 1, tpb: 128]
[mean-reduction done; time: 0.0005621910095214844 s]
SFWF MC CUDA DONE. [h_mean: 8.2023945, T_mean: 750.7923583984375, n_samples de facto: 1.0e+08; time: 8.080672025680542 s, time without generators initalization: 6.809411287307739 s]
---
REPETITION: 5/10:
SFWF MC CUDA... [(i, j): (12, 36), wanted n_samples: 1.0e+08, seed: 0, rpt: 10, tpb: 128]
[min_n_generators: 10000000, bpg_walk: 78125]
[initialization of random generators...]
[initialization of random generators done; count: 10000000, memory: 152.588 MiB, time: 1.269559383392334 s]
[random walks...; bpg_walk: 78125, tpb: 128]
[random walks done; time: 6.801943778991699 s]
[mean-reduction...; bpg: 1, tpb: 128]
[mean-reduction done; time: 0.0005519390106201172 s]
SFWF MC CUDA DONE. [h_mean: 8.2023945, T_mean: 750.7923583984375, n_samples de facto: 1.0e+08; time: 8.072176218032837 s, time without generators initalization: 6.802616834640503 s]
---
REPETITION: 6/10:
SFWF MC CUDA... [(i, j): (12, 36), wanted n_samples: 1.0e+08, seed: 0, rpt: 10, tpb: 128]
[min_n_generators: 10000000, bpg_walk: 78125]
[initialization of random generators...]
[initialization of random generators done; count: 10000000, memory: 152.588 MiB, time: 1.2716577053070068 s]
[random walks...; bpg_walk: 78125, tpb: 128]
[random walks done; time: 6.8177385330200195 s]
[mean-reduction...; bpg: 1, tpb: 128]
[mean-reduction done; time: 0.0005567073822021484 s]
SFWF MC CUDA DONE. [h_mean: 8.2023945, T_mean: 750.7923583984375, n_samples de facto: 1.0e+08; time: 8.090044260025024 s, time without generators initalization: 6.818386554718018 s]
---
REPETITION: 7/10:
SFWF MC CUDA... [(i, j): (12, 36), wanted n_samples: 1.0e+08, seed: 0, rpt: 10, tpb: 128]
[min_n_generators: 10000000, bpg_walk: 78125]
[initialization of random generators...]
[initialization of random generators done; count: 10000000, memory: 152.588 MiB, time: 1.2773849964141846 s]
[random walks...; bpg_walk: 78125, tpb: 128]
[random walks done; time: 6.803120851516724 s]
[mean-reduction...; bpg: 1, tpb: 128]
[mean-reduction done; time: 0.0005555152893066406 s]
SFWF MC CUDA DONE. [h_mean: 8.2023945, T_mean: 750.7923583984375, n_samples de facto: 1.0e+08; time: 8.08115839958191 s, time without generators initalization: 6.803773403167725 s]
---
REPETITION: 8/10:
SFWF MC CUDA... [(i, j): (12, 36), wanted n_samples: 1.0e+08, seed: 0, rpt: 10, tpb: 128]
[min_n_generators: 10000000, bpg_walk: 78125]
[initialization of random generators...]
[initialization of random generators done; count: 10000000, memory: 152.588 MiB, time: 1.26987886428833 s]
[random walks...; bpg_walk: 78125, tpb: 128]
[random walks done; time: 6.795392990112305 s]
[mean-reduction...; bpg: 1, tpb: 128]
[mean-reduction done; time: 0.0005586147308349609 s]
SFWF MC CUDA DONE. [h_mean: 8.2023945, T_mean: 750.7923583984375, n_samples de facto: 1.0e+08; time: 8.065931797027588 s, time without generators initalization: 6.796052932739258 s]
---
REPETITION: 9/10:
SFWF MC CUDA... [(i, j): (12, 36), wanted n_samples: 1.0e+08, seed: 0, rpt: 10, tpb: 128]
[min_n_generators: 10000000, bpg_walk: 78125]
[initialization of random generators...]
[initialization of random generators done; count: 10000000, memory: 152.588 MiB, time: 1.2713372707366943 s]
[random walks...; bpg_walk: 78125, tpb: 128]
[random walks done; time: 6.81096339225769 s]
[mean-reduction...; bpg: 1, tpb: 128]
[mean-reduction done; time: 0.0005586147308349609 s]
SFWF MC CUDA DONE. [h_mean: 8.2023945, T_mean: 750.7923583984375, n_samples de facto: 1.0e+08; time: 8.082969665527344 s, time without generators initalization: 6.811632394790649 s]
---
REPETITION: 10/10:
SFWF MC CUDA... [(i, j): (12, 36), wanted n_samples: 1.0e+08, seed: 0, rpt: 10, tpb: 128]
[min_n_generators: 10000000, bpg_walk: 78125]
[initialization of random generators...]
[initialization of random generators done; count: 10000000, memory: 152.588 MiB, time: 1.2754004001617432 s]
[random walks...; bpg_walk: 78125, tpb: 128]
[random walks done; time: 6.803669691085815 s]
[mean-reduction...; bpg: 1, tpb: 128]
[mean-reduction done; time: 0.0005640983581542969 s]
SFWF MC CUDA DONE. [h_mean: 8.2023945, T_mean: 750.7923583984375, n_samples de facto: 1.0e+08; time: 8.079741477966309 s, time without generators initalization: 6.804341077804565 s]
***
SUMMARY:
COMPARISON OF SINGLE HEIGHT VS REF -> h_mean: 8.2023945 VS contraction_ref_heights_out[i0, j0]: 8.203798, ABS DIFF: 1.4038086e-03]
TIME MEAN: 6.803237414360046 s, STD: 0.007675688714429423 s, STD_%: 0.1%
SPEEDUP VS REF: 1043.0089421684945
====================================================================================================================================================================================================================================================
====================================================================================================================================================================================================================================================
FINAL SUMMARY:
CONTRACTION ITERATION APPROACH 1: sfwf_contraction_cpu_numpy OFF.
CONTRACTION ITERATION APPROACH 2: sfwf_contraction_cpu_numba_parallel OFF.
CONTRACTION ITERATION APPROACH 3: sfwf_contraction_cuda_small OFF.
CONTRACTION ITERATION APPROACH 4: sfwf_contraction_cuda_large_atomicmax (REFERENCE) -> MEAN ITERATIONS: 9400.0, MEAN D_INF: 9.5367431640625e-07, MEAN TIME: 0.5012157678604126 s, TIME STD: 0.0029173720414011617 s, STD_%: 0.6%, SPEED-UP: 1.00
CONTRACTION ITERATION APPROACH 5: sfwf_contraction_cuda_large_atomicmaxglosten OFF.
CONTRACTION ITERATION APPROACH 6: sfwf_contraction_cuda_large_hreducemax OFF.
CONTRACTION ITERATION APPROACH 7: sfwf_contraction_cuda_large_hreducemaxgs OFF.
CONTRACTION ITERATION APPROACH 8: sfwf_contraction_cuda_large_gridsync OFF.
MONTE CARLO APPROACH 1: sfwf_mc_cpu_numpy (REFERENCE) -> MEAN TIME: 7095.837458872795 s, TIME STD: 36.46596042935346 s,  STD_%: 0.5%, SPEED-UP: 1.00
MONTE CARLO APPROACH 2: sfwf_mc_cuda -> MEAN TIME: 6.803237414360046 s, TIME STD: 0.007675688714429423 s,  STD_%: 0.1%, SPEED-UP: 1043.01
SOAP FILM IN A WIRE FRAME DONE. [hash string: 2997988866_68185_565_[7;20;5.0;64;True;1.0e-06;False;0;1e+08;(12,36);False;3;FFFTFFFF;TT], time: 71045.0712916851]
