SOAP FILM IN WIRE FRAME (CONTRACTION ITERATION)...
HASH STRING: 3093181213_42031_692_[7;20;5.0;317;0.0001;0;0;True;FFTTTTFF]
====================================================================================================================================================================================================
EXPERIMENT INFO:
{
  SEED: 7,
  WF_FOURIER_N: 20,
  WF_FOURIER_AMPLITUDE: 5.0,
  WF_BORDER_N: 317,
  CONTRACTION_EPS: 0.0001,
  TEST_CONTRACTION_CPU_NUMPY: False,
  TEST_CONTRACTION_CUDA_SMALL: False,
  TEST_CONTRACTION_CUDA_LARGE_ATOMICMAX: True,
  TEST_CONTRACTION_CUDA_LARGE_ATOMICMAX_GLOBALMEM: True,
  TEST_CONTRACTION_CUDA_LARGE_GRIDREDUCE: True,
  TEST_CONTRACTION_CUDA_LARGE_GRIDSYNC: True,
  TEST_MC_CPU_NUMPY: False,
  TEST_MC_CUDA: False,
  MC_SEED_CPU_NUMPY: 0,
  MC_SEED_CUDA: 0,
  MC_SAMPLES: 100000,
  NUMPY_SINGLE_THREAD: True
}
====================================================================================================================================================================================================
CPU AND SYSTEM:
{'cpu_name': 'Intel(R) Xeon(R) CPU E3-1505M v5 @ 2.80GHz',
 'os_machine': 'AMD64',
 'os_name': 'Windows 10',
 'os_version': '10.0.19045',
 'ram_size': '63.9 GB'}
GPU:
{'async_engine_count': 5,
 'can_map_host_memory': 1,
 'compute_capability': (5, 2),
 'cores_per_SM': 128,
 'cores_total': 1280,
 'max_block_dim_x': 1024,
 'max_block_dim_y': 1024,
 'max_block_dim_z': 64,
 'max_grid_dim_x': 2147483647,
 'max_grid_dim_y': 65535,
 'max_grid_dim_z': 65535,
 'max_shared_memory_per_block': 49152,
 'max_threads_per_block': 1024,
 'multiprocessor_count': 10,
 'name': 'Quadro M4000M',
 'pci_bus_id': 1,
 'pci_device_id': 0,
 'unified_addressing': 1,
 'warp_size': 32}
====================================================================================================================================================================================================
RANDOM WIRE FRAME WITH TOTAL OF POINTS (STATES): 100489
---
SFWF CONTRACTION CUDA LARGE ATOMICMAX... [eps: 0.0001, lazy_stop_check: 100, tpb_side: 16]
[bpg: (20, 20)]
SFWF CONTRACTION CUDA LARGE ATOMICMAX DONE. [d_inf: 9.918212890625e-05, iterations: 38300, time: 5.010621786117554 s]
HEIGHTS OUT[:5, :5]:
[[25.365894 24.432104 23.45143  22.432312 21.383413]
 [26.244633 25.142448 24.054838 22.967161 21.876564]
 [27.060524 25.838211 24.658314 23.504929 22.370663]
 [27.806177 26.491562 25.235275 24.023579 22.847946]
 [28.47468  27.086586 25.76765  24.50616  23.293657]]
---
SFWF CONTRACTION CUDA LARGE ATOMICMAX GLOBAL MEM... [eps: 0.0001, lazy_stop_check: 100, tpb_side: 16]
[bpg: (20, 20)]
SFWF CONTRACTION CUDA LARGE ATOMICMAX GLOBALMEM DONE. [d_inf: 9.918212890625e-05, iterations: 38300, time: 4.930815935134888 s]
HEIGHTS OUT[:5, :5]:
[[25.365894 24.432104 23.45143  22.432312 21.383413]
 [26.244633 25.142448 24.054838 22.967161 21.876564]
 [27.060524 25.838211 24.658314 23.504929 22.370663]
 [27.806177 26.491562 25.235275 24.023579 22.847946]
 [28.47468  27.086586 25.76765  24.50616  23.293657]]
D_INF VS HEIGHTS REF: 0.0
SPEEDUP VS TIME REF: 1.0161851206843888
---
SFWF CONTRACTION CUDA LARGE GRIDREDUCEMAX... [eps: 0.0001, lazy_stop_check: 100, tpb_side: 16, tpb_reduce: 512]
[bpg: (20, 20)]
SFWF ITERATE CONTRACTION CUDA LARGE GRIDREDUCEMAX DONE. [d_inf: 9.918212890625e-05, iterations: 38300, time: 7.06347393989563 s]
HEIGHTS OUT[:5, :5]:
[[25.365894 24.432104 23.45143  22.432312 21.383413]
 [26.244633 25.142448 24.054838 22.967161 21.876564]
 [27.060524 25.838211 24.658314 23.504929 22.370663]
 [27.806177 26.491562 25.235275 24.023579 22.847946]
 [28.47468  27.086586 25.76765  24.50616  23.293657]]
D_INF VS HEIGHTS REF: 0.0
SPEEDUP VS TIME REF: 0.7093707471357346
---
SFWF CONTRACTION CUDA LARGE GRIDSYNC... [eps: 0.0001, tpb_side: 16, assumed max_bpg_gridsync: 100, discover_max_bpg_gridsync: True]
[wanted ideal bpg: (20, 20)]
[discovered max_bpg_gridsync: 20]
[bpg: (4, 5), ept: 20]
