SOAP FILM IN A WIRE FRAME...
HASH STRING: 3423221369_38667_692_[7;20;5.0;500;True;1.0e-04;False;False;3;FFTTTTFF;FF]
====================================================================================================================================================================================================
EXPERIMENT INFO:
{
  SEED: 7,
  WF_FOURIER_N: 20,
  WF_FOURIER_AMPLITUDE: 5.0,
  WF_BORDER_N: 500,
  NUMPY_SINGLE_THREAD: True,
  CONTRACTION_EPS: 0.0001,
  CONTRACTION_PLOTS: False,
  MC_EXAMPLE_PLOT: False,
  MC_EXAMPLE_PLOT_SAMPLES: 3,
  sfwf_contraction_cpu_numpy: (False, 'sfwf_contraction_cpu_numpy', 0, {}),
  sfwf_contraction_cuda_small: (False, 'sfwf_contraction_cuda_small', 0, {}),
  sfwf_contraction_cuda_large_atomicmax: (True, 'sfwf_contraction_cuda_large_atomicmax', 1, {'lazy_stop_check': 100, 'tpb_side': 16}),
  sfwf_contraction_cuda_large_atomicmaxgm: (True, 'sfwf_contraction_cuda_large_atomicmaxgm', 1, {'lazy_stop_check': 100, 'tpb_side': 16}),
  sfwf_contraction_cuda_large_hreducemax: (True, 'sfwf_contraction_cuda_large_hreducemax', 1, {'lazy_stop_check': 100, 'tpb_side': 16, 'tpb_reduce': 512}),
  sfwf_contraction_cuda_large_hreducemaxgm: (True, 'sfwf_contraction_cuda_large_hreducemaxgm', 1, {'lazy_stop_check': 100, 'tpb_side': 16, 'tpb_reduce': 512}),
  sfwf_contraction_cuda_large_hreducemaxgsr: (False, 'sfwf_contraction_cuda_large_hreducemaxgsr', 0, {}),
  sfwf_contraction_cuda_large_gridsync: (False, 'sfwf_contraction_cuda_large_gridsync', 0, {}),
  sfwf_mc_cpu_numpy: (False, 'sfwf_mc_cpu_numpy', 0, {}),
  sfwf_mc_cuda: (False, 'sfwf_mc_cuda', 0, {})
}
====================================================================================================================================================================================================
CPU AND SYSTEM:
{'cpu_name': 'Intel(R) Xeon(R) CPU E3-1505M v5 @ 2.80GHz',
 'os_machine': 'AMD64',
 'os_name': 'Windows 10',
 'os_version': '10.0.19045',
 'ram_size': '63.9 GB'}
GPU:
{'async_engine_count': 5,
 'can_map_host_memory': 1,
 'compute_capability': (5, 2),
 'cores_per_SM': 128,
 'cores_total': 1280,
 'max_block_dim_x': 1024,
 'max_block_dim_y': 1024,
 'max_block_dim_z': 64,
 'max_grid_dim_x': 2147483647,
 'max_grid_dim_y': 65535,
 'max_grid_dim_z': 65535,
 'max_shared_memory_per_block': 49152,
 'max_threads_per_block': 1024,
 'multiprocessor_count': 10,
 'name': 'Quadro M4000M',
 'pci_bus_id': 1,
 'pci_device_id': 0,
 'unified_addressing': 1,
 'warp_size': 32}
====================================================================================================================================================================================================
RANDOM WIRE FRAME WITH TOTAL OF POINTS (STATES): 250000
HEIGHTS IN[:5, :5]:
[[25.365894 24.78044  24.174961 23.551567 22.91241 ]
 [25.929241  0.        0.        0.        0.      ]
 [26.46857   0.        0.        0.        0.      ]
 [26.981817  0.        0.        0.        0.      ]
 [27.467234  0.        0.        0.        0.      ]]
====================================================================================================================================================================================================
CONTRACTION ITERATION APPROACH 3: sfwf_contraction_cuda_large_atomicmax...
---
REPETITION: 1/1:
SFWF CONTRACTION CUDA LARGE ATOMICMAX... [eps: 0.0001, lazy_stop_check: 100, tpb_side: 16]
[bpg: (32, 32), tpb: (16, 16)]
SFWF CONTRACTION CUDA LARGE ATOMICMAX DONE. [d_inf: 9.9897385e-05, iterations: 46100, time: 7.049985885620117 s]
***
SUMMARY:
HEIGHTS OUT[:5, :5]:
[[25.365894 24.78044  24.174961 23.551567 22.91241 ]
 [25.929241 25.263302 24.601185 23.936052 23.265741]
 [26.46857  25.742352 25.030424 24.325722 23.624525]
 [26.981817 26.207111 25.452438 24.711884 23.98153 ]
 [27.467234 26.65184  25.860336 25.087843 24.330698]]
D_INF OF HEIGHTS VS REF: 0.0
TIME MEAN: 7.049985885620117 s, STD: 0.0 s
SPEEDUP VS REF: 1.0
====================================================================================================================================================================================================
CONTRACTION ITERATION APPROACH 4: sfwf_contraction_cuda_large_atomicmaxgm...
---
REPETITION: 1/1:
SFWF CONTRACTION CUDA LARGE ATOMICMAXGM... [eps: 0.0001, lazy_stop_check: 100, tpb_side: 16]
[bpg: (32, 32), tpb: (16, 16)]
SFWF CONTRACTION CUDA LARGE ATOMICMAXGM DONE. [d_inf: 9.9897385e-05, iterations: 46100, time: 8.400877237319946 s]
***
SUMMARY:
HEIGHTS OUT[:5, :5]:
[[25.365894 24.78044  24.174961 23.551567 22.91241 ]
 [25.929241 25.263302 24.601185 23.936052 23.265741]
 [26.46857  25.742352 25.030424 24.325722 23.624525]
 [26.981817 26.207111 25.452438 24.711884 23.98153 ]
 [27.467234 26.65184  25.860336 25.087843 24.330698]]
D_INF OF HEIGHTS VS REF: 0.0
TIME MEAN: 8.400877237319946 s, STD: 0.0 s
SPEEDUP VS REF: 0.839196394193377
====================================================================================================================================================================================================
CONTRACTION ITERATION APPROACH 5: sfwf_contraction_cuda_large_hreducemax...
---
REPETITION: 1/1:
SFWF CONTRACTION CUDA LARGE HREDUCEMAX... [eps: 0.0001, lazy_stop_check: 100, tpb_side: 16, tpb_reduce: 512]
[job bpg: (32, 32), tpb: (16, 16)]
[reduce bpg: 1, tpb: 512]
SFWF ITERATE CONTRACTION CUDA LARGE HREDUCEMAX DONE. [d_inf: 9.9897385e-05 iterations: 46100, time: 6.534735202789307 s]
***
SUMMARY:
HEIGHTS OUT[:5, :5]:
[[25.365894 24.78044  24.174961 23.551567 22.91241 ]
 [25.929241 25.263302 24.601185 23.936052 23.265741]
 [26.46857  25.742352 25.030424 24.325722 23.624525]
 [26.981817 26.207111 25.452438 24.711884 23.98153 ]
 [27.467234 26.65184  25.860336 25.087843 24.330698]]
D_INF OF HEIGHTS VS REF: 0.0
TIME MEAN: 6.534735202789307 s, STD: 0.0 s
SPEEDUP VS REF: 1.0788479818755135
====================================================================================================================================================================================================
CONTRACTION ITERATION APPROACH 6: sfwf_contraction_cuda_large_hreducemaxgm...
---
REPETITION: 1/1:
SFWF CONTRACTION CUDA LARGE HREDUCEMAXGM... [eps: 0.0001, lazy_stop_check: 100, tpb_side: 16, tpb_reduce: 512]
[job bpg: (32, 32), tpb: (16, 16)]
[reduce bpg: 1, tpb: 512]
SFWF ITERATE CONTRACTION CUDA LARGE HREDUCEMAX DONE. [d_inf: 9.9897385e-05 iterations: 46100, time: 8.339763641357422 s]
***
SUMMARY:
HEIGHTS OUT[:5, :5]:
[[25.365894 24.78044  24.174961 23.551567 22.91241 ]
 [25.929241 25.263302 24.601185 23.936052 23.265741]
 [26.46857  25.742352 25.030424 24.325722 23.624525]
 [26.981817 26.207111 25.452438 24.711884 23.98153 ]
 [27.467234 26.65184  25.860336 25.087843 24.330698]]
D_INF OF HEIGHTS VS REF: 0.0
TIME MEAN: 8.339763641357422 s, STD: 0.0 s
SPEEDUP VS REF: 0.8453460060497141
====================================================================================================================================================================================================
====================================================================================================================================================================================================
FINAL SUMMARY:
CONTRACTION ITERATION APPROACH 1: sfwf_contraction_cpu_numpy OFF.
CONTRACTION ITERATION APPROACH 2: sfwf_contraction_cuda_small OFF.
CONTRACTION ITERATION APPROACH 3: sfwf_contraction_cuda_large_atomicmax (REFERENCE) -> MEAN TIME: 7.049985885620117 s, STD: 0.0 s, SPEED-UP: 1.00
CONTRACTION ITERATION APPROACH 4: sfwf_contraction_cuda_large_atomicmaxgm -> MEAN TIME: 8.400877237319946 s, STD: 0.0 s, SPEED-UP: 0.84
CONTRACTION ITERATION APPROACH 5: sfwf_contraction_cuda_large_hreducemax -> MEAN TIME: 6.534735202789307 s, STD: 0.0 s, SPEED-UP: 1.08
CONTRACTION ITERATION APPROACH 6: sfwf_contraction_cuda_large_hreducemaxgm -> MEAN TIME: 8.339763641357422 s, STD: 0.0 s, SPEED-UP: 0.85
CONTRACTION ITERATION APPROACH 7: sfwf_contraction_cuda_large_hreducemaxgsr OFF.
CONTRACTION ITERATION APPROACH 8: sfwf_contraction_cuda_large_gridsync OFF.
MONTE CARLO APPROACH 1: sfwf_mc_cpu_numpy OFF.
MONTE CARLO APPROACH 2: sfwf_mc_cuda OFF.
SOAP FILM IN A WIRE FRAME DONE [time: 30.366246938705444].
