SOAP FILM IN A WIRE FRAME...
HASH STRING: 3490643465_59978_901_[7;20;5.0;50;True;1.0e-04;False;0;1.0e+06;False;3;TTTTTT;FF]
====================================================================================================================================================================================================
EXPERIMENT INFO:
{
  SEED: 7,
  WF_FOURIER_N: 20,
  WF_FOURIER_AMPLITUDE: 5.0,
  WF_BORDER_N: 50,
  NUMPY_SINGLE_THREAD: True,
  CONTRACTION_EPS: 0.0001,
  CONTRACTION_PLOTS: False,
  MC_SEED: 0,
  MC_SAMPLES: 1000000,
  MC_EXAMPLE_PLOT: False,
  MC_EXAMPLE_PLOT_SAMPLES: 3,
  sfwf_contraction_cpu_numpy: (True, 'sfwf_contraction_cpu_numpy', 10, {}),
  sfwf_contraction_cuda_small: (True, 'sfwf_contraction_cuda_small', 10, {'tpb': 512}),
  sfwf_contraction_cuda_large_atomicmax: (True, 'sfwf_contraction_cuda_large_atomicmax', 10, {'lazy_stop_check': 100, 'tpb_side': 16}),
  sfwf_contraction_cuda_large_atomicmax_globalmem: (True, 'sfwf_contraction_cuda_large_atomicmax_globalmem', 10, {'lazy_stop_check': 100, 'tpb_side': 16}),
  sfwf_contraction_cuda_large_gridreducemax: (True, 'sfwf_contraction_cuda_large_gridreducemax', 10, {'lazy_stop_check': 100, 'tpb_side': 16, 'tpb_reduce': 512}),
  sfwf_contraction_cuda_large_gridsync: (True, 'sfwf_contraction_cuda_large_gridsync', 10, {'tpb_side': 16}),
  sfwf_mc_cpu_numpy: (False, 'sfwf_mc_cpu_numpy', 0, {}),
  sfwf_mc_cuda: (False, 'sfwf_mc_cuda', 0, {})
}
====================================================================================================================================================================================================
CPU AND SYSTEM:
{'cpu_name': 'AMD Ryzen 9 9950X 16-Core Processor',
 'os_machine': 'x86_64',
 'os_name': 'Linux 6.14.0-37-generic',
 'os_version': '#37~24.04.1-Ubuntu SMP PREEMPT_DYNAMIC Thu Nov 20 10:25:38 UTC '
               '2',
 'ram_size': '123.4 GB'}
GPU:
{'async_engine_count': 2,
 'can_map_host_memory': 1,
 'compute_capability': ComputeCapability(major=12, minor=0),
 'cores_per_SM': 128,
 'cores_total': 21760,
 'max_block_dim_x': 1024,
 'max_block_dim_y': 1024,
 'max_block_dim_z': 64,
 'max_grid_dim_x': 2147483647,
 'max_grid_dim_y': 65535,
 'max_grid_dim_z': 65535,
 'max_shared_memory_per_block': 49152,
 'max_threads_per_block': 1024,
 'multiprocessor_count': 170,
 'name': 'NVIDIA GeForce RTX 5090',
 'pci_bus_id': 1,
 'pci_device_id': 0,
 'unified_addressing': 1,
 'warp_size': 32}
====================================================================================================================================================================================================
RANDOM WIRE FRAME WITH TOTAL OF POINTS (STATES): 2500
HEIGHTS IN[:5, :5]:
[[25.365894  18.744179  12.1385975  7.636629   6.478358 ]
 [29.747417   0.         0.         0.         0.       ]
 [30.209522   0.         0.         0.         0.       ]
 [26.213144   0.         0.         0.         0.       ]
 [18.550331   0.         0.         0.         0.       ]]
====================================================================================================================================================================================================
CONTRACTION ITERATION APPROACH 1: sfwf_contraction_cpu_numpy...
---
REPETITION: 1/10:
SFWF CONTRACTION CPU NUMPY... [eps: 0.0001]
SFWF CONTRACTION CPU NUMPY DONE. [d_inf: 9.918213e-05, iterations: 2733, time: 0.033850669860839844 s]
---
REPETITION: 2/10:
SFWF CONTRACTION CPU NUMPY... [eps: 0.0001]
SFWF CONTRACTION CPU NUMPY DONE. [d_inf: 9.918213e-05, iterations: 2733, time: 0.0335390567779541 s]
---
REPETITION: 3/10:
SFWF CONTRACTION CPU NUMPY... [eps: 0.0001]
SFWF CONTRACTION CPU NUMPY DONE. [d_inf: 9.918213e-05, iterations: 2733, time: 0.03360748291015625 s]
---
REPETITION: 4/10:
SFWF CONTRACTION CPU NUMPY... [eps: 0.0001]
SFWF CONTRACTION CPU NUMPY DONE. [d_inf: 9.918213e-05, iterations: 2733, time: 0.033509254455566406 s]
---
REPETITION: 5/10:
SFWF CONTRACTION CPU NUMPY... [eps: 0.0001]
SFWF CONTRACTION CPU NUMPY DONE. [d_inf: 9.918213e-05, iterations: 2733, time: 0.033644914627075195 s]
---
REPETITION: 6/10:
SFWF CONTRACTION CPU NUMPY... [eps: 0.0001]
SFWF CONTRACTION CPU NUMPY DONE. [d_inf: 9.918213e-05, iterations: 2733, time: 0.03377509117126465 s]
---
REPETITION: 7/10:
SFWF CONTRACTION CPU NUMPY... [eps: 0.0001]
SFWF CONTRACTION CPU NUMPY DONE. [d_inf: 9.918213e-05, iterations: 2733, time: 0.033281564712524414 s]
---
REPETITION: 8/10:
SFWF CONTRACTION CPU NUMPY... [eps: 0.0001]
SFWF CONTRACTION CPU NUMPY DONE. [d_inf: 9.918213e-05, iterations: 2733, time: 0.03328299522399902 s]
---
REPETITION: 9/10:
SFWF CONTRACTION CPU NUMPY... [eps: 0.0001]
SFWF CONTRACTION CPU NUMPY DONE. [d_inf: 9.918213e-05, iterations: 2733, time: 0.03337836265563965 s]
---
REPETITION: 10/10:
SFWF CONTRACTION CPU NUMPY... [eps: 0.0001]
SFWF CONTRACTION CPU NUMPY DONE. [d_inf: 9.918213e-05, iterations: 2733, time: 0.033318519592285156 s]
***
SUMMARY:
HEIGHTS OUT[:5, :5]:
[[25.365894  18.744179  12.1385975  7.636629   6.478358 ]
 [29.747417  21.426193  15.328831  11.422396   9.866039 ]
 [30.209522  21.884352  16.328142  12.8580885 11.154222 ]
 [26.213144  19.573553  15.241301  12.527605  11.04599  ]
 [18.550331  14.955419  12.535913  10.965056  10.040949 ]]
D_INF OF HEIGHTS VS REF: 0.0
TIME MEAN: 0.03351879119873047 s, STD: 0.00019282456892965127 s
SPEEDUP VS REF: 1.0
====================================================================================================================================================================================================
CONTRACTION ITERATION APPROACH 2: sfwf_contraction_cuda_small...
---
REPETITION: 1/10:
SFWF CONTRACTION CUDA SMALL... [eps: 0.0001, bpg: 1, tpb: 512]
SFWF CONTRACTION CUDA SMALL DONE. [d_inf: 9.918213e-05, iterations: 2733, time: 0.01681995391845703 s]
---
REPETITION: 2/10:
SFWF CONTRACTION CUDA SMALL... [eps: 0.0001, bpg: 1, tpb: 512]
SFWF CONTRACTION CUDA SMALL DONE. [d_inf: 9.918213e-05, iterations: 2733, time: 0.01616954803466797 s]
---
REPETITION: 3/10:
SFWF CONTRACTION CUDA SMALL... [eps: 0.0001, bpg: 1, tpb: 512]
SFWF CONTRACTION CUDA SMALL DONE. [d_inf: 9.918213e-05, iterations: 2733, time: 0.016144514083862305 s]
---
REPETITION: 4/10:
SFWF CONTRACTION CUDA SMALL... [eps: 0.0001, bpg: 1, tpb: 512]
SFWF CONTRACTION CUDA SMALL DONE. [d_inf: 9.918213e-05, iterations: 2733, time: 0.01612544059753418 s]
---
REPETITION: 5/10:
SFWF CONTRACTION CUDA SMALL... [eps: 0.0001, bpg: 1, tpb: 512]
SFWF CONTRACTION CUDA SMALL DONE. [d_inf: 9.918213e-05, iterations: 2733, time: 0.016130685806274414 s]
---
REPETITION: 6/10:
SFWF CONTRACTION CUDA SMALL... [eps: 0.0001, bpg: 1, tpb: 512]
SFWF CONTRACTION CUDA SMALL DONE. [d_inf: 9.918213e-05, iterations: 2733, time: 0.016129016876220703 s]
---
REPETITION: 7/10:
SFWF CONTRACTION CUDA SMALL... [eps: 0.0001, bpg: 1, tpb: 512]
SFWF CONTRACTION CUDA SMALL DONE. [d_inf: 9.918213e-05, iterations: 2733, time: 0.016123294830322266 s]
---
REPETITION: 8/10:
SFWF CONTRACTION CUDA SMALL... [eps: 0.0001, bpg: 1, tpb: 512]
SFWF CONTRACTION CUDA SMALL DONE. [d_inf: 9.918213e-05, iterations: 2733, time: 0.016109228134155273 s]
---
REPETITION: 9/10:
SFWF CONTRACTION CUDA SMALL... [eps: 0.0001, bpg: 1, tpb: 512]
SFWF CONTRACTION CUDA SMALL DONE. [d_inf: 9.918213e-05, iterations: 2733, time: 0.01612234115600586 s]
---
REPETITION: 10/10:
SFWF CONTRACTION CUDA SMALL... [eps: 0.0001, bpg: 1, tpb: 512]
SFWF CONTRACTION CUDA SMALL DONE. [d_inf: 9.918213e-05, iterations: 2733, time: 0.016122102737426758 s]
***
SUMMARY:
HEIGHTS OUT[:5, :5]:
[[25.365894  18.744179  12.1385975  7.636629   6.478358 ]
 [29.747417  21.426193  15.328831  11.422396   9.866039 ]
 [30.209522  21.884352  16.328142  12.8580885 11.154222 ]
 [26.213144  19.573553  15.241301  12.527605  11.04599  ]
 [18.550331  14.955419  12.535913  10.965056  10.040949 ]]
D_INF OF HEIGHTS VS REF: 0.0
TIME MEAN: 0.016199612617492677 s, STD: 0.00020735757268565557 s
SPEEDUP VS REF: 2.0691106627164766
====================================================================================================================================================================================================
CONTRACTION ITERATION APPROACH 3: sfwf_contraction_cuda_large_atomicmax...
---
REPETITION: 1/10:
SFWF CONTRACTION CUDA LARGE ATOMICMAX... [eps: 0.0001, lazy_stop_check: 100, tpb_side: 16]
[bpg: (4, 4), tpb: (16, 16)]
SFWF CONTRACTION CUDA LARGE ATOMICMAX DONE. [d_inf: 8.773804e-05, iterations: 2800, time: 0.05282187461853027 s]
---
REPETITION: 2/10:
SFWF CONTRACTION CUDA LARGE ATOMICMAX... [eps: 0.0001, lazy_stop_check: 100, tpb_side: 16]
[bpg: (4, 4), tpb: (16, 16)]
SFWF CONTRACTION CUDA LARGE ATOMICMAX DONE. [d_inf: 8.773804e-05, iterations: 2800, time: 0.05318641662597656 s]
---
REPETITION: 3/10:
SFWF CONTRACTION CUDA LARGE ATOMICMAX... [eps: 0.0001, lazy_stop_check: 100, tpb_side: 16]
[bpg: (4, 4), tpb: (16, 16)]
SFWF CONTRACTION CUDA LARGE ATOMICMAX DONE. [d_inf: 8.773804e-05, iterations: 2800, time: 0.053415775299072266 s]
---
REPETITION: 4/10:
SFWF CONTRACTION CUDA LARGE ATOMICMAX... [eps: 0.0001, lazy_stop_check: 100, tpb_side: 16]
[bpg: (4, 4), tpb: (16, 16)]
SFWF CONTRACTION CUDA LARGE ATOMICMAX DONE. [d_inf: 8.773804e-05, iterations: 2800, time: 0.053217172622680664 s]
---
REPETITION: 5/10:
SFWF CONTRACTION CUDA LARGE ATOMICMAX... [eps: 0.0001, lazy_stop_check: 100, tpb_side: 16]
[bpg: (4, 4), tpb: (16, 16)]
SFWF CONTRACTION CUDA LARGE ATOMICMAX DONE. [d_inf: 8.773804e-05, iterations: 2800, time: 0.05327463150024414 s]
---
REPETITION: 6/10:
SFWF CONTRACTION CUDA LARGE ATOMICMAX... [eps: 0.0001, lazy_stop_check: 100, tpb_side: 16]
[bpg: (4, 4), tpb: (16, 16)]
SFWF CONTRACTION CUDA LARGE ATOMICMAX DONE. [d_inf: 8.773804e-05, iterations: 2800, time: 0.05320596694946289 s]
---
REPETITION: 7/10:
SFWF CONTRACTION CUDA LARGE ATOMICMAX... [eps: 0.0001, lazy_stop_check: 100, tpb_side: 16]
[bpg: (4, 4), tpb: (16, 16)]
SFWF CONTRACTION CUDA LARGE ATOMICMAX DONE. [d_inf: 8.773804e-05, iterations: 2800, time: 0.052967071533203125 s]
---
REPETITION: 8/10:
SFWF CONTRACTION CUDA LARGE ATOMICMAX... [eps: 0.0001, lazy_stop_check: 100, tpb_side: 16]
[bpg: (4, 4), tpb: (16, 16)]
SFWF CONTRACTION CUDA LARGE ATOMICMAX DONE. [d_inf: 8.773804e-05, iterations: 2800, time: 0.05297493934631348 s]
---
REPETITION: 9/10:
SFWF CONTRACTION CUDA LARGE ATOMICMAX... [eps: 0.0001, lazy_stop_check: 100, tpb_side: 16]
[bpg: (4, 4), tpb: (16, 16)]
SFWF CONTRACTION CUDA LARGE ATOMICMAX DONE. [d_inf: 8.773804e-05, iterations: 2800, time: 0.05282258987426758 s]
---
REPETITION: 10/10:
SFWF CONTRACTION CUDA LARGE ATOMICMAX... [eps: 0.0001, lazy_stop_check: 100, tpb_side: 16]
[bpg: (4, 4), tpb: (16, 16)]
SFWF CONTRACTION CUDA LARGE ATOMICMAX DONE. [d_inf: 8.773804e-05, iterations: 2800, time: 0.05291318893432617 s]
***
SUMMARY:
HEIGHTS OUT[:5, :5]:
[[25.365894  18.744179  12.1385975  7.636629   6.478358 ]
 [29.747417  21.426218  15.328882  11.422471   9.86614  ]
 [30.209522  21.884401  16.328243  12.85824   11.154421 ]
 [26.213144  19.573627  15.241452  12.527831  11.046289 ]
 [18.550331  14.955519  12.536114  10.965356  10.041346 ]]
D_INF OF HEIGHTS VS REF: 0.006175041
TIME MEAN: 0.053079962730407715 s, STD: 0.0001952281112197439 s
SPEEDUP VS REF: 0.6314772933992413
====================================================================================================================================================================================================
CONTRACTION ITERATION APPROACH 4: sfwf_contraction_cuda_large_atomicmax_globalmem...
---
REPETITION: 1/10:
SFWF CONTRACTION CUDA LARGE ATOMICMAX GLOBAL MEM... [eps: 0.0001, lazy_stop_check: 100, tpb_side: 16]
[bpg: (4, 4), tpb: (16, 16)]
SFWF CONTRACTION CUDA LARGE ATOMICMAX GLOBALMEM DONE. [d_inf: 8.773804e-05, iterations: 2800, time: 0.053073883056640625 s]
---
REPETITION: 2/10:
SFWF CONTRACTION CUDA LARGE ATOMICMAX GLOBAL MEM... [eps: 0.0001, lazy_stop_check: 100, tpb_side: 16]
[bpg: (4, 4), tpb: (16, 16)]
SFWF CONTRACTION CUDA LARGE ATOMICMAX GLOBALMEM DONE. [d_inf: 8.773804e-05, iterations: 2800, time: 0.05297231674194336 s]
---
REPETITION: 3/10:
SFWF CONTRACTION CUDA LARGE ATOMICMAX GLOBAL MEM... [eps: 0.0001, lazy_stop_check: 100, tpb_side: 16]
[bpg: (4, 4), tpb: (16, 16)]
SFWF CONTRACTION CUDA LARGE ATOMICMAX GLOBALMEM DONE. [d_inf: 8.773804e-05, iterations: 2800, time: 0.053117990493774414 s]
---
REPETITION: 4/10:
SFWF CONTRACTION CUDA LARGE ATOMICMAX GLOBAL MEM... [eps: 0.0001, lazy_stop_check: 100, tpb_side: 16]
[bpg: (4, 4), tpb: (16, 16)]
SFWF CONTRACTION CUDA LARGE ATOMICMAX GLOBALMEM DONE. [d_inf: 8.773804e-05, iterations: 2800, time: 0.053253889083862305 s]
---
REPETITION: 5/10:
SFWF CONTRACTION CUDA LARGE ATOMICMAX GLOBAL MEM... [eps: 0.0001, lazy_stop_check: 100, tpb_side: 16]
[bpg: (4, 4), tpb: (16, 16)]
SFWF CONTRACTION CUDA LARGE ATOMICMAX GLOBALMEM DONE. [d_inf: 8.773804e-05, iterations: 2800, time: 0.05299234390258789 s]
---
REPETITION: 6/10:
SFWF CONTRACTION CUDA LARGE ATOMICMAX GLOBAL MEM... [eps: 0.0001, lazy_stop_check: 100, tpb_side: 16]
[bpg: (4, 4), tpb: (16, 16)]
SFWF CONTRACTION CUDA LARGE ATOMICMAX GLOBALMEM DONE. [d_inf: 8.773804e-05, iterations: 2800, time: 0.053457021713256836 s]
---
REPETITION: 7/10:
SFWF CONTRACTION CUDA LARGE ATOMICMAX GLOBAL MEM... [eps: 0.0001, lazy_stop_check: 100, tpb_side: 16]
[bpg: (4, 4), tpb: (16, 16)]
SFWF CONTRACTION CUDA LARGE ATOMICMAX GLOBALMEM DONE. [d_inf: 8.773804e-05, iterations: 2800, time: 0.05314373970031738 s]
---
REPETITION: 8/10:
SFWF CONTRACTION CUDA LARGE ATOMICMAX GLOBAL MEM... [eps: 0.0001, lazy_stop_check: 100, tpb_side: 16]
[bpg: (4, 4), tpb: (16, 16)]
SFWF CONTRACTION CUDA LARGE ATOMICMAX GLOBALMEM DONE. [d_inf: 8.773804e-05, iterations: 2800, time: 0.05301213264465332 s]
---
REPETITION: 9/10:
SFWF CONTRACTION CUDA LARGE ATOMICMAX GLOBAL MEM... [eps: 0.0001, lazy_stop_check: 100, tpb_side: 16]
[bpg: (4, 4), tpb: (16, 16)]
SFWF CONTRACTION CUDA LARGE ATOMICMAX GLOBALMEM DONE. [d_inf: 8.773804e-05, iterations: 2800, time: 0.05310988426208496 s]
---
REPETITION: 10/10:
SFWF CONTRACTION CUDA LARGE ATOMICMAX GLOBAL MEM... [eps: 0.0001, lazy_stop_check: 100, tpb_side: 16]
[bpg: (4, 4), tpb: (16, 16)]
SFWF CONTRACTION CUDA LARGE ATOMICMAX GLOBALMEM DONE. [d_inf: 8.773804e-05, iterations: 2800, time: 0.053067922592163086 s]
***
SUMMARY:
HEIGHTS OUT[:5, :5]:
[[25.365894  18.744179  12.1385975  7.636629   6.478358 ]
 [29.747417  21.426218  15.328882  11.422471   9.86614  ]
 [30.209522  21.884401  16.328243  12.85824   11.154421 ]
 [26.213144  19.573627  15.241452  12.527831  11.046289 ]
 [18.550331  14.955519  12.536114  10.965356  10.041346 ]]
D_INF OF HEIGHTS VS REF: 0.006175041
TIME MEAN: 0.05312011241912842 s, STD: 0.00013666029210472098 s
SPEEDUP VS REF: 0.6310000049371213
====================================================================================================================================================================================================
CONTRACTION ITERATION APPROACH 5: sfwf_contraction_cuda_large_gridreducemax...
---
REPETITION: 1/10:
SFWF CONTRACTION CUDA LARGE GRIDREDUCEMAX... [eps: 0.0001, lazy_stop_check: 100, tpb_side: 16, tpb_reduce: 512]
[job bpg: (4, 4), tpb: (16, 16)]
[reduce bpg: 1, tpb: 512]
SFWF ITERATE CONTRACTION CUDA LARGE GRIDREDUCEMAX DONE. [d_inf: 8.773804e-05 iterations: 2800, time: 0.053070783615112305 s]
---
REPETITION: 2/10:
SFWF CONTRACTION CUDA LARGE GRIDREDUCEMAX... [eps: 0.0001, lazy_stop_check: 100, tpb_side: 16, tpb_reduce: 512]
[job bpg: (4, 4), tpb: (16, 16)]
[reduce bpg: 1, tpb: 512]
SFWF ITERATE CONTRACTION CUDA LARGE GRIDREDUCEMAX DONE. [d_inf: 8.773804e-05 iterations: 2800, time: 0.053348541259765625 s]
---
REPETITION: 3/10:
SFWF CONTRACTION CUDA LARGE GRIDREDUCEMAX... [eps: 0.0001, lazy_stop_check: 100, tpb_side: 16, tpb_reduce: 512]
[job bpg: (4, 4), tpb: (16, 16)]
[reduce bpg: 1, tpb: 512]
SFWF ITERATE CONTRACTION CUDA LARGE GRIDREDUCEMAX DONE. [d_inf: 8.773804e-05 iterations: 2800, time: 0.05315256118774414 s]
---
REPETITION: 4/10:
SFWF CONTRACTION CUDA LARGE GRIDREDUCEMAX... [eps: 0.0001, lazy_stop_check: 100, tpb_side: 16, tpb_reduce: 512]
[job bpg: (4, 4), tpb: (16, 16)]
[reduce bpg: 1, tpb: 512]
SFWF ITERATE CONTRACTION CUDA LARGE GRIDREDUCEMAX DONE. [d_inf: 8.773804e-05 iterations: 2800, time: 0.05341744422912598 s]
---
REPETITION: 5/10:
SFWF CONTRACTION CUDA LARGE GRIDREDUCEMAX... [eps: 0.0001, lazy_stop_check: 100, tpb_side: 16, tpb_reduce: 512]
[job bpg: (4, 4), tpb: (16, 16)]
[reduce bpg: 1, tpb: 512]
SFWF ITERATE CONTRACTION CUDA LARGE GRIDREDUCEMAX DONE. [d_inf: 8.773804e-05 iterations: 2800, time: 0.0536956787109375 s]
---
REPETITION: 6/10:
SFWF CONTRACTION CUDA LARGE GRIDREDUCEMAX... [eps: 0.0001, lazy_stop_check: 100, tpb_side: 16, tpb_reduce: 512]
[job bpg: (4, 4), tpb: (16, 16)]
[reduce bpg: 1, tpb: 512]
SFWF ITERATE CONTRACTION CUDA LARGE GRIDREDUCEMAX DONE. [d_inf: 8.773804e-05 iterations: 2800, time: 0.05306816101074219 s]
---
REPETITION: 7/10:
SFWF CONTRACTION CUDA LARGE GRIDREDUCEMAX... [eps: 0.0001, lazy_stop_check: 100, tpb_side: 16, tpb_reduce: 512]
[job bpg: (4, 4), tpb: (16, 16)]
[reduce bpg: 1, tpb: 512]
SFWF ITERATE CONTRACTION CUDA LARGE GRIDREDUCEMAX DONE. [d_inf: 8.773804e-05 iterations: 2800, time: 0.05303335189819336 s]
---
REPETITION: 8/10:
SFWF CONTRACTION CUDA LARGE GRIDREDUCEMAX... [eps: 0.0001, lazy_stop_check: 100, tpb_side: 16, tpb_reduce: 512]
[job bpg: (4, 4), tpb: (16, 16)]
[reduce bpg: 1, tpb: 512]
SFWF ITERATE CONTRACTION CUDA LARGE GRIDREDUCEMAX DONE. [d_inf: 8.773804e-05 iterations: 2800, time: 0.053282737731933594 s]
---
REPETITION: 9/10:
SFWF CONTRACTION CUDA LARGE GRIDREDUCEMAX... [eps: 0.0001, lazy_stop_check: 100, tpb_side: 16, tpb_reduce: 512]
[job bpg: (4, 4), tpb: (16, 16)]
[reduce bpg: 1, tpb: 512]
SFWF ITERATE CONTRACTION CUDA LARGE GRIDREDUCEMAX DONE. [d_inf: 8.773804e-05 iterations: 2800, time: 0.053110361099243164 s]
---
REPETITION: 10/10:
SFWF CONTRACTION CUDA LARGE GRIDREDUCEMAX... [eps: 0.0001, lazy_stop_check: 100, tpb_side: 16, tpb_reduce: 512]
[job bpg: (4, 4), tpb: (16, 16)]
[reduce bpg: 1, tpb: 512]
SFWF ITERATE CONTRACTION CUDA LARGE GRIDREDUCEMAX DONE. [d_inf: 8.773804e-05 iterations: 2800, time: 0.05314922332763672 s]
***
SUMMARY:
HEIGHTS OUT[:5, :5]:
[[25.365894  18.744179  12.1385975  7.636629   6.478358 ]
 [29.747417  21.426218  15.328882  11.422471   9.86614  ]
 [30.209522  21.884401  16.328243  12.85824   11.154421 ]
 [26.213144  19.573627  15.241452  12.527831  11.046289 ]
 [18.550331  14.955519  12.536114  10.965356  10.041346 ]]
D_INF OF HEIGHTS VS REF: 0.006175041
TIME MEAN: 0.053232884407043456 s, STD: 0.00019641522346047416 s
SPEEDUP VS REF: 0.6296632536841356
====================================================================================================================================================================================================
CONTRACTION ITERATION APPROACH 6: sfwf_contraction_cuda_large_gridsync...
---
REPETITION: 1/10:
SFWF CONTRACTION CUDA LARGE GRIDSYNC... [eps: 0.0001, tpb_side: 16, assumed max_bpg_gridsync: None]
[wanted ideal bpg: (4, 4)]
[discovered max_bpg_gridsync: 340; time: 0.00010991096496582031 s]
[bpg: (4, 4), tpb: (16, 16), ept: 1]
SFWF ITERATE CONTRACTION CUDA LARGE GRIDSYNC DONE. [d_inf: 9.918213e-05, iterations: 2733, time: 0.014338016510009766 s]
---
REPETITION: 2/10:
SFWF CONTRACTION CUDA LARGE GRIDSYNC... [eps: 0.0001, tpb_side: 16, assumed max_bpg_gridsync: None]
[wanted ideal bpg: (4, 4)]
[discovered max_bpg_gridsync: 340; time: 3.886222839355469e-05 s]
[bpg: (4, 4), tpb: (16, 16), ept: 1]
SFWF ITERATE CONTRACTION CUDA LARGE GRIDSYNC DONE. [d_inf: 9.918213e-05, iterations: 2733, time: 0.014028549194335938 s]
---
REPETITION: 3/10:
SFWF CONTRACTION CUDA LARGE GRIDSYNC... [eps: 0.0001, tpb_side: 16, assumed max_bpg_gridsync: None]
[wanted ideal bpg: (4, 4)]
[discovered max_bpg_gridsync: 340; time: 3.337860107421875e-05 s]
[bpg: (4, 4), tpb: (16, 16), ept: 1]
SFWF ITERATE CONTRACTION CUDA LARGE GRIDSYNC DONE. [d_inf: 9.918213e-05, iterations: 2733, time: 0.014182329177856445 s]
---
REPETITION: 4/10:
SFWF CONTRACTION CUDA LARGE GRIDSYNC... [eps: 0.0001, tpb_side: 16, assumed max_bpg_gridsync: None]
[wanted ideal bpg: (4, 4)]
[discovered max_bpg_gridsync: 340; time: 3.218650817871094e-05 s]
[bpg: (4, 4), tpb: (16, 16), ept: 1]
SFWF ITERATE CONTRACTION CUDA LARGE GRIDSYNC DONE. [d_inf: 9.918213e-05, iterations: 2733, time: 0.014017581939697266 s]
---
REPETITION: 5/10:
SFWF CONTRACTION CUDA LARGE GRIDSYNC... [eps: 0.0001, tpb_side: 16, assumed max_bpg_gridsync: None]
[wanted ideal bpg: (4, 4)]
[discovered max_bpg_gridsync: 340; time: 3.170967102050781e-05 s]
[bpg: (4, 4), tpb: (16, 16), ept: 1]
SFWF ITERATE CONTRACTION CUDA LARGE GRIDSYNC DONE. [d_inf: 9.918213e-05, iterations: 2733, time: 0.014165878295898438 s]
---
REPETITION: 6/10:
SFWF CONTRACTION CUDA LARGE GRIDSYNC... [eps: 0.0001, tpb_side: 16, assumed max_bpg_gridsync: None]
[wanted ideal bpg: (4, 4)]
[discovered max_bpg_gridsync: 340; time: 3.218650817871094e-05 s]
[bpg: (4, 4), tpb: (16, 16), ept: 1]
SFWF ITERATE CONTRACTION CUDA LARGE GRIDSYNC DONE. [d_inf: 9.918213e-05, iterations: 2733, time: 0.013945579528808594 s]
---
REPETITION: 7/10:
SFWF CONTRACTION CUDA LARGE GRIDSYNC... [eps: 0.0001, tpb_side: 16, assumed max_bpg_gridsync: None]
[wanted ideal bpg: (4, 4)]
[discovered max_bpg_gridsync: 340; time: 3.170967102050781e-05 s]
[bpg: (4, 4), tpb: (16, 16), ept: 1]
SFWF ITERATE CONTRACTION CUDA LARGE GRIDSYNC DONE. [d_inf: 9.918213e-05, iterations: 2733, time: 0.014146566390991211 s]
---
REPETITION: 8/10:
SFWF CONTRACTION CUDA LARGE GRIDSYNC... [eps: 0.0001, tpb_side: 16, assumed max_bpg_gridsync: None]
[wanted ideal bpg: (4, 4)]
[discovered max_bpg_gridsync: 340; time: 3.5762786865234375e-05 s]
[bpg: (4, 4), tpb: (16, 16), ept: 1]
SFWF ITERATE CONTRACTION CUDA LARGE GRIDSYNC DONE. [d_inf: 9.918213e-05, iterations: 2733, time: 0.01408076286315918 s]
---
REPETITION: 9/10:
SFWF CONTRACTION CUDA LARGE GRIDSYNC... [eps: 0.0001, tpb_side: 16, assumed max_bpg_gridsync: None]
[wanted ideal bpg: (4, 4)]
[discovered max_bpg_gridsync: 340; time: 3.123283386230469e-05 s]
[bpg: (4, 4), tpb: (16, 16), ept: 1]
SFWF ITERATE CONTRACTION CUDA LARGE GRIDSYNC DONE. [d_inf: 9.918213e-05, iterations: 2733, time: 0.014146804809570312 s]
---
REPETITION: 10/10:
SFWF CONTRACTION CUDA LARGE GRIDSYNC... [eps: 0.0001, tpb_side: 16, assumed max_bpg_gridsync: None]
[wanted ideal bpg: (4, 4)]
[discovered max_bpg_gridsync: 340; time: 3.147125244140625e-05 s]
[bpg: (4, 4), tpb: (16, 16), ept: 1]
SFWF ITERATE CONTRACTION CUDA LARGE GRIDSYNC DONE. [d_inf: 9.918213e-05, iterations: 2733, time: 0.014054536819458008 s]
***
SUMMARY:
HEIGHTS OUT[:5, :5]:
[[25.365894  18.744179  12.1385975  7.636629   6.478358 ]
 [29.747417  21.426193  15.328831  11.422396   9.866039 ]
 [30.209522  21.884352  16.328142  12.8580885 11.154222 ]
 [26.213144  19.573553  15.241301  12.527605  11.04599  ]
 [18.550331  14.955419  12.535913  10.965056  10.040949 ]]
D_INF OF HEIGHTS VS REF: 0.0
TIME MEAN: 0.014110660552978516 s, STD: 0.00010448595692289096 s
SPEEDUP VS REF: 2.375423253424889
====================================================================================================================================================================================================
====================================================================================================================================================================================================
FINAL SUMMARY:
CONTRACTION ITERATION APPROACH 1: sfwf_contraction_cpu_numpy (REFERENCE) -> MEAN TIME: 0.03351879119873047 s, STD: 0.00019282456892965127 s, SPEED-UP: 1.00
CONTRACTION ITERATION APPROACH 2: sfwf_contraction_cuda_small -> MEAN TIME: 0.016199612617492677 s, STD: 0.00020735757268565557 s, SPEED-UP: 2.07
CONTRACTION ITERATION APPROACH 3: sfwf_contraction_cuda_large_atomicmax -> MEAN TIME: 0.053079962730407715 s, STD: 0.0001952281112197439 s, SPEED-UP: 0.63
CONTRACTION ITERATION APPROACH 4: sfwf_contraction_cuda_large_atomicmax_globalmem -> MEAN TIME: 0.05312011241912842 s, STD: 0.00013666029210472098 s, SPEED-UP: 0.63
CONTRACTION ITERATION APPROACH 5: sfwf_contraction_cuda_large_gridreducemax -> MEAN TIME: 0.053232884407043456 s, STD: 0.00019641522346047416 s, SPEED-UP: 0.63
CONTRACTION ITERATION APPROACH 6: sfwf_contraction_cuda_large_gridsync -> MEAN TIME: 0.014110660552978516 s, STD: 0.00010448595692289096 s, SPEED-UP: 2.38
MONTE CARLO APPROACH 1: sfwf_mc_cpu_numpy OFF.
MONTE CARLO APPROACH 2: sfwf_mc_cuda OFF.
SOAP FILM IN A WIRE FRAME DONE [time: 2.237460136413574].
