SOAP FILM IN A WIRE FRAME...
HASH STRING: 3664207109_86182_901_[7;20;5.0;317;True;1.0e-06;False;0;1.0e+06;False;3;TTTTTT;FF]
====================================================================================================================================================================================================
EXPERIMENT INFO:
{
  SEED: 7,
  WF_FOURIER_N: 20,
  WF_FOURIER_AMPLITUDE: 5.0,
  WF_BORDER_N: 317,
  NUMPY_SINGLE_THREAD: True,
  CONTRACTION_EPS: 1e-06,
  CONTRACTION_PLOTS: False,
  MC_SEED: 0,
  MC_SAMPLES: 1000000,
  MC_EXAMPLE_PLOT: False,
  MC_EXAMPLE_PLOT_SAMPLES: 3,
  sfwf_contraction_cpu_numpy: (True, 'sfwf_contraction_cpu_numpy', 10, {}),
  sfwf_contraction_cuda_small: (True, 'sfwf_contraction_cuda_small', 10, {'tpb': 512}),
  sfwf_contraction_cuda_large_atomicmax: (True, 'sfwf_contraction_cuda_large_atomicmax', 10, {'lazy_stop_check': 100, 'tpb_side': 16}),
  sfwf_contraction_cuda_large_atomicmax_globalmem: (True, 'sfwf_contraction_cuda_large_atomicmax_globalmem', 10, {'lazy_stop_check': 100, 'tpb_side': 16}),
  sfwf_contraction_cuda_large_gridreducemax: (True, 'sfwf_contraction_cuda_large_gridreducemax', 10, {'lazy_stop_check': 100, 'tpb_side': 16, 'tpb_reduce': 512}),
  sfwf_contraction_cuda_large_gridsync: (True, 'sfwf_contraction_cuda_large_gridsync', 10, {'tpb_side': 16}),
  sfwf_mc_cpu_numpy: (False, 'sfwf_mc_cpu_numpy', 0, {}),
  sfwf_mc_cuda: (False, 'sfwf_mc_cuda', 0, {})
}
====================================================================================================================================================================================================
CPU AND SYSTEM:
{'cpu_name': 'AMD Ryzen 9 9950X 16-Core Processor',
 'os_machine': 'x86_64',
 'os_name': 'Linux 6.14.0-37-generic',
 'os_version': '#37~24.04.1-Ubuntu SMP PREEMPT_DYNAMIC Thu Nov 20 10:25:38 UTC '
               '2',
 'ram_size': '123.4 GB'}
GPU:
{'async_engine_count': 2,
 'can_map_host_memory': 1,
 'compute_capability': ComputeCapability(major=12, minor=0),
 'cores_per_SM': 128,
 'cores_total': 21760,
 'max_block_dim_x': 1024,
 'max_block_dim_y': 1024,
 'max_block_dim_z': 64,
 'max_grid_dim_x': 2147483647,
 'max_grid_dim_y': 65535,
 'max_grid_dim_z': 65535,
 'max_shared_memory_per_block': 49152,
 'max_threads_per_block': 1024,
 'multiprocessor_count': 170,
 'name': 'NVIDIA GeForce RTX 5090',
 'pci_bus_id': 1,
 'pci_device_id': 0,
 'unified_addressing': 1,
 'warp_size': 32}
====================================================================================================================================================================================================
RANDOM WIRE FRAME WITH TOTAL OF POINTS (STATES): 100489
HEIGHTS IN[:5, :5]:
[[25.365894 24.432104 23.45143  22.432312 21.383413]
 [26.244633  0.        0.        0.        0.      ]
 [27.060524  0.        0.        0.        0.      ]
 [27.806177  0.        0.        0.        0.      ]
 [28.47468   0.        0.        0.        0.      ]]
====================================================================================================================================================================================================
CONTRACTION ITERATION APPROACH 1: sfwf_contraction_cpu_numpy...
---
REPETITION: 1/10:
SFWF CONTRACTION CPU NUMPY... [eps: 1e-06]
SFWF CONTRACTION CPU NUMPY DONE. [d_inf: 9.536743e-07, iterations: 172812, time: 13.603033781051636 s]
---
REPETITION: 2/10:
SFWF CONTRACTION CPU NUMPY... [eps: 1e-06]
SFWF CONTRACTION CPU NUMPY DONE. [d_inf: 9.536743e-07, iterations: 172812, time: 12.99513578414917 s]
---
REPETITION: 3/10:
SFWF CONTRACTION CPU NUMPY... [eps: 1e-06]
SFWF CONTRACTION CPU NUMPY DONE. [d_inf: 9.536743e-07, iterations: 172812, time: 13.289709329605103 s]
---
REPETITION: 4/10:
SFWF CONTRACTION CPU NUMPY... [eps: 1e-06]
SFWF CONTRACTION CPU NUMPY DONE. [d_inf: 9.536743e-07, iterations: 172812, time: 13.014984369277954 s]
---
REPETITION: 5/10:
SFWF CONTRACTION CPU NUMPY... [eps: 1e-06]
SFWF CONTRACTION CPU NUMPY DONE. [d_inf: 9.536743e-07, iterations: 172812, time: 13.363509178161621 s]
---
REPETITION: 6/10:
SFWF CONTRACTION CPU NUMPY... [eps: 1e-06]
SFWF CONTRACTION CPU NUMPY DONE. [d_inf: 9.536743e-07, iterations: 172812, time: 13.016438722610474 s]
---
REPETITION: 7/10:
SFWF CONTRACTION CPU NUMPY... [eps: 1e-06]
SFWF CONTRACTION CPU NUMPY DONE. [d_inf: 9.536743e-07, iterations: 172812, time: 13.382308959960938 s]
---
REPETITION: 8/10:
SFWF CONTRACTION CPU NUMPY... [eps: 1e-06]
SFWF CONTRACTION CPU NUMPY DONE. [d_inf: 9.536743e-07, iterations: 172812, time: 12.957892179489136 s]
---
REPETITION: 9/10:
SFWF CONTRACTION CPU NUMPY... [eps: 1e-06]
SFWF CONTRACTION CPU NUMPY DONE. [d_inf: 9.536743e-07, iterations: 172812, time: 13.440680980682373 s]
---
REPETITION: 10/10:
SFWF CONTRACTION CPU NUMPY... [eps: 1e-06]
SFWF CONTRACTION CPU NUMPY DONE. [d_inf: 9.536743e-07, iterations: 172812, time: 12.957682847976685 s]
***
SUMMARY:
HEIGHTS OUT[:5, :5]:
[[25.365894 24.432104 23.45143  22.432312 21.383413]
 [26.244633 25.14264  24.055222 22.96774  21.877337]
 [27.060524 25.838596 24.659084 23.506088 22.37221 ]
 [27.806177 26.492142 25.236433 24.025316 22.850264]
 [28.47468  27.08736  25.769194 24.508478 23.296745]]
D_INF OF HEIGHTS VS REF: 0.0
TIME MEAN: 13.20213761329651 s, STD: 0.22706080976029638 s
SPEEDUP VS REF: 1.0
====================================================================================================================================================================================================
CONTRACTION ITERATION APPROACH 2: sfwf_contraction_cuda_small...
[skipping this approach (too large WF_BORDER_N)]
====================================================================================================================================================================================================
CONTRACTION ITERATION APPROACH 3: sfwf_contraction_cuda_large_atomicmax...
---
REPETITION: 1/10:
SFWF CONTRACTION CUDA LARGE ATOMICMAX... [eps: 1e-06, lazy_stop_check: 100, tpb_side: 16]
[bpg: (20, 20), tpb: (16, 16)]
SFWF CONTRACTION CUDA LARGE ATOMICMAX DONE. [d_inf: 9.536743e-07, iterations: 173600, time: 3.29777455329895 s]
---
REPETITION: 2/10:
SFWF CONTRACTION CUDA LARGE ATOMICMAX... [eps: 1e-06, lazy_stop_check: 100, tpb_side: 16]
[bpg: (20, 20), tpb: (16, 16)]
SFWF CONTRACTION CUDA LARGE ATOMICMAX DONE. [d_inf: 9.536743e-07, iterations: 173600, time: 3.3131461143493652 s]
---
REPETITION: 3/10:
SFWF CONTRACTION CUDA LARGE ATOMICMAX... [eps: 1e-06, lazy_stop_check: 100, tpb_side: 16]
[bpg: (20, 20), tpb: (16, 16)]
SFWF CONTRACTION CUDA LARGE ATOMICMAX DONE. [d_inf: 9.536743e-07, iterations: 173600, time: 3.325101613998413 s]
---
REPETITION: 4/10:
SFWF CONTRACTION CUDA LARGE ATOMICMAX... [eps: 1e-06, lazy_stop_check: 100, tpb_side: 16]
[bpg: (20, 20), tpb: (16, 16)]
SFWF CONTRACTION CUDA LARGE ATOMICMAX DONE. [d_inf: 9.536743e-07, iterations: 173600, time: 3.3401498794555664 s]
---
REPETITION: 5/10:
SFWF CONTRACTION CUDA LARGE ATOMICMAX... [eps: 1e-06, lazy_stop_check: 100, tpb_side: 16]
[bpg: (20, 20), tpb: (16, 16)]
SFWF CONTRACTION CUDA LARGE ATOMICMAX DONE. [d_inf: 9.536743e-07, iterations: 173600, time: 3.3442020416259766 s]
---
REPETITION: 6/10:
SFWF CONTRACTION CUDA LARGE ATOMICMAX... [eps: 1e-06, lazy_stop_check: 100, tpb_side: 16]
[bpg: (20, 20), tpb: (16, 16)]
SFWF CONTRACTION CUDA LARGE ATOMICMAX DONE. [d_inf: 9.536743e-07, iterations: 173600, time: 3.3571698665618896 s]
---
REPETITION: 7/10:
SFWF CONTRACTION CUDA LARGE ATOMICMAX... [eps: 1e-06, lazy_stop_check: 100, tpb_side: 16]
[bpg: (20, 20), tpb: (16, 16)]
SFWF CONTRACTION CUDA LARGE ATOMICMAX DONE. [d_inf: 9.536743e-07, iterations: 173600, time: 3.347480058670044 s]
---
REPETITION: 8/10:
SFWF CONTRACTION CUDA LARGE ATOMICMAX... [eps: 1e-06, lazy_stop_check: 100, tpb_side: 16]
[bpg: (20, 20), tpb: (16, 16)]
SFWF CONTRACTION CUDA LARGE ATOMICMAX DONE. [d_inf: 9.536743e-07, iterations: 173600, time: 3.3490800857543945 s]
---
REPETITION: 9/10:
SFWF CONTRACTION CUDA LARGE ATOMICMAX... [eps: 1e-06, lazy_stop_check: 100, tpb_side: 16]
[bpg: (20, 20), tpb: (16, 16)]
SFWF CONTRACTION CUDA LARGE ATOMICMAX DONE. [d_inf: 9.536743e-07, iterations: 173600, time: 3.3564071655273438 s]
---
REPETITION: 10/10:
SFWF CONTRACTION CUDA LARGE ATOMICMAX... [eps: 1e-06, lazy_stop_check: 100, tpb_side: 16]
[bpg: (20, 20), tpb: (16, 16)]
SFWF CONTRACTION CUDA LARGE ATOMICMAX DONE. [d_inf: 9.536743e-07, iterations: 173600, time: 3.3625612258911133 s]
***
SUMMARY:
HEIGHTS OUT[:5, :5]:
[[25.365894 24.432104 23.45143  22.432312 21.383413]
 [26.244633 25.14264  24.055222 22.96774  21.877337]
 [27.060524 25.838596 24.659084 23.506088 22.37221 ]
 [27.806177 26.492142 25.236433 24.025316 22.850264]
 [28.47468  27.08736  25.769194 24.508478 23.296745]]
D_INF OF HEIGHTS VS REF: 7.6293945e-06
TIME MEAN: 3.339307260513306 s, STD: 0.01987553700890943 s
SPEEDUP VS REF: 3.9535558076399133
====================================================================================================================================================================================================
CONTRACTION ITERATION APPROACH 4: sfwf_contraction_cuda_large_atomicmax_globalmem...
---
REPETITION: 1/10:
SFWF CONTRACTION CUDA LARGE ATOMICMAX GLOBAL MEM... [eps: 1e-06, lazy_stop_check: 100, tpb_side: 16]
[bpg: (20, 20), tpb: (16, 16)]
SFWF CONTRACTION CUDA LARGE ATOMICMAX GLOBALMEM DONE. [d_inf: 9.536743e-07, iterations: 173600, time: 3.395054578781128 s]
---
REPETITION: 2/10:
SFWF CONTRACTION CUDA LARGE ATOMICMAX GLOBAL MEM... [eps: 1e-06, lazy_stop_check: 100, tpb_side: 16]
[bpg: (20, 20), tpb: (16, 16)]
SFWF CONTRACTION CUDA LARGE ATOMICMAX GLOBALMEM DONE. [d_inf: 9.536743e-07, iterations: 173600, time: 3.3519043922424316 s]
---
REPETITION: 3/10:
SFWF CONTRACTION CUDA LARGE ATOMICMAX GLOBAL MEM... [eps: 1e-06, lazy_stop_check: 100, tpb_side: 16]
[bpg: (20, 20), tpb: (16, 16)]
SFWF CONTRACTION CUDA LARGE ATOMICMAX GLOBALMEM DONE. [d_inf: 9.536743e-07, iterations: 173600, time: 3.3709590435028076 s]
---
REPETITION: 4/10:
SFWF CONTRACTION CUDA LARGE ATOMICMAX GLOBAL MEM... [eps: 1e-06, lazy_stop_check: 100, tpb_side: 16]
[bpg: (20, 20), tpb: (16, 16)]
SFWF CONTRACTION CUDA LARGE ATOMICMAX GLOBALMEM DONE. [d_inf: 9.536743e-07, iterations: 173600, time: 3.344208240509033 s]
---
REPETITION: 5/10:
SFWF CONTRACTION CUDA LARGE ATOMICMAX GLOBAL MEM... [eps: 1e-06, lazy_stop_check: 100, tpb_side: 16]
[bpg: (20, 20), tpb: (16, 16)]
SFWF CONTRACTION CUDA LARGE ATOMICMAX GLOBALMEM DONE. [d_inf: 9.536743e-07, iterations: 173600, time: 3.349079132080078 s]
---
REPETITION: 6/10:
SFWF CONTRACTION CUDA LARGE ATOMICMAX GLOBAL MEM... [eps: 1e-06, lazy_stop_check: 100, tpb_side: 16]
[bpg: (20, 20), tpb: (16, 16)]
SFWF CONTRACTION CUDA LARGE ATOMICMAX GLOBALMEM DONE. [d_inf: 9.536743e-07, iterations: 173600, time: 3.346679449081421 s]
---
REPETITION: 7/10:
SFWF CONTRACTION CUDA LARGE ATOMICMAX GLOBAL MEM... [eps: 1e-06, lazy_stop_check: 100, tpb_side: 16]
[bpg: (20, 20), tpb: (16, 16)]
SFWF CONTRACTION CUDA LARGE ATOMICMAX GLOBALMEM DONE. [d_inf: 9.536743e-07, iterations: 173600, time: 3.3450872898101807 s]
---
REPETITION: 8/10:
SFWF CONTRACTION CUDA LARGE ATOMICMAX GLOBAL MEM... [eps: 1e-06, lazy_stop_check: 100, tpb_side: 16]
[bpg: (20, 20), tpb: (16, 16)]
SFWF CONTRACTION CUDA LARGE ATOMICMAX GLOBALMEM DONE. [d_inf: 9.536743e-07, iterations: 173600, time: 3.355931282043457 s]
---
REPETITION: 9/10:
SFWF CONTRACTION CUDA LARGE ATOMICMAX GLOBAL MEM... [eps: 1e-06, lazy_stop_check: 100, tpb_side: 16]
[bpg: (20, 20), tpb: (16, 16)]
SFWF CONTRACTION CUDA LARGE ATOMICMAX GLOBALMEM DONE. [d_inf: 9.536743e-07, iterations: 173600, time: 3.3658297061920166 s]
---
REPETITION: 10/10:
SFWF CONTRACTION CUDA LARGE ATOMICMAX GLOBAL MEM... [eps: 1e-06, lazy_stop_check: 100, tpb_side: 16]
[bpg: (20, 20), tpb: (16, 16)]
SFWF CONTRACTION CUDA LARGE ATOMICMAX GLOBALMEM DONE. [d_inf: 9.536743e-07, iterations: 173600, time: 3.373072624206543 s]
***
SUMMARY:
HEIGHTS OUT[:5, :5]:
[[25.365894 24.432104 23.45143  22.432312 21.383413]
 [26.244633 25.14264  24.055222 22.96774  21.877337]
 [27.060524 25.838596 24.659084 23.506088 22.37221 ]
 [27.806177 26.492142 25.236433 24.025316 22.850264]
 [28.47468  27.08736  25.769194 24.508478 23.296745]]
D_INF OF HEIGHTS VS REF: 7.6293945e-06
TIME MEAN: 3.3597805738449096 s, STD: 0.015504470272386935 s
SPEEDUP VS REF: 3.9294642382517484
====================================================================================================================================================================================================
CONTRACTION ITERATION APPROACH 5: sfwf_contraction_cuda_large_gridreducemax...
---
REPETITION: 1/10:
SFWF CONTRACTION CUDA LARGE GRIDREDUCEMAX... [eps: 1e-06, lazy_stop_check: 100, tpb_side: 16, tpb_reduce: 512]
[job bpg: (20, 20), tpb: (16, 16)]
[reduce bpg: 1, tpb: 512]
SFWF ITERATE CONTRACTION CUDA LARGE GRIDREDUCEMAX DONE. [d_inf: 9.536743e-07 iterations: 173600, time: 3.370759963989258 s]
---
REPETITION: 2/10:
SFWF CONTRACTION CUDA LARGE GRIDREDUCEMAX... [eps: 1e-06, lazy_stop_check: 100, tpb_side: 16, tpb_reduce: 512]
[job bpg: (20, 20), tpb: (16, 16)]
[reduce bpg: 1, tpb: 512]
SFWF ITERATE CONTRACTION CUDA LARGE GRIDREDUCEMAX DONE. [d_inf: 9.536743e-07 iterations: 173600, time: 3.3946659564971924 s]
---
REPETITION: 3/10:
SFWF CONTRACTION CUDA LARGE GRIDREDUCEMAX... [eps: 1e-06, lazy_stop_check: 100, tpb_side: 16, tpb_reduce: 512]
[job bpg: (20, 20), tpb: (16, 16)]
[reduce bpg: 1, tpb: 512]
SFWF ITERATE CONTRACTION CUDA LARGE GRIDREDUCEMAX DONE. [d_inf: 9.536743e-07 iterations: 173600, time: 3.3570363521575928 s]
---
REPETITION: 4/10:
SFWF CONTRACTION CUDA LARGE GRIDREDUCEMAX... [eps: 1e-06, lazy_stop_check: 100, tpb_side: 16, tpb_reduce: 512]
[job bpg: (20, 20), tpb: (16, 16)]
[reduce bpg: 1, tpb: 512]
SFWF ITERATE CONTRACTION CUDA LARGE GRIDREDUCEMAX DONE. [d_inf: 9.536743e-07 iterations: 173600, time: 3.368891716003418 s]
---
REPETITION: 5/10:
SFWF CONTRACTION CUDA LARGE GRIDREDUCEMAX... [eps: 1e-06, lazy_stop_check: 100, tpb_side: 16, tpb_reduce: 512]
[job bpg: (20, 20), tpb: (16, 16)]
[reduce bpg: 1, tpb: 512]
SFWF ITERATE CONTRACTION CUDA LARGE GRIDREDUCEMAX DONE. [d_inf: 9.536743e-07 iterations: 173600, time: 3.3482956886291504 s]
---
REPETITION: 6/10:
SFWF CONTRACTION CUDA LARGE GRIDREDUCEMAX... [eps: 1e-06, lazy_stop_check: 100, tpb_side: 16, tpb_reduce: 512]
[job bpg: (20, 20), tpb: (16, 16)]
[reduce bpg: 1, tpb: 512]
SFWF ITERATE CONTRACTION CUDA LARGE GRIDREDUCEMAX DONE. [d_inf: 9.536743e-07 iterations: 173600, time: 3.3280532360076904 s]
---
REPETITION: 7/10:
SFWF CONTRACTION CUDA LARGE GRIDREDUCEMAX... [eps: 1e-06, lazy_stop_check: 100, tpb_side: 16, tpb_reduce: 512]
[job bpg: (20, 20), tpb: (16, 16)]
[reduce bpg: 1, tpb: 512]
SFWF ITERATE CONTRACTION CUDA LARGE GRIDREDUCEMAX DONE. [d_inf: 9.536743e-07 iterations: 173600, time: 3.326958656311035 s]
---
REPETITION: 8/10:
SFWF CONTRACTION CUDA LARGE GRIDREDUCEMAX... [eps: 1e-06, lazy_stop_check: 100, tpb_side: 16, tpb_reduce: 512]
[job bpg: (20, 20), tpb: (16, 16)]
[reduce bpg: 1, tpb: 512]
SFWF ITERATE CONTRACTION CUDA LARGE GRIDREDUCEMAX DONE. [d_inf: 9.536743e-07 iterations: 173600, time: 3.3332560062408447 s]
---
REPETITION: 9/10:
SFWF CONTRACTION CUDA LARGE GRIDREDUCEMAX... [eps: 1e-06, lazy_stop_check: 100, tpb_side: 16, tpb_reduce: 512]
[job bpg: (20, 20), tpb: (16, 16)]
[reduce bpg: 1, tpb: 512]
SFWF ITERATE CONTRACTION CUDA LARGE GRIDREDUCEMAX DONE. [d_inf: 9.536743e-07 iterations: 173600, time: 3.342271327972412 s]
---
REPETITION: 10/10:
SFWF CONTRACTION CUDA LARGE GRIDREDUCEMAX... [eps: 1e-06, lazy_stop_check: 100, tpb_side: 16, tpb_reduce: 512]
[job bpg: (20, 20), tpb: (16, 16)]
[reduce bpg: 1, tpb: 512]
SFWF ITERATE CONTRACTION CUDA LARGE GRIDREDUCEMAX DONE. [d_inf: 9.536743e-07 iterations: 173600, time: 3.333463191986084 s]
***
SUMMARY:
HEIGHTS OUT[:5, :5]:
[[25.365894 24.432104 23.45143  22.432312 21.383413]
 [26.244633 25.14264  24.055222 22.96774  21.877337]
 [27.060524 25.838596 24.659084 23.506088 22.37221 ]
 [27.806177 26.492142 25.236433 24.025316 22.850264]
 [28.47468  27.08736  25.769194 24.508478 23.296745]]
D_INF OF HEIGHTS VS REF: 7.6293945e-06
TIME MEAN: 3.3503652095794676 s, STD: 0.021119009311746095 s
SPEEDUP VS REF: 3.940507015637743
====================================================================================================================================================================================================
CONTRACTION ITERATION APPROACH 6: sfwf_contraction_cuda_large_gridsync...
---
REPETITION: 1/10:
SFWF CONTRACTION CUDA LARGE GRIDSYNC... [eps: 1e-06, tpb_side: 16, assumed max_bpg_gridsync: None]
[wanted ideal bpg: (20, 20)]
[discovered max_bpg_gridsync: 340; time: 0.0001506805419921875 s]
[bpg: (18, 18), tpb: (16, 16), ept: 4]
SFWF ITERATE CONTRACTION CUDA LARGE GRIDSYNC DONE. [d_inf: 9.536743e-07, iterations: 172767, time: 2.9387614727020264 s]
---
REPETITION: 2/10:
SFWF CONTRACTION CUDA LARGE GRIDSYNC... [eps: 1e-06, tpb_side: 16, assumed max_bpg_gridsync: None]
[wanted ideal bpg: (20, 20)]
[discovered max_bpg_gridsync: 340; time: 4.267692565917969e-05 s]
[bpg: (18, 18), tpb: (16, 16), ept: 4]
SFWF ITERATE CONTRACTION CUDA LARGE GRIDSYNC DONE. [d_inf: 9.536743e-07, iterations: 172767, time: 2.933699131011963 s]
---
REPETITION: 3/10:
SFWF CONTRACTION CUDA LARGE GRIDSYNC... [eps: 1e-06, tpb_side: 16, assumed max_bpg_gridsync: None]
[wanted ideal bpg: (20, 20)]
[discovered max_bpg_gridsync: 340; time: 3.719329833984375e-05 s]
[bpg: (18, 18), tpb: (16, 16), ept: 4]
SFWF ITERATE CONTRACTION CUDA LARGE GRIDSYNC DONE. [d_inf: 9.536743e-07, iterations: 172767, time: 2.9314301013946533 s]
---
REPETITION: 4/10:
SFWF CONTRACTION CUDA LARGE GRIDSYNC... [eps: 1e-06, tpb_side: 16, assumed max_bpg_gridsync: None]
[wanted ideal bpg: (20, 20)]
[discovered max_bpg_gridsync: 340; time: 3.5762786865234375e-05 s]
[bpg: (18, 18), tpb: (16, 16), ept: 4]
SFWF ITERATE CONTRACTION CUDA LARGE GRIDSYNC DONE. [d_inf: 9.536743e-07, iterations: 172767, time: 2.947547674179077 s]
---
REPETITION: 5/10:
SFWF CONTRACTION CUDA LARGE GRIDSYNC... [eps: 1e-06, tpb_side: 16, assumed max_bpg_gridsync: None]
[wanted ideal bpg: (20, 20)]
[discovered max_bpg_gridsync: 340; time: 3.6716461181640625e-05 s]
[bpg: (18, 18), tpb: (16, 16), ept: 4]
SFWF ITERATE CONTRACTION CUDA LARGE GRIDSYNC DONE. [d_inf: 9.536743e-07, iterations: 172767, time: 2.9052836894989014 s]
---
REPETITION: 6/10:
SFWF CONTRACTION CUDA LARGE GRIDSYNC... [eps: 1e-06, tpb_side: 16, assumed max_bpg_gridsync: None]
[wanted ideal bpg: (20, 20)]
[discovered max_bpg_gridsync: 340; time: 3.457069396972656e-05 s]
[bpg: (18, 18), tpb: (16, 16), ept: 4]
SFWF ITERATE CONTRACTION CUDA LARGE GRIDSYNC DONE. [d_inf: 9.536743e-07, iterations: 172767, time: 2.8945889472961426 s]
---
REPETITION: 7/10:
SFWF CONTRACTION CUDA LARGE GRIDSYNC... [eps: 1e-06, tpb_side: 16, assumed max_bpg_gridsync: None]
[wanted ideal bpg: (20, 20)]
[discovered max_bpg_gridsync: 340; time: 4.076957702636719e-05 s]
[bpg: (18, 18), tpb: (16, 16), ept: 4]
SFWF ITERATE CONTRACTION CUDA LARGE GRIDSYNC DONE. [d_inf: 9.536743e-07, iterations: 172767, time: 2.940669298171997 s]
---
REPETITION: 8/10:
SFWF CONTRACTION CUDA LARGE GRIDSYNC... [eps: 1e-06, tpb_side: 16, assumed max_bpg_gridsync: None]
[wanted ideal bpg: (20, 20)]
[discovered max_bpg_gridsync: 340; time: 3.743171691894531e-05 s]
[bpg: (18, 18), tpb: (16, 16), ept: 4]
SFWF ITERATE CONTRACTION CUDA LARGE GRIDSYNC DONE. [d_inf: 9.536743e-07, iterations: 172767, time: 2.9563052654266357 s]
---
REPETITION: 9/10:
SFWF CONTRACTION CUDA LARGE GRIDSYNC... [eps: 1e-06, tpb_side: 16, assumed max_bpg_gridsync: None]
[wanted ideal bpg: (20, 20)]
[discovered max_bpg_gridsync: 340; time: 3.62396240234375e-05 s]
[bpg: (18, 18), tpb: (16, 16), ept: 4]
SFWF ITERATE CONTRACTION CUDA LARGE GRIDSYNC DONE. [d_inf: 9.536743e-07, iterations: 172767, time: 2.891392469406128 s]
---
REPETITION: 10/10:
SFWF CONTRACTION CUDA LARGE GRIDSYNC... [eps: 1e-06, tpb_side: 16, assumed max_bpg_gridsync: None]
[wanted ideal bpg: (20, 20)]
[discovered max_bpg_gridsync: 340; time: 3.457069396972656e-05 s]
[bpg: (18, 18), tpb: (16, 16), ept: 4]
SFWF ITERATE CONTRACTION CUDA LARGE GRIDSYNC DONE. [d_inf: 9.536743e-07, iterations: 172767, time: 2.9141571521759033 s]
***
SUMMARY:
HEIGHTS OUT[:5, :5]:
[[25.365894 24.432104 23.45143  22.432312 21.383413]
 [26.244633 25.14264  24.055222 22.96774  21.877337]
 [27.060524 25.838596 24.659084 23.506088 22.37221 ]
 [27.806177 26.492142 25.236433 24.025316 22.850264]
 [28.47468  27.08736  25.769194 24.508478 23.296745]]
D_INF OF HEIGHTS VS REF: 0.0
TIME MEAN: 2.925383520126343 s, STD: 0.021446377283290324 s
SPEEDUP VS REF: 4.512959590586033
====================================================================================================================================================================================================
====================================================================================================================================================================================================
FINAL SUMMARY:
CONTRACTION ITERATION APPROACH 1: sfwf_contraction_cpu_numpy (REFERENCE) -> MEAN TIME: 13.20213761329651 s, STD: 0.22706080976029638 s, SPEED-UP: 1.00
CONTRACTION ITERATION APPROACH 2: sfwf_contraction_cuda_small SKIPPED.
CONTRACTION ITERATION APPROACH 3: sfwf_contraction_cuda_large_atomicmax -> MEAN TIME: 3.339307260513306 s, STD: 0.01987553700890943 s, SPEED-UP: 3.95
CONTRACTION ITERATION APPROACH 4: sfwf_contraction_cuda_large_atomicmax_globalmem -> MEAN TIME: 3.3597805738449096 s, STD: 0.015504470272386935 s, SPEED-UP: 3.93
CONTRACTION ITERATION APPROACH 5: sfwf_contraction_cuda_large_gridreducemax -> MEAN TIME: 3.3503652095794676 s, STD: 0.021119009311746095 s, SPEED-UP: 3.94
CONTRACTION ITERATION APPROACH 6: sfwf_contraction_cuda_large_gridsync -> MEAN TIME: 2.925383520126343 s, STD: 0.021446377283290324 s, SPEED-UP: 4.51
MONTE CARLO APPROACH 1: sfwf_mc_cpu_numpy OFF.
MONTE CARLO APPROACH 2: sfwf_mc_cuda OFF.
SOAP FILM IN A WIRE FRAME DONE [time: 261.780481338501].
