SOAP FILM IN A WIRE FRAME...
HASH STRING: 3885498832_81681_901_[7;20;5.0;32;True;1.0e-04;False;0;1e+03;(12,36);False;3;TTTTTTTT;FF]
====================================================================================================================================================================================================================================================
EXPERIMENT INFO:
{
  SEED: 7,
  WF_FOURIER_N: 20,
  WF_FOURIER_AMPLITUDE: 5.0,
  WF_BORDER_N: 32,
  NUMPY_SINGLE_THREAD: True,
  CONTRACTION_EPS: 0.0001,
  CONTRACTION_PLOTS: False,
  MC_SEED: 0,
  MC_SAMPLES: 1000,
  MC_I0_J0: (12, 36),
  MC_EXAMPLE_PLOT: False,
  MC_EXAMPLE_PLOT_SAMPLES: 3,
  sfwf_contraction_cpu_numpy: (True, 'sfwf_contraction_cpu_numpy', 5, {}),
  sfwf_contraction_cpu_numba_parallel: (True, 'sfwf_contraction_cpu_numba_parallel', 5, {}),
  sfwf_contraction_cuda_small: (True, 'sfwf_contraction_cuda_small', 5, {'tpb': 512}),
  sfwf_contraction_cuda_large_atomicmax: (True, 'sfwf_contraction_cuda_large_atomicmax', 5, {'lazy_stop_check': 100, 'tpb_side': 16}),
  sfwf_contraction_cuda_large_atomicmaxglosten: (True, 'sfwf_contraction_cuda_large_atomicmaxglosten', 5, {'lazy_stop_check': 100, 'tpb_side': 16}),
  sfwf_contraction_cuda_large_hreducemax: (True, 'sfwf_contraction_cuda_large_hreducemax', 5, {'lazy_stop_check': 100, 'tpb_side': 16, 'tpb_reduce': 512}),
  sfwf_contraction_cuda_large_hreducemaxgs: (True, 'sfwf_contraction_cuda_large_hreducemaxgs', 5, {'lazy_stop_check': 100, 'tpb_side': 16, 'tpb_reduce': 512, 'cores': 21760}),
  sfwf_contraction_cuda_large_gridsync: (True, 'sfwf_contraction_cuda_large_gridsync', 5, {'tpb_side': 16}),
  sfwf_mc_cpu_numpy: (False, 'sfwf_mc_cpu_numpy', 0, {}),
  sfwf_mc_cuda: (False, 'sfwf_mc_cuda', 0, {})
}
====================================================================================================================================================================================================================================================
CPU AND SYSTEM:
{'cpu_name': 'AMD Ryzen 9 9950X 16-Core Processor',
 'os_machine': 'x86_64',
 'os_name': 'Linux 6.14.0-37-generic',
 'os_version': '#37~24.04.1-Ubuntu SMP PREEMPT_DYNAMIC Thu Nov 20 10:25:38 UTC '
               '2',
 'ram_size': '123.4 GB'}
GPU:
{'async_engine_count': 2,
 'can_map_host_memory': 1,
 'compute_capability': ComputeCapability(major=12, minor=0),
 'cores_per_SM': 128,
 'cores_total': 21760,
 'max_block_dim_x': 1024,
 'max_block_dim_y': 1024,
 'max_block_dim_z': 64,
 'max_grid_dim_x': 2147483647,
 'max_grid_dim_y': 65535,
 'max_grid_dim_z': 65535,
 'max_shared_memory_per_block': 49152,
 'max_threads_per_block': 1024,
 'multiprocessor_count': 170,
 'name': 'NVIDIA GeForce RTX 5090',
 'pci_bus_id': 1,
 'pci_device_id': 0,
 'unified_addressing': 1,
 'warp_size': 32}
====================================================================================================================================================================================================================================================
RANDOM WIRE FRAME WITH TOTAL OF POINTS (STATES): 1024
HEIGHTS IN[:5, :5]:
[[25.365894 14.760059  7.207704  7.832463 14.564732]
 [30.557764  0.        0.        0.        0.      ]
 [25.186687  0.        0.        0.        0.      ]
 [11.579604  0.        0.        0.        0.      ]
 [-2.134684  0.        0.        0.        0.      ]]
====================================================================================================================================================================================================================================================
CONTRACTION ITERATION APPROACH 1: sfwf_contraction_cpu_numpy...
---
REPETITION: 1/5:
SFWF CONTRACTION CPU NUMPY... [eps: 0.0001]
SFWF CONTRACTION CPU NUMPY DONE. [d_inf: 9.918213e-05, iterations: 1270, time: 0.0070421695709228516 s]
---
REPETITION: 2/5:
SFWF CONTRACTION CPU NUMPY... [eps: 0.0001]
SFWF CONTRACTION CPU NUMPY DONE. [d_inf: 9.918213e-05, iterations: 1270, time: 0.007106304168701172 s]
---
REPETITION: 3/5:
SFWF CONTRACTION CPU NUMPY... [eps: 0.0001]
SFWF CONTRACTION CPU NUMPY DONE. [d_inf: 9.918213e-05, iterations: 1270, time: 0.0070683956146240234 s]
---
REPETITION: 4/5:
SFWF CONTRACTION CPU NUMPY... [eps: 0.0001]
SFWF CONTRACTION CPU NUMPY DONE. [d_inf: 9.918213e-05, iterations: 1270, time: 0.007096767425537109 s]
---
REPETITION: 5/5:
SFWF CONTRACTION CPU NUMPY... [eps: 0.0001]
SFWF CONTRACTION CPU NUMPY DONE. [d_inf: 9.918213e-05, iterations: 1270, time: 0.006987810134887695 s]
***
SUMMARY:
HEIGHTS OUT[:5, :5]:
[[25.365894  14.760059   7.207704   7.832463  14.564732 ]
 [30.557764  18.470022  12.089523  10.63242   12.1863575]
 [25.186687  16.472748  12.047957  10.421345  10.254829 ]
 [11.579604  10.186335   9.20823    8.750196   8.530576 ]
 [-2.134684   3.4847724  5.8484545  6.840671   7.1408844]]
D_INF OF HEIGHTS VS REF: 0.0
D_INF (AT STOP) MEAN: 9.918212890625e-05
ITERATIONS MEAN: 1270.0
TIME MEAN: 0.00706028938293457 s, STD: 4.2650411670328455e-05 s, STD_%: 0.6%
SPEEDUP VS REF: 1.0
====================================================================================================================================================================================================================================================
CONTRACTION ITERATION APPROACH 2: sfwf_contraction_cpu_numba_parallel...
---
REPETITION: 1/5:
SFWF CONTRACTION CPU NUMBA PARALLEL... [eps: 0.0001]
SFWF CONTRACTION CPU NUMBA PARALLEL. [d_inf: 9.918213e-05, iterations: 1270, time: 0.04584646224975586 s]
---
REPETITION: 2/5:
SFWF CONTRACTION CPU NUMBA PARALLEL... [eps: 0.0001]
SFWF CONTRACTION CPU NUMBA PARALLEL. [d_inf: 9.918213e-05, iterations: 1270, time: 0.01194310188293457 s]
---
REPETITION: 3/5:
SFWF CONTRACTION CPU NUMBA PARALLEL... [eps: 0.0001]
SFWF CONTRACTION CPU NUMBA PARALLEL. [d_inf: 9.918213e-05, iterations: 1270, time: 0.011986970901489258 s]
---
REPETITION: 4/5:
SFWF CONTRACTION CPU NUMBA PARALLEL... [eps: 0.0001]
SFWF CONTRACTION CPU NUMBA PARALLEL. [d_inf: 9.918213e-05, iterations: 1270, time: 0.011852502822875977 s]
---
REPETITION: 5/5:
SFWF CONTRACTION CPU NUMBA PARALLEL... [eps: 0.0001]
SFWF CONTRACTION CPU NUMBA PARALLEL. [d_inf: 9.918213e-05, iterations: 1270, time: 0.012011289596557617 s]
***
SUMMARY:
HEIGHTS OUT[:5, :5]:
[[25.365894  14.760059   7.207704   7.832463  14.564732 ]
 [30.557764  18.470022  12.089523  10.63242   12.1863575]
 [25.186687  16.472748  12.047957  10.421345  10.254829 ]
 [11.579604  10.186335   9.20823    8.750196   8.530576 ]
 [-2.134684   3.4847724  5.8484545  6.840671   7.1408844]]
D_INF OF HEIGHTS VS REF: 0.0
D_INF (AT STOP) MEAN: 9.918212890625e-05
ITERATIONS MEAN: 1270.0
TIME MEAN: 0.018728065490722656 s, STD: 0.013559306550205777 s, STD_%: 72.4%
SPEEDUP VS REF: 0.3769897850064671
====================================================================================================================================================================================================================================================
CONTRACTION ITERATION APPROACH 3: sfwf_contraction_cuda_small...
---
REPETITION: 1/5:
SFWF CONTRACTION CUDA SMALL... [eps: 0.0001, bpg: 1, tpb: 512]
SFWF CONTRACTION CUDA SMALL DONE. [d_inf: 9.918213e-05, iterations: 1270, time: 0.004619121551513672 s]
---
REPETITION: 2/5:
SFWF CONTRACTION CUDA SMALL... [eps: 0.0001, bpg: 1, tpb: 512]
SFWF CONTRACTION CUDA SMALL DONE. [d_inf: 9.918213e-05, iterations: 1270, time: 0.003929615020751953 s]
---
REPETITION: 3/5:
SFWF CONTRACTION CUDA SMALL... [eps: 0.0001, bpg: 1, tpb: 512]
SFWF CONTRACTION CUDA SMALL DONE. [d_inf: 9.918213e-05, iterations: 1270, time: 0.003887176513671875 s]
---
REPETITION: 4/5:
SFWF CONTRACTION CUDA SMALL... [eps: 0.0001, bpg: 1, tpb: 512]
SFWF CONTRACTION CUDA SMALL DONE. [d_inf: 9.918213e-05, iterations: 1270, time: 0.003881692886352539 s]
---
REPETITION: 5/5:
SFWF CONTRACTION CUDA SMALL... [eps: 0.0001, bpg: 1, tpb: 512]
SFWF CONTRACTION CUDA SMALL DONE. [d_inf: 9.918213e-05, iterations: 1270, time: 0.0038709640502929688 s]
***
SUMMARY:
HEIGHTS OUT[:5, :5]:
[[25.365894  14.760059   7.207704   7.832463  14.564732 ]
 [30.557764  18.470022  12.089523  10.63242   12.1863575]
 [25.186687  16.472748  12.047957  10.421345  10.254829 ]
 [11.579604  10.186335   9.20823    8.750196   8.530576 ]
 [-2.134684   3.4847724  5.8484545  6.840671   7.1408844]]
D_INF OF HEIGHTS VS REF: 0.0
D_INF (AT STOP) MEAN: 9.918212890625e-05
ITERATIONS MEAN: 1270.0
TIME MEAN: 0.004037714004516602 s, STD: 0.00029138627239205155 s, STD_%: 7.2%
SPEEDUP VS REF: 1.7485858025201648
====================================================================================================================================================================================================================================================
CONTRACTION ITERATION APPROACH 4: sfwf_contraction_cuda_large_atomicmax...
---
REPETITION: 1/5:
SFWF CONTRACTION CUDA LARGE ATOMICMAX... [eps: 0.0001, lazy_stop_check: 100, tpb_side: 16]
[bpg: (2, 2), tpb: (16, 16)]
SFWF CONTRACTION CUDA LARGE ATOMICMAX DONE. [d_inf: 8.678436e-05, iterations: 1300, time: 0.02470684051513672 s]
---
REPETITION: 2/5:
SFWF CONTRACTION CUDA LARGE ATOMICMAX... [eps: 0.0001, lazy_stop_check: 100, tpb_side: 16]
[bpg: (2, 2), tpb: (16, 16)]
SFWF CONTRACTION CUDA LARGE ATOMICMAX DONE. [d_inf: 8.678436e-05, iterations: 1300, time: 0.02501845359802246 s]
---
REPETITION: 3/5:
SFWF CONTRACTION CUDA LARGE ATOMICMAX... [eps: 0.0001, lazy_stop_check: 100, tpb_side: 16]
[bpg: (2, 2), tpb: (16, 16)]
SFWF CONTRACTION CUDA LARGE ATOMICMAX DONE. [d_inf: 8.678436e-05, iterations: 1300, time: 0.024482011795043945 s]
---
REPETITION: 4/5:
SFWF CONTRACTION CUDA LARGE ATOMICMAX... [eps: 0.0001, lazy_stop_check: 100, tpb_side: 16]
[bpg: (2, 2), tpb: (16, 16)]
SFWF CONTRACTION CUDA LARGE ATOMICMAX DONE. [d_inf: 8.678436e-05, iterations: 1300, time: 0.024440526962280273 s]
---
REPETITION: 5/5:
SFWF CONTRACTION CUDA LARGE ATOMICMAX... [eps: 0.0001, lazy_stop_check: 100, tpb_side: 16]
[bpg: (2, 2), tpb: (16, 16)]
SFWF CONTRACTION CUDA LARGE ATOMICMAX DONE. [d_inf: 8.678436e-05, iterations: 1300, time: 0.024319887161254883 s]
***
SUMMARY:
HEIGHTS OUT[:5, :5]:
[[25.365894  14.760059   7.207704   7.832463  14.564732 ]
 [30.557764  18.47005   12.089581  10.6325035 12.186467 ]
 [25.186687  16.472805  12.04807   10.421511  10.255047 ]
 [11.579604  10.1864195  9.208396   8.750444   8.530901 ]
 [-2.134684   3.4848828  5.848674   6.8409963  7.1413136]]
D_INF OF HEIGHTS VS REF: 0.0027503967
D_INF (AT STOP) MEAN: 8.678436279296875e-05
ITERATIONS MEAN: 1300.0
TIME MEAN: 0.024593544006347657 s, STD: 0.0002466276459769198 s, STD_%: 1.0%
SPEEDUP VS REF: 0.28707897410443534
====================================================================================================================================================================================================================================================
CONTRACTION ITERATION APPROACH 5: sfwf_contraction_cuda_large_atomicmaxglosten...
---
REPETITION: 1/5:
SFWF CONTRACTION CUDA LARGE ATOMICMAXGLOSTEN... [eps: 0.0001, lazy_stop_check: 100, tpb_side: 16]
[bpg: (2, 2), tpb: (16, 16)]
SFWF CONTRACTION CUDA LARGE ATOMICMAXGLOSTEN DONE. [d_inf: 8.678436e-05, iterations: 1300, time: 0.024468421936035156 s]
---
REPETITION: 2/5:
SFWF CONTRACTION CUDA LARGE ATOMICMAXGLOSTEN... [eps: 0.0001, lazy_stop_check: 100, tpb_side: 16]
[bpg: (2, 2), tpb: (16, 16)]
SFWF CONTRACTION CUDA LARGE ATOMICMAXGLOSTEN DONE. [d_inf: 8.678436e-05, iterations: 1300, time: 0.024463653564453125 s]
---
REPETITION: 3/5:
SFWF CONTRACTION CUDA LARGE ATOMICMAXGLOSTEN... [eps: 0.0001, lazy_stop_check: 100, tpb_side: 16]
[bpg: (2, 2), tpb: (16, 16)]
SFWF CONTRACTION CUDA LARGE ATOMICMAXGLOSTEN DONE. [d_inf: 8.678436e-05, iterations: 1300, time: 0.024561405181884766 s]
---
REPETITION: 4/5:
SFWF CONTRACTION CUDA LARGE ATOMICMAXGLOSTEN... [eps: 0.0001, lazy_stop_check: 100, tpb_side: 16]
[bpg: (2, 2), tpb: (16, 16)]
SFWF CONTRACTION CUDA LARGE ATOMICMAXGLOSTEN DONE. [d_inf: 8.678436e-05, iterations: 1300, time: 0.024617910385131836 s]
---
REPETITION: 5/5:
SFWF CONTRACTION CUDA LARGE ATOMICMAXGLOSTEN... [eps: 0.0001, lazy_stop_check: 100, tpb_side: 16]
[bpg: (2, 2), tpb: (16, 16)]
SFWF CONTRACTION CUDA LARGE ATOMICMAXGLOSTEN DONE. [d_inf: 8.678436e-05, iterations: 1300, time: 0.02457118034362793 s]
***
SUMMARY:
HEIGHTS OUT[:5, :5]:
[[25.365894  14.760059   7.207704   7.832463  14.564732 ]
 [30.557764  18.47005   12.089581  10.6325035 12.186467 ]
 [25.186687  16.472805  12.04807   10.421511  10.255047 ]
 [11.579604  10.1864195  9.208396   8.750444   8.530901 ]
 [-2.134684   3.4848828  5.848674   6.8409963  7.1413136]]
D_INF OF HEIGHTS VS REF: 0.0027503967
D_INF (AT STOP) MEAN: 8.678436279296875e-05
ITERATIONS MEAN: 1300.0
TIME MEAN: 0.024536514282226564 s, STD: 6.064960028121337e-05 s, STD_%: 0.2%
SPEEDUP VS REF: 0.28774622596041727
====================================================================================================================================================================================================================================================
CONTRACTION ITERATION APPROACH 6: sfwf_contraction_cuda_large_hreducemax...
---
REPETITION: 1/5:
SFWF CONTRACTION CUDA LARGE HREDUCEMAX... [eps: 0.0001, lazy_stop_check: 100, tpb_side: 16, tpb_reduce: 512]
[job bpg: (2, 2), tpb: (16, 16)]
[reduce bpg: 1, tpb: 512]
SFWF ITERATE CONTRACTION CUDA LARGE HREDUCEMAX DONE. [d_inf: 8.678436e-05 iterations: 1300, time: 0.015748977661132812 s]
---
REPETITION: 2/5:
SFWF CONTRACTION CUDA LARGE HREDUCEMAX... [eps: 0.0001, lazy_stop_check: 100, tpb_side: 16, tpb_reduce: 512]
[job bpg: (2, 2), tpb: (16, 16)]
[reduce bpg: 1, tpb: 512]
SFWF ITERATE CONTRACTION CUDA LARGE HREDUCEMAX DONE. [d_inf: 8.678436e-05 iterations: 1300, time: 0.015737533569335938 s]
---
REPETITION: 3/5:
SFWF CONTRACTION CUDA LARGE HREDUCEMAX... [eps: 0.0001, lazy_stop_check: 100, tpb_side: 16, tpb_reduce: 512]
[job bpg: (2, 2), tpb: (16, 16)]
[reduce bpg: 1, tpb: 512]
SFWF ITERATE CONTRACTION CUDA LARGE HREDUCEMAX DONE. [d_inf: 8.678436e-05 iterations: 1300, time: 0.015716075897216797 s]
---
REPETITION: 4/5:
SFWF CONTRACTION CUDA LARGE HREDUCEMAX... [eps: 0.0001, lazy_stop_check: 100, tpb_side: 16, tpb_reduce: 512]
[job bpg: (2, 2), tpb: (16, 16)]
[reduce bpg: 1, tpb: 512]
SFWF ITERATE CONTRACTION CUDA LARGE HREDUCEMAX DONE. [d_inf: 8.678436e-05 iterations: 1300, time: 0.01566481590270996 s]
---
REPETITION: 5/5:
SFWF CONTRACTION CUDA LARGE HREDUCEMAX... [eps: 0.0001, lazy_stop_check: 100, tpb_side: 16, tpb_reduce: 512]
[job bpg: (2, 2), tpb: (16, 16)]
[reduce bpg: 1, tpb: 512]
SFWF ITERATE CONTRACTION CUDA LARGE HREDUCEMAX DONE. [d_inf: 8.678436e-05 iterations: 1300, time: 0.01568746566772461 s]
***
SUMMARY:
HEIGHTS OUT[:5, :5]:
[[25.365894  14.760059   7.207704   7.832463  14.564732 ]
 [30.557764  18.47005   12.089581  10.6325035 12.186467 ]
 [25.186687  16.472805  12.04807   10.421511  10.255047 ]
 [11.579604  10.1864195  9.208396   8.750444   8.530901 ]
 [-2.134684   3.4848828  5.848674   6.8409963  7.1413136]]
D_INF OF HEIGHTS VS REF: 0.0027503967
D_INF (AT STOP) MEAN: 8.678436279296875e-05
ITERATIONS MEAN: 1300.0
TIME MEAN: 0.015710973739624025 s, STD: 3.117348222283414e-05 s, STD_%: 0.2%
SPEEDUP VS REF: 0.4493858560229207
====================================================================================================================================================================================================================================================
CONTRACTION ITERATION APPROACH 7: sfwf_contraction_cuda_large_hreducemaxgs...
---
REPETITION: 1/5:
SFWF CONTRACTION CUDA LARGE HREDUCEMAXGS... [eps: 0.0001, lazy_stop_check: 100, tpb_side: 16, tpb_reduce: 512, cores: 21760]
[job bpg: (2, 2), tpb: (16, 16)]
[reduce1 (grid-stride) bpg: 170, tpb: 128]
[reduce2 bpg: 1, tpb: 512]
SFWF ITERATE CONTRACTION CUDA LARGE HREDUCEMAXGS DONE. [d_inf: 8.678436e-05 iterations: 1300, time: 0.015960216522216797 s]
---
REPETITION: 2/5:
SFWF CONTRACTION CUDA LARGE HREDUCEMAXGS... [eps: 0.0001, lazy_stop_check: 100, tpb_side: 16, tpb_reduce: 512, cores: 21760]
[job bpg: (2, 2), tpb: (16, 16)]
[reduce1 (grid-stride) bpg: 170, tpb: 128]
[reduce2 bpg: 1, tpb: 512]
SFWF ITERATE CONTRACTION CUDA LARGE HREDUCEMAXGS DONE. [d_inf: 8.678436e-05 iterations: 1300, time: 0.0158841609954834 s]
---
REPETITION: 3/5:
SFWF CONTRACTION CUDA LARGE HREDUCEMAXGS... [eps: 0.0001, lazy_stop_check: 100, tpb_side: 16, tpb_reduce: 512, cores: 21760]
[job bpg: (2, 2), tpb: (16, 16)]
[reduce1 (grid-stride) bpg: 170, tpb: 128]
[reduce2 bpg: 1, tpb: 512]
SFWF ITERATE CONTRACTION CUDA LARGE HREDUCEMAXGS DONE. [d_inf: 8.678436e-05 iterations: 1300, time: 0.015895843505859375 s]
---
REPETITION: 4/5:
SFWF CONTRACTION CUDA LARGE HREDUCEMAXGS... [eps: 0.0001, lazy_stop_check: 100, tpb_side: 16, tpb_reduce: 512, cores: 21760]
[job bpg: (2, 2), tpb: (16, 16)]
[reduce1 (grid-stride) bpg: 170, tpb: 128]
[reduce2 bpg: 1, tpb: 512]
SFWF ITERATE CONTRACTION CUDA LARGE HREDUCEMAXGS DONE. [d_inf: 8.678436e-05 iterations: 1300, time: 0.015978336334228516 s]
---
REPETITION: 5/5:
SFWF CONTRACTION CUDA LARGE HREDUCEMAXGS... [eps: 0.0001, lazy_stop_check: 100, tpb_side: 16, tpb_reduce: 512, cores: 21760]
[job bpg: (2, 2), tpb: (16, 16)]
[reduce1 (grid-stride) bpg: 170, tpb: 128]
[reduce2 bpg: 1, tpb: 512]
SFWF ITERATE CONTRACTION CUDA LARGE HREDUCEMAXGS DONE. [d_inf: 8.678436e-05 iterations: 1300, time: 0.01584172248840332 s]
***
SUMMARY:
HEIGHTS OUT[:5, :5]:
[[25.365894  14.760059   7.207704   7.832463  14.564732 ]
 [30.557764  18.47005   12.089581  10.6325035 12.186467 ]
 [25.186687  16.472805  12.04807   10.421511  10.255047 ]
 [11.579604  10.1864195  9.208396   8.750444   8.530901 ]
 [-2.134684   3.4848828  5.848674   6.8409963  7.1413136]]
D_INF OF HEIGHTS VS REF: 0.0027503967
D_INF (AT STOP) MEAN: 8.678436279296875e-05
ITERATIONS MEAN: 1300.0
TIME MEAN: 0.01591205596923828 s, STD: 5.039900336791372e-05 s, STD_%: 0.3%
SPEEDUP VS REF: 0.44370692238537607
====================================================================================================================================================================================================================================================
CONTRACTION ITERATION APPROACH 8: sfwf_contraction_cuda_large_gridsync...
---
REPETITION: 1/5:
SFWF CONTRACTION CUDA LARGE GRIDSYNC... [eps: 0.0001, tpb_side: 16, assumed max_bpg_gridsync: None]
[wanted ideal bpg: (2, 2)]
[discovered max_bpg_gridsync: 340; time: 8.320808410644531e-05 s]
[bpg: (2, 2), tpb: (16, 16), ept: 1]
SFWF ITERATE CONTRACTION CUDA LARGE GRIDSYNC DONE. [d_inf: 9.918213e-05, iterations: 1270, time: 0.005964040756225586 s]
---
REPETITION: 2/5:
SFWF CONTRACTION CUDA LARGE GRIDSYNC... [eps: 0.0001, tpb_side: 16, assumed max_bpg_gridsync: None]
[wanted ideal bpg: (2, 2)]
[discovered max_bpg_gridsync: 340; time: 4.076957702636719e-05 s]
[bpg: (2, 2), tpb: (16, 16), ept: 1]
SFWF ITERATE CONTRACTION CUDA LARGE GRIDSYNC DONE. [d_inf: 9.918213e-05, iterations: 1270, time: 0.005800962448120117 s]
---
REPETITION: 3/5:
SFWF CONTRACTION CUDA LARGE GRIDSYNC... [eps: 0.0001, tpb_side: 16, assumed max_bpg_gridsync: None]
[wanted ideal bpg: (2, 2)]
[discovered max_bpg_gridsync: 340; time: 3.62396240234375e-05 s]
[bpg: (2, 2), tpb: (16, 16), ept: 1]
SFWF ITERATE CONTRACTION CUDA LARGE GRIDSYNC DONE. [d_inf: 9.918213e-05, iterations: 1270, time: 0.005637407302856445 s]
---
REPETITION: 4/5:
SFWF CONTRACTION CUDA LARGE GRIDSYNC... [eps: 0.0001, tpb_side: 16, assumed max_bpg_gridsync: None]
[wanted ideal bpg: (2, 2)]
[discovered max_bpg_gridsync: 340; time: 3.5762786865234375e-05 s]
[bpg: (2, 2), tpb: (16, 16), ept: 1]
SFWF ITERATE CONTRACTION CUDA LARGE GRIDSYNC DONE. [d_inf: 9.918213e-05, iterations: 1270, time: 0.006520271301269531 s]
---
REPETITION: 5/5:
SFWF CONTRACTION CUDA LARGE GRIDSYNC... [eps: 0.0001, tpb_side: 16, assumed max_bpg_gridsync: None]
[wanted ideal bpg: (2, 2)]
[discovered max_bpg_gridsync: 340; time: 3.719329833984375e-05 s]
[bpg: (2, 2), tpb: (16, 16), ept: 1]
SFWF ITERATE CONTRACTION CUDA LARGE GRIDSYNC DONE. [d_inf: 9.918213e-05, iterations: 1270, time: 0.00567173957824707 s]
***
SUMMARY:
HEIGHTS OUT[:5, :5]:
[[25.365894  14.760059   7.207704   7.832463  14.564732 ]
 [30.557764  18.47002   12.089521  10.632416  12.186354 ]
 [25.186687  16.472746  12.047954  10.421338  10.254822 ]
 [11.579604  10.186333   9.208223   8.750188   8.530563 ]
 [-2.134684   3.4847684  5.848447   6.840659   7.1408696]]
D_INF OF HEIGHTS VS REF: 9.918213e-05
D_INF (AT STOP) MEAN: 9.918212890625e-05
ITERATIONS MEAN: 1270.0
TIME MEAN: 0.00591888427734375 s, STD: 0.000321844933903542 s, STD_%: 5.4%
SPEEDUP VS REF: 1.192841260634184
====================================================================================================================================================================================================================================================
====================================================================================================================================================================================================================================================
FINAL SUMMARY:
CONTRACTION ITERATION APPROACH 1: sfwf_contraction_cpu_numpy (REFERENCE) -> MEAN ITERATIONS: 1270.0, MEAN D_INF: 9.918212890625e-05, MEAN TIME: 0.00706028938293457 s, TIME STD: 4.2650411670328455e-05 s, STD_%: 0.6%, SPEED-UP: 1.00
CONTRACTION ITERATION APPROACH 2: sfwf_contraction_cpu_numba_parallel -> MEAN ITERATIONS: 1270.0, MEAN D_INF: 9.918212890625e-05, MEAN TIME: 0.018728065490722656 s, TIME STD: 0.013559306550205777 s, STD_%: 72.4%, SPEED-UP: 0.38
CONTRACTION ITERATION APPROACH 3: sfwf_contraction_cuda_small -> MEAN ITERATIONS: 1270.0, MEAN D_INF: 9.918212890625e-05, MEAN TIME: 0.004037714004516602 s, TIME STD: 0.00029138627239205155 s, STD_%: 7.2%, SPEED-UP: 1.75
CONTRACTION ITERATION APPROACH 4: sfwf_contraction_cuda_large_atomicmax -> MEAN ITERATIONS: 1300.0, MEAN D_INF: 8.678436279296875e-05, MEAN TIME: 0.024593544006347657 s, TIME STD: 0.0002466276459769198 s, STD_%: 1.0%, SPEED-UP: 0.29
CONTRACTION ITERATION APPROACH 5: sfwf_contraction_cuda_large_atomicmaxglosten -> MEAN ITERATIONS: 1300.0, MEAN D_INF: 8.678436279296875e-05, MEAN TIME: 0.024536514282226564 s, TIME STD: 6.064960028121337e-05 s, STD_%: 0.2%, SPEED-UP: 0.29
CONTRACTION ITERATION APPROACH 6: sfwf_contraction_cuda_large_hreducemax -> MEAN ITERATIONS: 1300.0, MEAN D_INF: 8.678436279296875e-05, MEAN TIME: 0.015710973739624025 s, TIME STD: 3.117348222283414e-05 s, STD_%: 0.2%, SPEED-UP: 0.45
CONTRACTION ITERATION APPROACH 7: sfwf_contraction_cuda_large_hreducemaxgs -> MEAN ITERATIONS: 1300.0, MEAN D_INF: 8.678436279296875e-05, MEAN TIME: 0.01591205596923828 s, TIME STD: 5.039900336791372e-05 s, STD_%: 0.3%, SPEED-UP: 0.44
CONTRACTION ITERATION APPROACH 8: sfwf_contraction_cuda_large_gridsync -> MEAN ITERATIONS: 1270.0, MEAN D_INF: 9.918212890625e-05, MEAN TIME: 0.00591888427734375 s, TIME STD: 0.000321844933903542 s, STD_%: 5.4%, SPEED-UP: 1.19
MONTE CARLO APPROACH 1: sfwf_mc_cpu_numpy OFF.
MONTE CARLO APPROACH 2: sfwf_mc_cuda OFF.
SOAP FILM IN A WIRE FRAME DONE. [hash string: 3885498832_81681_901_[7;20;5.0;32;True;1.0e-04;False;0;1e+03;(12,36);False;3;TTTTTTTT;FF], time: 0.5884065628051758]
