SOAP FILM IN A WIRE FRAME...
HASH STRING: 3977330562_19619_901_[7;20;5.0;317;True;1.0e-04;False;0;1.0e+06;False;3;TTTTTT;TT]
====================================================================================================================================================================================================
EXPERIMENT INFO:
{
  SEED: 7,
  WF_FOURIER_N: 20,
  WF_FOURIER_AMPLITUDE: 5.0,
  WF_BORDER_N: 317,
  NUMPY_SINGLE_THREAD: True,
  CONTRACTION_EPS: 0.0001,
  CONTRACTION_PLOTS: False,
  MC_SEED: 0,
  MC_SAMPLES: 1000000,
  MC_EXAMPLE_PLOT: False,
  MC_EXAMPLE_PLOT_SAMPLES: 3,
  sfwf_contraction_cpu_numpy: (True, 'sfwf_contraction_cpu_numpy', 1, {}),
  sfwf_contraction_cuda_small: (True, 'sfwf_contraction_cuda_small', 3, {'tpb': 512}),
  sfwf_contraction_cuda_large_atomicmax: (True, 'sfwf_contraction_cuda_large_atomicmax', 3, {'lazy_stop_check': 100, 'tpb_side': 16}),
  sfwf_contraction_cuda_large_atomicmax_globalmem: (True, 'sfwf_contraction_cuda_large_atomicmax_globalmem', 3, {'lazy_stop_check': 100, 'tpb_side': 16}),
  sfwf_contraction_cuda_large_gridreducemax: (True, 'sfwf_contraction_cuda_large_gridreducemax', 3, {'lazy_stop_check': 100, 'tpb_side': 16, 'tpb_reduce': 512}),
  sfwf_contraction_cuda_large_gridsync: (True, 'sfwf_contraction_cuda_large_gridsync', 3, {'tpb_side': 16}),
  sfwf_mc_cpu_numpy: (True, 'sfwf_mc_cpu_numpy', 1, {'i': 12, 'j': 36, 'n_samples': 1000000, 'seed': 0, 'chunk_size': 250}),
  sfwf_mc_cuda: (True, 'sfwf_mc_cuda', 3, {'i': 12, 'j': 36, 'n_samples': 1000000, 'seed': 0, 'rpt': 10, 'tpb': 64})
}
====================================================================================================================================================================================================
CPU AND SYSTEM:
{'cpu_name': 'AMD Ryzen 9 9950X 16-Core Processor',
 'os_machine': 'x86_64',
 'os_name': 'Linux 6.14.0-37-generic',
 'os_version': '#37~24.04.1-Ubuntu SMP PREEMPT_DYNAMIC Thu Nov 20 10:25:38 UTC '
               '2',
 'ram_size': '123.4 GB'}
GPU:
{'async_engine_count': 2,
 'can_map_host_memory': 1,
 'compute_capability': ComputeCapability(major=12, minor=0),
 'cores_per_SM': 128,
 'cores_total': 21760,
 'max_block_dim_x': 1024,
 'max_block_dim_y': 1024,
 'max_block_dim_z': 64,
 'max_grid_dim_x': 2147483647,
 'max_grid_dim_y': 65535,
 'max_grid_dim_z': 65535,
 'max_shared_memory_per_block': 49152,
 'max_threads_per_block': 1024,
 'multiprocessor_count': 170,
 'name': 'NVIDIA GeForce RTX 5090',
 'pci_bus_id': 1,
 'pci_device_id': 0,
 'unified_addressing': 1,
 'warp_size': 32}
====================================================================================================================================================================================================
RANDOM WIRE FRAME WITH TOTAL OF POINTS (STATES): 100489
HEIGHTS IN[:5, :5]:
[[25.365894 24.432104 23.45143  22.432312 21.383413]
 [26.244633  0.        0.        0.        0.      ]
 [27.060524  0.        0.        0.        0.      ]
 [27.806177  0.        0.        0.        0.      ]
 [28.47468   0.        0.        0.        0.      ]]
====================================================================================================================================================================================================
CONTRACTION ITERATION APPROACH 1: sfwf_contraction_cpu_numpy...
---
REPETITION: 1/1:
SFWF CONTRACTION CPU NUMPY... [eps: 0.0001]
SFWF CONTRACTION CPU NUMPY DONE. [d_inf: 9.9658966e-05, iterations: 38235, time: 2.847107410430908 s]
***
SUMMARY:
HEIGHTS OUT[:5, :5]:
[[25.365894 24.432104 23.45143  22.432312 21.383413]
 [26.244633 25.142448 24.054836 22.967161 21.876564]
 [27.060524 25.838211 24.658314 23.504927 22.37066 ]
 [27.806177 26.491562 25.235275 24.023575 22.847942]
 [28.47468  27.086586 25.767649 24.506157 23.29365 ]]
D_INF OF HEIGHTS VS REF: 0.0
TIME MEAN: 2.847107410430908 s, STD: 0.0 s
SPEEDUP VS REF: 1.0
====================================================================================================================================================================================================
CONTRACTION ITERATION APPROACH 2: sfwf_contraction_cuda_small...
[skipping this approach (too large WF_BORDER_N)]
====================================================================================================================================================================================================
CONTRACTION ITERATION APPROACH 3: sfwf_contraction_cuda_large_atomicmax...
---
REPETITION: 1/3:
SFWF CONTRACTION CUDA LARGE ATOMICMAX... [eps: 0.0001, lazy_stop_check: 100, tpb_side: 16]
[bpg: (20, 20), tpb: (16, 16)]
SFWF CONTRACTION CUDA LARGE ATOMICMAX DONE. [d_inf: 9.918213e-05, iterations: 38300, time: 0.7235090732574463 s]
---
REPETITION: 2/3:
SFWF CONTRACTION CUDA LARGE ATOMICMAX... [eps: 0.0001, lazy_stop_check: 100, tpb_side: 16]
[bpg: (20, 20), tpb: (16, 16)]
SFWF CONTRACTION CUDA LARGE ATOMICMAX DONE. [d_inf: 9.918213e-05, iterations: 38300, time: 0.7271759510040283 s]
---
REPETITION: 3/3:
SFWF CONTRACTION CUDA LARGE ATOMICMAX... [eps: 0.0001, lazy_stop_check: 100, tpb_side: 16]
[bpg: (20, 20), tpb: (16, 16)]
SFWF CONTRACTION CUDA LARGE ATOMICMAX DONE. [d_inf: 9.918213e-05, iterations: 38300, time: 0.7362797260284424 s]
***
SUMMARY:
HEIGHTS OUT[:5, :5]:
[[25.365894 24.432104 23.45143  22.432312 21.383413]
 [26.244633 25.142448 24.054838 22.967161 21.876564]
 [27.060524 25.838211 24.658314 23.504929 22.370663]
 [27.806177 26.491562 25.235275 24.023579 22.847946]
 [28.47468  27.086586 25.76765  24.50616  23.293657]]
D_INF OF HEIGHTS VS REF: 0.006427765
TIME MEAN: 0.728988250096639 s, STD: 0.005368780994486903 s
SPEEDUP VS REF: 3.9055600828318955
====================================================================================================================================================================================================
CONTRACTION ITERATION APPROACH 4: sfwf_contraction_cuda_large_atomicmax_globalmem...
---
REPETITION: 1/3:
SFWF CONTRACTION CUDA LARGE ATOMICMAX GLOBAL MEM... [eps: 0.0001, lazy_stop_check: 100, tpb_side: 16]
[bpg: (20, 20), tpb: (16, 16)]
SFWF CONTRACTION CUDA LARGE ATOMICMAX GLOBALMEM DONE. [d_inf: 9.918213e-05, iterations: 38300, time: 0.7229001522064209 s]
---
REPETITION: 2/3:
SFWF CONTRACTION CUDA LARGE ATOMICMAX GLOBAL MEM... [eps: 0.0001, lazy_stop_check: 100, tpb_side: 16]
[bpg: (20, 20), tpb: (16, 16)]
SFWF CONTRACTION CUDA LARGE ATOMICMAX GLOBALMEM DONE. [d_inf: 9.918213e-05, iterations: 38300, time: 0.7298548221588135 s]
---
REPETITION: 3/3:
SFWF CONTRACTION CUDA LARGE ATOMICMAX GLOBAL MEM... [eps: 0.0001, lazy_stop_check: 100, tpb_side: 16]
[bpg: (20, 20), tpb: (16, 16)]
SFWF CONTRACTION CUDA LARGE ATOMICMAX GLOBALMEM DONE. [d_inf: 9.918213e-05, iterations: 38300, time: 0.7349166870117188 s]
***
SUMMARY:
HEIGHTS OUT[:5, :5]:
[[25.365894 24.432104 23.45143  22.432312 21.383413]
 [26.244633 25.142448 24.054838 22.967161 21.876564]
 [27.060524 25.838211 24.658314 23.504929 22.370663]
 [27.806177 26.491562 25.235275 24.023579 22.847946]
 [28.47468  27.086586 25.76765  24.50616  23.293657]]
D_INF OF HEIGHTS VS REF: 0.006427765
TIME MEAN: 0.729223887125651 s, STD: 0.0049259744514012944 s
SPEEDUP VS REF: 3.9042980635936426
====================================================================================================================================================================================================
CONTRACTION ITERATION APPROACH 5: sfwf_contraction_cuda_large_gridreducemax...
---
REPETITION: 1/3:
SFWF CONTRACTION CUDA LARGE GRIDREDUCEMAX... [eps: 0.0001, lazy_stop_check: 100, tpb_side: 16, tpb_reduce: 512]
[job bpg: (20, 20), tpb: (16, 16)]
[reduce bpg: 1, tpb: 512]
SFWF ITERATE CONTRACTION CUDA LARGE GRIDREDUCEMAX DONE. [d_inf: 9.918213e-05 iterations: 38300, time: 0.7222883701324463 s]
---
REPETITION: 2/3:
SFWF CONTRACTION CUDA LARGE GRIDREDUCEMAX... [eps: 0.0001, lazy_stop_check: 100, tpb_side: 16, tpb_reduce: 512]
[job bpg: (20, 20), tpb: (16, 16)]
[reduce bpg: 1, tpb: 512]
SFWF ITERATE CONTRACTION CUDA LARGE GRIDREDUCEMAX DONE. [d_inf: 9.918213e-05 iterations: 38300, time: 0.7244126796722412 s]
---
REPETITION: 3/3:
SFWF CONTRACTION CUDA LARGE GRIDREDUCEMAX... [eps: 0.0001, lazy_stop_check: 100, tpb_side: 16, tpb_reduce: 512]
[job bpg: (20, 20), tpb: (16, 16)]
[reduce bpg: 1, tpb: 512]
SFWF ITERATE CONTRACTION CUDA LARGE GRIDREDUCEMAX DONE. [d_inf: 9.918213e-05 iterations: 38300, time: 0.7302830219268799 s]
***
SUMMARY:
HEIGHTS OUT[:5, :5]:
[[25.365894 24.432104 23.45143  22.432312 21.383413]
 [26.244633 25.142448 24.054838 22.967161 21.876564]
 [27.060524 25.838211 24.658314 23.504929 22.370663]
 [27.806177 26.491562 25.235275 24.023579 22.847946]
 [28.47468  27.086586 25.76765  24.50616  23.293657]]
D_INF OF HEIGHTS VS REF: 0.006427765
TIME MEAN: 0.7256613572438558 s, STD: 0.0033811251664645644 s
SPEEDUP VS REF: 3.923465652414709
====================================================================================================================================================================================================
CONTRACTION ITERATION APPROACH 6: sfwf_contraction_cuda_large_gridsync...
---
REPETITION: 1/3:
SFWF CONTRACTION CUDA LARGE GRIDSYNC... [eps: 0.0001, tpb_side: 16, assumed max_bpg_gridsync: None]
[wanted ideal bpg: (20, 20)]
[discovered max_bpg_gridsync: 340; time: 0.00014257431030273438 s]
[bpg: (18, 18), tpb: (16, 16), ept: 4]
SFWF ITERATE CONTRACTION CUDA LARGE GRIDSYNC DONE. [d_inf: 9.9658966e-05, iterations: 38205, time: 0.681793212890625 s]
---
REPETITION: 2/3:
SFWF CONTRACTION CUDA LARGE GRIDSYNC... [eps: 0.0001, tpb_side: 16, assumed max_bpg_gridsync: None]
[wanted ideal bpg: (20, 20)]
[discovered max_bpg_gridsync: 340; time: 4.1961669921875e-05 s]
[bpg: (18, 18), tpb: (16, 16), ept: 4]
SFWF ITERATE CONTRACTION CUDA LARGE GRIDSYNC DONE. [d_inf: 9.9658966e-05, iterations: 38225, time: 0.6520533561706543 s]
---
REPETITION: 3/3:
SFWF CONTRACTION CUDA LARGE GRIDSYNC... [eps: 0.0001, tpb_side: 16, assumed max_bpg_gridsync: None]
[wanted ideal bpg: (20, 20)]
[discovered max_bpg_gridsync: 340; time: 3.647804260253906e-05 s]
[bpg: (18, 18), tpb: (16, 16), ept: 4]
SFWF ITERATE CONTRACTION CUDA LARGE GRIDSYNC DONE. [d_inf: 9.9658966e-05, iterations: 38237, time: 0.6550049781799316 s]
***
SUMMARY:
HEIGHTS OUT[:5, :5]:
[[25.365894 24.432104 23.45143  22.432312 21.383413]
 [26.244633 25.142448 24.054838 22.967161 21.876564]
 [27.060524 25.838211 24.658314 23.504929 22.370663]
 [27.806177 26.491562 25.235275 24.023577 22.847944]
 [28.47468  27.086586 25.767649 24.506157 23.293652]]
D_INF OF HEIGHTS VS REF: 0.002175808
TIME MEAN: 0.6629505157470703 s, STD: 0.01337817737596582 s
SPEEDUP VS REF: 4.29460018931057
====================================================================================================================================================================================================
MONTE CARLO APPROACH 1: sfwf_mc_cpu_numpy...
---
REPETITION: 1/1:
SFWF MC CPU NUMPY... [(i, j): (12, 36), n_samples: 1.0e+06, seed: 0, chunk_size: 250]
[100000/1000000: border reached at t: 2108, (i, j): (26, 0), h: 18.266659; trajectory time: 9.632110595703125e-05 s]
[200000/1000000: border reached at t: 3781, (i, j): (0, 23), h: 6.539422; trajectory time: 0.00016736984252929688 s]
[300000/1000000: border reached at t: 2314, (i, j): (80, 0), h: 9.299377; trajectory time: 0.00010418891906738281 s]
[400000/1000000: border reached at t: 440, (i, j): (0, 48), h: 19.067125; trajectory time: 2.1457672119140625e-05 s]
[500000/1000000: border reached at t: 78, (i, j): (0, 34), h: 9.714059; trajectory time: 1.1205673217773438e-05 s]
[600000/1000000: border reached at t: 275, (i, j): (0, 29), h: 7.1984735; trajectory time: 2.1457672119140625e-05 s]
[700000/1000000: border reached at t: 348, (i, j): (0, 16), h: 9.60793; trajectory time: 2.1696090698242188e-05 s]
[800000/1000000: border reached at t: 785, (i, j): (0, 61), h: 17.890787; trajectory time: 4.220008850097656e-05 s]
[900000/1000000: border reached at t: 1072, (i, j): (0, 20), h: 7.3566785; trajectory time: 5.2928924560546875e-05 s]
[1000000/1000000: border reached at t: 466, (i, j): (40, 0), h: -1.291424; trajectory time: 2.1696090698242188e-05 s]
SFWF MC CPU NUMPY DONE. [h_mean: 11.153856, T_mean: 2550.337121; time: 112.58747696876526 s]
***
SUMMARY:
COMPARISON OF SINGLE HEIGHT VS REF -> h_mean: 11.153856 VS contraction_ref_heights_out[i0, j0]: 11.078562, ABS DIFF: 7.5294495e-02]
TIME MEAN: 112.58747696876526 s, STD: 0.0 s
SPEEDUP VS REF: 1.0
====================================================================================================================================================================================================
MONTE CARLO APPROACH 2: sfwf_mc_cuda...
---
REPETITION: 1/3:
SFWF MC CUDA... [(i, j): (12, 36), wanted n_samples: 1.0e+06, seed: 0, rpt: 10, tpb: 64]
[min_n_generators: 100000, bpg_walk: 1563]
[initialization of random generators...]
[initialization of random generators done; count: 100032, memory: 1.526 MiB, time: 0.38550543785095215 s]
[random walks...; bpg_walk: 1563, tpb: 64]
[random walks done; time: 0.2835357189178467 s]
[mean-reduction...; bpg: 1, tpb: 64]
[mean-reduction done; time: 0.0001049041748046875 s]
SFWF MC CUDA DONE. [h_mean: 11.1616535, T_mean: 2528.19970703125, n_samples de facto: 1.0e+06; time: 0.6692154407501221 s, time without generators initalization: 0.2837100028991699 s]
---
REPETITION: 2/3:
SFWF MC CUDA... [(i, j): (12, 36), wanted n_samples: 1.0e+06, seed: 0, rpt: 10, tpb: 64]
[min_n_generators: 100000, bpg_walk: 1563]
[initialization of random generators...]
[initialization of random generators done; count: 100032, memory: 1.526 MiB, time: 0.007806301116943359 s]
[random walks...; bpg_walk: 1563, tpb: 64]
[random walks done; time: 0.2793107032775879 s]
[mean-reduction...; bpg: 1, tpb: 64]
[mean-reduction done; time: 6.651878356933594e-05 s]
SFWF MC CUDA DONE. [h_mean: 11.1616535, T_mean: 2528.19970703125, n_samples de facto: 1.0e+06; time: 0.2872171401977539 s, time without generators initalization: 0.27941083908081055 s]
---
REPETITION: 3/3:
SFWF MC CUDA... [(i, j): (12, 36), wanted n_samples: 1.0e+06, seed: 0, rpt: 10, tpb: 64]
[min_n_generators: 100000, bpg_walk: 1563]
[initialization of random generators...]
[initialization of random generators done; count: 100032, memory: 1.526 MiB, time: 0.00790715217590332 s]
[random walks...; bpg_walk: 1563, tpb: 64]
[random walks done; time: 0.26464080810546875 s]
[mean-reduction...; bpg: 1, tpb: 64]
[mean-reduction done; time: 6.198883056640625e-05 s]
SFWF MC CUDA DONE. [h_mean: 11.1616535, T_mean: 2528.19970703125, n_samples de facto: 1.0e+06; time: 0.27263951301574707 s, time without generators initalization: 0.26473236083984375 s]
***
SUMMARY:
COMPARISON OF SINGLE HEIGHT VS REF -> h_mean: 11.1616535 VS contraction_ref_heights_out[i0, j0]: 11.078562, ABS DIFF: 8.3091736e-02]
TIME MEAN: 0.2759510676066081 s, STD: 0.00812466362476032 s
SPEEDUP VS REF: 407.9979756746887
====================================================================================================================================================================================================
====================================================================================================================================================================================================
FINAL SUMMARY:
CONTRACTION ITERATION APPROACH 1: sfwf_contraction_cpu_numpy (REFERENCE) -> MEAN TIME: 2.847107410430908, STD: 0.0, SPEED-UP: 1.00
CONTRACTION ITERATION APPROACH 2: sfwf_contraction_cuda_small SKIPPED.
CONTRACTION ITERATION APPROACH 3: sfwf_contraction_cuda_large_atomicmax -> MEAN TIME: 0.728988250096639, STD: 0.005368780994486903, SPEED-UP: 3.91
CONTRACTION ITERATION APPROACH 4: sfwf_contraction_cuda_large_atomicmax_globalmem -> MEAN TIME: 0.729223887125651, STD: 0.0049259744514012944, SPEED-UP: 3.90
CONTRACTION ITERATION APPROACH 5: sfwf_contraction_cuda_large_gridreducemax -> MEAN TIME: 0.7256613572438558, STD: 0.0033811251664645644, SPEED-UP: 3.92
CONTRACTION ITERATION APPROACH 6: sfwf_contraction_cuda_large_gridsync -> MEAN TIME: 0.6629505157470703, STD: 0.01337817737596582, SPEED-UP: 4.29
MONTE CARLO APPROACH 1: sfwf_mc_cpu_numpy (REFERENCE) -> MEAN TIME: 112.58747696876526, STD: 0.0, SPEED-UP: 1.00
MONTE CARLO APPROACH 2: sfwf_mc_cuda -> MEAN TIME: 0.2759510676066081, STD: 0.00812466362476032, SPEED-UP: 408.00
SOAP FILM IN A WIRE FRAME DONE [time: 125.21278715133667].
