SOAP FILM IN A WIRE FRAME...
HASH STRING: 4037453608_10643_565_[7;20;5.0;1000;True;1.0e-04;False;0;1e+09;(12,36);False;3;FTTTTTTT;FF]
====================================================================================================================================================================================================================================================
EXPERIMENT INFO:
{
  SEED: 7,
  WF_FOURIER_N: 20,
  WF_FOURIER_AMPLITUDE: 5.0,
  WF_BORDER_N: 1000,
  NUMPY_SINGLE_THREAD: True,
  CONTRACTION_EPS: 0.0001,
  CONTRACTION_PLOTS: False,
  MC_SEED: 0,
  MC_SAMPLES: 1000000000,
  MC_I0_J0: (12, 36),
  MC_EXAMPLE_PLOT: False,
  MC_EXAMPLE_PLOT_SAMPLES: 3,
  sfwf_contraction_cpu_numpy: (False, 'sfwf_contraction_cpu_numpy', 0, {}),
  sfwf_contraction_cpu_numba_parallel: (True, 'sfwf_contraction_cpu_numba_parallel', 10, {}),
  sfwf_contraction_cuda_small: (True, 'sfwf_contraction_cuda_small', 10, {'tpb': 512}),
  sfwf_contraction_cuda_large_atomicmax: (True, 'sfwf_contraction_cuda_large_atomicmax', 10, {'lazy_stop_check': 100, 'tpb_side': 16}),
  sfwf_contraction_cuda_large_atomicmaxglosten: (True, 'sfwf_contraction_cuda_large_atomicmaxglosten', 10, {'lazy_stop_check': 100, 'tpb_side': 16}),
  sfwf_contraction_cuda_large_hreducemax: (True, 'sfwf_contraction_cuda_large_hreducemax', 10, {'lazy_stop_check': 100, 'tpb_side': 16, 'tpb_reduce': 512}),
  sfwf_contraction_cuda_large_hreducemaxgs: (True, 'sfwf_contraction_cuda_large_hreducemaxgs', 10, {'lazy_stop_check': 100, 'tpb_side': 16, 'tpb_reduce': 512, 'cores': 10496}),
  sfwf_contraction_cuda_large_gridsync: (True, 'sfwf_contraction_cuda_large_gridsync', 10, {'tpb_side': 16}),
  sfwf_mc_cpu_numpy: (False, 'sfwf_mc_cpu_numpy', 0, {}),
  sfwf_mc_cuda: (False, 'sfwf_mc_cuda', 0, {})
}
====================================================================================================================================================================================================================================================
CPU AND SYSTEM:
{'cpu_name': 'Intel(R) Core(TM) i7-10700 CPU @ 2.90GHz',
 'os_machine': 'x86_64',
 'os_name': 'Linux 6.8.0-106-generic',
 'os_version': '#106-Ubuntu SMP PREEMPT_DYNAMIC Fri Mar  6 07:58:08 UTC 2026',
 'ram_size': '125.7 GB'}
GPU:
{'async_engine_count': 2,
 'can_map_host_memory': 1,
 'compute_capability': ComputeCapability(major=8, minor=6),
 'cores_per_SM': 128,
 'cores_total': 10496,
 'max_block_dim_x': 1024,
 'max_block_dim_y': 1024,
 'max_block_dim_z': 64,
 'max_grid_dim_x': 2147483647,
 'max_grid_dim_y': 65535,
 'max_grid_dim_z': 65535,
 'max_shared_memory_per_block': 49152,
 'max_threads_per_block': 1024,
 'multiprocessor_count': 82,
 'name': 'NVIDIA GeForce RTX 3090',
 'pci_bus_id': 1,
 'pci_device_id': 0,
 'unified_addressing': 1,
 'warp_size': 32}
====================================================================================================================================================================================================================================================
RANDOM WIRE FRAME WITH TOTAL OF POINTS (STATES): 1000000
HEIGHTS IN[:5, :5]:
[[25.365894 25.076092 24.781034 24.480982 24.176191]
 [25.650219  0.        0.        0.        0.      ]
 [25.928717  0.        0.        0.        0.      ]
 [26.20127   0.        0.        0.        0.      ]
 [26.467506  0.        0.        0.        0.      ]]
====================================================================================================================================================================================================================================================
CONTRACTION ITERATION APPROACH 2: sfwf_contraction_cpu_numba_parallel...
---
REPETITION: 1/10:
SFWF CONTRACTION CPU NUMBA PARALLEL... [eps: 0.0001]
SFWF CONTRACTION CPU NUMBA PARALLEL. [d_inf: 9.9658966e-05, iterations: 37329, time: 9.923057794570923 s]
---
REPETITION: 2/10:
SFWF CONTRACTION CPU NUMBA PARALLEL... [eps: 0.0001]
SFWF CONTRACTION CPU NUMBA PARALLEL. [d_inf: 9.9658966e-05, iterations: 37329, time: 10.514667987823486 s]
---
REPETITION: 3/10:
SFWF CONTRACTION CPU NUMBA PARALLEL... [eps: 0.0001]
SFWF CONTRACTION CPU NUMBA PARALLEL. [d_inf: 9.9658966e-05, iterations: 37329, time: 10.64410138130188 s]
---
REPETITION: 4/10:
SFWF CONTRACTION CPU NUMBA PARALLEL... [eps: 0.0001]
SFWF CONTRACTION CPU NUMBA PARALLEL. [d_inf: 9.9658966e-05, iterations: 37329, time: 10.967259407043457 s]
---
REPETITION: 5/10:
SFWF CONTRACTION CPU NUMBA PARALLEL... [eps: 0.0001]
SFWF CONTRACTION CPU NUMBA PARALLEL. [d_inf: 9.9658966e-05, iterations: 37329, time: 10.802210807800293 s]
---
REPETITION: 6/10:
SFWF CONTRACTION CPU NUMBA PARALLEL... [eps: 0.0001]
SFWF CONTRACTION CPU NUMBA PARALLEL. [d_inf: 9.9658966e-05, iterations: 37329, time: 10.80050778388977 s]
---
REPETITION: 7/10:
SFWF CONTRACTION CPU NUMBA PARALLEL... [eps: 0.0001]
SFWF CONTRACTION CPU NUMBA PARALLEL. [d_inf: 9.9658966e-05, iterations: 37329, time: 10.829476118087769 s]
---
REPETITION: 8/10:
SFWF CONTRACTION CPU NUMBA PARALLEL... [eps: 0.0001]
SFWF CONTRACTION CPU NUMBA PARALLEL. [d_inf: 9.9658966e-05, iterations: 37329, time: 10.817490577697754 s]
---
REPETITION: 9/10:
SFWF CONTRACTION CPU NUMBA PARALLEL... [eps: 0.0001]
SFWF CONTRACTION CPU NUMBA PARALLEL. [d_inf: 9.9658966e-05, iterations: 37329, time: 11.743182182312012 s]
---
REPETITION: 10/10:
SFWF CONTRACTION CPU NUMBA PARALLEL... [eps: 0.0001]
SFWF CONTRACTION CPU NUMBA PARALLEL. [d_inf: 9.9658966e-05, iterations: 37329, time: 11.518519401550293 s]
***
SUMMARY:
HEIGHTS OUT[:5, :5]:
[[25.365894 25.076092 24.781034 24.480982 24.176191]
 [25.650219 25.33527  25.020832 24.704952 24.386852]
 [25.928717 25.593943 25.262064 24.931139 24.600048]
 [26.20127  25.849722 25.502344 25.1575   24.814049]
 [26.467506 26.101332 25.740093 25.382467 25.027418]]
D_INF OF HEIGHTS VS REF: 0.0
D_INF (AT STOP) MEAN: 9.965896606445312e-05
ITERATIONS MEAN: 37329.0
TIME MEAN: 10.856047344207763 s, STD: 0.47732082463066294 s, STD_%: 4.4%
SPEEDUP VS REF: 1.0
====================================================================================================================================================================================================================================================
CONTRACTION ITERATION APPROACH 3: sfwf_contraction_cuda_small...
[skipping this approach (too large WF_BORDER_N)]
====================================================================================================================================================================================================================================================
CONTRACTION ITERATION APPROACH 4: sfwf_contraction_cuda_large_atomicmax...
---
REPETITION: 1/10:
SFWF CONTRACTION CUDA LARGE ATOMICMAX... [eps: 0.0001, lazy_stop_check: 100, tpb_side: 16]
[bpg: (63, 63), tpb: (16, 16)]
SFWF CONTRACTION CUDA LARGE ATOMICMAX DONE. [d_inf: 9.918213e-05, iterations: 37400, time: 2.0555827617645264 s]
---
REPETITION: 2/10:
SFWF CONTRACTION CUDA LARGE ATOMICMAX... [eps: 0.0001, lazy_stop_check: 100, tpb_side: 16]
[bpg: (63, 63), tpb: (16, 16)]
SFWF CONTRACTION CUDA LARGE ATOMICMAX DONE. [d_inf: 9.918213e-05, iterations: 37400, time: 2.073641061782837 s]
---
REPETITION: 3/10:
SFWF CONTRACTION CUDA LARGE ATOMICMAX... [eps: 0.0001, lazy_stop_check: 100, tpb_side: 16]
[bpg: (63, 63), tpb: (16, 16)]
SFWF CONTRACTION CUDA LARGE ATOMICMAX DONE. [d_inf: 9.918213e-05, iterations: 37400, time: 2.0705738067626953 s]
---
REPETITION: 4/10:
SFWF CONTRACTION CUDA LARGE ATOMICMAX... [eps: 0.0001, lazy_stop_check: 100, tpb_side: 16]
[bpg: (63, 63), tpb: (16, 16)]
SFWF CONTRACTION CUDA LARGE ATOMICMAX DONE. [d_inf: 9.918213e-05, iterations: 37400, time: 2.1092300415039062 s]
---
REPETITION: 5/10:
SFWF CONTRACTION CUDA LARGE ATOMICMAX... [eps: 0.0001, lazy_stop_check: 100, tpb_side: 16]
[bpg: (63, 63), tpb: (16, 16)]
SFWF CONTRACTION CUDA LARGE ATOMICMAX DONE. [d_inf: 9.918213e-05, iterations: 37400, time: 2.0905745029449463 s]
---
REPETITION: 6/10:
SFWF CONTRACTION CUDA LARGE ATOMICMAX... [eps: 0.0001, lazy_stop_check: 100, tpb_side: 16]
[bpg: (63, 63), tpb: (16, 16)]
SFWF CONTRACTION CUDA LARGE ATOMICMAX DONE. [d_inf: 9.918213e-05, iterations: 37400, time: 2.1035351753234863 s]
---
REPETITION: 7/10:
SFWF CONTRACTION CUDA LARGE ATOMICMAX... [eps: 0.0001, lazy_stop_check: 100, tpb_side: 16]
[bpg: (63, 63), tpb: (16, 16)]
SFWF CONTRACTION CUDA LARGE ATOMICMAX DONE. [d_inf: 9.918213e-05, iterations: 37400, time: 2.090409278869629 s]
---
REPETITION: 8/10:
SFWF CONTRACTION CUDA LARGE ATOMICMAX... [eps: 0.0001, lazy_stop_check: 100, tpb_side: 16]
[bpg: (63, 63), tpb: (16, 16)]
SFWF CONTRACTION CUDA LARGE ATOMICMAX DONE. [d_inf: 9.918213e-05, iterations: 37400, time: 2.091163396835327 s]
---
REPETITION: 9/10:
SFWF CONTRACTION CUDA LARGE ATOMICMAX... [eps: 0.0001, lazy_stop_check: 100, tpb_side: 16]
[bpg: (63, 63), tpb: (16, 16)]
SFWF CONTRACTION CUDA LARGE ATOMICMAX DONE. [d_inf: 9.918213e-05, iterations: 37400, time: 2.111295223236084 s]
---
REPETITION: 10/10:
SFWF CONTRACTION CUDA LARGE ATOMICMAX... [eps: 0.0001, lazy_stop_check: 100, tpb_side: 16]
[bpg: (63, 63), tpb: (16, 16)]
SFWF CONTRACTION CUDA LARGE ATOMICMAX DONE. [d_inf: 9.918213e-05, iterations: 37400, time: 2.0982866287231445 s]
***
SUMMARY:
HEIGHTS OUT[:5, :5]:
[[25.365894 25.076092 24.781034 24.480982 24.176191]
 [25.650219 25.33527  25.020832 24.704952 24.386858]
 [25.928717 25.593945 25.262068 24.931145 24.600052]
 [26.20127  25.849724 25.50235  25.157505 24.814054]
 [26.467506 26.101334 25.740097 25.382473 25.027424]]
D_INF OF HEIGHTS VS REF: 0.0069947243
D_INF (AT STOP) MEAN: 9.918212890625e-05
ITERATIONS MEAN: 37400.0
TIME MEAN: 2.089429187774658 s, STD: 0.01703901738848254 s, STD_%: 0.8%
SPEEDUP VS REF: 5.195700054219101
====================================================================================================================================================================================================================================================
CONTRACTION ITERATION APPROACH 5: sfwf_contraction_cuda_large_atomicmaxglosten...
---
REPETITION: 1/10:
SFWF CONTRACTION CUDA LARGE ATOMICMAXGLOSTEN... [eps: 0.0001, lazy_stop_check: 100, tpb_side: 16]
[bpg: (63, 63), tpb: (16, 16)]
SFWF CONTRACTION CUDA LARGE ATOMICMAXGLOSTEN DONE. [d_inf: 9.918213e-05, iterations: 37400, time: 2.0931875705718994 s]
---
REPETITION: 2/10:
SFWF CONTRACTION CUDA LARGE ATOMICMAXGLOSTEN... [eps: 0.0001, lazy_stop_check: 100, tpb_side: 16]
[bpg: (63, 63), tpb: (16, 16)]
SFWF CONTRACTION CUDA LARGE ATOMICMAXGLOSTEN DONE. [d_inf: 9.918213e-05, iterations: 37400, time: 2.0961170196533203 s]
---
REPETITION: 3/10:
SFWF CONTRACTION CUDA LARGE ATOMICMAXGLOSTEN... [eps: 0.0001, lazy_stop_check: 100, tpb_side: 16]
[bpg: (63, 63), tpb: (16, 16)]
SFWF CONTRACTION CUDA LARGE ATOMICMAXGLOSTEN DONE. [d_inf: 9.918213e-05, iterations: 37400, time: 2.094407558441162 s]
---
REPETITION: 4/10:
SFWF CONTRACTION CUDA LARGE ATOMICMAXGLOSTEN... [eps: 0.0001, lazy_stop_check: 100, tpb_side: 16]
[bpg: (63, 63), tpb: (16, 16)]
SFWF CONTRACTION CUDA LARGE ATOMICMAXGLOSTEN DONE. [d_inf: 9.918213e-05, iterations: 37400, time: 2.0976076126098633 s]
---
REPETITION: 5/10:
SFWF CONTRACTION CUDA LARGE ATOMICMAXGLOSTEN... [eps: 0.0001, lazy_stop_check: 100, tpb_side: 16]
[bpg: (63, 63), tpb: (16, 16)]
SFWF CONTRACTION CUDA LARGE ATOMICMAXGLOSTEN DONE. [d_inf: 9.918213e-05, iterations: 37400, time: 2.091561794281006 s]
---
REPETITION: 6/10:
SFWF CONTRACTION CUDA LARGE ATOMICMAXGLOSTEN... [eps: 0.0001, lazy_stop_check: 100, tpb_side: 16]
[bpg: (63, 63), tpb: (16, 16)]
SFWF CONTRACTION CUDA LARGE ATOMICMAXGLOSTEN DONE. [d_inf: 9.918213e-05, iterations: 37400, time: 2.081815481185913 s]
---
REPETITION: 7/10:
SFWF CONTRACTION CUDA LARGE ATOMICMAXGLOSTEN... [eps: 0.0001, lazy_stop_check: 100, tpb_side: 16]
[bpg: (63, 63), tpb: (16, 16)]
SFWF CONTRACTION CUDA LARGE ATOMICMAXGLOSTEN DONE. [d_inf: 9.918213e-05, iterations: 37400, time: 2.085901975631714 s]
---
REPETITION: 8/10:
SFWF CONTRACTION CUDA LARGE ATOMICMAXGLOSTEN... [eps: 0.0001, lazy_stop_check: 100, tpb_side: 16]
[bpg: (63, 63), tpb: (16, 16)]
SFWF CONTRACTION CUDA LARGE ATOMICMAXGLOSTEN DONE. [d_inf: 9.918213e-05, iterations: 37400, time: 2.1108522415161133 s]
---
REPETITION: 9/10:
SFWF CONTRACTION CUDA LARGE ATOMICMAXGLOSTEN... [eps: 0.0001, lazy_stop_check: 100, tpb_side: 16]
[bpg: (63, 63), tpb: (16, 16)]
SFWF CONTRACTION CUDA LARGE ATOMICMAXGLOSTEN DONE. [d_inf: 9.918213e-05, iterations: 37400, time: 2.0882041454315186 s]
---
REPETITION: 10/10:
SFWF CONTRACTION CUDA LARGE ATOMICMAXGLOSTEN... [eps: 0.0001, lazy_stop_check: 100, tpb_side: 16]
[bpg: (63, 63), tpb: (16, 16)]
SFWF CONTRACTION CUDA LARGE ATOMICMAXGLOSTEN DONE. [d_inf: 9.918213e-05, iterations: 37400, time: 2.104651689529419 s]
***
SUMMARY:
HEIGHTS OUT[:5, :5]:
[[25.365894 25.076092 24.781034 24.480982 24.176191]
 [25.650219 25.33527  25.020832 24.704952 24.386858]
 [25.928717 25.593945 25.262068 24.931145 24.600052]
 [26.20127  25.849724 25.50235  25.157505 24.814054]
 [26.467506 26.101334 25.740097 25.382473 25.027424]]
D_INF OF HEIGHTS VS REF: 0.0069947243
D_INF (AT STOP) MEAN: 9.918212890625e-05
ITERATIONS MEAN: 37400.0
TIME MEAN: 2.094430708885193 s, STD: 0.008170076460058477 s, STD_%: 0.4%
SPEEDUP VS REF: 5.183292671442033
====================================================================================================================================================================================================================================================
CONTRACTION ITERATION APPROACH 6: sfwf_contraction_cuda_large_hreducemax...
---
REPETITION: 1/10:
SFWF CONTRACTION CUDA LARGE HREDUCEMAX... [eps: 0.0001, lazy_stop_check: 100, tpb_side: 16, tpb_reduce: 512]
[job bpg: (63, 63), tpb: (16, 16)]
[reduce bpg: 1, tpb: 512]
SFWF ITERATE CONTRACTION CUDA LARGE HREDUCEMAX DONE. [d_inf: 9.918213e-05 iterations: 37400, time: 1.2569992542266846 s]
---
REPETITION: 2/10:
SFWF CONTRACTION CUDA LARGE HREDUCEMAX... [eps: 0.0001, lazy_stop_check: 100, tpb_side: 16, tpb_reduce: 512]
[job bpg: (63, 63), tpb: (16, 16)]
[reduce bpg: 1, tpb: 512]
SFWF ITERATE CONTRACTION CUDA LARGE HREDUCEMAX DONE. [d_inf: 9.918213e-05 iterations: 37400, time: 1.282808780670166 s]
---
REPETITION: 3/10:
SFWF CONTRACTION CUDA LARGE HREDUCEMAX... [eps: 0.0001, lazy_stop_check: 100, tpb_side: 16, tpb_reduce: 512]
[job bpg: (63, 63), tpb: (16, 16)]
[reduce bpg: 1, tpb: 512]
SFWF ITERATE CONTRACTION CUDA LARGE HREDUCEMAX DONE. [d_inf: 9.918213e-05 iterations: 37400, time: 1.2766199111938477 s]
---
REPETITION: 4/10:
SFWF CONTRACTION CUDA LARGE HREDUCEMAX... [eps: 0.0001, lazy_stop_check: 100, tpb_side: 16, tpb_reduce: 512]
[job bpg: (63, 63), tpb: (16, 16)]
[reduce bpg: 1, tpb: 512]
SFWF ITERATE CONTRACTION CUDA LARGE HREDUCEMAX DONE. [d_inf: 9.918213e-05 iterations: 37400, time: 1.2836124897003174 s]
---
REPETITION: 5/10:
SFWF CONTRACTION CUDA LARGE HREDUCEMAX... [eps: 0.0001, lazy_stop_check: 100, tpb_side: 16, tpb_reduce: 512]
[job bpg: (63, 63), tpb: (16, 16)]
[reduce bpg: 1, tpb: 512]
SFWF ITERATE CONTRACTION CUDA LARGE HREDUCEMAX DONE. [d_inf: 9.918213e-05 iterations: 37400, time: 1.276728868484497 s]
---
REPETITION: 6/10:
SFWF CONTRACTION CUDA LARGE HREDUCEMAX... [eps: 0.0001, lazy_stop_check: 100, tpb_side: 16, tpb_reduce: 512]
[job bpg: (63, 63), tpb: (16, 16)]
[reduce bpg: 1, tpb: 512]
SFWF ITERATE CONTRACTION CUDA LARGE HREDUCEMAX DONE. [d_inf: 9.918213e-05 iterations: 37400, time: 1.2862865924835205 s]
---
REPETITION: 7/10:
SFWF CONTRACTION CUDA LARGE HREDUCEMAX... [eps: 0.0001, lazy_stop_check: 100, tpb_side: 16, tpb_reduce: 512]
[job bpg: (63, 63), tpb: (16, 16)]
[reduce bpg: 1, tpb: 512]
SFWF ITERATE CONTRACTION CUDA LARGE HREDUCEMAX DONE. [d_inf: 9.918213e-05 iterations: 37400, time: 1.2784621715545654 s]
---
REPETITION: 8/10:
SFWF CONTRACTION CUDA LARGE HREDUCEMAX... [eps: 0.0001, lazy_stop_check: 100, tpb_side: 16, tpb_reduce: 512]
[job bpg: (63, 63), tpb: (16, 16)]
[reduce bpg: 1, tpb: 512]
SFWF ITERATE CONTRACTION CUDA LARGE HREDUCEMAX DONE. [d_inf: 9.918213e-05 iterations: 37400, time: 1.2698581218719482 s]
---
REPETITION: 9/10:
SFWF CONTRACTION CUDA LARGE HREDUCEMAX... [eps: 0.0001, lazy_stop_check: 100, tpb_side: 16, tpb_reduce: 512]
[job bpg: (63, 63), tpb: (16, 16)]
[reduce bpg: 1, tpb: 512]
SFWF ITERATE CONTRACTION CUDA LARGE HREDUCEMAX DONE. [d_inf: 9.918213e-05 iterations: 37400, time: 1.2767093181610107 s]
---
REPETITION: 10/10:
SFWF CONTRACTION CUDA LARGE HREDUCEMAX... [eps: 0.0001, lazy_stop_check: 100, tpb_side: 16, tpb_reduce: 512]
[job bpg: (63, 63), tpb: (16, 16)]
[reduce bpg: 1, tpb: 512]
SFWF ITERATE CONTRACTION CUDA LARGE HREDUCEMAX DONE. [d_inf: 9.918213e-05 iterations: 37400, time: 1.2676596641540527 s]
***
SUMMARY:
HEIGHTS OUT[:5, :5]:
[[25.365894 25.076092 24.781034 24.480982 24.176191]
 [25.650219 25.33527  25.020832 24.704952 24.386858]
 [25.928717 25.593945 25.262068 24.931145 24.600052]
 [26.20127  25.849724 25.50235  25.157505 24.814054]
 [26.467506 26.101334 25.740097 25.382473 25.027424]]
D_INF OF HEIGHTS VS REF: 0.0069947243
D_INF (AT STOP) MEAN: 9.918212890625e-05
ITERATIONS MEAN: 37400.0
TIME MEAN: 1.275574517250061 s, STD: 0.008271071828655148 s, STD_%: 0.6%
SPEEDUP VS REF: 8.510711994789377
====================================================================================================================================================================================================================================================
CONTRACTION ITERATION APPROACH 7: sfwf_contraction_cuda_large_hreducemaxgs...
---
REPETITION: 1/10:
SFWF CONTRACTION CUDA LARGE HREDUCEMAXGS... [eps: 0.0001, lazy_stop_check: 100, tpb_side: 16, tpb_reduce: 512, cores: 10496]
[job bpg: (63, 63), tpb: (16, 16)]
[reduce1 (grid-stride) bpg: 82, tpb: 128]
[reduce2 bpg: 1, tpb: 512]
SFWF ITERATE CONTRACTION CUDA LARGE HREDUCEMAXGS DONE. [d_inf: 9.918213e-05 iterations: 37400, time: 1.2678780555725098 s]
---
REPETITION: 2/10:
SFWF CONTRACTION CUDA LARGE HREDUCEMAXGS... [eps: 0.0001, lazy_stop_check: 100, tpb_side: 16, tpb_reduce: 512, cores: 10496]
[job bpg: (63, 63), tpb: (16, 16)]
[reduce1 (grid-stride) bpg: 82, tpb: 128]
[reduce2 bpg: 1, tpb: 512]
SFWF ITERATE CONTRACTION CUDA LARGE HREDUCEMAXGS DONE. [d_inf: 9.918213e-05 iterations: 37400, time: 1.2778050899505615 s]
---
REPETITION: 3/10:
SFWF CONTRACTION CUDA LARGE HREDUCEMAXGS... [eps: 0.0001, lazy_stop_check: 100, tpb_side: 16, tpb_reduce: 512, cores: 10496]
[job bpg: (63, 63), tpb: (16, 16)]
[reduce1 (grid-stride) bpg: 82, tpb: 128]
[reduce2 bpg: 1, tpb: 512]
SFWF ITERATE CONTRACTION CUDA LARGE HREDUCEMAXGS DONE. [d_inf: 9.918213e-05 iterations: 37400, time: 1.276129961013794 s]
---
REPETITION: 4/10:
SFWF CONTRACTION CUDA LARGE HREDUCEMAXGS... [eps: 0.0001, lazy_stop_check: 100, tpb_side: 16, tpb_reduce: 512, cores: 10496]
[job bpg: (63, 63), tpb: (16, 16)]
[reduce1 (grid-stride) bpg: 82, tpb: 128]
[reduce2 bpg: 1, tpb: 512]
SFWF ITERATE CONTRACTION CUDA LARGE HREDUCEMAXGS DONE. [d_inf: 9.918213e-05 iterations: 37400, time: 1.2769477367401123 s]
---
REPETITION: 5/10:
SFWF CONTRACTION CUDA LARGE HREDUCEMAXGS... [eps: 0.0001, lazy_stop_check: 100, tpb_side: 16, tpb_reduce: 512, cores: 10496]
[job bpg: (63, 63), tpb: (16, 16)]
[reduce1 (grid-stride) bpg: 82, tpb: 128]
[reduce2 bpg: 1, tpb: 512]
SFWF ITERATE CONTRACTION CUDA LARGE HREDUCEMAXGS DONE. [d_inf: 9.918213e-05 iterations: 37400, time: 1.2848572731018066 s]
---
REPETITION: 6/10:
SFWF CONTRACTION CUDA LARGE HREDUCEMAXGS... [eps: 0.0001, lazy_stop_check: 100, tpb_side: 16, tpb_reduce: 512, cores: 10496]
[job bpg: (63, 63), tpb: (16, 16)]
[reduce1 (grid-stride) bpg: 82, tpb: 128]
[reduce2 bpg: 1, tpb: 512]
SFWF ITERATE CONTRACTION CUDA LARGE HREDUCEMAXGS DONE. [d_inf: 9.918213e-05 iterations: 37400, time: 1.2908821105957031 s]
---
REPETITION: 7/10:
SFWF CONTRACTION CUDA LARGE HREDUCEMAXGS... [eps: 0.0001, lazy_stop_check: 100, tpb_side: 16, tpb_reduce: 512, cores: 10496]
[job bpg: (63, 63), tpb: (16, 16)]
[reduce1 (grid-stride) bpg: 82, tpb: 128]
[reduce2 bpg: 1, tpb: 512]
SFWF ITERATE CONTRACTION CUDA LARGE HREDUCEMAXGS DONE. [d_inf: 9.918213e-05 iterations: 37400, time: 1.2687673568725586 s]
---
REPETITION: 8/10:
SFWF CONTRACTION CUDA LARGE HREDUCEMAXGS... [eps: 0.0001, lazy_stop_check: 100, tpb_side: 16, tpb_reduce: 512, cores: 10496]
[job bpg: (63, 63), tpb: (16, 16)]
[reduce1 (grid-stride) bpg: 82, tpb: 128]
[reduce2 bpg: 1, tpb: 512]
SFWF ITERATE CONTRACTION CUDA LARGE HREDUCEMAXGS DONE. [d_inf: 9.918213e-05 iterations: 37400, time: 1.2691717147827148 s]
---
REPETITION: 9/10:
SFWF CONTRACTION CUDA LARGE HREDUCEMAXGS... [eps: 0.0001, lazy_stop_check: 100, tpb_side: 16, tpb_reduce: 512, cores: 10496]
[job bpg: (63, 63), tpb: (16, 16)]
[reduce1 (grid-stride) bpg: 82, tpb: 128]
[reduce2 bpg: 1, tpb: 512]
SFWF ITERATE CONTRACTION CUDA LARGE HREDUCEMAXGS DONE. [d_inf: 9.918213e-05 iterations: 37400, time: 1.285869836807251 s]
---
REPETITION: 10/10:
SFWF CONTRACTION CUDA LARGE HREDUCEMAXGS... [eps: 0.0001, lazy_stop_check: 100, tpb_side: 16, tpb_reduce: 512, cores: 10496]
[job bpg: (63, 63), tpb: (16, 16)]
[reduce1 (grid-stride) bpg: 82, tpb: 128]
[reduce2 bpg: 1, tpb: 512]
SFWF ITERATE CONTRACTION CUDA LARGE HREDUCEMAXGS DONE. [d_inf: 9.918213e-05 iterations: 37400, time: 1.296154260635376 s]
***
SUMMARY:
HEIGHTS OUT[:5, :5]:
[[25.365894 25.076092 24.781034 24.480982 24.176191]
 [25.650219 25.33527  25.020832 24.704952 24.386858]
 [25.928717 25.593945 25.262068 24.931145 24.600052]
 [26.20127  25.849724 25.50235  25.157505 24.814054]
 [26.467506 26.101334 25.740097 25.382473 25.027424]]
D_INF OF HEIGHTS VS REF: 0.0069947243
D_INF (AT STOP) MEAN: 9.918212890625e-05
ITERATIONS MEAN: 37400.0
TIME MEAN: 1.2794463396072389 s, STD: 0.009240345596799803 s, STD_%: 0.7%
SPEEDUP VS REF: 8.484957131957815
====================================================================================================================================================================================================================================================
CONTRACTION ITERATION APPROACH 8: sfwf_contraction_cuda_large_gridsync...
---
REPETITION: 1/10:
SFWF CONTRACTION CUDA LARGE GRIDSYNC... [eps: 0.0001, tpb_side: 16, assumed max_bpg_gridsync: None]
[wanted ideal bpg: (63, 63)]
[discovered max_bpg_gridsync: 82; time: 0.00014162063598632812 s]
[bpg: (9, 9), tpb: (16, 16), ept: 49]
SFWF ITERATE CONTRACTION CUDA LARGE GRIDSYNC DONE. [d_inf: 9.9658966e-05, iterations: 37329, time: 4.404641151428223 s]
---
REPETITION: 2/10:
SFWF CONTRACTION CUDA LARGE GRIDSYNC... [eps: 0.0001, tpb_side: 16, assumed max_bpg_gridsync: None]
[wanted ideal bpg: (63, 63)]
[discovered max_bpg_gridsync: 82; time: 0.00010204315185546875 s]
[bpg: (9, 9), tpb: (16, 16), ept: 49]
SFWF ITERATE CONTRACTION CUDA LARGE GRIDSYNC DONE. [d_inf: 9.9658966e-05, iterations: 37329, time: 4.410423040390015 s]
---
REPETITION: 3/10:
SFWF CONTRACTION CUDA LARGE GRIDSYNC... [eps: 0.0001, tpb_side: 16, assumed max_bpg_gridsync: None]
[wanted ideal bpg: (63, 63)]
[discovered max_bpg_gridsync: 82; time: 9.608268737792969e-05 s]
[bpg: (9, 9), tpb: (16, 16), ept: 49]
SFWF ITERATE CONTRACTION CUDA LARGE GRIDSYNC DONE. [d_inf: 9.9658966e-05, iterations: 37329, time: 4.397647380828857 s]
---
REPETITION: 4/10:
SFWF CONTRACTION CUDA LARGE GRIDSYNC... [eps: 0.0001, tpb_side: 16, assumed max_bpg_gridsync: None]
[wanted ideal bpg: (63, 63)]
[discovered max_bpg_gridsync: 82; time: 9.5367431640625e-05 s]
[bpg: (9, 9), tpb: (16, 16), ept: 49]
SFWF ITERATE CONTRACTION CUDA LARGE GRIDSYNC DONE. [d_inf: 9.9658966e-05, iterations: 37329, time: 4.3996357917785645 s]
---
REPETITION: 5/10:
SFWF CONTRACTION CUDA LARGE GRIDSYNC... [eps: 0.0001, tpb_side: 16, assumed max_bpg_gridsync: None]
[wanted ideal bpg: (63, 63)]
[discovered max_bpg_gridsync: 82; time: 9.751319885253906e-05 s]
[bpg: (9, 9), tpb: (16, 16), ept: 49]
SFWF ITERATE CONTRACTION CUDA LARGE GRIDSYNC DONE. [d_inf: 9.9658966e-05, iterations: 37329, time: 4.41109299659729 s]
---
REPETITION: 6/10:
SFWF CONTRACTION CUDA LARGE GRIDSYNC... [eps: 0.0001, tpb_side: 16, assumed max_bpg_gridsync: None]
[wanted ideal bpg: (63, 63)]
[discovered max_bpg_gridsync: 82; time: 9.679794311523438e-05 s]
[bpg: (9, 9), tpb: (16, 16), ept: 49]
SFWF ITERATE CONTRACTION CUDA LARGE GRIDSYNC DONE. [d_inf: 9.9658966e-05, iterations: 37329, time: 4.40590238571167 s]
---
REPETITION: 7/10:
SFWF CONTRACTION CUDA LARGE GRIDSYNC... [eps: 0.0001, tpb_side: 16, assumed max_bpg_gridsync: None]
[wanted ideal bpg: (63, 63)]
[discovered max_bpg_gridsync: 82; time: 9.918212890625e-05 s]
[bpg: (9, 9), tpb: (16, 16), ept: 49]
SFWF ITERATE CONTRACTION CUDA LARGE GRIDSYNC DONE. [d_inf: 9.9658966e-05, iterations: 37329, time: 4.467607736587524 s]
---
REPETITION: 8/10:
SFWF CONTRACTION CUDA LARGE GRIDSYNC... [eps: 0.0001, tpb_side: 16, assumed max_bpg_gridsync: None]
[wanted ideal bpg: (63, 63)]
[discovered max_bpg_gridsync: 82; time: 9.608268737792969e-05 s]
[bpg: (9, 9), tpb: (16, 16), ept: 49]
SFWF ITERATE CONTRACTION CUDA LARGE GRIDSYNC DONE. [d_inf: 9.9658966e-05, iterations: 37329, time: 4.397699594497681 s]
---
REPETITION: 9/10:
SFWF CONTRACTION CUDA LARGE GRIDSYNC... [eps: 0.0001, tpb_side: 16, assumed max_bpg_gridsync: None]
[wanted ideal bpg: (63, 63)]
[discovered max_bpg_gridsync: 82; time: 9.799003601074219e-05 s]
[bpg: (9, 9), tpb: (16, 16), ept: 49]
SFWF ITERATE CONTRACTION CUDA LARGE GRIDSYNC DONE. [d_inf: 9.9658966e-05, iterations: 37329, time: 4.407017469406128 s]
---
REPETITION: 10/10:
SFWF CONTRACTION CUDA LARGE GRIDSYNC... [eps: 0.0001, tpb_side: 16, assumed max_bpg_gridsync: None]
[wanted ideal bpg: (63, 63)]
[discovered max_bpg_gridsync: 82; time: 0.0001327991485595703 s]
[bpg: (9, 9), tpb: (16, 16), ept: 49]
SFWF ITERATE CONTRACTION CUDA LARGE GRIDSYNC DONE. [d_inf: 9.9658966e-05, iterations: 37329, time: 4.424534320831299 s]
***
SUMMARY:
HEIGHTS OUT[:5, :5]:
[[25.365894 25.076092 24.781034 24.480982 24.176191]
 [25.650219 25.33527  25.020832 24.704952 24.386852]
 [25.928717 25.593943 25.262064 24.931139 24.600048]
 [26.20127  25.849722 25.502344 25.1575   24.814049]
 [26.467506 26.101332 25.740093 25.382467 25.027418]]
D_INF OF HEIGHTS VS REF: 0.0
D_INF (AT STOP) MEAN: 9.965896606445312e-05
ITERATIONS MEAN: 37329.0
TIME MEAN: 4.412620186805725 s, STD: 0.019820001993212887 s, STD_%: 0.4%
SPEEDUP VS REF: 2.460227004506002
====================================================================================================================================================================================================================================================
====================================================================================================================================================================================================================================================
FINAL SUMMARY:
CONTRACTION ITERATION APPROACH 1: sfwf_contraction_cpu_numpy OFF.
CONTRACTION ITERATION APPROACH 2: sfwf_contraction_cpu_numba_parallel (REFERENCE) -> MEAN ITERATIONS: 37329.0, MEAN D_INF: 9.965896606445312e-05, MEAN TIME: 10.856047344207763 s, TIME STD: 0.47732082463066294 s, STD_%: 4.4%, SPEED-UP: 1.00
CONTRACTION ITERATION APPROACH 3: sfwf_contraction_cuda_small SKIPPED.
CONTRACTION ITERATION APPROACH 4: sfwf_contraction_cuda_large_atomicmax -> MEAN ITERATIONS: 37400.0, MEAN D_INF: 9.918212890625e-05, MEAN TIME: 2.089429187774658 s, TIME STD: 0.01703901738848254 s, STD_%: 0.8%, SPEED-UP: 5.20
CONTRACTION ITERATION APPROACH 5: sfwf_contraction_cuda_large_atomicmaxglosten -> MEAN ITERATIONS: 37400.0, MEAN D_INF: 9.918212890625e-05, MEAN TIME: 2.094430708885193 s, TIME STD: 0.008170076460058477 s, STD_%: 0.4%, SPEED-UP: 5.18
CONTRACTION ITERATION APPROACH 6: sfwf_contraction_cuda_large_hreducemax -> MEAN ITERATIONS: 37400.0, MEAN D_INF: 9.918212890625e-05, MEAN TIME: 1.275574517250061 s, TIME STD: 0.008271071828655148 s, STD_%: 0.6%, SPEED-UP: 8.51
CONTRACTION ITERATION APPROACH 7: sfwf_contraction_cuda_large_hreducemaxgs -> MEAN ITERATIONS: 37400.0, MEAN D_INF: 9.918212890625e-05, MEAN TIME: 1.2794463396072389 s, TIME STD: 0.009240345596799803 s, STD_%: 0.7%, SPEED-UP: 8.48
CONTRACTION ITERATION APPROACH 8: sfwf_contraction_cuda_large_gridsync -> MEAN ITERATIONS: 37329.0, MEAN D_INF: 9.965896606445312e-05, MEAN TIME: 4.412620186805725 s, TIME STD: 0.019820001993212887 s, STD_%: 0.4%, SPEED-UP: 2.46
MONTE CARLO APPROACH 1: sfwf_mc_cpu_numpy OFF.
MONTE CARLO APPROACH 2: sfwf_mc_cuda OFF.
SOAP FILM IN A WIRE FRAME DONE. [hash string: 4037453608_10643_565_[7;20;5.0;1000;True;1.0e-04;False;0;1e+09;(12,36);False;3;FTTTTTTT;FF], time: 220.14009070396423]
