SOAP FILM IN A WIRE FRAME...
HASH STRING: 4043127819_95357_692_[7;20;5.0;64;True;0.0001;0;100000;TTTTTTTT]
====================================================================================================================================================================================================
EXPERIMENT INFO:
{
  SEED: 7,
  WF_FOURIER_N: 20,
  WF_FOURIER_AMPLITUDE: 5.0,
  WF_BORDER_N: 64,
  NUMPY_SINGLE_THREAD: True,
  CONTRACTION_EPS: 0.0001,
  MC_SEED: 0,
  MC_SAMPLES: 100000,
  APPROACH_CONTRACTION_CPU_NUMPY: (True, 'sfwf_contraction_cpu_numpy', 1, {}),
  APPROACH_CONTRACTION_CUDA_SMALL: (True, 'sfwf_contraction_cuda_small', 3, {'tpb': 512}),
  APPROACH_CONTRACTION_CUDA_LARGE_ATOMICMAX: (True, 'sfwf_contraction_cuda_large_atomicmax', 3, {'lazy_stop_check': 100, 'tpb_side': 16}),
  APPROACH_CONTRACTION_CUDA_LARGE_ATOMICMAX_GLOBALMEM: (False, 'sfwf_contraction_cuda_large_atomicmax_globalmem', 0, {}),
  APPROACH_CONTRACTION_CUDA_LARGE_GRIDREDUCEMAX: (False, 'sfwf_contraction_cuda_large_gridreducemax', 0, {}),
  APPROACH_CONTRACTION_CUDA_LARGE_GRIDSYNC: (False, 'sfwf_contraction_cuda_large_gridsync', 0, {}),
  APPROACH_MC_CPU_NUMPY: (True, 'sfwf_mc_cpu_numpy', 1, {'i': 12, 'j': 36, 'n_samples': 100000, 'seed': 0, 'chunk_size': 250}),
  APPROACH_MC_CUDA: (True, 'sfwf_mc_cuda', 3, {'i': 12, 'j': 36, 'n_samples': 100000, 'seed': 0, 'tpb': 64})
}
====================================================================================================================================================================================================
CPU AND SYSTEM:
{'cpu_name': 'Intel(R) Xeon(R) CPU E3-1505M v5 @ 2.80GHz',
 'os_machine': 'AMD64',
 'os_name': 'Windows 10',
 'os_version': '10.0.19045',
 'ram_size': '63.9 GB'}
GPU:
{'async_engine_count': 5,
 'can_map_host_memory': 1,
 'compute_capability': (5, 2),
 'cores_per_SM': 128,
 'cores_total': 1280,
 'max_block_dim_x': 1024,
 'max_block_dim_y': 1024,
 'max_block_dim_z': 64,
 'max_grid_dim_x': 2147483647,
 'max_grid_dim_y': 65535,
 'max_grid_dim_z': 65535,
 'max_shared_memory_per_block': 49152,
 'max_threads_per_block': 1024,
 'multiprocessor_count': 10,
 'name': 'Quadro M4000M',
 'pci_bus_id': 1,
 'pci_device_id': 0,
 'unified_addressing': 1,
 'warp_size': 32}
====================================================================================================================================================================================================
RANDOM WIRE FRAME WITH TOTAL OF POINTS (STATES): 4096
HEIGHTS IN[:5, :5]:
[[25.365894  20.296429  14.925921  10.320204   7.3313727]
 [29.068245   0.         0.         0.         0.       ]
 [30.553246   0.         0.         0.         0.       ]
 [29.360521   0.         0.         0.         0.       ]
 [25.516117   0.         0.         0.         0.       ]]
====================================================================================================================================================================================================
CONTRACTION ITERATION APPROACH 1: APPROACH_CONTRACTION_CPU_NUMPY...
---
REPETITION: 1/1:
SFWF CONTRACTION CPU NUMPY... [eps: 0.0001]
SFWF CONTRACTION CPU NUMPY DONE. [d_inf: 9.918212890625e-05, iterations: 4113, time: 0.5535445213317871 s]
***
SUMMARY:
HEIGHTS OUT[:5, :5]:
[[25.365894  20.296429  14.925921  10.320204   7.3313727]
 [29.068245  22.564072  17.283554  13.201903  10.526151 ]
 [30.553246  23.608059  18.44232   14.677709  12.188996 ]
 [29.360521  22.8726    18.199963  14.877619  12.656763 ]
 [25.516117  20.32186   16.607319  13.9760475 12.190479 ]]
D_INF OF HEIGHTS VS REF: 0.0
TIME MEAN: 0.5535445213317871 s, STD: 0.0 s
SPEEDUP VS REF: 1.0
====================================================================================================================================================================================================
CONTRACTION ITERATION APPROACH 2: APPROACH_CONTRACTION_CUDA_SMALL...
---
REPETITION: 1/3:
SFWF CONTRACTION CUDA SMALL... [eps: 0.0001, tpb: 512]
SFWF CONTRACTION CUDA SMALL DONE. [d_inf: 9.918212890625e-05, iterations: 4113, time: 0.15257883071899414 s]
---
REPETITION: 2/3:
SFWF CONTRACTION CUDA SMALL... [eps: 0.0001, tpb: 512]
SFWF CONTRACTION CUDA SMALL DONE. [d_inf: 9.918212890625e-05, iterations: 4113, time: 0.12765884399414062 s]
---
REPETITION: 3/3:
SFWF CONTRACTION CUDA SMALL... [eps: 0.0001, tpb: 512]
SFWF CONTRACTION CUDA SMALL DONE. [d_inf: 9.918212890625e-05, iterations: 4113, time: 0.12371683120727539 s]
***
SUMMARY:
HEIGHTS OUT[:5, :5]:
[[25.365894  20.296429  14.925921  10.320204   7.3313727]
 [29.068245  22.564072  17.283554  13.201903  10.526151 ]
 [30.553246  23.608059  18.44232   14.677709  12.188996 ]
 [29.360521  22.8726    18.199963  14.877619  12.656763 ]
 [25.516117  20.32186   16.607319  13.9760475 12.190479 ]]
D_INF OF HEIGHTS VS REF: 0.0
TIME MEAN: 0.13465150197347006 s, STD: 0.012778281135466356 s
SPEEDUP VS REF: 4.110942048317071
====================================================================================================================================================================================================
CONTRACTION ITERATION APPROACH 3: APPROACH_CONTRACTION_CUDA_LARGE_ATOMICMAX...
---
REPETITION: 1/3:
SFWF CONTRACTION CUDA LARGE ATOMICMAX... [eps: 0.0001, lazy_stop_check: 100, tpb_side: 16]
[bpg: (4, 4)]
SFWF CONTRACTION CUDA LARGE ATOMICMAX DONE. [d_inf: 8.96453857421875e-05, iterations: 4200, time: 0.5804476737976074 s]
---
REPETITION: 2/3:
SFWF CONTRACTION CUDA LARGE ATOMICMAX... [eps: 0.0001, lazy_stop_check: 100, tpb_side: 16]
[bpg: (4, 4)]
SFWF CONTRACTION CUDA LARGE ATOMICMAX DONE. [d_inf: 8.96453857421875e-05, iterations: 4200, time: 0.5455527305603027 s]
---
REPETITION: 3/3:
SFWF CONTRACTION CUDA LARGE ATOMICMAX... [eps: 0.0001, lazy_stop_check: 100, tpb_side: 16]
[bpg: (4, 4)]
SFWF CONTRACTION CUDA LARGE ATOMICMAX DONE. [d_inf: 8.96453857421875e-05, iterations: 4200, time: 0.6247720718383789 s]
***
SUMMARY:
HEIGHTS OUT[:5, :5]:
[[25.365894  20.296429  14.925921  10.320204   7.3313727]
 [29.068245  22.56409   17.283594  13.201963  10.526232 ]
 [30.553246  23.608099  18.4424    14.67783   12.189158 ]
 [29.360521  22.87266   18.200085  14.877799  12.657004 ]
 [25.516117  20.321941  16.607481  13.976289  12.190799 ]]
D_INF OF HEIGHTS VS REF: 0.008157730102539062
TIME MEAN: 0.5835908253987631 s, STD: 0.03241743933568228 s
SPEEDUP VS REF: 0.948514776519241
====================================================================================================================================================================================================
MONTE CARLO APPROACH 1: APPROACH_MC_CPU_NUMPY...
---
REPETITION: 1/1:
SFWF MC CPU NUMPY... [(i, j): (12, 36), n_samples: 1.0e+05, chunk_size: 250, seed: 0]
[10000/100000: border reached at t: 156, (i, j): (0, 30), h: 4.406864643096924; time: 0.0 s]
[20000/100000: border reached at t: 816, (i, j): (0, 24), h: -8.625850677490234; time: 0.0 s]
[30000/100000: border reached at t: 123, (i, j): (0, 53), h: 4.3414201736450195; time: 0.0 s]
[40000/100000: border reached at t: 282, (i, j): (0, 48), h: 12.505220413208008; time: 0.0009970664978027344 s]
[50000/100000: border reached at t: 1341, (i, j): (17, 0), h: 10.728841781616211; time: 0.0 s]
[60000/100000: border reached at t: 2818, (i, j): (0, 10), h: 19.867311477661133; time: 0.0 s]
[70000/100000: border reached at t: 148, (i, j): (0, 48), h: 12.505220413208008; time: 0.0 s]
[80000/100000: border reached at t: 2666, (i, j): (34, 0), h: 15.332928657531738; time: 0.0 s]
[90000/100000: border reached at t: 246, (i, j): (0, 34), h: 20.38030242919922; time: 0.0 s]
[100000/100000: border reached at t: 696, (i, j): (0, 26), h: -3.8553483486175537; time: 0.0 s]
SFWF MC CPU NUMPY DONE. [h_mean: 8.172469139099121, T_mean: 751.65596; time: 16.368810892105103 s]
***
SUMMARY:
COMPARISON OF SINGLE HEIGHT VS REF: contraction_ref_heights_out[i0, j0]=8.160212 vs h_mean=8.172469, ABS DIFF: 1.2257576e-02]
TIME MEAN: 16.368810892105103 s, STD: 0.0 s
SPEEDUP VS REF: 1.0
====================================================================================================================================================================================================
MONTE CARLO APPROACH 2: APPROACH_MC_CUDA...
---
REPETITION: 1/3:
SFWF MC CUDA... [(i, j): (12, 36), wanted n_samples: 1.0e+05, seed: 0]
[min_n_generators: 10000, bpg_walk: 157, tpb: 64]
[initialization of random generators...]
[initialization of random generators done; count: 10048, memory: 0.153 MB, time: 1.102092981338501 s]
[random walks done; time: 0.05286979675292969 s]
[global reduction done; time: 0.0010099411010742188 s]
SFWF MC CUDA DONE. [h_mean: 8.165230751037598, T_mean: 749.8333129882812, n_samples_defacto: 1.0e+05; time: 1.1579523086547852 s, time without generators iniitalization: 0.05585932731628418 s]
---
REPETITION: 2/3:
SFWF MC CUDA... [(i, j): (12, 36), wanted n_samples: 1.0e+05, seed: 0]
[min_n_generators: 10000, bpg_walk: 157, tpb: 64]
[initialization of random generators...]
[initialization of random generators done; count: 10048, memory: 0.153 MB, time: 0.0029799938201904297 s]
[random walks done; time: 0.05289459228515625 s]
[global reduction done; time: 0.0009617805480957031 s]
SFWF MC CUDA DONE. [h_mean: 8.165230751037598, T_mean: 749.8333129882812, n_samples_defacto: 1.0e+05; time: 0.057797908782958984 s, time without generators iniitalization: 0.054817914962768555 s]
---
REPETITION: 3/3:
SFWF MC CUDA... [(i, j): (12, 36), wanted n_samples: 1.0e+05, seed: 0]
[min_n_generators: 10000, bpg_walk: 157, tpb: 64]
[initialization of random generators...]
[initialization of random generators done; count: 10048, memory: 0.153 MB, time: 0.0019910335540771484 s]
[random walks done; time: 0.05385541915893555 s]
[global reduction done; time: 0.0010068416595458984 s]
SFWF MC CUDA DONE. [h_mean: 8.165230751037598, T_mean: 749.8333129882812, n_samples_defacto: 1.0e+05; time: 0.05785107612609863 s, time without generators iniitalization: 0.055860042572021484 s]
***
SUMMARY:
COMPARISON OF SINGLE HEIGHT VS REF: contraction_ref_heights_out[i0, j0]=8.160212 vs h_mean=8.165231, ABS DIFF: 5.0191879e-03]
TIME MEAN: 0.42453376452128094 s, STD: 0.5186052264589918 s
SPEEDUP VS REF: 38.557147299139196
SOAP FILM IN A WIRE FRAME DONE [time: 20.362627267837524].
