SOAP FILM IN A WIRE FRAME...
HASH STRING: 4277495362_83043_901_[7;20;5.0;64;True;1.0e-06;False;0;1e+08;(12,36)False;3;FFTFFFF;TT]
====================================================================================================================================================================================================================================================
EXPERIMENT INFO:
{
  SEED: 7,
  WF_FOURIER_N: 20,
  WF_FOURIER_AMPLITUDE: 5.0,
  WF_BORDER_N: 64,
  NUMPY_SINGLE_THREAD: True,
  CONTRACTION_EPS: 1e-06,
  CONTRACTION_PLOTS: False,
  MC_SEED: 0,
  MC_SAMPLES: 100000000,
  MC_I0_J0: (12, 36),
  MC_EXAMPLE_PLOT: False,
  MC_EXAMPLE_PLOT_SAMPLES: 3,
  sfwf_contraction_cpu_numpy: (False, 'sfwf_contraction_cpu_numpy', 0, {}),
  sfwf_contraction_cuda_small: (False, 'sfwf_contraction_cuda_small', 0, {}),
  sfwf_contraction_cuda_large_atomicmax: (True, 'sfwf_contraction_cuda_large_atomicmax', 10, {'lazy_stop_check': 100, 'tpb_side': 16}),
  sfwf_contraction_cuda_large_atomicmaxglosten: (False, 'sfwf_contraction_cuda_large_atomicmaxglosten', 0, {}),
  sfwf_contraction_cuda_large_hreducemax: (False, 'sfwf_contraction_cuda_large_hreducemax', 0, {}),
  sfwf_contraction_cuda_large_hreducemaxgs: (False, 'sfwf_contraction_cuda_large_hreducemaxgs', 0, {}),
  sfwf_contraction_cuda_large_gridsync: (False, 'sfwf_contraction_cuda_large_gridsync', 0, {}),
  sfwf_mc_cpu_numpy: (True, 'sfwf_mc_cpu_numpy', 10, {'chunk_size': 1000}),
  sfwf_mc_cuda: (True, 'sfwf_mc_cuda', 10, {'rpt': 10, 'tpb': 128})
}
====================================================================================================================================================================================================================================================
CPU AND SYSTEM:
{'cpu_name': 'AMD Ryzen 9 9950X 16-Core Processor',
 'os_machine': 'x86_64',
 'os_name': 'Linux 6.14.0-37-generic',
 'os_version': '#37~24.04.1-Ubuntu SMP PREEMPT_DYNAMIC Thu Nov 20 10:25:38 UTC '
               '2',
 'ram_size': '123.4 GB'}
GPU:
{'async_engine_count': 2,
 'can_map_host_memory': 1,
 'compute_capability': ComputeCapability(major=12, minor=0),
 'cores_per_SM': 128,
 'cores_total': 21760,
 'max_block_dim_x': 1024,
 'max_block_dim_y': 1024,
 'max_block_dim_z': 64,
 'max_grid_dim_x': 2147483647,
 'max_grid_dim_y': 65535,
 'max_grid_dim_z': 65535,
 'max_shared_memory_per_block': 49152,
 'max_threads_per_block': 1024,
 'multiprocessor_count': 170,
 'name': 'NVIDIA GeForce RTX 5090',
 'pci_bus_id': 1,
 'pci_device_id': 0,
 'unified_addressing': 1,
 'warp_size': 32}
====================================================================================================================================================================================================================================================
RANDOM WIRE FRAME WITH TOTAL OF POINTS (STATES): 4096
HEIGHTS IN[:5, :5]:
[[25.365894  20.296429  14.925921  10.320204   7.3313727]
 [29.068245   0.         0.         0.         0.       ]
 [30.553246   0.         0.         0.         0.       ]
 [29.360521   0.         0.         0.         0.       ]
 [25.516117   0.         0.         0.         0.       ]]
====================================================================================================================================================================================================================================================
CONTRACTION ITERATION APPROACH 3: sfwf_contraction_cuda_large_atomicmax...
---
REPETITION: 1/10:
SFWF CONTRACTION CUDA LARGE ATOMICMAX... [eps: 1e-06, lazy_stop_check: 100, tpb_side: 16]
[bpg: (4, 4), tpb: (16, 16)]
SFWF CONTRACTION CUDA LARGE ATOMICMAX DONE. [d_inf: 9.536743e-07, iterations: 9400, time: 0.17693662643432617 s]
---
REPETITION: 2/10:
SFWF CONTRACTION CUDA LARGE ATOMICMAX... [eps: 1e-06, lazy_stop_check: 100, tpb_side: 16]
[bpg: (4, 4), tpb: (16, 16)]
SFWF CONTRACTION CUDA LARGE ATOMICMAX DONE. [d_inf: 9.536743e-07, iterations: 9400, time: 0.1775810718536377 s]
---
REPETITION: 3/10:
SFWF CONTRACTION CUDA LARGE ATOMICMAX... [eps: 1e-06, lazy_stop_check: 100, tpb_side: 16]
[bpg: (4, 4), tpb: (16, 16)]
SFWF CONTRACTION CUDA LARGE ATOMICMAX DONE. [d_inf: 9.536743e-07, iterations: 9400, time: 0.17810320854187012 s]
---
REPETITION: 4/10:
SFWF CONTRACTION CUDA LARGE ATOMICMAX... [eps: 1e-06, lazy_stop_check: 100, tpb_side: 16]
[bpg: (4, 4), tpb: (16, 16)]
SFWF CONTRACTION CUDA LARGE ATOMICMAX DONE. [d_inf: 9.536743e-07, iterations: 9400, time: 0.17755866050720215 s]
---
REPETITION: 5/10:
SFWF CONTRACTION CUDA LARGE ATOMICMAX... [eps: 1e-06, lazy_stop_check: 100, tpb_side: 16]
[bpg: (4, 4), tpb: (16, 16)]
SFWF CONTRACTION CUDA LARGE ATOMICMAX DONE. [d_inf: 9.536743e-07, iterations: 9400, time: 0.17843842506408691 s]
---
REPETITION: 6/10:
SFWF CONTRACTION CUDA LARGE ATOMICMAX... [eps: 1e-06, lazy_stop_check: 100, tpb_side: 16]
[bpg: (4, 4), tpb: (16, 16)]
SFWF CONTRACTION CUDA LARGE ATOMICMAX DONE. [d_inf: 9.536743e-07, iterations: 9400, time: 0.17858529090881348 s]
---
REPETITION: 7/10:
SFWF CONTRACTION CUDA LARGE ATOMICMAX... [eps: 1e-06, lazy_stop_check: 100, tpb_side: 16]
[bpg: (4, 4), tpb: (16, 16)]
SFWF CONTRACTION CUDA LARGE ATOMICMAX DONE. [d_inf: 9.536743e-07, iterations: 9400, time: 0.17877507209777832 s]
---
REPETITION: 8/10:
SFWF CONTRACTION CUDA LARGE ATOMICMAX... [eps: 1e-06, lazy_stop_check: 100, tpb_side: 16]
[bpg: (4, 4), tpb: (16, 16)]
SFWF CONTRACTION CUDA LARGE ATOMICMAX DONE. [d_inf: 9.536743e-07, iterations: 9400, time: 0.17908024787902832 s]
---
REPETITION: 9/10:
SFWF CONTRACTION CUDA LARGE ATOMICMAX... [eps: 1e-06, lazy_stop_check: 100, tpb_side: 16]
[bpg: (4, 4), tpb: (16, 16)]
SFWF CONTRACTION CUDA LARGE ATOMICMAX DONE. [d_inf: 9.536743e-07, iterations: 9400, time: 0.17888283729553223 s]
---
REPETITION: 10/10:
SFWF CONTRACTION CUDA LARGE ATOMICMAX... [eps: 1e-06, lazy_stop_check: 100, tpb_side: 16]
[bpg: (4, 4), tpb: (16, 16)]
SFWF CONTRACTION CUDA LARGE ATOMICMAX DONE. [d_inf: 9.536743e-07, iterations: 9400, time: 0.17958998680114746 s]
***
SUMMARY:
HEIGHTS OUT[:5, :5]:
[[25.365894  20.296429  14.925921  10.320204   7.3313727]
 [29.068245  22.564266  17.283945  13.20249   10.526932 ]
 [30.553246  23.60845   18.443102  14.678881  12.190558 ]
 [29.360521  22.873186  18.201136  14.8793745 12.6591   ]
 [25.516117  20.322641  16.608881  13.978384  12.193586 ]]
D_INF OF HEIGHTS VS REF: 0.0
D_INF (AT STOP) MEAN: 9.5367431640625e-07
ITERATIONS MEAN: 9400.0
TIME MEAN: 0.1783531427383423 s, STD: 0.0007664536963465148 s, STD_%: 0.4%
SPEEDUP VS REF: 1.0
====================================================================================================================================================================================================================================================
MONTE CARLO APPROACH 1: sfwf_mc_cpu_numpy...
---
REPETITION: 1/10:
SFWF MC CPU NUMPY... [(i, j): (12, 36), n_samples: 1.0e+08, seed: 0, chunk_size: 1000]
[10000000/100000000: border reached at t: 1362, (i, j): (5, 63), h: 16.556221; trajectory time: 4.1484832763671875e-05 s]
[20000000/100000000: border reached at t: 79, (i, j): (0, 35), h: 23.579378; trajectory time: 2.1457672119140625e-05 s]
[30000000/100000000: border reached at t: 90, (i, j): (5, 63), h: 16.556221; trajectory time: 2.09808349609375e-05 s]
[40000000/100000000: border reached at t: 1379, (i, j): (43, 0), h: -3.4824622; trajectory time: 4.124641418457031e-05 s]
[50000000/100000000: border reached at t: 256, (i, j): (0, 40), h: 15.55544; trajectory time: 2.09808349609375e-05 s]
[60000000/100000000: border reached at t: 302, (i, j): (0, 40), h: 15.55544; trajectory time: 2.1457672119140625e-05 s]
[70000000/100000000: border reached at t: 255, (i, j): (0, 59), h: -10.914342; trajectory time: 2.09808349609375e-05 s]
[80000000/100000000: border reached at t: 188, (i, j): (0, 36), h: 25.331642; trajectory time: 2.1457672119140625e-05 s]
[90000000/100000000: border reached at t: 199, (i, j): (12, 63), h: 13.063783; trajectory time: 2.1696090698242188e-05 s]
[100000000/100000000: border reached at t: 56, (i, j): (0, 36), h: 25.331642; trajectory time: 2.1219253540039062e-05 s]
SFWF MC CPU NUMPY DONE. [h_mean: 8.203896, T_mean: 750.90256171; time: 2887.4624021053314 s]
---
REPETITION: 2/10:
SFWF MC CPU NUMPY... [(i, j): (12, 36), n_samples: 1.0e+08, seed: 0, chunk_size: 1000]
[10000000/100000000: border reached at t: 1362, (i, j): (5, 63), h: 16.556221; trajectory time: 4.1484832763671875e-05 s]
[20000000/100000000: border reached at t: 79, (i, j): (0, 35), h: 23.579378; trajectory time: 2.1457672119140625e-05 s]
[30000000/100000000: border reached at t: 90, (i, j): (5, 63), h: 16.556221; trajectory time: 2.09808349609375e-05 s]
[40000000/100000000: border reached at t: 1379, (i, j): (43, 0), h: -3.4824622; trajectory time: 4.124641418457031e-05 s]
[50000000/100000000: border reached at t: 256, (i, j): (0, 40), h: 15.55544; trajectory time: 2.09808349609375e-05 s]
[60000000/100000000: border reached at t: 302, (i, j): (0, 40), h: 15.55544; trajectory time: 2.1219253540039062e-05 s]
[70000000/100000000: border reached at t: 255, (i, j): (0, 59), h: -10.914342; trajectory time: 2.09808349609375e-05 s]
[80000000/100000000: border reached at t: 188, (i, j): (0, 36), h: 25.331642; trajectory time: 2.09808349609375e-05 s]
[90000000/100000000: border reached at t: 199, (i, j): (12, 63), h: 13.063783; trajectory time: 2.1696090698242188e-05 s]
[100000000/100000000: border reached at t: 56, (i, j): (0, 36), h: 25.331642; trajectory time: 2.1219253540039062e-05 s]
SFWF MC CPU NUMPY DONE. [h_mean: 8.203896, T_mean: 750.90256171; time: 2883.374650478363 s]
---
REPETITION: 3/10:
SFWF MC CPU NUMPY... [(i, j): (12, 36), n_samples: 1.0e+08, seed: 0, chunk_size: 1000]
[10000000/100000000: border reached at t: 1362, (i, j): (5, 63), h: 16.556221; trajectory time: 4.172325134277344e-05 s]
[20000000/100000000: border reached at t: 79, (i, j): (0, 35), h: 23.579378; trajectory time: 2.193450927734375e-05 s]
[30000000/100000000: border reached at t: 90, (i, j): (5, 63), h: 16.556221; trajectory time: 2.1219253540039062e-05 s]
[40000000/100000000: border reached at t: 1379, (i, j): (43, 0), h: -3.4824622; trajectory time: 4.076957702636719e-05 s]
[50000000/100000000: border reached at t: 256, (i, j): (0, 40), h: 15.55544; trajectory time: 2.09808349609375e-05 s]
[60000000/100000000: border reached at t: 302, (i, j): (0, 40), h: 15.55544; trajectory time: 2.1219253540039062e-05 s]
[70000000/100000000: border reached at t: 255, (i, j): (0, 59), h: -10.914342; trajectory time: 2.09808349609375e-05 s]
[80000000/100000000: border reached at t: 188, (i, j): (0, 36), h: 25.331642; trajectory time: 2.1219253540039062e-05 s]
[90000000/100000000: border reached at t: 199, (i, j): (12, 63), h: 13.063783; trajectory time: 2.193450927734375e-05 s]
[100000000/100000000: border reached at t: 56, (i, j): (0, 36), h: 25.331642; trajectory time: 2.1219253540039062e-05 s]
SFWF MC CPU NUMPY DONE. [h_mean: 8.203896, T_mean: 750.90256171; time: 2883.6982214450836 s]
---
REPETITION: 4/10:
SFWF MC CPU NUMPY... [(i, j): (12, 36), n_samples: 1.0e+08, seed: 0, chunk_size: 1000]
[10000000/100000000: border reached at t: 1362, (i, j): (5, 63), h: 16.556221; trajectory time: 4.172325134277344e-05 s]
[20000000/100000000: border reached at t: 79, (i, j): (0, 35), h: 23.579378; trajectory time: 2.1457672119140625e-05 s]
[30000000/100000000: border reached at t: 90, (i, j): (5, 63), h: 16.556221; trajectory time: 2.09808349609375e-05 s]
[40000000/100000000: border reached at t: 1379, (i, j): (43, 0), h: -3.4824622; trajectory time: 4.100799560546875e-05 s]
[50000000/100000000: border reached at t: 256, (i, j): (0, 40), h: 15.55544; trajectory time: 2.09808349609375e-05 s]
[60000000/100000000: border reached at t: 302, (i, j): (0, 40), h: 15.55544; trajectory time: 2.1219253540039062e-05 s]
[70000000/100000000: border reached at t: 255, (i, j): (0, 59), h: -10.914342; trajectory time: 2.09808349609375e-05 s]
[80000000/100000000: border reached at t: 188, (i, j): (0, 36), h: 25.331642; trajectory time: 2.1219253540039062e-05 s]
[90000000/100000000: border reached at t: 199, (i, j): (12, 63), h: 13.063783; trajectory time: 2.1457672119140625e-05 s]
[100000000/100000000: border reached at t: 56, (i, j): (0, 36), h: 25.331642; trajectory time: 2.1457672119140625e-05 s]
SFWF MC CPU NUMPY DONE. [h_mean: 8.203896, T_mean: 750.90256171; time: 2886.715700864792 s]
---
REPETITION: 5/10:
SFWF MC CPU NUMPY... [(i, j): (12, 36), n_samples: 1.0e+08, seed: 0, chunk_size: 1000]
[10000000/100000000: border reached at t: 1362, (i, j): (5, 63), h: 16.556221; trajectory time: 4.1484832763671875e-05 s]
[20000000/100000000: border reached at t: 79, (i, j): (0, 35), h: 23.579378; trajectory time: 2.1457672119140625e-05 s]
[30000000/100000000: border reached at t: 90, (i, j): (5, 63), h: 16.556221; trajectory time: 2.1219253540039062e-05 s]
[40000000/100000000: border reached at t: 1379, (i, j): (43, 0), h: -3.4824622; trajectory time: 4.076957702636719e-05 s]
[50000000/100000000: border reached at t: 256, (i, j): (0, 40), h: 15.55544; trajectory time: 2.09808349609375e-05 s]
[60000000/100000000: border reached at t: 302, (i, j): (0, 40), h: 15.55544; trajectory time: 2.1219253540039062e-05 s]
[70000000/100000000: border reached at t: 255, (i, j): (0, 59), h: -10.914342; trajectory time: 2.09808349609375e-05 s]
[80000000/100000000: border reached at t: 188, (i, j): (0, 36), h: 25.331642; trajectory time: 2.1219253540039062e-05 s]
[90000000/100000000: border reached at t: 199, (i, j): (12, 63), h: 13.063783; trajectory time: 2.1696090698242188e-05 s]
[100000000/100000000: border reached at t: 56, (i, j): (0, 36), h: 25.331642; trajectory time: 2.1219253540039062e-05 s]
SFWF MC CPU NUMPY DONE. [h_mean: 8.203896, T_mean: 750.90256171; time: 2886.737772464752 s]
---
REPETITION: 6/10:
SFWF MC CPU NUMPY... [(i, j): (12, 36), n_samples: 1.0e+08, seed: 0, chunk_size: 1000]
[10000000/100000000: border reached at t: 1362, (i, j): (5, 63), h: 16.556221; trajectory time: 4.1484832763671875e-05 s]
[20000000/100000000: border reached at t: 79, (i, j): (0, 35), h: 23.579378; trajectory time: 2.1696090698242188e-05 s]
[30000000/100000000: border reached at t: 90, (i, j): (5, 63), h: 16.556221; trajectory time: 2.1219253540039062e-05 s]
[40000000/100000000: border reached at t: 1379, (i, j): (43, 0), h: -3.4824622; trajectory time: 4.124641418457031e-05 s]
[50000000/100000000: border reached at t: 256, (i, j): (0, 40), h: 15.55544; trajectory time: 2.09808349609375e-05 s]
[60000000/100000000: border reached at t: 302, (i, j): (0, 40), h: 15.55544; trajectory time: 2.1457672119140625e-05 s]
[70000000/100000000: border reached at t: 255, (i, j): (0, 59), h: -10.914342; trajectory time: 2.1219253540039062e-05 s]
[80000000/100000000: border reached at t: 188, (i, j): (0, 36), h: 25.331642; trajectory time: 2.09808349609375e-05 s]
[90000000/100000000: border reached at t: 199, (i, j): (12, 63), h: 13.063783; trajectory time: 2.1457672119140625e-05 s]
[100000000/100000000: border reached at t: 56, (i, j): (0, 36), h: 25.331642; trajectory time: 2.1219253540039062e-05 s]
SFWF MC CPU NUMPY DONE. [h_mean: 8.203896, T_mean: 750.90256171; time: 2889.9875617027283 s]
---
REPETITION: 7/10:
SFWF MC CPU NUMPY... [(i, j): (12, 36), n_samples: 1.0e+08, seed: 0, chunk_size: 1000]
[10000000/100000000: border reached at t: 1362, (i, j): (5, 63), h: 16.556221; trajectory time: 4.1484832763671875e-05 s]
[20000000/100000000: border reached at t: 79, (i, j): (0, 35), h: 23.579378; trajectory time: 2.1696090698242188e-05 s]
[30000000/100000000: border reached at t: 90, (i, j): (5, 63), h: 16.556221; trajectory time: 2.09808349609375e-05 s]
[40000000/100000000: border reached at t: 1379, (i, j): (43, 0), h: -3.4824622; trajectory time: 4.100799560546875e-05 s]
[50000000/100000000: border reached at t: 256, (i, j): (0, 40), h: 15.55544; trajectory time: 2.09808349609375e-05 s]
[60000000/100000000: border reached at t: 302, (i, j): (0, 40), h: 15.55544; trajectory time: 2.1219253540039062e-05 s]
[70000000/100000000: border reached at t: 255, (i, j): (0, 59), h: -10.914342; trajectory time: 2.09808349609375e-05 s]
[80000000/100000000: border reached at t: 188, (i, j): (0, 36), h: 25.331642; trajectory time: 2.09808349609375e-05 s]
[90000000/100000000: border reached at t: 199, (i, j): (12, 63), h: 13.063783; trajectory time: 2.193450927734375e-05 s]
[100000000/100000000: border reached at t: 56, (i, j): (0, 36), h: 25.331642; trajectory time: 2.1219253540039062e-05 s]
SFWF MC CPU NUMPY DONE. [h_mean: 8.203896, T_mean: 750.90256171; time: 2889.7679262161255 s]
---
REPETITION: 8/10:
SFWF MC CPU NUMPY... [(i, j): (12, 36), n_samples: 1.0e+08, seed: 0, chunk_size: 1000]
[10000000/100000000: border reached at t: 1362, (i, j): (5, 63), h: 16.556221; trajectory time: 4.1484832763671875e-05 s]
[20000000/100000000: border reached at t: 79, (i, j): (0, 35), h: 23.579378; trajectory time: 2.1696090698242188e-05 s]
[30000000/100000000: border reached at t: 90, (i, j): (5, 63), h: 16.556221; trajectory time: 2.1219253540039062e-05 s]
[40000000/100000000: border reached at t: 1379, (i, j): (43, 0), h: -3.4824622; trajectory time: 4.124641418457031e-05 s]
[50000000/100000000: border reached at t: 256, (i, j): (0, 40), h: 15.55544; trajectory time: 2.09808349609375e-05 s]
[60000000/100000000: border reached at t: 302, (i, j): (0, 40), h: 15.55544; trajectory time: 2.1219253540039062e-05 s]
[70000000/100000000: border reached at t: 255, (i, j): (0, 59), h: -10.914342; trajectory time: 2.09808349609375e-05 s]
[80000000/100000000: border reached at t: 188, (i, j): (0, 36), h: 25.331642; trajectory time: 2.09808349609375e-05 s]
[90000000/100000000: border reached at t: 199, (i, j): (12, 63), h: 13.063783; trajectory time: 2.1696090698242188e-05 s]
[100000000/100000000: border reached at t: 56, (i, j): (0, 36), h: 25.331642; trajectory time: 2.1457672119140625e-05 s]
SFWF MC CPU NUMPY DONE. [h_mean: 8.203896, T_mean: 750.90256171; time: 2890.354776620865 s]
---
REPETITION: 9/10:
SFWF MC CPU NUMPY... [(i, j): (12, 36), n_samples: 1.0e+08, seed: 0, chunk_size: 1000]
[10000000/100000000: border reached at t: 1362, (i, j): (5, 63), h: 16.556221; trajectory time: 4.1484832763671875e-05 s]
[20000000/100000000: border reached at t: 79, (i, j): (0, 35), h: 23.579378; trajectory time: 2.1457672119140625e-05 s]
[30000000/100000000: border reached at t: 90, (i, j): (5, 63), h: 16.556221; trajectory time: 2.1219253540039062e-05 s]
[40000000/100000000: border reached at t: 1379, (i, j): (43, 0), h: -3.4824622; trajectory time: 4.1484832763671875e-05 s]
[50000000/100000000: border reached at t: 256, (i, j): (0, 40), h: 15.55544; trajectory time: 2.09808349609375e-05 s]
[60000000/100000000: border reached at t: 302, (i, j): (0, 40), h: 15.55544; trajectory time: 2.1219253540039062e-05 s]
[70000000/100000000: border reached at t: 255, (i, j): (0, 59), h: -10.914342; trajectory time: 2.09808349609375e-05 s]
[80000000/100000000: border reached at t: 188, (i, j): (0, 36), h: 25.331642; trajectory time: 2.09808349609375e-05 s]
[90000000/100000000: border reached at t: 199, (i, j): (12, 63), h: 13.063783; trajectory time: 2.2411346435546875e-05 s]
[100000000/100000000: border reached at t: 56, (i, j): (0, 36), h: 25.331642; trajectory time: 2.1457672119140625e-05 s]
SFWF MC CPU NUMPY DONE. [h_mean: 8.203896, T_mean: 750.90256171; time: 2890.090163230896 s]
---
REPETITION: 10/10:
SFWF MC CPU NUMPY... [(i, j): (12, 36), n_samples: 1.0e+08, seed: 0, chunk_size: 1000]
[10000000/100000000: border reached at t: 1362, (i, j): (5, 63), h: 16.556221; trajectory time: 4.1484832763671875e-05 s]
[20000000/100000000: border reached at t: 79, (i, j): (0, 35), h: 23.579378; trajectory time: 2.193450927734375e-05 s]
[30000000/100000000: border reached at t: 90, (i, j): (5, 63), h: 16.556221; trajectory time: 2.1457672119140625e-05 s]
[40000000/100000000: border reached at t: 1379, (i, j): (43, 0), h: -3.4824622; trajectory time: 4.076957702636719e-05 s]
[50000000/100000000: border reached at t: 256, (i, j): (0, 40), h: 15.55544; trajectory time: 2.09808349609375e-05 s]
[60000000/100000000: border reached at t: 302, (i, j): (0, 40), h: 15.55544; trajectory time: 2.1219253540039062e-05 s]
[70000000/100000000: border reached at t: 255, (i, j): (0, 59), h: -10.914342; trajectory time: 2.09808349609375e-05 s]
[80000000/100000000: border reached at t: 188, (i, j): (0, 36), h: 25.331642; trajectory time: 2.1219253540039062e-05 s]
[90000000/100000000: border reached at t: 199, (i, j): (12, 63), h: 13.063783; trajectory time: 2.1696090698242188e-05 s]
[100000000/100000000: border reached at t: 56, (i, j): (0, 36), h: 25.331642; trajectory time: 2.1457672119140625e-05 s]
SFWF MC CPU NUMPY DONE. [h_mean: 8.203896, T_mean: 750.90256171; time: 2887.484318971634 s]
***
SUMMARY:
COMPARISON OF SINGLE HEIGHT VS REF -> h_mean: 8.203896 VS contraction_ref_heights_out[i0, j0]: 8.203798, ABS DIFF: 9.7274780e-05]
TIME MEAN: 2887.567349410057 s, STD: 2.4251720049441077 s, STD_%: 0.1%
SPEEDUP VS REF: 1.0
====================================================================================================================================================================================================================================================
MONTE CARLO APPROACH 2: sfwf_mc_cuda...
---
REPETITION: 1/10:
SFWF MC CUDA... [(i, j): (12, 36), wanted n_samples: 1.0e+08, seed: 0, rpt: 10, tpb: 128]
[min_n_generators: 10000000, bpg_walk: 78125]
[initialization of random generators...]
[initialization of random generators done; count: 10000000, memory: 152.588 MiB, time: 1.1636393070220947 s]
[random walks...; bpg_walk: 78125, tpb: 128]
[random walks done; time: 2.184964179992676 s]
[mean-reduction...; bpg: 1, tpb: 128]
[mean-reduction done; time: 0.0004246234893798828 s]
SFWF MC CUDA DONE. [h_mean: 8.2023945, T_mean: 750.7923583984375, n_samples de facto: 1.0e+08; time: 3.3491439819335938 s, time without generators initalization: 2.185504674911499 s]
---
REPETITION: 2/10:
SFWF MC CUDA... [(i, j): (12, 36), wanted n_samples: 1.0e+08, seed: 0, rpt: 10, tpb: 128]
[min_n_generators: 10000000, bpg_walk: 78125]
[initialization of random generators...]
[initialization of random generators done; count: 10000000, memory: 152.588 MiB, time: 0.7759637832641602 s]
[random walks...; bpg_walk: 78125, tpb: 128]
[random walks done; time: 2.1888110637664795 s]
[mean-reduction...; bpg: 1, tpb: 128]
[mean-reduction done; time: 0.0004208087921142578 s]
SFWF MC CUDA DONE. [h_mean: 8.2023945, T_mean: 750.7923583984375, n_samples de facto: 1.0e+08; time: 2.965301990509033 s, time without generators initalization: 2.189338207244873 s]
---
REPETITION: 3/10:
SFWF MC CUDA... [(i, j): (12, 36), wanted n_samples: 1.0e+08, seed: 0, rpt: 10, tpb: 128]
[min_n_generators: 10000000, bpg_walk: 78125]
[initialization of random generators...]
[initialization of random generators done; count: 10000000, memory: 152.588 MiB, time: 0.7761914730072021 s]
[random walks...; bpg_walk: 78125, tpb: 128]
[random walks done; time: 2.1783223152160645 s]
[mean-reduction...; bpg: 1, tpb: 128]
[mean-reduction done; time: 0.0004565715789794922 s]
SFWF MC CUDA DONE. [h_mean: 8.2023945, T_mean: 750.7923583984375, n_samples de facto: 1.0e+08; time: 2.955068588256836 s, time without generators initalization: 2.178877115249634 s]
---
REPETITION: 4/10:
SFWF MC CUDA... [(i, j): (12, 36), wanted n_samples: 1.0e+08, seed: 0, rpt: 10, tpb: 128]
[min_n_generators: 10000000, bpg_walk: 78125]
[initialization of random generators...]
[initialization of random generators done; count: 10000000, memory: 152.588 MiB, time: 0.7761094570159912 s]
[random walks...; bpg_walk: 78125, tpb: 128]
[random walks done; time: 2.174220085144043 s]
[mean-reduction...; bpg: 1, tpb: 128]
[mean-reduction done; time: 0.0004737377166748047 s]
SFWF MC CUDA DONE. [h_mean: 8.2023945, T_mean: 750.7923583984375, n_samples de facto: 1.0e+08; time: 2.9509122371673584 s, time without generators initalization: 2.174802780151367 s]
---
REPETITION: 5/10:
SFWF MC CUDA... [(i, j): (12, 36), wanted n_samples: 1.0e+08, seed: 0, rpt: 10, tpb: 128]
[min_n_generators: 10000000, bpg_walk: 78125]
[initialization of random generators...]
[initialization of random generators done; count: 10000000, memory: 152.588 MiB, time: 0.7767350673675537 s]
[random walks...; bpg_walk: 78125, tpb: 128]
[random walks done; time: 2.1805012226104736 s]
[mean-reduction...; bpg: 1, tpb: 128]
[mean-reduction done; time: 0.0003998279571533203 s]
SFWF MC CUDA DONE. [h_mean: 8.2023945, T_mean: 750.7923583984375, n_samples de facto: 1.0e+08; time: 2.9577393531799316 s, time without generators initalization: 2.181004285812378 s]
---
REPETITION: 6/10:
SFWF MC CUDA... [(i, j): (12, 36), wanted n_samples: 1.0e+08, seed: 0, rpt: 10, tpb: 128]
[min_n_generators: 10000000, bpg_walk: 78125]
[initialization of random generators...]
[initialization of random generators done; count: 10000000, memory: 152.588 MiB, time: 0.776475191116333 s]
[random walks...; bpg_walk: 78125, tpb: 128]
[random walks done; time: 2.1854135990142822 s]
[mean-reduction...; bpg: 1, tpb: 128]
[mean-reduction done; time: 0.00041985511779785156 s]
SFWF MC CUDA DONE. [h_mean: 8.2023945, T_mean: 750.7923583984375, n_samples de facto: 1.0e+08; time: 2.962407112121582 s, time without generators initalization: 2.185931921005249 s]
---
REPETITION: 7/10:
SFWF MC CUDA... [(i, j): (12, 36), wanted n_samples: 1.0e+08, seed: 0, rpt: 10, tpb: 128]
[min_n_generators: 10000000, bpg_walk: 78125]
[initialization of random generators...]
[initialization of random generators done; count: 10000000, memory: 152.588 MiB, time: 0.7772479057312012 s]
[random walks...; bpg_walk: 78125, tpb: 128]
[random walks done; time: 2.190767526626587 s]
[mean-reduction...; bpg: 1, tpb: 128]
[mean-reduction done; time: 0.00037598609924316406 s]
SFWF MC CUDA DONE. [h_mean: 8.2023945, T_mean: 750.7923583984375, n_samples de facto: 1.0e+08; time: 2.968486785888672 s, time without generators initalization: 2.1912388801574707 s]
---
REPETITION: 8/10:
SFWF MC CUDA... [(i, j): (12, 36), wanted n_samples: 1.0e+08, seed: 0, rpt: 10, tpb: 128]
[min_n_generators: 10000000, bpg_walk: 78125]
[initialization of random generators...]
[initialization of random generators done; count: 10000000, memory: 152.588 MiB, time: 0.7762870788574219 s]
[random walks...; bpg_walk: 78125, tpb: 128]
[random walks done; time: 2.1744720935821533 s]
[mean-reduction...; bpg: 1, tpb: 128]
[mean-reduction done; time: 0.0004417896270751953 s]
SFWF MC CUDA DONE. [h_mean: 8.2023945, T_mean: 750.7923583984375, n_samples de facto: 1.0e+08; time: 2.9512994289398193 s, time without generators initalization: 2.1750123500823975 s]
---
REPETITION: 9/10:
SFWF MC CUDA... [(i, j): (12, 36), wanted n_samples: 1.0e+08, seed: 0, rpt: 10, tpb: 128]
[min_n_generators: 10000000, bpg_walk: 78125]
[initialization of random generators...]
[initialization of random generators done; count: 10000000, memory: 152.588 MiB, time: 0.7772610187530518 s]
[random walks...; bpg_walk: 78125, tpb: 128]
[random walks done; time: 2.176616668701172 s]
[mean-reduction...; bpg: 1, tpb: 128]
[mean-reduction done; time: 0.0003533363342285156 s]
SFWF MC CUDA DONE. [h_mean: 8.2023945, T_mean: 750.7923583984375, n_samples de facto: 1.0e+08; time: 2.9543187618255615 s, time without generators initalization: 2.1770577430725098 s]
---
REPETITION: 10/10:
SFWF MC CUDA... [(i, j): (12, 36), wanted n_samples: 1.0e+08, seed: 0, rpt: 10, tpb: 128]
[min_n_generators: 10000000, bpg_walk: 78125]
[initialization of random generators...]
[initialization of random generators done; count: 10000000, memory: 152.588 MiB, time: 0.7761881351470947 s]
[random walks...; bpg_walk: 78125, tpb: 128]
[random walks done; time: 2.1810271739959717 s]
[mean-reduction...; bpg: 1, tpb: 128]
[mean-reduction done; time: 0.0003612041473388672 s]
SFWF MC CUDA DONE. [h_mean: 8.2023945, T_mean: 750.7923583984375, n_samples de facto: 1.0e+08; time: 2.9576621055603027 s, time without generators initalization: 2.181473970413208 s]
***
SUMMARY:
COMPARISON OF SINGLE HEIGHT VS REF -> h_mean: 8.2023945 VS contraction_ref_heights_out[i0, j0]: 8.203798, ABS DIFF: 1.4038086e-03]
TIME MEAN: 2.1820241928100588 s, STD: 0.005504695992791694 s, STD_%: 0.3%
SPEEDUP VS REF: 1323.3434161384728
====================================================================================================================================================================================================================================================
====================================================================================================================================================================================================================================================
FINAL SUMMARY:
CONTRACTION ITERATION APPROACH 1: sfwf_contraction_cpu_numpy OFF.
CONTRACTION ITERATION APPROACH 2: sfwf_contraction_cuda_small OFF.
CONTRACTION ITERATION APPROACH 3: sfwf_contraction_cuda_large_atomicmax (REFERENCE) -> MEAN ITERATIONS: 9400.0, MEAN D_INF: 9.5367431640625e-07, MEAN TIME: 0.1783531427383423 s, TIME STD: 0.0007664536963465148 s, STD_%: 0.4%, SPEED-UP: 1.00
CONTRACTION ITERATION APPROACH 4: sfwf_contraction_cuda_large_atomicmaxglosten OFF.
CONTRACTION ITERATION APPROACH 5: sfwf_contraction_cuda_large_hreducemax OFF.
CONTRACTION ITERATION APPROACH 6: sfwf_contraction_cuda_large_hreducemaxgs OFF.
CONTRACTION ITERATION APPROACH 7: sfwf_contraction_cuda_large_gridsync OFF.
MONTE CARLO APPROACH 1: sfwf_mc_cpu_numpy (REFERENCE) -> MEAN TIME: 2887.567349410057 s, TIME STD: 2.4251720049441077 s,  STD_%: 0.1%, SPEED-UP: 1.00
MONTE CARLO APPROACH 2: sfwf_mc_cuda -> MEAN TIME: 2.1820241928100588 s, TIME STD: 0.005504695992791694 s,  STD_%: 0.3%, SPEED-UP: 1323.34
SOAP FILM IN A WIRE FRAME DONE. [hash string: 4277495362_83043_901_[7;20;5.0;64;True;1.0e-06;False;0;1e+08;(12,36)False;3;FFTFFFF;TT], time: 28907.71316075325]
